#
# There is insufficient memory for the Java Runtime Environment to continue.
# Native memory allocation (malloc) failed to allocate 1271056 bytes. Error detail: Chunk::new
# Possible reasons:
#   The system is out of physical RAM or swap space
#   This process is running with CompressedOops enabled, and the Java Heap may be blocking the growth of the native heap
# Possible solutions:
#   Reduce memory load on the system
#   Increase physical memory or swap space
#   Check if swap backing store is full
#   Decrease Java heap size (-Xmx/-Xms)
#   Decrease number of Java threads
#   Decrease Java thread stack sizes (-Xss)
#   Set larger code cache with -XX:ReservedCodeCacheSize=
#   JVM is running with Unscaled Compressed Oops mode in which the Java heap is
#     placed in the first 4GB address space. The Java Heap base address is the
#     maximum limit for the native heap growth. Please use -XX:HeapBaseMinAddress
#     to set the Java Heap base and to place the Java Heap above 4GB virtual address.
# This output file may be truncated or incomplete.
#
#  Out of Memory Error (arena.cpp:168), pid=74864, tid=67736
#
# JRE version: OpenJDK Runtime Environment Temurin-21.0.10+7 (21.0.10+7) (build 21.0.10+7-LTS)
# Java VM: OpenJDK 64-Bit Server VM Temurin-21.0.10+7 (21.0.10+7-LTS, mixed mode, sharing, tiered, compressed oops, compressed class ptrs, parallel gc, windows-amd64)
# No core dump will be written. Minidumps are not enabled by default on client versions of Windows
#

---------------  S U M M A R Y ------------

Command Line: --add-modules=ALL-SYSTEM --add-opens=java.base/java.util=ALL-UNNAMED --add-opens=java.base/java.lang=ALL-UNNAMED --add-opens=java.base/sun.nio.fs=ALL-UNNAMED -Declipse.application=org.eclipse.jdt.ls.core.id1 -Dosgi.bundles.defaultStartLevel=4 -Declipse.product=org.eclipse.jdt.ls.core.product -Djava.import.generatesMetadataFilesAtProjectRoot=false -DDetectVMInstallationsJob.disabled=true -Dfile.encoding=utf8 -XX:+UseParallelGC -XX:GCTimeRatio=4 -XX:AdaptiveSizePolicyWeight=90 -Dsun.zip.disableMemoryMapping=true -Xmx2G -Xms100m -Xlog:disable -javaagent:c:\Users\takwa\.vscode\extensions\redhat.java-1.54.0-win32-x64\lombok\lombok-1.18.39-4050.jar c:\Users\takwa\.vscode\extensions\redhat.java-1.54.0-win32-x64\server\plugins\org.eclipse.equinox.launcher_1.7.100.v20251111-0406.jar -configuration c:\Users\takwa\AppData\Roaming\Code\User\globalStorage\redhat.java\1.54.0\config_ss_win -data c:\Users\takwa\AppData\Roaming\Code\User\workspaceStorage\9ef35f15cb76032a73c490f0d8220ee0\redhat.java\ss_ws --pipe=\\.\pipe\lsp-3a2380b6abffd606ca8028892eecb1af-sock

Host: 12th Gen Intel(R) Core(TM) i5-1235U, 12 cores, 7G,  Windows 11 , 64 bit Build 26100 (10.0.26100.8346)
Time: Thu May 14 02:20:31 2026 W. Central Africa Standard Time elapsed time: 19.119037 seconds (0d 0h 0m 19s)

---------------  T H R E A D  ---------------

Current thread (0x00000199aa6bfb90):  JavaThread "C2 CompilerThread0" daemon [_thread_in_native, id=67736, stack(0x0000004478800000,0x0000004478900000) (1024K)]


Current CompileTask:
C2:19119 4068       4       java.lang.invoke.MethodType::makeImpl (109 bytes)

Stack: [0x0000004478800000,0x0000004478900000]
Native frames: (J=compiled Java code, j=interpreted, Vv=VM code, C=native code)
V  [jvm.dll+0x6d7a39]
V  [jvm.dll+0x8b4b26]
V  [jvm.dll+0x8b70de]
V  [jvm.dll+0x8b77c3]
V  [jvm.dll+0x284346]
V  [jvm.dll+0xc66ed]
V  [jvm.dll+0xc6c31]
V  [jvm.dll+0x3bec01]
V  [jvm.dll+0x1e3f69]
V  [jvm.dll+0x24c6b3]
V  [jvm.dll+0x24bb40]
V  [jvm.dll+0x1cb34e]
V  [jvm.dll+0x25b85d]
V  [jvm.dll+0x259dea]
V  [jvm.dll+0x3f857e]
V  [jvm.dll+0x85f59d]
V  [jvm.dll+0x6d626d]
C  [ucrtbase.dll+0x2cd30]
C  [KERNEL32.DLL+0x2e957]
C  [ntdll.dll+0x879fc]


---------------  P R O C E S S  ---------------

Threads class SMR info:
_java_thread_list=0x0000019a0aa01ce0, length=41, elements={
0x00000199aa612740, 0x00000199aa6b7800, 0x0000019a021fe550, 0x00000199aa6bb1c0,
0x00000199aa6bd0f0, 0x00000199aa6bdec0, 0x00000199aa6bea50, 0x00000199aa6bfb90,
0x0000019a03453250, 0x0000019a0360ea80, 0x0000019a0380b810, 0x0000019a0496e560,
0x0000019a04b98740, 0x0000019a04783420, 0x0000019a04847520, 0x0000019a04b1a390,
0x0000019a09ca93c0, 0x0000019a04bccb10, 0x0000019a049f7780, 0x0000019a049f6a60,
0x0000019a049f5020, 0x0000019a049f7e10, 0x0000019a049f63d0, 0x0000019a049f84a0,
0x0000019a049f70f0, 0x0000019a049f56b0, 0x0000019a049f5d40, 0x0000019a03477b30,
0x0000019a034781c0, 0x0000019a03476e10, 0x0000019a034774a0, 0x0000019a03476780,
0x0000019a03479c00, 0x0000019a03478ee0, 0x0000019a03479570, 0x0000019a0347b640,
0x0000019a0347a290, 0x0000019a0347bcd0, 0x0000019a03478850, 0x0000019a0347c360,
0x0000019a0347c9f0
}

Java Threads: ( => current thread )
  0x00000199aa612740 JavaThread "main"                              [_thread_blocked, id=74716, stack(0x0000004477e00000,0x0000004477f00000) (1024K)]
  0x00000199aa6b7800 JavaThread "Reference Handler"          daemon [_thread_blocked, id=71776, stack(0x0000004478200000,0x0000004478300000) (1024K)]
  0x0000019a021fe550 JavaThread "Finalizer"                  daemon [_thread_blocked, id=76312, stack(0x0000004478300000,0x0000004478400000) (1024K)]
  0x00000199aa6bb1c0 JavaThread "Signal Dispatcher"          daemon [_thread_blocked, id=76652, stack(0x0000004478400000,0x0000004478500000) (1024K)]
  0x00000199aa6bd0f0 JavaThread "Attach Listener"            daemon [_thread_blocked, id=75176, stack(0x0000004478500000,0x0000004478600000) (1024K)]
  0x00000199aa6bdec0 JavaThread "Service Thread"             daemon [_thread_blocked, id=75140, stack(0x0000004478600000,0x0000004478700000) (1024K)]
  0x00000199aa6bea50 JavaThread "Monitor Deflation Thread"   daemon [_thread_blocked, id=70036, stack(0x0000004478700000,0x0000004478800000) (1024K)]
=>0x00000199aa6bfb90 JavaThread "C2 CompilerThread0"         daemon [_thread_in_native, id=67736, stack(0x0000004478800000,0x0000004478900000) (1024K)]
  0x0000019a03453250 JavaThread "C1 CompilerThread0"         daemon [_thread_blocked, id=62548, stack(0x0000004478900000,0x0000004478a00000) (1024K)]
  0x0000019a0360ea80 JavaThread "Common-Cleaner"             daemon [_thread_blocked, id=72436, stack(0x0000004478a00000,0x0000004478b00000) (1024K)]
  0x0000019a0380b810 JavaThread "Notification Thread"        daemon [_thread_blocked, id=68856, stack(0x0000004478b00000,0x0000004478c00000) (1024K)]
  0x0000019a0496e560 JavaThread "Active Thread: Equinox Container: a353488f-ea84-478d-9900-5e83e4ea8c72"        [_thread_blocked, id=68344, stack(0x0000004479200000,0x0000004479300000) (1024K)]
  0x0000019a04b98740 JavaThread "Framework Event Dispatcher: Equinox Container: a353488f-ea84-478d-9900-5e83e4ea8c72" daemon [_thread_blocked, id=68872, stack(0x0000004479300000,0x0000004479400000) (1024K)]
  0x0000019a04783420 JavaThread "Start Level: Equinox Container: a353488f-ea84-478d-9900-5e83e4ea8c72" daemon [_thread_blocked, id=69508, stack(0x0000004479400000,0x0000004479500000) (1024K)]
  0x0000019a04847520 JavaThread "SCR Component Actor"        daemon [_thread_blocked, id=74860, stack(0x0000004479600000,0x0000004479700000) (1024K)]
  0x0000019a04b1a390 JavaThread "Worker-JM"                         [_thread_blocked, id=69812, stack(0x0000004479700000,0x0000004479800000) (1024K)]
  0x0000019a09ca93c0 JavaThread "JNA Cleaner"                daemon [_thread_blocked, id=19620, stack(0x0000004479a00000,0x0000004479b00000) (1024K)]
  0x0000019a04bccb10 JavaThread "Worker-0"                          [_thread_blocked, id=73708, stack(0x0000004479b00000,0x0000004479c00000) (1024K)]
  0x0000019a049f7780 JavaThread "Worker-1"                          [_thread_blocked, id=69716, stack(0x0000004479c00000,0x0000004479d00000) (1024K)]
  0x0000019a049f6a60 JavaThread "Thread-1"                   daemon [_thread_in_native, id=69424, stack(0x000000447a100000,0x000000447a200000) (1024K)]
  0x0000019a049f5020 JavaThread "Thread-2"                   daemon [_thread_in_native, id=69676, stack(0x000000447a200000,0x000000447a300000) (1024K)]
  0x0000019a049f7e10 JavaThread "Thread-3"                   daemon [_thread_in_native, id=69872, stack(0x000000447a300000,0x000000447a400000) (1024K)]
  0x0000019a049f63d0 JavaThread "Thread-4"                   daemon [_thread_in_native, id=68996, stack(0x000000447a400000,0x000000447a500000) (1024K)]
  0x0000019a049f84a0 JavaThread "Thread-5"                   daemon [_thread_in_native, id=70020, stack(0x000000447a500000,0x000000447a600000) (1024K)]
  0x0000019a049f70f0 JavaThread "Thread-6"                   daemon [_thread_in_native, id=65184, stack(0x000000447a600000,0x000000447a700000) (1024K)]
  0x0000019a049f56b0 JavaThread "Thread-7"                   daemon [_thread_in_native, id=74084, stack(0x000000447a700000,0x000000447a800000) (1024K)]
  0x0000019a049f5d40 JavaThread "Thread-8"                   daemon [_thread_in_native, id=69220, stack(0x000000447a800000,0x000000447a900000) (1024K)]
  0x0000019a03477b30 JavaThread "Thread-9"                   daemon [_thread_in_native, id=50360, stack(0x000000447a900000,0x000000447aa00000) (1024K)]
  0x0000019a034781c0 JavaThread "Thread-10"                  daemon [_thread_in_native, id=70916, stack(0x000000447aa00000,0x000000447ab00000) (1024K)]
  0x0000019a03476e10 JavaThread "Thread-11"                  daemon [_thread_in_native, id=74616, stack(0x000000447ab00000,0x000000447ac00000) (1024K)]
  0x0000019a034774a0 JavaThread "Thread-12"                  daemon [_thread_in_native, id=69192, stack(0x000000447ac00000,0x000000447ad00000) (1024K)]
  0x0000019a03476780 JavaThread "Thread-13"                  daemon [_thread_in_native, id=68696, stack(0x000000447ad00000,0x000000447ae00000) (1024K)]
  0x0000019a03479c00 JavaThread "pool-2-thread-1"                   [_thread_blocked, id=71800, stack(0x000000447ae00000,0x000000447af00000) (1024K)]
  0x0000019a03478ee0 JavaThread "Worker-2"                          [_thread_blocked, id=76744, stack(0x000000447af00000,0x000000447b000000) (1024K)]
  0x0000019a03479570 JavaThread "WorkspaceEventsHandler"            [_thread_blocked, id=70264, stack(0x000000447b000000,0x000000447b100000) (1024K)]
  0x0000019a0347b640 JavaThread "pool-1-thread-1"                   [_thread_blocked, id=70880, stack(0x000000447b100000,0x000000447b200000) (1024K)]
  0x0000019a0347a290 JavaThread "ForkJoinPool.commonPool-worker-1" daemon [_thread_blocked, id=11400, stack(0x000000447a000000,0x000000447a100000) (1024K)]
  0x0000019a0347bcd0 JavaThread "ForkJoinPool.commonPool-worker-2" daemon [_thread_in_Java, id=62780, stack(0x000000447b200000,0x000000447b300000) (1024K)]
  0x0000019a03478850 JavaThread "ForkJoinPool.commonPool-worker-3" daemon [_thread_blocked, id=58348, stack(0x000000447b300000,0x000000447b400000) (1024K)]
  0x0000019a0347c360 JavaThread "ForkJoinPool.commonPool-worker-4" daemon [_thread_blocked, id=71988, stack(0x000000447b400000,0x000000447b500000) (1024K)]
  0x0000019a0347c9f0 JavaThread "ForkJoinPool.commonPool-worker-5" daemon [_thread_blocked, id=74184, stack(0x000000447b500000,0x000000447b600000) (1024K)]
Total: 41

Other Threads:
  0x00000199aa6b2950 VMThread "VM Thread"                           [id=62228, stack(0x0000004478100000,0x0000004478200000) (1024K)]
  0x0000019a020dca00 WatcherThread "VM Periodic Task Thread"        [id=69168, stack(0x0000004478000000,0x0000004478100000) (1024K)]
  0x00000199aa630110 WorkerThread "GC Thread#0"                     [id=21084, stack(0x0000004477f00000,0x0000004478000000) (1024K)]
  0x0000019a037ad970 WorkerThread "GC Thread#1"                     [id=70812, stack(0x0000004478c00000,0x0000004478d00000) (1024K)]
  0x0000019a047e5720 WorkerThread "GC Thread#2"                     [id=76084, stack(0x0000004478d00000,0x0000004478e00000) (1024K)]
  0x0000019a047e5ad0 WorkerThread "GC Thread#3"                     [id=74852, stack(0x0000004478e00000,0x0000004478f00000) (1024K)]
  0x0000019a04418610 WorkerThread "GC Thread#4"                     [id=76596, stack(0x0000004478f00000,0x0000004479000000) (1024K)]
  0x0000019a044189c0 WorkerThread "GC Thread#5"                     [id=60304, stack(0x0000004479000000,0x0000004479100000) (1024K)]
  0x0000019a04418d70 WorkerThread "GC Thread#6"                     [id=75620, stack(0x0000004479100000,0x0000004479200000) (1024K)]
  0x0000019a04b3d860 WorkerThread "GC Thread#7"                     [id=76500, stack(0x0000004479500000,0x0000004479600000) (1024K)]
  0x0000019a04a1f610 WorkerThread "GC Thread#8"                     [id=69664, stack(0x0000004479800000,0x0000004479900000) (1024K)]
  0x0000019a09182b10 WorkerThread "GC Thread#9"                     [id=67140, stack(0x0000004479900000,0x0000004479a00000) (1024K)]
Total: 12

Threads with active compile tasks:
C2 CompilerThread0  19187 4068       4       java.lang.invoke.MethodType::makeImpl (109 bytes)
Total: 1

VM state: not at safepoint (normal execution)

VM Mutex/Monitor currently owned by a thread:  ([mutex/lock_event])
[0x00007ffaa5d2ebe0] SystemDictionary_lock - owner thread: 0x0000000000000000

Heap address: 0x0000000080000000, size: 2048 MB, Compressed Oops mode: 32-bit

CDS archive(s) mapped at: [0x00000199c1000000-0x00000199c1ba0000-0x00000199c1ba0000), size 12189696, SharedBaseAddress: 0x00000199c1000000, ArchiveRelocationMode: 1.
Compressed class space mapped at: 0x00000199c2000000-0x0000019a02000000, reserved size: 1073741824
Narrow klass base: 0x00000199c1000000, Narrow klass shift: 0, Narrow klass range: 0x100000000

GC Precious Log:
 CardTable entry size: 512
 CPUs: 12 total, 12 available
 Memory: 7916M
 Large Page Support: Disabled
 NUMA Support: Disabled
 Compressed Oops: Enabled (32-bit)
 Alignments: Space 512K, Generation 512K, Heap 2M
 Heap Min Capacity: 100M
 Heap Initial Capacity: 100M
 Heap Max Capacity: 2G
 Pre-touch: Disabled
 Parallel Workers: 10

Heap:
 PSYoungGen      total 23552K, used 22228K [0x00000000d5580000, 0x00000000d7500000, 0x0000000100000000)
  eden space 22016K, 93% used [0x00000000d5580000,0x00000000d69b5860,0x00000000d6b00000)
  from space 1536K, 99% used [0x00000000d7380000,0x00000000d74ff838,0x00000000d7500000)
  to   space 3072K, 0% used [0x00000000d6f00000,0x00000000d6f00000,0x00000000d7200000)
 ParOldGen       total 68608K, used 25783K [0x0000000080000000, 0x0000000084300000, 0x00000000d5580000)
  object space 68608K, 37% used [0x0000000080000000,0x000000008192df78,0x0000000084300000)
 Metaspace       used 32137K, committed 33152K, reserved 1114112K
  class space    used 3231K, committed 3648K, reserved 1048576K

Card table byte_map: [0x00000199a9fb0000,0x00000199aa3c0000] _byte_map_base: 0x00000199a9bb0000

Marking Bits: (ParMarkBitMap*) 0x00007ffaa5d33450
 Begin Bits: [0x00000199bcac0000, 0x00000199beac0000)
 End Bits:   [0x00000199beac0000, 0x00000199c0ac0000)

Polling page: 0x00000199a85d0000

Metaspace:

Usage:
  Non-class:     28.23 MB used.
      Class:      3.16 MB used.
       Both:     31.38 MB used.

Virtual space:
  Non-class space:       64.00 MB reserved,      28.81 MB ( 45%) committed,  1 nodes.
      Class space:        1.00 GB reserved,       3.56 MB ( <1%) committed,  1 nodes.
             Both:        1.06 GB reserved,      32.38 MB (  3%) committed. 

Chunk freelists:
   Non-Class:  2.84 MB
       Class:  12.38 MB
        Both:  15.22 MB

MaxMetaspaceSize: unlimited
CompressedClassSpaceSize: 1.00 GB
Initial GC threshold: 21.00 MB
Current GC threshold: 35.00 MB
CDS: on
 - commit_granule_bytes: 65536.
 - commit_granule_words: 8192.
 - virtual_space_node_default_size: 8388608.
 - enlarge_chunks_in_place: 1.
 - use_allocation_guard: 0.


Internal statistics:

num_allocs_failed_limit: 3.
num_arena_births: 762.
num_arena_deaths: 14.
num_vsnodes_births: 2.
num_vsnodes_deaths: 0.
num_space_committed: 518.
num_space_uncommitted: 0.
num_chunks_returned_to_freelist: 17.
num_chunks_taken_from_freelist: 2066.
num_chunk_merges: 9.
num_chunk_splits: 1327.
num_chunks_enlarged: 788.
num_inconsistent_stats: 0.

CodeHeap 'non-profiled nmethods': size=120000Kb used=2101Kb max_used=2101Kb free=117898Kb
 bounds [0x00000199b52e0000, 0x00000199b5550000, 0x00000199bc810000]
CodeHeap 'profiled nmethods': size=120000Kb used=8824Kb max_used=8824Kb free=111175Kb
 bounds [0x00000199ad810000, 0x00000199ae0b0000, 0x00000199b4d40000]
CodeHeap 'non-nmethods': size=5760Kb used=1356Kb max_used=1413Kb free=4403Kb
 bounds [0x00000199b4d40000, 0x00000199b4fb0000, 0x00000199b52e0000]
CodeCache: size=245760Kb, used=12281Kb, max_used=12338Kb, free=233476Kb
 total_blobs=5071, nmethods=4421, adapters=556, full_count=0
Compilation: enabled, stopped_count=0, restarted_count=0

Compilation events (20 events):
Event: 18.003 Thread 0x0000019a03453250 4424 %     3       org.eclipse.jdt.internal.core.util.Util::splitOn @ 37 (134 bytes)
Event: 18.006 Thread 0x0000019a03453250 nmethod 4424% 0x00000199ae09a890 code [0x00000199ae09ab80, 0x00000199ae09beb0]
Event: 18.022 Thread 0x0000019a03453250 4425       3       java.util.Arrays$ArrayList::toArray (15 bytes)
Event: 18.023 Thread 0x0000019a03453250 nmethod 4425 0x00000199ae09c610 code [0x00000199ae09c7c0, 0x00000199ae09c910]
Event: 18.028 Thread 0x0000019a03453250 4426       2       jdk.internal.jimage.ImageReader$SharedImageReader::visitLocation (73 bytes)
Event: 18.029 Thread 0x0000019a03453250 nmethod 4426 0x00000199ae09ca10 code [0x00000199ae09cc60, 0x00000199ae09d180]
Event: 18.029 Thread 0x0000019a03453250 4428       3       jdk.internal.jrtfs.JrtPath::getName (116 bytes)
Event: 18.031 Thread 0x0000019a03453250 nmethod 4428 0x00000199ae09d590 code [0x00000199ae09d860, 0x00000199ae09e420]
Event: 18.031 Thread 0x0000019a03453250 4427       3       jdk.internal.jrtfs.JrtPath::getName (6 bytes)
Event: 18.031 Thread 0x0000019a03453250 nmethod 4427 0x00000199ae09e990 code [0x00000199ae09eb40, 0x00000199ae09ec78]
Event: 18.036 Thread 0x0000019a03453250 4429       3       org.eclipse.jdt.internal.core.util.Util::splitOn (134 bytes)
Event: 18.038 Thread 0x0000019a03453250 nmethod 4429 0x00000199ae09ed10 code [0x00000199ae09efe0, 0x00000199ae0a0210]
Event: 18.038 Thread 0x0000019a03453250 4430       3       jdk.internal.jimage.ImageReader$SharedImageReader$$Lambda/0x00000199c23879d0::visit (13 bytes)
Event: 18.038 Thread 0x0000019a03453250 nmethod 4430 0x00000199ae0a0990 code [0x00000199ae0a0b40, 0x00000199ae0a0c90]
Event: 18.038 Thread 0x0000019a03453250 4431       3       jdk.internal.jimage.ImageReader$SharedImageReader::lambda$handleModulesSubTree$1 (58 bytes)
Event: 18.039 Thread 0x0000019a03453250 nmethod 4431 0x00000199ae0a0d90 code [0x00000199ae0a1000, 0x00000199ae0a16d8]
Event: 18.105 Thread 0x0000019a03453250 4433       3       java.util.ArrayList$SubList::hashCode (27 bytes)
Event: 18.106 Thread 0x0000019a03453250 nmethod 4433 0x00000199ae0a1a10 code [0x00000199ae0a1be0, 0x00000199ae0a1ec8]
Event: 18.108 Thread 0x0000019a03453250 4436       3       org.eclipse.jdt.internal.core.JarPackageFragmentRoot::initRawPackageInfo (292 bytes)
Event: 19.105 Thread 0x0000019a03453250 nmethod 4436 0x00000199ae0a2090 code [0x00000199ae0a2600, 0x00000199ae0a5240]

GC Heap History (20 events):
Event: 5.516 GC heap before
{Heap before GC invocations=4 (full 0):
 PSYoungGen      total 29696K, used 29692K [0x00000000d5580000, 0x00000000d7680000, 0x0000000100000000)
  eden space 25600K, 100% used [0x00000000d5580000,0x00000000d6e80000,0x00000000d6e80000)
  from space 4096K, 99% used [0x00000000d6e80000,0x00000000d727f0a8,0x00000000d7280000)
  to   space 4096K, 0% used [0x00000000d7280000,0x00000000d7280000,0x00000000d7680000)
 ParOldGen       total 68608K, used 2834K [0x0000000080000000, 0x0000000084300000, 0x00000000d5580000)
  object space 68608K, 4% used [0x0000000080000000,0x00000000802c4a90,0x0000000084300000)
 Metaspace       used 14198K, committed 14720K, reserved 1114112K
  class space    used 1498K, committed 1728K, reserved 1048576K
}
Event: 5.537 GC heap after
{Heap after GC invocations=4 (full 0):
 PSYoungGen      total 29696K, used 4092K [0x00000000d5580000, 0x00000000d7680000, 0x0000000100000000)
  eden space 25600K, 0% used [0x00000000d5580000,0x00000000d5580000,0x00000000d6e80000)
  from space 4096K, 99% used [0x00000000d7280000,0x00000000d767f098,0x00000000d7680000)
  to   space 4096K, 0% used [0x00000000d6e80000,0x00000000d6e80000,0x00000000d7280000)
 ParOldGen       total 68608K, used 13442K [0x0000000080000000, 0x0000000084300000, 0x00000000d5580000)
  object space 68608K, 19% used [0x0000000080000000,0x0000000080d20aa8,0x0000000084300000)
 Metaspace       used 14198K, committed 14720K, reserved 1114112K
  class space    used 1498K, committed 1728K, reserved 1048576K
}
Event: 9.904 GC heap before
{Heap before GC invocations=5 (full 0):
 PSYoungGen      total 29696K, used 29692K [0x00000000d5580000, 0x00000000d7680000, 0x0000000100000000)
  eden space 25600K, 100% used [0x00000000d5580000,0x00000000d6e80000,0x00000000d6e80000)
  from space 4096K, 99% used [0x00000000d7280000,0x00000000d767f098,0x00000000d7680000)
  to   space 4096K, 0% used [0x00000000d6e80000,0x00000000d6e80000,0x00000000d7280000)
 ParOldGen       total 68608K, used 13442K [0x0000000080000000, 0x0000000084300000, 0x00000000d5580000)
  object space 68608K, 19% used [0x0000000080000000,0x0000000080d20aa8,0x0000000084300000)
 Metaspace       used 17563K, committed 18368K, reserved 1114112K
  class space    used 1825K, committed 2176K, reserved 1048576K
}
Event: 9.918 GC heap after
{Heap after GC invocations=5 (full 0):
 PSYoungGen      total 29184K, used 4079K [0x00000000d5580000, 0x00000000d8300000, 0x0000000100000000)
  eden space 25088K, 0% used [0x00000000d5580000,0x00000000d5580000,0x00000000d6e00000)
  from space 4096K, 99% used [0x00000000d6e80000,0x00000000d727bee0,0x00000000d7280000)
  to   space 10752K, 0% used [0x00000000d7880000,0x00000000d7880000,0x00000000d8300000)
 ParOldGen       total 68608K, used 17353K [0x0000000080000000, 0x0000000084300000, 0x00000000d5580000)
  object space 68608K, 25% used [0x0000000080000000,0x00000000810f2598,0x0000000084300000)
 Metaspace       used 17563K, committed 18368K, reserved 1114112K
  class space    used 1825K, committed 2176K, reserved 1048576K
}
Event: 10.783 GC heap before
{Heap before GC invocations=6 (full 0):
 PSYoungGen      total 29184K, used 27880K [0x00000000d5580000, 0x00000000d8300000, 0x0000000100000000)
  eden space 25088K, 94% used [0x00000000d5580000,0x00000000d6cbe260,0x00000000d6e00000)
  from space 4096K, 99% used [0x00000000d6e80000,0x00000000d727bee0,0x00000000d7280000)
  to   space 10752K, 0% used [0x00000000d7880000,0x00000000d7880000,0x00000000d8300000)
 ParOldGen       total 68608K, used 17353K [0x0000000080000000, 0x0000000084300000, 0x00000000d5580000)
  object space 68608K, 25% used [0x0000000080000000,0x00000000810f2598,0x0000000084300000)
 Metaspace       used 20810K, committed 21504K, reserved 1114112K
  class space    used 2057K, committed 2368K, reserved 1048576K
}
Event: 10.796 GC heap after
{Heap after GC invocations=6 (full 0):
 PSYoungGen      total 30208K, used 4669K [0x00000000d5580000, 0x00000000d7d80000, 0x0000000100000000)
  eden space 25088K, 0% used [0x00000000d5580000,0x00000000d5580000,0x00000000d6e00000)
  from space 5120K, 91% used [0x00000000d7880000,0x00000000d7d0f5b8,0x00000000d7d80000)
  to   space 6656K, 0% used [0x00000000d7080000,0x00000000d7080000,0x00000000d7700000)
 ParOldGen       total 68608K, used 17353K [0x0000000080000000, 0x0000000084300000, 0x00000000d5580000)
  object space 68608K, 25% used [0x0000000080000000,0x00000000810f2598,0x0000000084300000)
 Metaspace       used 20810K, committed 21504K, reserved 1114112K
  class space    used 2057K, committed 2368K, reserved 1048576K
}
Event: 10.796 GC heap before
{Heap before GC invocations=7 (full 1):
 PSYoungGen      total 30208K, used 4669K [0x00000000d5580000, 0x00000000d7d80000, 0x0000000100000000)
  eden space 25088K, 0% used [0x00000000d5580000,0x00000000d5580000,0x00000000d6e00000)
  from space 5120K, 91% used [0x00000000d7880000,0x00000000d7d0f5b8,0x00000000d7d80000)
  to   space 6656K, 0% used [0x00000000d7080000,0x00000000d7080000,0x00000000d7700000)
 ParOldGen       total 68608K, used 17353K [0x0000000080000000, 0x0000000084300000, 0x00000000d5580000)
  object space 68608K, 25% used [0x0000000080000000,0x00000000810f2598,0x0000000084300000)
 Metaspace       used 20810K, committed 21504K, reserved 1114112K
  class space    used 2057K, committed 2368K, reserved 1048576K
}
Event: 10.848 GC heap after
{Heap after GC invocations=7 (full 1):
 PSYoungGen      total 30208K, used 0K [0x00000000d5580000, 0x00000000d7d80000, 0x0000000100000000)
  eden space 25088K, 0% used [0x00000000d5580000,0x00000000d5580000,0x00000000d6e00000)
  from space 5120K, 0% used [0x00000000d7880000,0x00000000d7880000,0x00000000d7d80000)
  to   space 6656K, 0% used [0x00000000d7080000,0x00000000d7080000,0x00000000d7700000)
 ParOldGen       total 68608K, used 20414K [0x0000000080000000, 0x0000000084300000, 0x00000000d5580000)
  object space 68608K, 29% used [0x0000000080000000,0x00000000813efb00,0x0000000084300000)
 Metaspace       used 20797K, committed 21504K, reserved 1114112K
  class space    used 2054K, committed 2368K, reserved 1048576K
}
Event: 11.491 GC heap before
{Heap before GC invocations=8 (full 1):
 PSYoungGen      total 30208K, used 25088K [0x00000000d5580000, 0x00000000d7d80000, 0x0000000100000000)
  eden space 25088K, 100% used [0x00000000d5580000,0x00000000d6e00000,0x00000000d6e00000)
  from space 5120K, 0% used [0x00000000d7880000,0x00000000d7880000,0x00000000d7d80000)
  to   space 6656K, 0% used [0x00000000d7080000,0x00000000d7080000,0x00000000d7700000)
 ParOldGen       total 68608K, used 20414K [0x0000000080000000, 0x0000000084300000, 0x00000000d5580000)
  object space 68608K, 29% used [0x0000000080000000,0x00000000813efb00,0x0000000084300000)
 Metaspace       used 22491K, committed 23232K, reserved 1114112K
  class space    used 2165K, committed 2496K, reserved 1048576K
}
Event: 11.496 GC heap after
{Heap after GC invocations=8 (full 1):
 PSYoungGen      total 27136K, used 2152K [0x00000000d5580000, 0x00000000d7900000, 0x0000000100000000)
  eden space 24576K, 0% used [0x00000000d5580000,0x00000000d5580000,0x00000000d6d80000)
  from space 2560K, 84% used [0x00000000d7080000,0x00000000d729a2c0,0x00000000d7300000)
  to   space 3584K, 0% used [0x00000000d7580000,0x00000000d7580000,0x00000000d7900000)
 ParOldGen       total 68608K, used 20422K [0x0000000080000000, 0x0000000084300000, 0x00000000d5580000)
  object space 68608K, 29% used [0x0000000080000000,0x00000000813f1b00,0x0000000084300000)
 Metaspace       used 22491K, committed 23232K, reserved 1114112K
  class space    used 2165K, committed 2496K, reserved 1048576K
}
Event: 13.222 GC heap before
{Heap before GC invocations=9 (full 1):
 PSYoungGen      total 27136K, used 26728K [0x00000000d5580000, 0x00000000d7900000, 0x0000000100000000)
  eden space 24576K, 100% used [0x00000000d5580000,0x00000000d6d80000,0x00000000d6d80000)
  from space 2560K, 84% used [0x00000000d7080000,0x00000000d729a2c0,0x00000000d7300000)
  to   space 3584K, 0% used [0x00000000d7580000,0x00000000d7580000,0x00000000d7900000)
 ParOldGen       total 68608K, used 20422K [0x0000000080000000, 0x0000000084300000, 0x00000000d5580000)
  object space 68608K, 29% used [0x0000000080000000,0x00000000813f1b00,0x0000000084300000)
 Metaspace       used 26290K, committed 27200K, reserved 1114112K
  class space    used 2565K, committed 2944K, reserved 1048576K
}
Event: 13.227 GC heap after
{Heap after GC invocations=9 (full 1):
 PSYoungGen      total 27648K, used 3557K [0x00000000d5580000, 0x00000000d7900000, 0x0000000100000000)
  eden space 24064K, 0% used [0x00000000d5580000,0x00000000d5580000,0x00000000d6d00000)
  from space 3584K, 99% used [0x00000000d7580000,0x00000000d78f97e8,0x00000000d7900000)
  to   space 4096K, 0% used [0x00000000d7100000,0x00000000d7100000,0x00000000d7500000)
 ParOldGen       total 68608K, used 21212K [0x0000000080000000, 0x0000000084300000, 0x00000000d5580000)
  object space 68608K, 30% used [0x0000000080000000,0x00000000814b7010,0x0000000084300000)
 Metaspace       used 26290K, committed 27200K, reserved 1114112K
  class space    used 2565K, committed 2944K, reserved 1048576K
}
Event: 13.336 GC heap before
{Heap before GC invocations=10 (full 1):
 PSYoungGen      total 27648K, used 27621K [0x00000000d5580000, 0x00000000d7900000, 0x0000000100000000)
  eden space 24064K, 100% used [0x00000000d5580000,0x00000000d6d00000,0x00000000d6d00000)
  from space 3584K, 99% used [0x00000000d7580000,0x00000000d78f97e8,0x00000000d7900000)
  to   space 4096K, 0% used [0x00000000d7100000,0x00000000d7100000,0x00000000d7500000)
 ParOldGen       total 68608K, used 21212K [0x0000000080000000, 0x0000000084300000, 0x00000000d5580000)
  object space 68608K, 30% used [0x0000000080000000,0x00000000814b7010,0x0000000084300000)
 Metaspace       used 26331K, committed 27200K, reserved 1114112K
  class space    used 2570K, committed 2944K, reserved 1048576K
}
Event: 13.341 GC heap after
{Heap after GC invocations=10 (full 1):
 PSYoungGen      total 27136K, used 3520K [0x00000000d5580000, 0x00000000d7600000, 0x0000000100000000)
  eden space 23552K, 0% used [0x00000000d5580000,0x00000000d5580000,0x00000000d6c80000)
  from space 3584K, 98% used [0x00000000d7100000,0x00000000d7470058,0x00000000d7480000)
  to   space 1536K, 0% used [0x00000000d7480000,0x00000000d7480000,0x00000000d7600000)
 ParOldGen       total 68608K, used 21220K [0x0000000080000000, 0x0000000084300000, 0x00000000d5580000)
  object space 68608K, 30% used [0x0000000080000000,0x00000000814b9010,0x0000000084300000)
 Metaspace       used 26331K, committed 27200K, reserved 1114112K
  class space    used 2570K, committed 2944K, reserved 1048576K
}
Event: 13.420 GC heap before
{Heap before GC invocations=11 (full 1):
 PSYoungGen      total 27136K, used 27072K [0x00000000d5580000, 0x00000000d7600000, 0x0000000100000000)
  eden space 23552K, 100% used [0x00000000d5580000,0x00000000d6c80000,0x00000000d6c80000)
  from space 3584K, 98% used [0x00000000d7100000,0x00000000d7470058,0x00000000d7480000)
  to   space 1536K, 0% used [0x00000000d7480000,0x00000000d7480000,0x00000000d7600000)
 ParOldGen       total 68608K, used 21220K [0x0000000080000000, 0x0000000084300000, 0x00000000d5580000)
  object space 68608K, 30% used [0x0000000080000000,0x00000000814b9010,0x0000000084300000)
 Metaspace       used 26486K, committed 27328K, reserved 1114112K
  class space    used 2589K, committed 2944K, reserved 1048576K
}
Event: 13.426 GC heap after
{Heap after GC invocations=11 (full 1):
 PSYoungGen      total 23552K, used 320K [0x00000000d5580000, 0x00000000d7500000, 0x0000000100000000)
  eden space 23040K, 0% used [0x00000000d5580000,0x00000000d5580000,0x00000000d6c00000)
  from space 512K, 62% used [0x00000000d7480000,0x00000000d74d0000,0x00000000d7500000)
  to   space 1536K, 0% used [0x00000000d7200000,0x00000000d7200000,0x00000000d7380000)
 ParOldGen       total 68608K, used 24625K [0x0000000080000000, 0x0000000084300000, 0x00000000d5580000)
  object space 68608K, 35% used [0x0000000080000000,0x000000008180c7c0,0x0000000084300000)
 Metaspace       used 26486K, committed 27328K, reserved 1114112K
  class space    used 2589K, committed 2944K, reserved 1048576K
}
Event: 15.602 GC heap before
{Heap before GC invocations=12 (full 1):
 PSYoungGen      total 23552K, used 23360K [0x00000000d5580000, 0x00000000d7500000, 0x0000000100000000)
  eden space 23040K, 100% used [0x00000000d5580000,0x00000000d6c00000,0x00000000d6c00000)
  from space 512K, 62% used [0x00000000d7480000,0x00000000d74d0000,0x00000000d7500000)
  to   space 1536K, 0% used [0x00000000d7200000,0x00000000d7200000,0x00000000d7380000)
 ParOldGen       total 68608K, used 24625K [0x0000000080000000, 0x0000000084300000, 0x00000000d5580000)
  object space 68608K, 35% used [0x0000000080000000,0x000000008180c7c0,0x0000000084300000)
 Metaspace       used 29512K, committed 30336K, reserved 1114112K
  class space    used 2937K, committed 3264K, reserved 1048576K
}
Event: 15.605 GC heap after
{Heap after GC invocations=12 (full 1):
 PSYoungGen      total 24064K, used 992K [0x00000000d5580000, 0x00000000d7500000, 0x0000000100000000)
  eden space 22528K, 0% used [0x00000000d5580000,0x00000000d5580000,0x00000000d6b80000)
  from space 1536K, 64% used [0x00000000d7200000,0x00000000d72f8000,0x00000000d7380000)
  to   space 1536K, 0% used [0x00000000d7380000,0x00000000d7380000,0x00000000d7500000)
 ParOldGen       total 68608K, used 24713K [0x0000000080000000, 0x0000000084300000, 0x00000000d5580000)
  object space 68608K, 36% used [0x0000000080000000,0x00000000818227c0,0x0000000084300000)
 Metaspace       used 29512K, committed 30336K, reserved 1114112K
  class space    used 2937K, committed 3264K, reserved 1048576K
}
Event: 17.639 GC heap before
{Heap before GC invocations=13 (full 1):
 PSYoungGen      total 24064K, used 23520K [0x00000000d5580000, 0x00000000d7500000, 0x0000000100000000)
  eden space 22528K, 100% used [0x00000000d5580000,0x00000000d6b80000,0x00000000d6b80000)
  from space 1536K, 64% used [0x00000000d7200000,0x00000000d72f8000,0x00000000d7380000)
  to   space 1536K, 0% used [0x00000000d7380000,0x00000000d7380000,0x00000000d7500000)
 ParOldGen       total 68608K, used 24713K [0x0000000080000000, 0x0000000084300000, 0x00000000d5580000)
  object space 68608K, 36% used [0x0000000080000000,0x00000000818227c0,0x0000000084300000)
 Metaspace       used 31873K, committed 32832K, reserved 1114112K
  class space    used 3174K, committed 3584K, reserved 1048576K
}
Event: 17.647 GC heap after
{Heap after GC invocations=13 (full 1):
 PSYoungGen      total 23552K, used 1534K [0x00000000d5580000, 0x00000000d7500000, 0x0000000100000000)
  eden space 22016K, 0% used [0x00000000d5580000,0x00000000d5580000,0x00000000d6b00000)
  from space 1536K, 99% used [0x00000000d7380000,0x00000000d74ff838,0x00000000d7500000)
  to   space 3072K, 0% used [0x00000000d6f00000,0x00000000d6f00000,0x00000000d7200000)
 ParOldGen       total 68608K, used 25783K [0x0000000080000000, 0x0000000084300000, 0x00000000d5580000)
  object space 68608K, 37% used [0x0000000080000000,0x000000008192df78,0x0000000084300000)
 Metaspace       used 31873K, committed 32832K, reserved 1114112K
  class space    used 3174K, committed 3584K, reserved 1048576K
}

Dll operation events (10 events):
Event: 0.030 Loaded shared library c:\Users\takwa\.vscode\extensions\redhat.java-1.54.0-win32-x64\jre\21.0.10-win32-x86_64\bin\java.dll
Event: 0.189 Loaded shared library c:\Users\takwa\.vscode\extensions\redhat.java-1.54.0-win32-x64\jre\21.0.10-win32-x86_64\bin\zip.dll
Event: 0.242 Loaded shared library C:\Users\takwa\.vscode\extensions\redhat.java-1.54.0-win32-x64\jre\21.0.10-win32-x86_64\bin\instrument.dll
Event: 0.270 Loaded shared library C:\Users\takwa\.vscode\extensions\redhat.java-1.54.0-win32-x64\jre\21.0.10-win32-x86_64\bin\net.dll
Event: 0.280 Loaded shared library C:\Users\takwa\.vscode\extensions\redhat.java-1.54.0-win32-x64\jre\21.0.10-win32-x86_64\bin\nio.dll
Event: 0.288 Loaded shared library C:\Users\takwa\.vscode\extensions\redhat.java-1.54.0-win32-x64\jre\21.0.10-win32-x86_64\bin\zip.dll
Event: 0.333 Loaded shared library C:\Users\takwa\.vscode\extensions\redhat.java-1.54.0-win32-x64\jre\21.0.10-win32-x86_64\bin\jimage.dll
Event: 0.577 Loaded shared library c:\Users\takwa\.vscode\extensions\redhat.java-1.54.0-win32-x64\jre\21.0.10-win32-x86_64\bin\verify.dll
Event: 3.653 Loaded shared library C:\Users\takwa\AppData\Roaming\Code\User\globalStorage\redhat.java\1.54.0\config_ss_win\org.eclipse.equinox.launcher\org.eclipse.equinox.launcher.win32.win32.x86_64_1.3.0.v20260203-2149\eclipse_11919.dll
Event: 9.198 Loaded shared library C:\Users\takwa\AppData\Local\Temp\jna-110124776\jna8260472394929753152.dll

Deoptimization events (20 events):
Event: 17.098 Thread 0x0000019a0347bcd0 DEOPT PACKING pc=0x00000199b54146a8 sp=0x000000447b2fd740
Event: 17.098 Thread 0x0000019a0347bcd0 DEOPT UNPACKING pc=0x00000199b4d93aa2 sp=0x000000447b2fd600 mode 2
Event: 17.245 Thread 0x0000019a0347a290 Uncommon trap: trap_request=0xfffffff4 fr.pc=0x00000199b54c3288 relative=0x0000000000000348
Event: 17.245 Thread 0x0000019a0347a290 Uncommon trap: reason=null_check action=make_not_entrant pc=0x00000199b54c3288 method=sun.invoke.util.VerifyType.isNullConversion(Ljava/lang/Class;Ljava/lang/Class;Z)Z @ 67 c2
Event: 17.245 Thread 0x0000019a0347a290 DEOPT PACKING pc=0x00000199b54c3288 sp=0x000000447a0fcf90
Event: 17.245 Thread 0x0000019a0347a290 DEOPT UNPACKING pc=0x00000199b4d93aa2 sp=0x000000447a0fcf10 mode 2
Event: 17.259 Thread 0x0000019a0347a290 Uncommon trap: trap_request=0xffffff45 fr.pc=0x00000199b54c40a0 relative=0x0000000000000320
Event: 17.259 Thread 0x0000019a0347a290 Uncommon trap: reason=unstable_if action=reinterpret pc=0x00000199b54c40a0 method=java.lang.invoke.MethodType.genericMethodType(IZ)Ljava/lang/invoke/MethodType; @ 27 c2
Event: 17.259 Thread 0x0000019a0347a290 DEOPT PACKING pc=0x00000199b54c40a0 sp=0x000000447a0fc2e0
Event: 17.259 Thread 0x0000019a0347a290 DEOPT UNPACKING pc=0x00000199b4d93aa2 sp=0x000000447a0fc1d8 mode 2
Event: 17.679 Thread 0x0000019a0347bcd0 Uncommon trap: trap_request=0xffffff45 fr.pc=0x00000199b545f43c relative=0x000000000000095c
Event: 17.679 Thread 0x0000019a0347bcd0 Uncommon trap: reason=unstable_if action=reinterpret pc=0x00000199b545f43c method=java.util.concurrent.ConcurrentHashMap.putVal(Ljava/lang/Object;Ljava/lang/Object;Z)Ljava/lang/Object; @ 97 c2
Event: 17.679 Thread 0x0000019a0347bcd0 DEOPT PACKING pc=0x00000199b545f43c sp=0x000000447b2fca30
Event: 17.679 Thread 0x0000019a0347bcd0 DEOPT UNPACKING pc=0x00000199b4d93aa2 sp=0x000000447b2fc9b8 mode 2
Event: 17.766 Thread 0x0000019a0347bcd0 Uncommon trap: trap_request=0xffffffbe fr.pc=0x00000199b545a66c relative=0x0000000000000a0c
Event: 17.766 Thread 0x0000019a0347bcd0 Uncommon trap: reason=profile_predicate action=maybe_recompile pc=0x00000199b545a66c method=java.util.TreeMap.put(Ljava/lang/Object;Ljava/lang/Object;Z)Ljava/lang/Object; @ 27 c2
Event: 17.767 Thread 0x0000019a0347bcd0 DEOPT PACKING pc=0x00000199b545a66c sp=0x000000447b2fc5d0
Event: 17.767 Thread 0x0000019a0347bcd0 DEOPT UNPACKING pc=0x00000199b4d93aa2 sp=0x000000447b2fc580 mode 2
Event: 18.036 Thread 0x0000019a0347bcd0 DEOPT PACKING pc=0x00000199ae08e353 sp=0x000000447b2fd540
Event: 18.036 Thread 0x0000019a0347bcd0 DEOPT UNPACKING pc=0x00000199b4d94242 sp=0x000000447b2fca28 mode 0

Classes loaded (20 events):
Event: 17.462 Loading class java/nio/file/FileTreeWalker$Event
Event: 17.462 Loading class java/nio/file/FileTreeWalker$Event done
Event: 17.462 Loading class java/nio/file/FileTreeWalker$EventType
Event: 17.463 Loading class java/nio/file/FileTreeWalker$EventType done
Event: 17.463 Loading class java/nio/file/Files$3
Event: 17.463 Loading class java/nio/file/Files$3 done
Event: 17.463 Loading class java/nio/file/FileVisitResult
Event: 17.463 Loading class java/nio/file/FileVisitResult done
Event: 17.680 Loading class java/lang/runtime/ObjectMethods
Event: 17.681 Loading class java/lang/runtime/ObjectMethods done
Event: 17.757 Loading class java/lang/invoke/MethodHandleImpl$Makers
Event: 17.757 Loading class java/lang/invoke/MethodHandleImpl$Makers done
Event: 17.758 Loading class java/lang/invoke/MethodHandleImpl$Makers$1
Event: 17.758 Loading class java/lang/invoke/MethodHandleImpl$Makers$1 done
Event: 17.758 Loading class java/lang/invoke/MethodHandleImpl$Makers$2
Event: 17.758 Loading class java/lang/invoke/MethodHandleImpl$Makers$2 done
Event: 17.758 Loading class java/lang/invoke/MethodHandleImpl$Makers$3
Event: 17.758 Loading class java/lang/invoke/MethodHandleImpl$Makers$3 done
Event: 17.771 Loading class java/lang/runtime/ObjectMethods$1
Event: 17.771 Loading class java/lang/runtime/ObjectMethods$1 done

Classes unloaded (7 events):
Event: 10.813 Thread 0x00000199aa6b2950 Unloading class 0x00000199c2191400 'java/lang/invoke/LambdaForm$MH+0x00000199c2191400'
Event: 10.813 Thread 0x00000199aa6b2950 Unloading class 0x00000199c2191000 'java/lang/invoke/LambdaForm$MH+0x00000199c2191000'
Event: 10.813 Thread 0x00000199aa6b2950 Unloading class 0x00000199c2190c00 'java/lang/invoke/LambdaForm$MH+0x00000199c2190c00'
Event: 10.813 Thread 0x00000199aa6b2950 Unloading class 0x00000199c2190800 'java/lang/invoke/LambdaForm$MH+0x00000199c2190800'
Event: 10.813 Thread 0x00000199aa6b2950 Unloading class 0x00000199c2190400 'java/lang/invoke/LambdaForm$BMH+0x00000199c2190400'
Event: 10.813 Thread 0x00000199aa6b2950 Unloading class 0x00000199c2190000 'java/lang/invoke/LambdaForm$DMH+0x00000199c2190000'
Event: 10.813 Thread 0x00000199aa6b2950 Unloading class 0x00000199c218ec00 'java/lang/invoke/LambdaForm$DMH+0x00000199c218ec00'

Classes redefined (0 events):
No events

Internal exceptions (20 events):
Event: 17.685 Thread 0x0000019a0347c360 Exception <a 'java/lang/NoSuchMethodError'{0x00000000d56fb138}: 'java.lang.Object java.lang.invoke.Invokers$Holder.invoke_MT(java.lang.Object, java.lang.Object, java.lang.Object, java.lang.Object, java.lang.Object, java.lang.Object, java.lang.Object, java.lang.Object, java.lang.Object, java.lang.Object)'> (0x00000000d56fb138) 
thrown [s\src\hotspot\share\interpreter\linkResolver.cpp, line 773]
Event: 17.685 Thread 0x0000019a0347bcd0 Exception <a 'java/lang/NoSuchMethodError'{0x00000000d56d2c68}: 'java.lang.Object java.lang.invoke.Invokers$Holder.invoke_MT(java.lang.Object, java.lang.Object, java.lang.Object, java.lang.Object, java.lang.Object, java.lang.Object, java.lang.Object, java.lang.Object, java.lang.Object, java.lang.Object)'> (0x00000000d56d2c68) 
thrown [s\src\hotspot\share\interpreter\linkResolver.cpp, line 773]
Event: 17.685 Thread 0x0000019a0347b640 Exception <a 'java/lang/NoSuchMethodError'{0x00000000d5635648}: 'java.lang.Object java.lang.invoke.Invokers$Holder.invoke_MT(java.lang.Object, java.lang.Object, java.lang.Object, java.lang.Object, java.lang.Object, java.lang.Object, java.lang.Object, java.lang.Object, java.lang.Object, java.lang.Object)'> (0x00000000d5635648) 
thrown [s\src\hotspot\share\interpreter\linkResolver.cpp, line 773]
Event: 17.754 Thread 0x0000019a0347c9f0 Exception <a 'java/lang/NoSuchMethodError'{0x00000000d56b15b8}: 'java.lang.Object java.lang.invoke.Invokers$Holder.invoke_MT(java.lang.Object, java.lang.Object, java.lang.Object, java.lang.Object, java.lang.Object, java.lang.Object, java.lang.Object, java.lang.Object, java.lang.Object, java.lang.Object)'> (0x00000000d56b15b8) 
thrown [s\src\hotspot\share\interpreter\linkResolver.cpp, line 773]
Event: 17.760 Thread 0x0000019a0347a290 Exception <a 'java/lang/NoSuchMethodError'{0x00000000d56d9018}: 'java.lang.Object java.lang.invoke.Invokers$Holder.invoke_MT(java.lang.Object, java.lang.Object, java.lang.Object, java.lang.Object, java.lang.Object, java.lang.Object, java.lang.Object, java.lang.Object, java.lang.Object, java.lang.Object)'> (0x00000000d56d9018) 
thrown [s\src\hotspot\share\interpreter\linkResolver.cpp, line 773]
Event: 17.771 Thread 0x0000019a0347a290 Exception <a 'java/lang/NoSuchMethodError'{0x00000000d57787f0}: 'int java.lang.invoke.DirectMethodHandle$Holder.invokeVirtual(java.lang.Object, java.lang.Object, java.lang.Object)'> (0x00000000d57787f0) 
thrown [s\src\hotspot\share\interpreter\linkResolver.cpp, line 773]
Event: 17.773 Thread 0x0000019a0347a290 Exception <a 'java/lang/NoSuchMethodError'{0x00000000d577cb98}: 'int java.lang.invoke.DirectMethodHandle$Holder.invokeStaticInit(java.lang.Object, int, int)'> (0x00000000d577cb98) 
thrown [s\src\hotspot\share\interpreter\linkResolver.cpp, line 773]
Event: 17.775 Thread 0x0000019a0347a290 Exception <a 'java/lang/NoSuchMethodError'{0x00000000d5784340}: 'int java.lang.invoke.DirectMethodHandle$Holder.invokeStaticInit(java.lang.Object, long, long)'> (0x00000000d5784340) 
thrown [s\src\hotspot\share\interpreter\linkResolver.cpp, line 773]
Event: 17.777 Thread 0x0000019a0347a290 Exception <a 'java/lang/NoSuchMethodError'{0x00000000d578d648}: 'int java.lang.invoke.DirectMethodHandle$Holder.invokeStaticInit(java.lang.Object, float, float)'> (0x00000000d578d648) 
thrown [s\src\hotspot\share\interpreter\linkResolver.cpp, line 773]
Event: 17.777 Thread 0x0000019a0347a290 Exception <a 'java/lang/NoSuchMethodError'{0x00000000d5794388}: 'int java.lang.invoke.DirectMethodHandle$Holder.invokeStaticInit(java.lang.Object, double, double)'> (0x00000000d5794388) 
thrown [s\src\hotspot\share\interpreter\linkResolver.cpp, line 773]
Event: 17.778 Thread 0x0000019a0347a290 Exception <a 'java/lang/NoSuchMethodError'{0x00000000d5798ba0}: 'int java.lang.invoke.DirectMethodHandle$Holder.invokeStatic(java.lang.Object, long)'> (0x00000000d5798ba0) 
thrown [s\src\hotspot\share\interpreter\linkResolver.cpp, line 773]
Event: 17.785 Thread 0x0000019a0347c360 Exception <a 'java/lang/NoSuchMethodError'{0x00000000d57c18e0}: 'int java.lang.invoke.DirectMethodHandle$Holder.invokeSpecial(java.lang.Object, java.lang.Object, int, int)'> (0x00000000d57c18e0) 
thrown [s\src\hotspot\share\interpreter\linkResolver.cpp, line 773]
Event: 17.786 Thread 0x0000019a0347a290 Exception <a 'java/lang/NoSuchMethodError'{0x00000000d57a9e28}: 'int java.lang.invoke.DirectMethodHandle$Holder.invokeSpecial(java.lang.Object, java.lang.Object, int, int)'> (0x00000000d57a9e28) 
thrown [s\src\hotspot\share\interpreter\linkResolver.cpp, line 773]
Event: 17.786 Thread 0x0000019a0347b640 Exception <a 'java/lang/NoSuchMethodError'{0x00000000d57d6d80}: 'int java.lang.invoke.DirectMethodHandle$Holder.invokeSpecial(java.lang.Object, java.lang.Object, int, int)'> (0x00000000d57d6d80) 
thrown [s\src\hotspot\share\interpreter\linkResolver.cpp, line 773]
Event: 17.797 Thread 0x0000019a0347c9f0 Exception <a 'java/lang/NoSuchMethodError'{0x00000000d5816d40}: 'int java.lang.invoke.Invokers$Holder.linkToTargetMethod(java.lang.Object, java.lang.Object)'> (0x00000000d5816d40) 
thrown [s\src\hotspot\share\interpreter\linkResolver.cpp, line 773]
Event: 17.797 Thread 0x0000019a03478850 Exception <a 'java/lang/NoSuchMethodError'{0x00000000d56f9080}: 'int java.lang.invoke.Invokers$Holder.linkToTargetMethod(java.lang.Object, java.lang.Object)'> (0x00000000d56f9080) 
thrown [s\src\hotspot\share\interpreter\linkResolver.cpp, line 773]
Event: 17.797 Thread 0x0000019a0347bcd0 Exception <a 'java/lang/NoSuchMethodError'{0x00000000d5809fe8}: 'int java.lang.invoke.Invokers$Holder.linkToTargetMethod(java.lang.Object, java.lang.Object)'> (0x00000000d5809fe8) 
thrown [s\src\hotspot\share\interpreter\linkResolver.cpp, line 773]
Event: 17.797 Thread 0x0000019a0347c360 Exception <a 'java/lang/NoSuchMethodError'{0x00000000d580fa20}: 'int java.lang.invoke.Invokers$Holder.linkToTargetMethod(java.lang.Object, java.lang.Object)'> (0x00000000d580fa20) 
thrown [s\src\hotspot\share\interpreter\linkResolver.cpp, line 773]
Event: 17.797 Thread 0x0000019a0347b640 Exception <a 'java/lang/NoSuchMethodError'{0x00000000d57e0af8}: 'int java.lang.invoke.Invokers$Holder.linkToTargetMethod(java.lang.Object, java.lang.Object)'> (0x00000000d57e0af8) 
thrown [s\src\hotspot\share\interpreter\linkResolver.cpp, line 773]
Event: 17.798 Thread 0x0000019a0347a290 Exception <a 'java/lang/NoSuchMethodError'{0x00000000d57b6810}: 'int java.lang.invoke.Invokers$Holder.linkToTargetMethod(java.lang.Object, java.lang.Object)'> (0x00000000d57b6810) 
thrown [s\src\hotspot\share\interpreter\linkResolver.cpp, line 773]

ZGC Phase Switch (0 events):
No events

VM Operations (20 events):
Event: 15.605 Executing safepoint VM operation: ParallelGCFailedAllocation (Allocation Failure) done
Event: 15.908 Executing non-safepoint VM operation: HandshakeAllThreads (Deoptimize)
Event: 15.908 Executing non-safepoint VM operation: HandshakeAllThreads (Deoptimize) done
Event: 16.149 Executing non-safepoint VM operation: HandshakeAllThreads (Deoptimize)
Event: 16.149 Executing non-safepoint VM operation: HandshakeAllThreads (Deoptimize) done
Event: 17.149 Executing safepoint VM operation: Cleanup
Event: 17.149 Executing safepoint VM operation: Cleanup done
Event: 17.154 Executing non-safepoint VM operation: HandshakeAllThreads (Deoptimize)
Event: 17.154 Executing non-safepoint VM operation: HandshakeAllThreads (Deoptimize) done
Event: 17.184 Executing non-safepoint VM operation: HandshakeAllThreads (Deoptimize)
Event: 17.208 Executing non-safepoint VM operation: HandshakeAllThreads (Deoptimize) done
Event: 17.334 Executing non-safepoint VM operation: HandshakeAllThreads (Deoptimize)
Event: 17.335 Executing non-safepoint VM operation: HandshakeAllThreads (Deoptimize) done
Event: 17.337 Executing non-safepoint VM operation: HandshakeAllThreads (Deoptimize)
Event: 17.337 Executing non-safepoint VM operation: HandshakeAllThreads (Deoptimize) done
Event: 17.639 Executing safepoint VM operation: ParallelGCFailedAllocation (Allocation Failure)
Event: 17.647 Executing safepoint VM operation: ParallelGCFailedAllocation (Allocation Failure) done
Event: 17.806 Executing non-safepoint VM operation: HandshakeAllThreads (Deoptimize)
Event: 17.806 Executing non-safepoint VM operation: HandshakeAllThreads (Deoptimize) done
Event: 18.806 Executing safepoint VM operation: Cleanup

Memory protections (0 events):
No events

Nmethod flushes (0 events):
No events

Events (20 events):
Event: 13.161 Thread 0x00000199aa612740 Thread added: 0x0000019a049f63d0
Event: 13.162 Thread 0x00000199aa612740 Thread added: 0x0000019a049f84a0
Event: 13.162 Thread 0x00000199aa612740 Thread added: 0x0000019a049f70f0
Event: 13.162 Thread 0x00000199aa612740 Thread added: 0x0000019a049f56b0
Event: 13.162 Thread 0x00000199aa612740 Thread added: 0x0000019a049f5d40
Event: 13.163 Thread 0x00000199aa612740 Thread added: 0x0000019a03477b30
Event: 13.163 Thread 0x00000199aa612740 Thread added: 0x0000019a034781c0
Event: 13.163 Thread 0x00000199aa612740 Thread added: 0x0000019a03476e10
Event: 13.164 Thread 0x00000199aa612740 Thread added: 0x0000019a034774a0
Event: 13.164 Thread 0x00000199aa612740 Thread added: 0x0000019a03476780
Event: 13.331 Thread 0x00000199aa612740 Thread added: 0x0000019a03479c00
Event: 13.765 Thread 0x0000019a049f7780 Thread added: 0x0000019a03478ee0
Event: 14.237 Thread 0x00000199aa612740 Thread added: 0x0000019a03479570
Event: 14.238 Thread 0x00000199aa612740 Thread added: 0x0000019a0347b640
Event: 14.465 Thread 0x0000019a095f1150 Thread exited: 0x0000019a095f1150
Event: 16.813 Thread 0x0000019a0347b640 Thread added: 0x0000019a0347a290
Event: 16.876 Thread 0x0000019a0347b640 Thread added: 0x0000019a0347bcd0
Event: 17.167 Thread 0x0000019a0347b640 Thread added: 0x0000019a03478850
Event: 17.213 Thread 0x0000019a03478850 Thread added: 0x0000019a0347c360
Event: 17.389 Thread 0x0000019a0347b640 Thread added: 0x0000019a0347c9f0


Dynamic libraries:
0x00007ff66b6f0000 - 0x00007ff66b6fe000 	c:\Users\takwa\.vscode\extensions\redhat.java-1.54.0-win32-x64\jre\21.0.10-win32-x86_64\bin\java.exe
0x00007ffb38e00000 - 0x00007ffb39066000 	C:\WINDOWS\SYSTEM32\ntdll.dll
0x00007ffb37990000 - 0x00007ffb37a59000 	C:\WINDOWS\System32\KERNEL32.DLL
0x00007ffb36150000 - 0x00007ffb3654a000 	C:\WINDOWS\System32\KERNELBASE.dll
0x00007ffb36a30000 - 0x00007ffb36b7c000 	C:\WINDOWS\System32\ucrtbase.dll
0x00007ffb20900000 - 0x00007ffb2091e000 	c:\Users\takwa\.vscode\extensions\redhat.java-1.54.0-win32-x64\jre\21.0.10-win32-x86_64\bin\VCRUNTIME140.dll
0x00007ffb209e0000 - 0x00007ffb209f8000 	c:\Users\takwa\.vscode\extensions\redhat.java-1.54.0-win32-x64\jre\21.0.10-win32-x86_64\bin\jli.dll
0x00007ffb36f50000 - 0x00007ffb37117000 	C:\WINDOWS\System32\USER32.dll
0x00007ffb10f90000 - 0x00007ffb11222000 	C:\WINDOWS\WinSxS\amd64_microsoft.windows.common-controls_6595b64144ccf1df_6.0.26100.8346_none_3e0a4650e332b5e4\COMCTL32.dll
0x00007ffb36550000 - 0x00007ffb36577000 	C:\WINDOWS\System32\win32u.dll
0x00007ffb38290000 - 0x00007ffb38339000 	C:\WINDOWS\System32\msvcrt.dll
0x00007ffb36b80000 - 0x00007ffb36bab000 	C:\WINDOWS\System32\GDI32.dll
0x00007ffb367c0000 - 0x00007ffb368eb000 	C:\WINDOWS\System32\gdi32full.dll
0x00007ffb360a0000 - 0x00007ffb36143000 	C:\WINDOWS\System32\msvcp_win.dll
0x00007ffb383f0000 - 0x00007ffb38422000 	C:\WINDOWS\System32\IMM32.DLL
0x00007ffb2e680000 - 0x00007ffb2e68c000 	c:\Users\takwa\.vscode\extensions\redhat.java-1.54.0-win32-x64\jre\21.0.10-win32-x86_64\bin\vcruntime140_1.dll
0x00007ffb05680000 - 0x00007ffb0570d000 	c:\Users\takwa\.vscode\extensions\redhat.java-1.54.0-win32-x64\jre\21.0.10-win32-x86_64\bin\msvcp140.dll
0x00007ffaa5070000 - 0x00007ffaa5e11000 	c:\Users\takwa\.vscode\extensions\redhat.java-1.54.0-win32-x64\jre\21.0.10-win32-x86_64\bin\server\jvm.dll
0x00007ffb38d00000 - 0x00007ffb38db6000 	C:\WINDOWS\System32\ADVAPI32.dll
0x00007ffb36e10000 - 0x00007ffb36eb7000 	C:\WINDOWS\System32\sechost.dll
0x00007ffb37de0000 - 0x00007ffb37ef8000 	C:\WINDOWS\System32\RPCRT4.dll
0x00007ffb36ec0000 - 0x00007ffb36f40000 	C:\WINDOWS\System32\WS2_32.dll
0x00007ffb35f00000 - 0x00007ffb35f5e000 	C:\WINDOWS\SYSTEM32\POWRPROF.dll
0x00007ffb2a620000 - 0x00007ffb2a656000 	C:\WINDOWS\SYSTEM32\WINMM.dll
0x00007ffb12140000 - 0x00007ffb1214b000 	C:\WINDOWS\SYSTEM32\VERSION.dll
0x00007ffb35ee0000 - 0x00007ffb35ef4000 	C:\WINDOWS\SYSTEM32\UMPDC.dll
0x00007ffb34de0000 - 0x00007ffb34dfb000 	C:\WINDOWS\SYSTEM32\kernel.appcore.dll
0x00007ffb20ac0000 - 0x00007ffb20aca000 	c:\Users\takwa\.vscode\extensions\redhat.java-1.54.0-win32-x64\jre\21.0.10-win32-x86_64\bin\jimage.dll
0x00007ffb33750000 - 0x00007ffb33992000 	C:\WINDOWS\SYSTEM32\DBGHELP.DLL
0x00007ffb37f00000 - 0x00007ffb38283000 	C:\WINDOWS\System32\combase.dll
0x00007ffb371a0000 - 0x00007ffb37279000 	C:\WINDOWS\System32\OLEAUT32.dll
0x00007ffb0b410000 - 0x00007ffb0b44b000 	C:\WINDOWS\SYSTEM32\dbgcore.DLL
0x00007ffb368f0000 - 0x00007ffb36998000 	C:\WINDOWS\System32\bcryptPrimitives.dll
0x00007ffb20930000 - 0x00007ffb2093f000 	c:\Users\takwa\.vscode\extensions\redhat.java-1.54.0-win32-x64\jre\21.0.10-win32-x86_64\bin\instrument.dll
0x00007ffb20780000 - 0x00007ffb207a0000 	c:\Users\takwa\.vscode\extensions\redhat.java-1.54.0-win32-x64\jre\21.0.10-win32-x86_64\bin\java.dll
0x00007ffb38430000 - 0x00007ffb38bac000 	C:\WINDOWS\System32\SHELL32.dll
0x00007ffb33c30000 - 0x00007ffb344a5000 	C:\WINDOWS\SYSTEM32\windows.storage.dll
0x00007ffb36d10000 - 0x00007ffb36e09000 	C:\WINDOWS\System32\SHCORE.dll
0x00007ffb37120000 - 0x00007ffb37187000 	C:\WINDOWS\System32\shlwapi.dll
0x00007ffb35fc0000 - 0x00007ffb35fe9000 	C:\WINDOWS\SYSTEM32\profapi.dll
0x00007ffb1e110000 - 0x00007ffb1e128000 	c:\Users\takwa\.vscode\extensions\redhat.java-1.54.0-win32-x64\jre\21.0.10-win32-x86_64\bin\zip.dll
0x00007ffb206d0000 - 0x00007ffb206e0000 	C:\Users\takwa\.vscode\extensions\redhat.java-1.54.0-win32-x64\jre\21.0.10-win32-x86_64\bin\net.dll
0x00007ffb2d5a0000 - 0x00007ffb2d6c9000 	C:\WINDOWS\SYSTEM32\WINHTTP.dll
0x00007ffb35330000 - 0x00007ffb3539c000 	C:\WINDOWS\system32\mswsock.dll
0x00007ffb1e060000 - 0x00007ffb1e076000 	C:\Users\takwa\.vscode\extensions\redhat.java-1.54.0-win32-x64\jre\21.0.10-win32-x86_64\bin\nio.dll
0x00007ffb1f070000 - 0x00007ffb1f080000 	c:\Users\takwa\.vscode\extensions\redhat.java-1.54.0-win32-x64\jre\21.0.10-win32-x86_64\bin\verify.dll
0x00007ffb1dd40000 - 0x00007ffb1dd85000 	C:\Users\takwa\AppData\Roaming\Code\User\globalStorage\redhat.java\1.54.0\config_ss_win\org.eclipse.equinox.launcher\org.eclipse.equinox.launcher.win32.win32.x86_64_1.3.0.v20260203-2149\eclipse_11919.dll
0x00007ffb37bb0000 - 0x00007ffb37d48000 	C:\WINDOWS\System32\ole32.dll
0x00007ffb35730000 - 0x00007ffb3574b000 	C:\WINDOWS\SYSTEM32\CRYPTSP.dll
0x00007ffb34d40000 - 0x00007ffb34d79000 	C:\WINDOWS\system32\rsaenh.dll
0x00007ffb353e0000 - 0x00007ffb35413000 	C:\WINDOWS\SYSTEM32\USERENV.dll
0x00007ffb35f90000 - 0x00007ffb35fba000 	C:\WINDOWS\SYSTEM32\bcrypt.dll
0x00007ffb35590000 - 0x00007ffb3559c000 	C:\WINDOWS\SYSTEM32\CRYPTBASE.dll
0x00007ffb34820000 - 0x00007ffb34852000 	C:\WINDOWS\SYSTEM32\IPHLPAPI.DLL
0x00007ffb37d50000 - 0x00007ffb37d5a000 	C:\WINDOWS\System32\NSI.dll
0x00007ffb0b360000 - 0x00007ffb0b3a9000 	C:\Users\takwa\AppData\Local\Temp\jna-110124776\jna8260472394929753152.dll
0x00007ffb37280000 - 0x00007ffb37288000 	C:\WINDOWS\System32\PSAPI.DLL
0x00007ffb2e160000 - 0x00007ffb2e17d000 	C:\WINDOWS\SYSTEM32\dhcpcsvc6.DLL
0x00007ffb2e130000 - 0x00007ffb2e155000 	C:\WINDOWS\SYSTEM32\dhcpcsvc.DLL

JVMTI agents:
c:\Users\takwa\.vscode\extensions\redhat.java-1.54.0-win32-x64\lombok\lombok-1.18.39-4050.jar path:c:\Users\takwa\.vscode\extensions\redhat.java-1.54.0-win32-x64\jre\21.0.10-win32-x86_64\bin\instrument.dll, loaded, initialized, instrumentlib options:none

dbghelp: loaded successfully - version: 4.0.5 - missing functions: none
symbol engine: initialized successfully - sym options: 0x614 - pdb path: .;c:\Users\takwa\.vscode\extensions\redhat.java-1.54.0-win32-x64\jre\21.0.10-win32-x86_64\bin;C:\WINDOWS\SYSTEM32;C:\WINDOWS\WinSxS\amd64_microsoft.windows.common-controls_6595b64144ccf1df_6.0.26100.8346_none_3e0a4650e332b5e4;c:\Users\takwa\.vscode\extensions\redhat.java-1.54.0-win32-x64\jre\21.0.10-win32-x86_64\bin\server;C:\Users\takwa\AppData\Roaming\Code\User\globalStorage\redhat.java\1.54.0\config_ss_win\org.eclipse.equinox.launcher\org.eclipse.equinox.launcher.win32.win32.x86_64_1.3.0.v20260203-2149;C:\Users\takwa\AppData\Local\Temp\jna-110124776

VM Arguments:
jvm_args: --add-modules=ALL-SYSTEM --add-opens=java.base/java.util=ALL-UNNAMED --add-opens=java.base/java.lang=ALL-UNNAMED --add-opens=java.base/sun.nio.fs=ALL-UNNAMED -Declipse.application=org.eclipse.jdt.ls.core.id1 -Dosgi.bundles.defaultStartLevel=4 -Declipse.product=org.eclipse.jdt.ls.core.product -Djava.import.generatesMetadataFilesAtProjectRoot=false -DDetectVMInstallationsJob.disabled=true -Dfile.encoding=utf8 -XX:+UseParallelGC -XX:GCTimeRatio=4 -XX:AdaptiveSizePolicyWeight=90 -Dsun.zip.disableMemoryMapping=true -Xmx2G -Xms100m -Xlog:disable -javaagent:c:\Users\takwa\.vscode\extensions\redhat.java-1.54.0-win32-x64\lombok\lombok-1.18.39-4050.jar 
java_command: c:\Users\takwa\.vscode\extensions\redhat.java-1.54.0-win32-x64\server\plugins\org.eclipse.equinox.launcher_1.7.100.v20251111-0406.jar -configuration c:\Users\takwa\AppData\Roaming\Code\User\globalStorage\redhat.java\1.54.0\config_ss_win -data c:\Users\takwa\AppData\Roaming\Code\User\workspaceStorage\9ef35f15cb76032a73c490f0d8220ee0\redhat.java\ss_ws --pipe=\\.\pipe\lsp-3a2380b6abffd606ca8028892eecb1af-sock
java_class_path (initial): c:\Users\takwa\.vscode\extensions\redhat.java-1.54.0-win32-x64\server\plugins\org.eclipse.equinox.launcher_1.7.100.v20251111-0406.jar
Launcher Type: SUN_STANDARD

[Global flags]
    uintx AdaptiveSizePolicyWeight                 = 90                                        {product} {command line}
     intx CICompilerCount                          = 4                                         {product} {ergonomic}
    uintx GCTimeRatio                              = 4                                         {product} {command line}
   size_t InitialHeapSize                          = 104857600                                 {product} {command line}
   size_t MaxHeapSize                              = 2147483648                                {product} {command line}
   size_t MaxNewSize                               = 715653120                                 {product} {ergonomic}
   size_t MinHeapDeltaBytes                        = 524288                                    {product} {ergonomic}
   size_t MinHeapSize                              = 104857600                                 {product} {command line}
   size_t NewSize                                  = 34603008                                  {product} {ergonomic}
    uintx NonNMethodCodeHeapSize                   = 5839372                                {pd product} {ergonomic}
    uintx NonProfiledCodeHeapSize                  = 122909434                              {pd product} {ergonomic}
   size_t OldSize                                  = 70254592                                  {product} {ergonomic}
    uintx ProfiledCodeHeapSize                     = 122909434                              {pd product} {ergonomic}
    uintx ReservedCodeCacheSize                    = 251658240                              {pd product} {ergonomic}
     bool SegmentedCodeCache                       = true                                      {product} {ergonomic}
   size_t SoftMaxHeapSize                          = 2147483648                             {manageable} {ergonomic}
     bool UseCompressedOops                        = true                           {product lp64_product} {ergonomic}
     bool UseLargePagesIndividualAllocation        = false                                  {pd product} {ergonomic}
     bool UseParallelGC                            = true                                      {product} {command line}

Logging:
Log output configuration:
 #0: stdout all=off uptime,level,tags foldmultilines=false
 #1: stderr all=off uptime,level,tags foldmultilines=false

Release file:
JAVA_VERSION="21.0.10" 
MODULES="java.base java.compiler java.datatransfer java.xml java.prefs java.desktop java.instrument java.logging java.management java.security.sasl java.naming java.rmi java.management.rmi java.net.http java.scripting java.security.jgss java.transaction.xa java.sql java.sql.rowset java.xml.crypto java.se java.smartcardio jdk.accessibility jdk.internal.jvmstat jdk.attach jdk.charsets jdk.internal.opt jdk.zipfs jdk.compiler jdk.crypto.ec jdk.crypto.cryptoki jdk.crypto.mscapi jdk.dynalink jdk.internal.ed jdk.editpad jdk.hotspot.agent jdk.httpserver jdk.internal.le jdk.internal.vm.ci jdk.internal.vm.compiler jdk.internal.vm.compiler.management jdk.jartool jdk.javadoc jdk.jcmd jdk.management jdk.management.agent jdk.jconsole jdk.jdeps jdk.jdwp.agent jdk.jdi jdk.jfr jdk.jshell jdk.jsobject jdk.jstatd jdk.localedata jdk.management.jfr jdk.naming.dns jdk.naming.rmi jdk.net jdk.nio.mapmode jdk.random jdk.sctp jdk.security.auth jdk.security.jgss jdk.unsupported jdk.unsupported.desktop jdk.xml.dom" 

Environment Variables:
JAVA_HOME=C:\Users\takwa\AppData\Local\Programs\Eclipse Adoptium\jdk-17.0.18.8-hotspot
PATH=C:\Users\takwa\AppData\Local\Programs\Microsoft VS Code;C:\Python312\Scripts\;C:\Python312\;C:\Program Files\Common Files\Oracle\Java\javapath;C:\Program Files\Java\jdk-23;C:\Users\takwa\Downloads\hadoop-3.3.6\hadoop-3.3.6;C:\Users\takwa\develop\flutter\bin;C:\Users\takwa\AppData\Local\Programs\Python\Python313\Scripts;C:\Users\takwa\AppData\Local\Programs\Python\Python313;C:\Users\takwa\AppData\Local\Microsoft\WindowsApps;C:\Users\takwa\AppData\Local\Programs\Microsoft VS Code\bin;C:\Users\takwa\AppData\Roaming\npm;C:\Users\takwa\.dotnet\tools;C:\Users\takwa\AppData\Local\GitHubDesktop\bin;C:\Program Files\dotnet\;C:\WINDOWS\system32;C:\WINDOWS;C:\WINDOWS\System32\Wbem;C:\WINDOWS\System32\WindowsPowerShell\v1.0\;C:\WINDOWS\System32\OpenSSH\;C:\apacheMaven\apache-maven-3.8.9;C:\minikube;C:\Program Files\Kubernetes\Minikube;C:\Program Files\Microsoft SQL Server\150\Tools\Binn\;C:\Program Files\Git\cmd;C:\WINDOWS\system32;C:\WINDOWS;C:\WINDOWS\System32\Wbem;C:\WINDOWS\System32\WindowsPowerShell\v1.0\;C:\WINDOWS\System32\OpenSSH\;C:\Program Files (x86)\Microsoft SQL Server\160\Tools\Binn\;C:\Program Files\Microsoft SQL Server\160\Tools\Binn\;C:\Program Files\Microsoft SQL Server\Client SDK\ODBC\170\Tools\Binn\;C:\Program Files\Microsoft SQL Server\160\DTS\Binn\;C:\Program Files (x86)\Microsoft SQL Server\160\DTS\Binn\;C:\Program Files\Azure Data Studio\bin;C:\Users\takwa\AppData\Local\Programs\Eclipse Adoptium\jdk-17.0.18.8-hotspot\bin;C:\Program Files\Java\jdk-23;C:\Program Files\nodejs;C:\Users\takwa\AppData\Roaming\npm;C:\Program Files\Docker\Docker\resources\bin;C:\hadoop-3.3.6\bin;C:\PROGRA~1\Java\jdk-1.8;C:\Users\takwa\develop\flutter\bin;C:\Users\takwa\AppData\Local\Microsoft\WindowsApps;C:\Users\takwa\AppData\Local\Programs\Microsoft VS Code\bin;C:\Users\takwa\AppData\Local\GitHubDesktop\bin;C:\apacheMaven\apache-maven-3.8.9\bin;C:\Program Files\Azure Data Studio\bin;C:\Program Files\JetBrains\IntelliJ IDEA 2025.3.4\bin;C:\Users\takwa\AppData\Local\Programs\Eclipse Adoptium\jdk-17.0.18.8-hotspot\bin;C:\Users\takwa\AppData\Local\Python\bin
USERNAME=takwa
OS=Windows_NT
PROCESSOR_IDENTIFIER=Intel64 Family 6 Model 154 Stepping 4, GenuineIntel
TMP=C:\Users\takwa\AppData\Local\Temp
TEMP=C:\Users\takwa\AppData\Local\Temp




Periodic native trim disabled

---------------  S Y S T E M  ---------------

OS:
 Windows 11 , 64 bit Build 26100 (10.0.26100.8346)
OS uptime: 4 days 11:41 hours
Hyper-V role detected

CPU: total 12 (initial active 12) (6 cores per cpu, 2 threads per core) family 6 model 154 stepping 4 microcode 0x433, cx8, cmov, fxsr, ht, mmx, 3dnowpref, sse, sse2, sse3, ssse3, sse4.1, sse4.2, popcnt, lzcnt, tsc, tscinvbit, avx, avx2, aes, erms, clmul, bmi1, bmi2, adx, sha, fma, vzeroupper, clflush, clflushopt, clwb, hv, serialize, rdtscp, rdpid, fsrm, f16c, cet_ibt, cet_ss
Processor Information for processor 0
  Max Mhz: 1300, Current Mhz: 1300, Mhz Limit: 1300
Processor Information for processor 1
  Max Mhz: 1300, Current Mhz: 1300, Mhz Limit: 1300
Processor Information for processor 2
  Max Mhz: 1300, Current Mhz: 1300, Mhz Limit: 1300
Processor Information for processor 3
  Max Mhz: 1300, Current Mhz: 1300, Mhz Limit: 1300
Processor Information for processor 4
  Max Mhz: 900, Current Mhz: 900, Mhz Limit: 900
Processor Information for processor 5
  Max Mhz: 900, Current Mhz: 900, Mhz Limit: 900
Processor Information for processor 6
  Max Mhz: 900, Current Mhz: 900, Mhz Limit: 900
Processor Information for processor 7
  Max Mhz: 900, Current Mhz: 900, Mhz Limit: 900
Processor Information for processor 8
  Max Mhz: 900, Current Mhz: 900, Mhz Limit: 900
Processor Information for processor 9
  Max Mhz: 900, Current Mhz: 900, Mhz Limit: 900
Processor Information for processor 10
  Max Mhz: 900, Current Mhz: 900, Mhz Limit: 900
Processor Information for processor 11
  Max Mhz: 900, Current Mhz: 900, Mhz Limit: 900

Memory: 4k page, system-wide physical 7916M (303M free)
TotalPageFile size 32492M (AvailPageFile size 17M)
current process WorkingSet (physical memory assigned to process): 178M, peak: 184M
current process commit charge ("private bytes"): 307M, peak: 310M

vm_info: OpenJDK 64-Bit Server VM (21.0.10+7-LTS) for windows-amd64 JRE (21.0.10+7-LTS), built on 2026-01-20T00:00:00Z by "admin" with MS VC++ 17.12 (VS2022)

END.
