#
# There is insufficient memory for the Java Runtime Environment to continue.
# Native memory allocation (malloc) failed to allocate 1103888 bytes. Error detail: Chunk::new
# Possible reasons:
#   The system is out of physical RAM or swap space
#   This process is running with CompressedOops enabled, and the Java Heap may be blocking the growth of the native heap
# Possible solutions:
#   Reduce memory load on the system
#   Increase physical memory or swap space
#   Check if swap backing store is full
#   Decrease Java heap size (-Xmx/-Xms)
#   Decrease number of Java threads
#   Decrease Java thread stack sizes (-Xss)
#   Set larger code cache with -XX:ReservedCodeCacheSize=
#   JVM is running with Unscaled Compressed Oops mode in which the Java heap is
#     placed in the first 4GB address space. The Java Heap base address is the
#     maximum limit for the native heap growth. Please use -XX:HeapBaseMinAddress
#     to set the Java Heap base and to place the Java Heap above 4GB virtual address.
# This output file may be truncated or incomplete.
#
#  Out of Memory Error (arena.cpp:168), pid=76644, tid=76532
#
# JRE version: OpenJDK Runtime Environment Temurin-21.0.10+7 (21.0.10+7) (build 21.0.10+7-LTS)
# Java VM: OpenJDK 64-Bit Server VM Temurin-21.0.10+7 (21.0.10+7-LTS, mixed mode, sharing, tiered, compressed oops, compressed class ptrs, parallel gc, windows-amd64)
# No core dump will be written. Minidumps are not enabled by default on client versions of Windows
#

---------------  S U M M A R Y ------------

Command Line: --add-modules=ALL-SYSTEM --add-opens=java.base/java.util=ALL-UNNAMED --add-opens=java.base/java.lang=ALL-UNNAMED --add-opens=java.base/sun.nio.fs=ALL-UNNAMED -Declipse.application=org.eclipse.jdt.ls.core.id1 -Dosgi.bundles.defaultStartLevel=4 -Declipse.product=org.eclipse.jdt.ls.core.product -Djava.import.generatesMetadataFilesAtProjectRoot=false -DDetectVMInstallationsJob.disabled=true -Dfile.encoding=utf8 -XX:+UseParallelGC -XX:GCTimeRatio=4 -XX:AdaptiveSizePolicyWeight=90 -Dsun.zip.disableMemoryMapping=true -Xmx2G -Xms100m -Xlog:disable -javaagent:c:\Users\takwa\.vscode\extensions\redhat.java-1.54.0-win32-x64\lombok\lombok-1.18.39-4050.jar -XX:+HeapDumpOnOutOfMemoryError -XX:HeapDumpPath=c:\Users\takwa\AppData\Roaming\Code\User\workspaceStorage\9ef35f15cb76032a73c490f0d8220ee0\redhat.java -Daether.dependencyCollector.impl=bf c:\Users\takwa\.vscode\extensions\redhat.java-1.54.0-win32-x64\server\plugins\org.eclipse.equinox.launcher_1.7.100.v20251111-0406.jar -configuration c:\Users\takwa\AppData\Roaming\Code\User\globalStorage\redhat.java\1.54.0\config_win -data c:\Users\takwa\AppData\Roaming\Code\User\workspaceStorage\9ef35f15cb76032a73c490f0d8220ee0\redhat.java\jdt_ws --pipe=\\.\pipe\lsp-64dff46c591c18b6bcaafbeeebe43137-sock

Host: 12th Gen Intel(R) Core(TM) i5-1235U, 12 cores, 7G,  Windows 11 , 64 bit Build 26100 (10.0.26100.8346)
Time: Thu May 14 02:18:27 2026 W. Central Africa Standard Time elapsed time: 22.962014 seconds (0d 0h 0m 22s)

---------------  T H R E A D  ---------------

Current thread (0x000001dcadb2daf0):  JavaThread "C2 CompilerThread0" daemon [_thread_in_native, id=76532, stack(0x0000009594000000,0x0000009594100000) (1024K)]


Current CompileTask:
C2:22962 6727       4       java.lang.invoke.MemberName::getMethodOrFieldType (72 bytes)

Stack: [0x0000009594000000,0x0000009594100000]
Native frames: (J=compiled Java code, j=interpreted, Vv=VM code, C=native code)
V  [jvm.dll+0x6d7a39]
V  [jvm.dll+0x8b4b26]
V  [jvm.dll+0x8b70de]
V  [jvm.dll+0x8b77c3]
V  [jvm.dll+0x284346]
V  [jvm.dll+0xc66ed]
V  [jvm.dll+0xc6c31]
V  [jvm.dll+0x3bec3b]
V  [jvm.dll+0x1e3d62]
V  [jvm.dll+0x24c6b3]
V  [jvm.dll+0x24bb40]
V  [jvm.dll+0x1cb34e]
V  [jvm.dll+0x25b85d]
V  [jvm.dll+0x259dea]
V  [jvm.dll+0x3f857e]
V  [jvm.dll+0x85f59d]
V  [jvm.dll+0x6d626d]
C  [ucrtbase.dll+0x2cd30]
C  [KERNEL32.DLL+0x2e957]
C  [ntdll.dll+0x879fc]


---------------  P R O C E S S  ---------------

Threads class SMR info:
_java_thread_list=0x000001dd0f0aba10, length=43, elements={
0x000001dcada86210, 0x000001dcadb26400, 0x000001dcada2cae0, 0x000001dcadb272f0,
0x000001dcadb2d090, 0x000001dcadb2a900, 0x000001dcadb2b360, 0x000001dcadb2daf0,
0x000001dcadb3d8d0, 0x000001dd06ab12e0, 0x000001dd06afec40, 0x000001dd0c6aa190,
0x000001dd0c6a61a0, 0x000001dd0c468130, 0x000001dd0c468b70, 0x000001dd0cd4b1a0,
0x000001dd0ce67be0, 0x000001dd0cced020, 0x000001dd0c227a40, 0x000001dd0c2273b0,
0x000001dd0c226690, 0x000001dd0c2280d0, 0x000001dd06a022f0, 0x000001dd0c228760,
0x000001dd0c228df0, 0x000001dd0c226000, 0x000001dd0dff3450, 0x000001dd0dff4170,
0x000001dd0dff6240, 0x000001dd0dff4800, 0x000001dd0dff3ae0, 0x000001dd0dff4e90,
0x000001dd0dff68d0, 0x000001dd0dff5520, 0x000001dd0dff5bb0, 0x000001dd0e20edb0,
0x000001dd0e210160, 0x000001dd0e2107f0, 0x000001dd0e20da00, 0x000001dd0e20d370,
0x000001dd0e211510, 0x000001dd0e20f440, 0x000001dd0e210e80
}

Java Threads: ( => current thread )
  0x000001dcada86210 JavaThread "main"                              [_thread_blocked, id=76424, stack(0x0000009593600000,0x0000009593700000) (1024K)]
  0x000001dcadb26400 JavaThread "Reference Handler"          daemon [_thread_blocked, id=68544, stack(0x0000009593a00000,0x0000009593b00000) (1024K)]
  0x000001dcada2cae0 JavaThread "Finalizer"                  daemon [_thread_blocked, id=76040, stack(0x0000009593b00000,0x0000009593c00000) (1024K)]
  0x000001dcadb272f0 JavaThread "Signal Dispatcher"          daemon [_thread_blocked, id=76680, stack(0x0000009593c00000,0x0000009593d00000) (1024K)]
  0x000001dcadb2d090 JavaThread "Attach Listener"            daemon [_thread_blocked, id=69844, stack(0x0000009593d00000,0x0000009593e00000) (1024K)]
  0x000001dcadb2a900 JavaThread "Service Thread"             daemon [_thread_blocked, id=75336, stack(0x0000009593e00000,0x0000009593f00000) (1024K)]
  0x000001dcadb2b360 JavaThread "Monitor Deflation Thread"   daemon [_thread_blocked, id=76260, stack(0x0000009593f00000,0x0000009594000000) (1024K)]
=>0x000001dcadb2daf0 JavaThread "C2 CompilerThread0"         daemon [_thread_in_native, id=76532, stack(0x0000009594000000,0x0000009594100000) (1024K)]
  0x000001dcadb3d8d0 JavaThread "C1 CompilerThread0"         daemon [_thread_in_native, id=69356, stack(0x0000009594100000,0x0000009594200000) (1024K)]
  0x000001dd06ab12e0 JavaThread "Common-Cleaner"             daemon [_thread_blocked, id=75388, stack(0x0000009594200000,0x0000009594300000) (1024K)]
  0x000001dd06afec40 JavaThread "Notification Thread"        daemon [_thread_blocked, id=76092, stack(0x0000009594300000,0x0000009594400000) (1024K)]
  0x000001dd0c6aa190 JavaThread "Active Thread: Equinox Container: 0bc5de3b-26d7-4d85-8a24-7896044ca314"        [_thread_blocked, id=75740, stack(0x0000009594b00000,0x0000009594c00000) (1024K)]
  0x000001dd0c6a61a0 JavaThread "Refresh Thread: Equinox Container: 0bc5de3b-26d7-4d85-8a24-7896044ca314" daemon [_thread_blocked, id=68796, stack(0x0000009594d00000,0x0000009594e00000) (1024K)]
  0x000001dd0c468130 JavaThread "Framework Event Dispatcher: Equinox Container: 0bc5de3b-26d7-4d85-8a24-7896044ca314" daemon [_thread_blocked, id=76672, stack(0x0000009594a00000,0x0000009594b00000) (1024K)]
  0x000001dd0c468b70 JavaThread "Start Level: Equinox Container: 0bc5de3b-26d7-4d85-8a24-7896044ca314" daemon [_thread_blocked, id=76088, stack(0x0000009594e00000,0x0000009594f00000) (1024K)]
  0x000001dd0cd4b1a0 JavaThread "Bundle File Closer"         daemon [_thread_blocked, id=57524, stack(0x0000009595100000,0x0000009595200000) (1024K)]
  0x000001dd0ce67be0 JavaThread "SCR Component Actor"        daemon [_thread_blocked, id=75892, stack(0x0000009595200000,0x0000009595300000) (1024K)]
  0x000001dd0cced020 JavaThread "Worker-JM"                         [_thread_blocked, id=75524, stack(0x0000009595300000,0x0000009595400000) (1024K)]
  0x000001dd0c227a40 JavaThread "JNA Cleaner"                daemon [_thread_blocked, id=74388, stack(0x0000009595400000,0x0000009595500000) (1024K)]
  0x000001dd0c2273b0 JavaThread "Worker-0"                          [_thread_blocked, id=68936, stack(0x0000009595500000,0x0000009595600000) (1024K)]
  0x000001dd0c226690 JavaThread "Worker-1"                          [_thread_blocked, id=76116, stack(0x0000009595600000,0x0000009595700000) (1024K)]
  0x000001dd0c2280d0 JavaThread "Worker-2: Repository registry initialization"        [_thread_in_vm, id=75292, stack(0x0000009595700000,0x0000009595800000) (1024K)]
  0x000001dd06a022f0 JavaThread "C2 CompilerThread1"         daemon [_thread_in_native, id=76560, stack(0x0000009595800000,0x0000009595900000) (1024K)]
  0x000001dd0c228760 JavaThread "Java indexing"              daemon [_thread_in_native, id=74400, stack(0x0000009595900000,0x0000009595a00000) (1024K)]
  0x000001dd0c228df0 JavaThread "Worker-3"                          [_thread_blocked, id=63812, stack(0x0000009595a00000,0x0000009595b00000) (1024K)]
  0x000001dd0c226000 JavaThread "Worker-4: Building"                [_thread_blocked, id=75972, stack(0x0000009595b00000,0x0000009595c00000) (1024K)]
  0x000001dd0dff3450 JavaThread "Worker-5: Java indexing... "        [_thread_blocked, id=69144, stack(0x0000009595e00000,0x0000009595f00000) (1024K)]
  0x000001dd0dff4170 JavaThread "Thread-1"                   daemon [_thread_in_native, id=25640, stack(0x0000009595f00000,0x0000009596000000) (1024K)]
  0x000001dd0dff6240 JavaThread "Thread-2"                   daemon [_thread_in_native, id=69552, stack(0x0000009596000000,0x0000009596100000) (1024K)]
  0x000001dd0dff4800 JavaThread "Thread-3"                   daemon [_thread_in_native, id=69560, stack(0x0000009596100000,0x0000009596200000) (1024K)]
  0x000001dd0dff3ae0 JavaThread "Thread-4"                   daemon [_thread_in_native, id=75660, stack(0x0000009596200000,0x0000009596300000) (1024K)]
  0x000001dd0dff4e90 JavaThread "Thread-5"                   daemon [_thread_in_native, id=74736, stack(0x0000009596300000,0x0000009596400000) (1024K)]
  0x000001dd0dff68d0 JavaThread "Thread-6"                   daemon [_thread_in_native, id=76456, stack(0x0000009596400000,0x0000009596500000) (1024K)]
  0x000001dd0dff5520 JavaThread "Thread-7"                   daemon [_thread_in_native, id=69576, stack(0x0000009596500000,0x0000009596600000) (1024K)]
  0x000001dd0dff5bb0 JavaThread "Thread-8"                   daemon [_thread_in_native, id=69568, stack(0x0000009596600000,0x0000009596700000) (1024K)]
  0x000001dd0e20edb0 JavaThread "Thread-9"                   daemon [_thread_in_native, id=74732, stack(0x0000009596700000,0x0000009596800000) (1024K)]
  0x000001dd0e210160 JavaThread "Thread-10"                  daemon [_thread_in_native, id=76656, stack(0x0000009596800000,0x0000009596900000) (1024K)]
  0x000001dd0e2107f0 JavaThread "Thread-11"                  daemon [_thread_in_native, id=76332, stack(0x0000009596900000,0x0000009596a00000) (1024K)]
  0x000001dd0e20da00 JavaThread "Thread-12"                  daemon [_thread_in_native, id=61644, stack(0x0000009596a00000,0x0000009596b00000) (1024K)]
  0x000001dd0e20d370 JavaThread "Thread-13"                  daemon [_thread_in_native, id=67368, stack(0x0000009596b00000,0x0000009596c00000) (1024K)]
  0x000001dd0e211510 JavaThread "pool-2-thread-1"                   [_thread_blocked, id=74696, stack(0x0000009596c00000,0x0000009596d00000) (1024K)]
  0x000001dd0e20f440 JavaThread "WorkspaceEventsHandler"            [_thread_blocked, id=70468, stack(0x0000009596d00000,0x0000009596e00000) (1024K)]
  0x000001dd0e210e80 JavaThread "pool-1-thread-1"                   [_thread_blocked, id=70900, stack(0x0000009596e00000,0x0000009596f00000) (1024K)]
Total: 43

Other Threads:
  0x000001dcadb21c20 VMThread "VM Thread"                           [id=75344, stack(0x0000009593900000,0x0000009593a00000) (1024K)]
  0x000001dcad90ca00 WatcherThread "VM Periodic Task Thread"        [id=70124, stack(0x0000009593800000,0x0000009593900000) (1024K)]
  0x000001dcadaa37e0 WorkerThread "GC Thread#0"                     [id=71768, stack(0x0000009593700000,0x0000009593800000) (1024K)]
  0x000001dd0c1decf0 WorkerThread "GC Thread#1"                     [id=76292, stack(0x0000009594400000,0x0000009594500000) (1024K)]
  0x000001dd0c05ec80 WorkerThread "GC Thread#2"                     [id=72292, stack(0x0000009594500000,0x0000009594600000) (1024K)]
  0x000001dd0c05f030 WorkerThread "GC Thread#3"                     [id=57736, stack(0x0000009594600000,0x0000009594700000) (1024K)]
  0x000001dd0c05f7f0 WorkerThread "GC Thread#4"                     [id=76164, stack(0x0000009594700000,0x0000009594800000) (1024K)]
  0x000001dd0c3ad730 WorkerThread "GC Thread#5"                     [id=54612, stack(0x0000009594800000,0x0000009594900000) (1024K)]
  0x000001dd0c3adae0 WorkerThread "GC Thread#6"                     [id=72320, stack(0x0000009594900000,0x0000009594a00000) (1024K)]
  0x000001dd0c89f9a0 WorkerThread "GC Thread#7"                     [id=68856, stack(0x0000009594c00000,0x0000009594d00000) (1024K)]
  0x000001dd0c97fc00 WorkerThread "GC Thread#8"                     [id=76584, stack(0x0000009594f00000,0x0000009595000000) (1024K)]
  0x000001dd0c7bd220 WorkerThread "GC Thread#9"                     [id=70308, stack(0x0000009595000000,0x0000009595100000) (1024K)]
Total: 12

Threads with active compile tasks:
C2 CompilerThread0  22994 6727       4       java.lang.invoke.MemberName::getMethodOrFieldType (72 bytes)
C1 CompilerThread0  22994 6983       3       com.google.inject.internal.InjectorImpl::getBindingOrThrow (26 bytes)
C2 CompilerThread1  22994 6725   !   4       org.eclipse.osgi.internal.loader.classpath.ClasspathManager::defineClass (636 bytes)
Total: 3

VM state: not at safepoint (normal execution)

VM Mutex/Monitor currently owned by a thread: None

Heap address: 0x0000000080000000, size: 2048 MB, Compressed Oops mode: 32-bit

CDS archive(s) mapped at: [0x000001dcc5000000-0x000001dcc5ba0000-0x000001dcc5ba0000), size 12189696, SharedBaseAddress: 0x000001dcc5000000, ArchiveRelocationMode: 1.
Compressed class space mapped at: 0x000001dcc6000000-0x000001dd06000000, reserved size: 1073741824
Narrow klass base: 0x000001dcc5000000, Narrow klass shift: 0, Narrow klass range: 0x100000000

GC Precious Log:
 CardTable entry size: 512
 CPUs: 12 total, 12 available
 Memory: 7916M
 Large Page Support: Disabled
 NUMA Support: Disabled
 Compressed Oops: Enabled (32-bit)
 Alignments: Space 512K, Generation 512K, Heap 2M
 Heap Min Capacity: 100M
 Heap Initial Capacity: 100M
 Heap Max Capacity: 2G
 Pre-touch: Disabled
 Parallel Workers: 10

Heap:
 PSYoungGen      total 23040K, used 9072K [0x00000000d5580000, 0x00000000d7580000, 0x0000000100000000)
  eden space 21504K, 35% used [0x00000000d5580000,0x00000000d5cf4200,0x00000000d6a80000)
  from space 1536K, 93% used [0x00000000d7400000,0x00000000d7568000,0x00000000d7580000)
  to   space 4096K, 0% used [0x00000000d6d80000,0x00000000d6d80000,0x00000000d7180000)
 ParOldGen       total 68608K, used 45186K [0x0000000080000000, 0x0000000084300000, 0x00000000d5580000)
  object space 68608K, 65% used [0x0000000080000000,0x0000000082c20960,0x0000000084300000)
 Metaspace       used 47439K, committed 48640K, reserved 1114112K
  class space    used 5167K, committed 5696K, reserved 1048576K

Card table byte_map: [0x000001dcad420000,0x000001dcad830000] _byte_map_base: 0x000001dcad020000

Marking Bits: (ParMarkBitMap*) 0x00007ffaa5d33450
 Begin Bits: [0x000001dcbff30000, 0x000001dcc1f30000)
 End Bits:   [0x000001dcc1f30000, 0x000001dcc3f30000)

Polling page: 0x000001dcab9f0000

Metaspace:

Usage:
  Non-class:     41.28 MB used.
      Class:      5.05 MB used.
       Both:     46.33 MB used.

Virtual space:
  Non-class space:       64.00 MB reserved,      41.94 MB ( 66%) committed,  1 nodes.
      Class space:        1.00 GB reserved,       5.56 MB ( <1%) committed,  1 nodes.
             Both:        1.06 GB reserved,      47.50 MB (  4%) committed. 

Chunk freelists:
   Non-Class:  6.08 MB
       Class:  10.33 MB
        Both:  16.41 MB

MaxMetaspaceSize: unlimited
CompressedClassSpaceSize: 1.00 GB
Initial GC threshold: 21.00 MB
Current GC threshold: 58.38 MB
CDS: on
 - commit_granule_bytes: 65536.
 - commit_granule_words: 8192.
 - virtual_space_node_default_size: 8388608.
 - enlarge_chunks_in_place: 1.
 - use_allocation_guard: 0.


Internal statistics:

num_allocs_failed_limit: 6.
num_arena_births: 996.
num_arena_deaths: 14.
num_vsnodes_births: 2.
num_vsnodes_deaths: 0.
num_space_committed: 760.
num_space_uncommitted: 0.
num_chunks_returned_to_freelist: 20.
num_chunks_taken_from_freelist: 3300.
num_chunk_merges: 11.
num_chunk_splits: 1950.
num_chunks_enlarged: 955.
num_inconsistent_stats: 0.

CodeHeap 'non-profiled nmethods': size=120000Kb used=2816Kb max_used=2816Kb free=117183Kb
 bounds [0x000001dcb8750000, 0x000001dcb8a20000, 0x000001dcbfc80000]
CodeHeap 'profiled nmethods': size=120000Kb used=12479Kb max_used=12479Kb free=107520Kb
 bounds [0x000001dcb0c80000, 0x000001dcb18b0000, 0x000001dcb81b0000]
CodeHeap 'non-nmethods': size=5760Kb used=1370Kb max_used=1422Kb free=4389Kb
 bounds [0x000001dcb81b0000, 0x000001dcb8420000, 0x000001dcb8750000]
CodeCache: size=245760Kb, used=16665Kb, max_used=16717Kb, free=229092Kb
 total_blobs=7025, nmethods=6356, adapters=575, full_count=0
Compilation: enabled, stopped_count=0, restarted_count=0

Compilation events (20 events):
Event: 20.894 Thread 0x000001dcadb3d8d0 6963       3       java.util.TreeMap$KeySet::size (10 bytes)
Event: 20.895 Thread 0x000001dcadb3d8d0 nmethod 6963 0x000001dcb18a4110 code [0x000001dcb18a42c0, 0x000001dcb18a4498]
Event: 20.901 Thread 0x000001dcadb3d8d0 6964       3       org.objectweb.asm.ByteVector::put11 (52 bytes)
Event: 20.901 Thread 0x000001dcadb3d8d0 nmethod 6964 0x000001dcb18a4590 code [0x000001dcb18a4740, 0x000001dcb18a4948]
Event: 20.904 Thread 0x000001dcadb3d8d0 6965       3       com.google.common.collect.ImmutableSet::of (4 bytes)
Event: 20.904 Thread 0x000001dcadb3d8d0 nmethod 6965 0x000001dcb18a4a90 code [0x000001dcb18a4c20, 0x000001dcb18a4d18]
Event: 20.907 Thread 0x000001dcadb3d8d0 6966       3       com.google.common.cache.LocalCache$Segment::recordWrite (72 bytes)
Event: 20.909 Thread 0x000001dcadb3d8d0 nmethod 6966 0x000001dcb18a4d90 code [0x000001dcb18a4fc0, 0x000001dcb18a58a8]
Event: 20.909 Thread 0x000001dcadb3d8d0 6967       3       com.google.common.cache.LocalCache$LoadingValueReference::notifyNewValue (21 bytes)
Event: 20.909 Thread 0x000001dcadb3d8d0 nmethod 6967 0x000001dcb18a5b90 code [0x000001dcb18a5d60, 0x000001dcb18a60d8]
Event: 20.911 Thread 0x000001dcadb3d8d0 6968       3       com.google.common.cache.LocalCache$Segment::evictEntries (106 bytes)
Event: 20.913 Thread 0x000001dcadb3d8d0 nmethod 6968 0x000001dcb18a6210 code [0x000001dcb18a64a0, 0x000001dcb18a6f60]
Event: 20.913 Thread 0x000001dcadb3d8d0 6969       1       com.google.inject.internal.BindingImpl::getInternalFactory (5 bytes)
Event: 20.914 Thread 0x000001dcadb3d8d0 nmethod 6969 0x000001dcb8a0fe90 code [0x000001dcb8a10020, 0x000001dcb8a100e8]
Event: 20.916 Thread 0x000001dcadb3d8d0 6970       3       com.google.common.util.concurrent.AbstractFuture::getDoneValue (65 bytes)
Event: 20.918 Thread 0x000001dcadb3d8d0 nmethod 6970 0x000001dcb18a7310 code [0x000001dcb18a7540, 0x000001dcb18a7dd0]
Event: 20.929 Thread 0x000001dcadb3d8d0 6971       3       java.util.AbstractCollection::toArray (144 bytes)
Event: 20.931 Thread 0x000001dcadb3d8d0 nmethod 6971 0x000001dcb18a8010 code [0x000001dcb18a8300, 0x000001dcb18a9428]
Event: 20.931 Thread 0x000001dcadb3d8d0 6972   !   3       jdk.internal.reflect.MethodHandleObjectFieldAccessorImpl::get (46 bytes)
Event: 20.932 Thread 0x000001dcadb3d8d0 nmethod 6972 0x000001dcb18a9810 code [0x000001dcb18a9ac0, 0x000001dcb18aa7a0]

GC Heap History (20 events):
Event: 16.555 GC heap before
{Heap before GC invocations=19 (full 2):
 PSYoungGen      total 23040K, used 23024K [0x00000000d5580000, 0x00000000d7300000, 0x0000000100000000)
  eden space 21504K, 100% used [0x00000000d5580000,0x00000000d6a80000,0x00000000d6a80000)
  from space 1536K, 98% used [0x00000000d6e80000,0x00000000d6ffc030,0x00000000d7000000)
  to   space 4096K, 0% used [0x00000000d6a80000,0x00000000d6a80000,0x00000000d6e80000)
 ParOldGen       total 68608K, used 22171K [0x0000000080000000, 0x0000000084300000, 0x00000000d5580000)
  object space 68608K, 32% used [0x0000000080000000,0x00000000815a6cb0,0x0000000084300000)
 Metaspace       used 39550K, committed 40704K, reserved 1114112K
  class space    used 4163K, committed 4672K, reserved 1048576K
}
Event: 16.561 GC heap after
{Heap after GC invocations=19 (full 2):
 PSYoungGen      total 23552K, used 1664K [0x00000000d5580000, 0x00000000d6f80000, 0x0000000100000000)
  eden space 21504K, 0% used [0x00000000d5580000,0x00000000d5580000,0x00000000d6a80000)
  from space 2048K, 81% used [0x00000000d6a80000,0x00000000d6c20010,0x00000000d6c80000)
  to   space 2560K, 0% used [0x00000000d6d00000,0x00000000d6d00000,0x00000000d6f80000)
 ParOldGen       total 68608K, used 23648K [0x0000000080000000, 0x0000000084300000, 0x00000000d5580000)
  object space 68608K, 34% used [0x0000000080000000,0x0000000081718038,0x0000000084300000)
 Metaspace       used 39550K, committed 40704K, reserved 1114112K
  class space    used 4163K, committed 4672K, reserved 1048576K
}
Event: 16.857 GC heap before
{Heap before GC invocations=20 (full 2):
 PSYoungGen      total 23552K, used 23168K [0x00000000d5580000, 0x00000000d6f80000, 0x0000000100000000)
  eden space 21504K, 100% used [0x00000000d5580000,0x00000000d6a80000,0x00000000d6a80000)
  from space 2048K, 81% used [0x00000000d6a80000,0x00000000d6c20010,0x00000000d6c80000)
  to   space 2560K, 0% used [0x00000000d6d00000,0x00000000d6d00000,0x00000000d6f80000)
 ParOldGen       total 68608K, used 23648K [0x0000000080000000, 0x0000000084300000, 0x00000000d5580000)
  object space 68608K, 34% used [0x0000000080000000,0x0000000081718038,0x0000000084300000)
 Metaspace       used 39989K, committed 41152K, reserved 1114112K
  class space    used 4231K, committed 4736K, reserved 1048576K
}
Event: 16.863 GC heap after
{Heap after GC invocations=20 (full 2):
 PSYoungGen      total 24064K, used 2242K [0x00000000d5580000, 0x00000000d6f80000, 0x0000000100000000)
  eden space 21504K, 0% used [0x00000000d5580000,0x00000000d5580000,0x00000000d6a80000)
  from space 2560K, 87% used [0x00000000d6d00000,0x00000000d6f30800,0x00000000d6f80000)
  to   space 2560K, 0% used [0x00000000d6a80000,0x00000000d6a80000,0x00000000d6d00000)
 ParOldGen       total 68608K, used 25196K [0x0000000080000000, 0x0000000084300000, 0x00000000d5580000)
  object space 68608K, 36% used [0x0000000080000000,0x000000008189b3a0,0x0000000084300000)
 Metaspace       used 39989K, committed 41152K, reserved 1114112K
  class space    used 4231K, committed 4736K, reserved 1048576K
}
Event: 17.238 GC heap before
{Heap before GC invocations=21 (full 2):
 PSYoungGen      total 24064K, used 23746K [0x00000000d5580000, 0x00000000d6f80000, 0x0000000100000000)
  eden space 21504K, 100% used [0x00000000d5580000,0x00000000d6a80000,0x00000000d6a80000)
  from space 2560K, 87% used [0x00000000d6d00000,0x00000000d6f30800,0x00000000d6f80000)
  to   space 2560K, 0% used [0x00000000d6a80000,0x00000000d6a80000,0x00000000d6d00000)
 ParOldGen       total 68608K, used 25196K [0x0000000080000000, 0x0000000084300000, 0x00000000d5580000)
  object space 68608K, 36% used [0x0000000080000000,0x000000008189b3a0,0x0000000084300000)
 Metaspace       used 41256K, committed 42368K, reserved 1114112K
  class space    used 4408K, committed 4928K, reserved 1048576K
}
Event: 17.244 GC heap after
{Heap after GC invocations=21 (full 2):
 PSYoungGen      total 24064K, used 2000K [0x00000000d5580000, 0x00000000d6f80000, 0x0000000100000000)
  eden space 21504K, 0% used [0x00000000d5580000,0x00000000d5580000,0x00000000d6a80000)
  from space 2560K, 78% used [0x00000000d6a80000,0x00000000d6c74168,0x00000000d6d00000)
  to   space 2560K, 0% used [0x00000000d6d00000,0x00000000d6d00000,0x00000000d6f80000)
 ParOldGen       total 68608K, used 27262K [0x0000000080000000, 0x0000000084300000, 0x00000000d5580000)
  object space 68608K, 39% used [0x0000000080000000,0x0000000081a9fba0,0x0000000084300000)
 Metaspace       used 41256K, committed 42368K, reserved 1114112K
  class space    used 4408K, committed 4928K, reserved 1048576K
}
Event: 17.471 GC heap before
{Heap before GC invocations=22 (full 2):
 PSYoungGen      total 24064K, used 23504K [0x00000000d5580000, 0x00000000d6f80000, 0x0000000100000000)
  eden space 21504K, 100% used [0x00000000d5580000,0x00000000d6a80000,0x00000000d6a80000)
  from space 2560K, 78% used [0x00000000d6a80000,0x00000000d6c74168,0x00000000d6d00000)
  to   space 2560K, 0% used [0x00000000d6d00000,0x00000000d6d00000,0x00000000d6f80000)
 ParOldGen       total 68608K, used 27262K [0x0000000080000000, 0x0000000084300000, 0x00000000d5580000)
  object space 68608K, 39% used [0x0000000080000000,0x0000000081a9fba0,0x0000000084300000)
 Metaspace       used 41570K, committed 42752K, reserved 1114112K
  class space    used 4441K, committed 4992K, reserved 1048576K
}
Event: 17.477 GC heap after
{Heap after GC invocations=22 (full 2):
 PSYoungGen      total 24064K, used 2149K [0x00000000d5580000, 0x00000000d6f80000, 0x0000000100000000)
  eden space 21504K, 0% used [0x00000000d5580000,0x00000000d5580000,0x00000000d6a80000)
  from space 2560K, 83% used [0x00000000d6d00000,0x00000000d6f19740,0x00000000d6f80000)
  to   space 2560K, 0% used [0x00000000d6a80000,0x00000000d6a80000,0x00000000d6d00000)
 ParOldGen       total 68608K, used 29043K [0x0000000080000000, 0x0000000084300000, 0x00000000d5580000)
  object space 68608K, 42% used [0x0000000080000000,0x0000000081c5ccd0,0x0000000084300000)
 Metaspace       used 41570K, committed 42752K, reserved 1114112K
  class space    used 4441K, committed 4992K, reserved 1048576K
}
Event: 17.673 GC heap before
{Heap before GC invocations=23 (full 2):
 PSYoungGen      total 24064K, used 23653K [0x00000000d5580000, 0x00000000d6f80000, 0x0000000100000000)
  eden space 21504K, 100% used [0x00000000d5580000,0x00000000d6a80000,0x00000000d6a80000)
  from space 2560K, 83% used [0x00000000d6d00000,0x00000000d6f19740,0x00000000d6f80000)
  to   space 2560K, 0% used [0x00000000d6a80000,0x00000000d6a80000,0x00000000d6d00000)
 ParOldGen       total 68608K, used 29043K [0x0000000080000000, 0x0000000084300000, 0x00000000d5580000)
  object space 68608K, 42% used [0x0000000080000000,0x0000000081c5ccd0,0x0000000084300000)
 Metaspace       used 41973K, committed 43200K, reserved 1114112K
  class space    used 4480K, committed 4992K, reserved 1048576K
}
Event: 17.681 GC heap after
{Heap after GC invocations=23 (full 2):
 PSYoungGen      total 24064K, used 2132K [0x00000000d5580000, 0x00000000d6f80000, 0x0000000100000000)
  eden space 21504K, 0% used [0x00000000d5580000,0x00000000d5580000,0x00000000d6a80000)
  from space 2560K, 83% used [0x00000000d6a80000,0x00000000d6c95010,0x00000000d6d00000)
  to   space 2560K, 0% used [0x00000000d6d00000,0x00000000d6d00000,0x00000000d6f80000)
 ParOldGen       total 68608K, used 30921K [0x0000000080000000, 0x0000000084300000, 0x00000000d5580000)
  object space 68608K, 45% used [0x0000000080000000,0x0000000081e32690,0x0000000084300000)
 Metaspace       used 41973K, committed 43200K, reserved 1114112K
  class space    used 4480K, committed 4992K, reserved 1048576K
}
Event: 17.982 GC heap before
{Heap before GC invocations=24 (full 2):
 PSYoungGen      total 24064K, used 23636K [0x00000000d5580000, 0x00000000d6f80000, 0x0000000100000000)
  eden space 21504K, 100% used [0x00000000d5580000,0x00000000d6a80000,0x00000000d6a80000)
  from space 2560K, 83% used [0x00000000d6a80000,0x00000000d6c95010,0x00000000d6d00000)
  to   space 2560K, 0% used [0x00000000d6d00000,0x00000000d6d00000,0x00000000d6f80000)
 ParOldGen       total 68608K, used 30921K [0x0000000080000000, 0x0000000084300000, 0x00000000d5580000)
  object space 68608K, 45% used [0x0000000080000000,0x0000000081e32690,0x0000000084300000)
 Metaspace       used 42474K, committed 43648K, reserved 1114112K
  class space    used 4541K, committed 5056K, reserved 1048576K
}
Event: 17.987 GC heap after
{Heap after GC invocations=24 (full 2):
 PSYoungGen      total 23552K, used 1888K [0x00000000d5580000, 0x00000000d6f00000, 0x0000000100000000)
  eden space 21504K, 0% used [0x00000000d5580000,0x00000000d5580000,0x00000000d6a80000)
  from space 2048K, 92% used [0x00000000d6d00000,0x00000000d6ed8000,0x00000000d6f00000)
  to   space 2048K, 0% used [0x00000000d6b00000,0x00000000d6b00000,0x00000000d6d00000)
 ParOldGen       total 68608K, used 32921K [0x0000000080000000, 0x0000000084300000, 0x00000000d5580000)
  object space 68608K, 47% used [0x0000000080000000,0x00000000820267a0,0x0000000084300000)
 Metaspace       used 42474K, committed 43648K, reserved 1114112K
  class space    used 4541K, committed 5056K, reserved 1048576K
}
Event: 18.219 GC heap before
{Heap before GC invocations=25 (full 2):
 PSYoungGen      total 23552K, used 23392K [0x00000000d5580000, 0x00000000d6f00000, 0x0000000100000000)
  eden space 21504K, 100% used [0x00000000d5580000,0x00000000d6a80000,0x00000000d6a80000)
  from space 2048K, 92% used [0x00000000d6d00000,0x00000000d6ed8000,0x00000000d6f00000)
  to   space 2048K, 0% used [0x00000000d6b00000,0x00000000d6b00000,0x00000000d6d00000)
 ParOldGen       total 68608K, used 32921K [0x0000000080000000, 0x0000000084300000, 0x00000000d5580000)
  object space 68608K, 47% used [0x0000000080000000,0x00000000820267a0,0x0000000084300000)
 Metaspace       used 42853K, committed 44032K, reserved 1114112K
  class space    used 4594K, committed 5120K, reserved 1048576K
}
Event: 19.228 GC heap after
{Heap after GC invocations=25 (full 2):
 PSYoungGen      total 23552K, used 2016K [0x00000000d5580000, 0x00000000d7380000, 0x0000000100000000)
  eden space 21504K, 0% used [0x00000000d5580000,0x00000000d5580000,0x00000000d6a80000)
  from space 2048K, 98% used [0x00000000d6b00000,0x00000000d6cf8010,0x00000000d6d00000)
  to   space 4608K, 0% used [0x00000000d6f00000,0x00000000d6f00000,0x00000000d7380000)
 ParOldGen       total 68608K, used 34833K [0x0000000080000000, 0x0000000084300000, 0x00000000d5580000)
  object space 68608K, 50% used [0x0000000080000000,0x00000000822047a0,0x0000000084300000)
 Metaspace       used 42853K, committed 44032K, reserved 1114112K
  class space    used 4594K, committed 5120K, reserved 1048576K
}
Event: 19.392 GC heap before
{Heap before GC invocations=26 (full 2):
 PSYoungGen      total 23552K, used 23520K [0x00000000d5580000, 0x00000000d7380000, 0x0000000100000000)
  eden space 21504K, 100% used [0x00000000d5580000,0x00000000d6a80000,0x00000000d6a80000)
  from space 2048K, 98% used [0x00000000d6b00000,0x00000000d6cf8010,0x00000000d6d00000)
  to   space 4608K, 0% used [0x00000000d6f00000,0x00000000d6f00000,0x00000000d7380000)
 ParOldGen       total 68608K, used 34833K [0x0000000080000000, 0x0000000084300000, 0x00000000d5580000)
  object space 68608K, 50% used [0x0000000080000000,0x00000000822047a0,0x0000000084300000)
 Metaspace       used 43152K, committed 44288K, reserved 1114112K
  class space    used 4627K, committed 5120K, reserved 1048576K
}
Event: 19.399 GC heap after
{Heap after GC invocations=26 (full 2):
 PSYoungGen      total 23552K, used 2040K [0x00000000d5580000, 0x00000000d7100000, 0x0000000100000000)
  eden space 21504K, 0% used [0x00000000d5580000,0x00000000d5580000,0x00000000d6a80000)
  from space 2048K, 99% used [0x00000000d6f00000,0x00000000d70fe200,0x00000000d7100000)
  to   space 3072K, 0% used [0x00000000d6b00000,0x00000000d6b00000,0x00000000d6e00000)
 ParOldGen       total 68608K, used 36889K [0x0000000080000000, 0x0000000084300000, 0x00000000d5580000)
  object space 68608K, 53% used [0x0000000080000000,0x00000000824067b0,0x0000000084300000)
 Metaspace       used 43152K, committed 44288K, reserved 1114112K
  class space    used 4627K, committed 5120K, reserved 1048576K
}
Event: 19.719 GC heap before
{Heap before GC invocations=27 (full 2):
 PSYoungGen      total 23552K, used 23544K [0x00000000d5580000, 0x00000000d7100000, 0x0000000100000000)
  eden space 21504K, 100% used [0x00000000d5580000,0x00000000d6a80000,0x00000000d6a80000)
  from space 2048K, 99% used [0x00000000d6f00000,0x00000000d70fe200,0x00000000d7100000)
  to   space 3072K, 0% used [0x00000000d6b00000,0x00000000d6b00000,0x00000000d6e00000)
 ParOldGen       total 68608K, used 36889K [0x0000000080000000, 0x0000000084300000, 0x00000000d5580000)
  object space 68608K, 53% used [0x0000000080000000,0x00000000824067b0,0x0000000084300000)
 Metaspace       used 44416K, committed 45696K, reserved 1114112K
  class space    used 4765K, committed 5312K, reserved 1048576K
}
Event: 19.728 GC heap after
{Heap after GC invocations=27 (full 2):
 PSYoungGen      total 24576K, used 3051K [0x00000000d5580000, 0x00000000d7d80000, 0x0000000100000000)
  eden space 21504K, 0% used [0x00000000d5580000,0x00000000d5580000,0x00000000d6a80000)
  from space 3072K, 99% used [0x00000000d6b00000,0x00000000d6dfaf38,0x00000000d6e00000)
  to   space 9728K, 0% used [0x00000000d7400000,0x00000000d7400000,0x00000000d7d80000)
 ParOldGen       total 68608K, used 42105K [0x0000000080000000, 0x0000000084300000, 0x00000000d5580000)
  object space 68608K, 61% used [0x0000000080000000,0x000000008291e6c0,0x0000000084300000)
 Metaspace       used 44416K, committed 45696K, reserved 1114112K
  class space    used 4765K, committed 5312K, reserved 1048576K
}
Event: 20.689 GC heap before
{Heap before GC invocations=28 (full 2):
 PSYoungGen      total 24576K, used 24533K [0x00000000d5580000, 0x00000000d7d80000, 0x0000000100000000)
  eden space 21504K, 99% used [0x00000000d5580000,0x00000000d6a7a540,0x00000000d6a80000)
  from space 3072K, 99% used [0x00000000d6b00000,0x00000000d6dfaf38,0x00000000d6e00000)
  to   space 9728K, 0% used [0x00000000d7400000,0x00000000d7400000,0x00000000d7d80000)
 ParOldGen       total 68608K, used 42105K [0x0000000080000000, 0x0000000084300000, 0x00000000d5580000)
  object space 68608K, 61% used [0x0000000080000000,0x000000008291e6c0,0x0000000084300000)
 Metaspace       used 46514K, committed 47744K, reserved 1114112K
  class space    used 5029K, committed 5568K, reserved 1048576K
}
Event: 20.696 GC heap after
{Heap after GC invocations=28 (full 2):
 PSYoungGen      total 23040K, used 1440K [0x00000000d5580000, 0x00000000d7580000, 0x0000000100000000)
  eden space 21504K, 0% used [0x00000000d5580000,0x00000000d5580000,0x00000000d6a80000)
  from space 1536K, 93% used [0x00000000d7400000,0x00000000d7568000,0x00000000d7580000)
  to   space 4096K, 0% used [0x00000000d6d80000,0x00000000d6d80000,0x00000000d7180000)
 ParOldGen       total 68608K, used 45186K [0x0000000080000000, 0x0000000084300000, 0x00000000d5580000)
  object space 68608K, 65% used [0x0000000080000000,0x0000000082c20960,0x0000000084300000)
 Metaspace       used 46514K, committed 47744K, reserved 1114112K
  class space    used 5029K, committed 5568K, reserved 1048576K
}

Dll operation events (10 events):
Event: 0.027 Loaded shared library c:\Users\takwa\.vscode\extensions\redhat.java-1.54.0-win32-x64\jre\21.0.10-win32-x86_64\bin\java.dll
Event: 0.241 Loaded shared library c:\Users\takwa\.vscode\extensions\redhat.java-1.54.0-win32-x64\jre\21.0.10-win32-x86_64\bin\zip.dll
Event: 0.292 Loaded shared library C:\Users\takwa\.vscode\extensions\redhat.java-1.54.0-win32-x64\jre\21.0.10-win32-x86_64\bin\instrument.dll
Event: 0.310 Loaded shared library C:\Users\takwa\.vscode\extensions\redhat.java-1.54.0-win32-x64\jre\21.0.10-win32-x86_64\bin\net.dll
Event: 0.316 Loaded shared library C:\Users\takwa\.vscode\extensions\redhat.java-1.54.0-win32-x64\jre\21.0.10-win32-x86_64\bin\nio.dll
Event: 0.325 Loaded shared library C:\Users\takwa\.vscode\extensions\redhat.java-1.54.0-win32-x64\jre\21.0.10-win32-x86_64\bin\zip.dll
Event: 0.373 Loaded shared library C:\Users\takwa\.vscode\extensions\redhat.java-1.54.0-win32-x64\jre\21.0.10-win32-x86_64\bin\jimage.dll
Event: 0.578 Loaded shared library c:\Users\takwa\.vscode\extensions\redhat.java-1.54.0-win32-x64\jre\21.0.10-win32-x86_64\bin\verify.dll
Event: 4.395 Loaded shared library C:\Users\takwa\AppData\Roaming\Code\User\globalStorage\redhat.java\1.54.0\config_win\org.eclipse.equinox.launcher\org.eclipse.equinox.launcher.win32.win32.x86_64_1.3.0.v20260203-2149\eclipse_11919.dll
Event: 9.662 Loaded shared library C:\Users\takwa\AppData\Local\Temp\jna-110124776\jna7234922689922696493.dll

Deoptimization events (20 events):
Event: 20.187 Thread 0x000001dd0c2280d0 DEOPT PACKING pc=0x000001dcb877e8b4 sp=0x00000095957fe0a0
Event: 20.187 Thread 0x000001dd0c2280d0 DEOPT UNPACKING pc=0x000001dcb8203aa2 sp=0x00000095957fe030 mode 2
Event: 20.187 Thread 0x000001dd0c2280d0 Uncommon trap: trap_request=0xffffffde fr.pc=0x000001dcb877e8b4 relative=0x0000000000000614
Event: 20.187 Thread 0x000001dd0c2280d0 Uncommon trap: reason=class_check action=maybe_recompile pc=0x000001dcb877e8b4 method=java.util.TreeMap.put(Ljava/lang/Object;Ljava/lang/Object;Z)Ljava/lang/Object; @ 118 c2
Event: 20.187 Thread 0x000001dd0c2280d0 DEOPT PACKING pc=0x000001dcb877e8b4 sp=0x00000095957fe0a0
Event: 20.188 Thread 0x000001dd0c2280d0 DEOPT UNPACKING pc=0x000001dcb8203aa2 sp=0x00000095957fe030 mode 2
Event: 20.212 Thread 0x000001dd0c2280d0 Uncommon trap: trap_request=0xffffff45 fr.pc=0x000001dcb8883a84 relative=0x00000000000002a4
Event: 20.212 Thread 0x000001dd0c2280d0 Uncommon trap: reason=unstable_if action=reinterpret pc=0x000001dcb8883a84 method=java.lang.ClassLoader.checkName(Ljava/lang/String;)Z @ 1 c2
Event: 20.212 Thread 0x000001dd0c2280d0 DEOPT PACKING pc=0x000001dcb8883a84 sp=0x00000095957fde80
Event: 20.212 Thread 0x000001dd0c2280d0 DEOPT UNPACKING pc=0x000001dcb8203aa2 sp=0x00000095957fde18 mode 2
Event: 20.212 Thread 0x000001dd0c2280d0 Uncommon trap: trap_request=0xffffff45 fr.pc=0x000001dcb87fbb48 relative=0x0000000000000f88
Event: 20.212 Thread 0x000001dd0c2280d0 Uncommon trap: reason=unstable_if action=reinterpret pc=0x000001dcb87fbb48 method=lombok.patcher.ScriptManager$OurClassFileTransformer.transform(Ljava/lang/ClassLoader;Ljava/lang/String;Ljava/lang/Class;Ljava/security/ProtectionDomain;[B)[B @ 1 c2
Event: 20.212 Thread 0x000001dd0c2280d0 DEOPT PACKING pc=0x000001dcb87fbb48 sp=0x00000095957fca10
Event: 20.212 Thread 0x000001dd0c2280d0 DEOPT UNPACKING pc=0x000001dcb8203aa2 sp=0x00000095957fc990 mode 2
Event: 20.215 Thread 0x000001dd0c228760 DEOPT PACKING pc=0x000001dcb0f6c79f sp=0x00000095959fe690
Event: 20.215 Thread 0x000001dd0c228760 DEOPT UNPACKING pc=0x000001dcb8204242 sp=0x00000095959fdb68 mode 0
Event: 20.415 Thread 0x000001dd0c228760 DEOPT PACKING pc=0x000001dcb16ffc46 sp=0x00000095959fe190
Event: 20.415 Thread 0x000001dd0c228760 DEOPT UNPACKING pc=0x000001dcb8204242 sp=0x00000095959fd710 mode 0
Event: 20.624 Thread 0x000001dd0c2280d0 DEOPT PACKING pc=0x000001dcb17e0385 sp=0x00000095957fd6e0
Event: 20.624 Thread 0x000001dd0c2280d0 DEOPT UNPACKING pc=0x000001dcb8204242 sp=0x00000095957fcbe0 mode 0

Classes loaded (20 events):
Event: 17.830 Loading class sun/nio/ch/WindowsAsynchronousFileChannelImpl$WriteTask
Event: 17.831 Loading class sun/nio/ch/WindowsAsynchronousFileChannelImpl$WriteTask done
Event: 17.964 Loading class java/util/concurrent/CompletionService
Event: 17.965 Loading class java/util/concurrent/CompletionService done
Event: 19.529 Loading class java/nio/file/attribute/PosixFileAttributes
Event: 19.530 Loading class java/nio/file/attribute/PosixFileAttributes done
Event: 19.563 Loading class java/nio/file/attribute/PosixFileAttributeView
Event: 19.564 Loading class java/nio/file/attribute/PosixFileAttributeView done
Event: 19.627 Loading class java/nio/channels/ServerSocketChannel
Event: 19.628 Loading class java/nio/channels/ServerSocketChannel done
Event: 19.648 Loading class java/lang/invoke/MethodHandleImpl$CountingWrapper
Event: 19.648 Loading class java/lang/invoke/MethodHandleImpl$CountingWrapper done
Event: 19.687 Loading class java/nio/file/DirectoryIteratorException
Event: 19.687 Loading class java/nio/file/DirectoryIteratorException done
Event: 20.154 Loading class java/lang/ExceptionInInitializerError
Event: 20.154 Loading class java/lang/ExceptionInInitializerError done
Event: 20.155 Loading class sun/misc/Unsafe
Event: 20.156 Loading class sun/misc/Unsafe done
Event: 20.208 Loading class jdk/internal/org/objectweb/asm/ClassReader
Event: 20.210 Loading class jdk/internal/org/objectweb/asm/ClassReader done

Classes unloaded (7 events):
Event: 11.519 Thread 0x000001dcadb21c20 Unloading class 0x000001dcc61a4800 'java/lang/invoke/LambdaForm$MH+0x000001dcc61a4800'
Event: 11.519 Thread 0x000001dcadb21c20 Unloading class 0x000001dcc61a4400 'java/lang/invoke/LambdaForm$MH+0x000001dcc61a4400'
Event: 11.519 Thread 0x000001dcadb21c20 Unloading class 0x000001dcc61a4000 'java/lang/invoke/LambdaForm$MH+0x000001dcc61a4000'
Event: 11.519 Thread 0x000001dcadb21c20 Unloading class 0x000001dcc61a3c00 'java/lang/invoke/LambdaForm$MH+0x000001dcc61a3c00'
Event: 11.519 Thread 0x000001dcadb21c20 Unloading class 0x000001dcc61a3800 'java/lang/invoke/LambdaForm$BMH+0x000001dcc61a3800'
Event: 11.519 Thread 0x000001dcadb21c20 Unloading class 0x000001dcc61a3400 'java/lang/invoke/LambdaForm$DMH+0x000001dcc61a3400'
Event: 11.519 Thread 0x000001dcadb21c20 Unloading class 0x000001dcc61a2000 'java/lang/invoke/LambdaForm$DMH+0x000001dcc61a2000'

Classes redefined (0 events):
No events

Internal exceptions (20 events):
Event: 15.134 Thread 0x000001dcada86210 Exception <a 'java/lang/NoSuchMethodError'{0x00000000d5f03178}: 'java.lang.Object java.lang.invoke.DirectMethodHandle$Holder.invokeStatic(java.lang.Object, long, java.lang.Object)'> (0x00000000d5f03178) 
thrown [s\src\hotspot\share\interpreter\linkResolver.cpp, line 773]
Event: 15.142 Thread 0x000001dcada86210 Exception <a 'java/lang/NoSuchMethodError'{0x00000000d5f2f840}: 'java.lang.Object java.lang.invoke.DirectMethodHandle$Holder.invokeStaticInit(java.lang.Object, long, java.lang.Object)'> (0x00000000d5f2f840) 
thrown [s\src\hotspot\share\interpreter\linkResolver.cpp, line 773]
Event: 15.151 Thread 0x000001dcada86210 Exception <a 'java/lang/NoSuchMethodError'{0x00000000d5f6ad58}: 'java.lang.Object java.lang.invoke.DirectMethodHandle$Holder.newInvokeSpecial(java.lang.Object, long)'> (0x00000000d5f6ad58) 
thrown [s\src\hotspot\share\interpreter\linkResolver.cpp, line 773]
Event: 15.491 Thread 0x000001dd0c226000 Implicit null exception at 0x000001dcb89021f7 to 0x000001dcb8902468
Event: 15.495 Thread 0x000001dd0c226000 Exception <a 'java/lang/NoSuchMethodError'{0x00000000d6ab3b58}: 'java.lang.Object java.lang.invoke.DelegatingMethodHandle$Holder.reinvoke_L(java.lang.Object, int, long, java.lang.Object, java.lang.Object, int, java.lang.Object)'> (0x00000000d6ab3b58) 
thrown [s\src\hotspot\share\interpreter\linkResolver.cpp, line 773]
Event: 16.969 Thread 0x000001dd0c226000 Exception <a 'java/io/FileNotFoundException'{0x00000000d5910df0}> (0x00000000d5910df0) 
thrown [s\src\hotspot\share\prims\jni.cpp, line 520]
Event: 16.970 Thread 0x000001dd0c226000 Exception <a 'java/io/FileNotFoundException'{0x00000000d5912670}> (0x00000000d5912670) 
thrown [s\src\hotspot\share\prims\jni.cpp, line 520]
Event: 16.983 Thread 0x000001dd0c226000 Exception <a 'java/lang/NoSuchMethodError'{0x00000000d5929958}: 'void java.lang.invoke.DirectMethodHandle$Holder.invokeStaticInit(java.lang.Object, java.lang.Object, java.lang.Object)'> (0x00000000d5929958) 
thrown [s\src\hotspot\share\interpreter\linkResolver.cpp, line 773]
Event: 17.136 Thread 0x000001dcada86210 Exception <a 'java/lang/NoSuchMethodError'{0x00000000d5deb9e0}: 'void java.lang.invoke.DirectMethodHandle$Holder.invokeSpecial(java.lang.Object, java.lang.Object, java.lang.Object, java.lang.Object, java.lang.Object, java.lang.Object)'> (0x00000000d5deb9e0) 
thrown [s\src\hotspot\share\interpreter\linkResolver.cpp, line 773]
Event: 17.139 Thread 0x000001dcada86210 Exception <a 'java/lang/IncompatibleClassChangeError'{0x00000000d5df3ec8}: Found class java.lang.Object, but interface was expected> (0x00000000d5df3ec8) 
thrown [s\src\hotspot\share\interpreter\linkResolver.cpp, line 840]
Event: 17.141 Thread 0x000001dcada86210 Exception <a 'java/lang/IncompatibleClassChangeError'{0x00000000d5e10528}: Found class java.lang.Object, but interface was expected> (0x00000000d5e10528) 
thrown [s\src\hotspot\share\interpreter\linkResolver.cpp, line 840]
Event: 17.775 Thread 0x000001dcada86210 Implicit null exception at 0x000001dcb89116ba to 0x000001dcb89116f4
Event: 19.561 Thread 0x000001dd0e210e80 Exception <a 'java/io/FileNotFoundException'{0x00000000d5fe2e28}> (0x00000000d5fe2e28) 
thrown [s\src\hotspot\share\prims\jni.cpp, line 520]
Event: 19.646 Thread 0x000001dd0e210e80 Exception <a 'java/lang/NoSuchMethodError'{0x00000000d663d930}: 'java.lang.Object java.lang.invoke.DirectMethodHandle$Holder.invokeStatic(java.lang.Object, int, java.lang.Object, java.lang.Object)'> (0x00000000d663d930) 
thrown [s\src\hotspot\share\interpreter\linkResolver.cpp, line 773]
Event: 19.647 Thread 0x000001dd0e210e80 Exception <a 'java/lang/NoSuchMethodError'{0x00000000d6641130}: 'java.lang.Object java.lang.invoke.DelegatingMethodHandle$Holder.delegate(java.lang.Object, int, java.lang.Object, java.lang.Object)'> (0x00000000d6641130) 
thrown [s\src\hotspot\share\interpreter\linkResolver.cpp, line 773]
Event: 19.655 Thread 0x000001dd0e210e80 Exception <a 'java/lang/NoSuchMethodError'{0x00000000d66d4c38}: 'int java.lang.invoke.Invokers$Holder.linkToTargetMethod(java.lang.Object, java.lang.Object, java.lang.Object)'> (0x00000000d66d4c38) 
thrown [s\src\hotspot\share\interpreter\linkResolver.cpp, line 773]
Event: 20.159 Thread 0x000001dd0c2280d0 Exception <a 'java/lang/ExceptionInInitializerError'{0x00000000d6213f40}> (0x00000000d6213f40) 
thrown [s\src\hotspot\share\oops\instanceKlass.cpp, line 1220]
Event: 20.212 Thread 0x000001dd0c2280d0 Implicit null exception at 0x000001dcb88837fe to 0x000001dcb8883a70
Event: 20.212 Thread 0x000001dd0c2280d0 Implicit null exception at 0x000001dcb87fac1c to 0x000001dcb87fbb38
Event: 20.217 Thread 0x000001dd0c2280d0 Exception <a 'java/lang/NoSuchMethodError'{0x00000000d62d41b8}: 'java.lang.Object java.lang.invoke.Invokers$Holder.invokeExact_MT(java.lang.Object, int, java.lang.Object)'> (0x00000000d62d41b8) 
thrown [s\src\hotspot\share\interpreter\linkResolver.cpp, line 773]

ZGC Phase Switch (0 events):
No events

VM Operations (20 events):
Event: 17.987 Executing safepoint VM operation: ParallelGCFailedAllocation (Allocation Failure) done
Event: 18.219 Executing safepoint VM operation: ParallelGCFailedAllocation (Allocation Failure)
Event: 19.228 Executing safepoint VM operation: ParallelGCFailedAllocation (Allocation Failure) done
Event: 19.379 Executing non-safepoint VM operation: HandshakeAllThreads (Deoptimize)
Event: 19.392 Executing non-safepoint VM operation: HandshakeAllThreads (Deoptimize) done
Event: 19.392 Executing safepoint VM operation: ParallelGCFailedAllocation (Allocation Failure)
Event: 19.399 Executing safepoint VM operation: ParallelGCFailedAllocation (Allocation Failure) done
Event: 19.478 Executing non-safepoint VM operation: HandshakeAllThreads (Deoptimize)
Event: 19.494 Executing non-safepoint VM operation: HandshakeAllThreads (Deoptimize) done
Event: 19.684 Executing non-safepoint VM operation: HandshakeAllThreads (Deoptimize)
Event: 19.685 Executing non-safepoint VM operation: HandshakeAllThreads (Deoptimize) done
Event: 19.719 Executing safepoint VM operation: ParallelGCFailedAllocation (Allocation Failure)
Event: 19.728 Executing safepoint VM operation: ParallelGCFailedAllocation (Allocation Failure) done
Event: 20.341 Executing non-safepoint VM operation: HandshakeAllThreads (Deoptimize)
Event: 20.341 Executing non-safepoint VM operation: HandshakeAllThreads (Deoptimize) done
Event: 20.689 Executing safepoint VM operation: ParallelGCFailedAllocation (Allocation Failure)
Event: 20.696 Executing safepoint VM operation: ParallelGCFailedAllocation (Allocation Failure) done
Event: 21.704 Executing safepoint VM operation: Cleanup
Event: 21.704 Executing safepoint VM operation: Cleanup done
Event: 22.713 Executing safepoint VM operation: Cleanup

Memory protections (0 events):
No events

Nmethod flushes (20 events):
Event: 14.739 Thread 0x000001dcadb21c20 flushing osr nmethod 0x000001dcb129c210
Event: 14.739 Thread 0x000001dcadb21c20 flushing  nmethod 0x000001dcb12b8210
Event: 14.739 Thread 0x000001dcadb21c20 flushing  nmethod 0x000001dcb1315410
Event: 14.739 Thread 0x000001dcadb21c20 flushing  nmethod 0x000001dcb1315810
Event: 14.739 Thread 0x000001dcadb21c20 flushing  nmethod 0x000001dcb1316110
Event: 14.739 Thread 0x000001dcadb21c20 flushing  nmethod 0x000001dcb1317310
Event: 14.739 Thread 0x000001dcadb21c20 flushing  nmethod 0x000001dcb1317f90
Event: 14.739 Thread 0x000001dcadb21c20 flushing  nmethod 0x000001dcb1319c90
Event: 14.739 Thread 0x000001dcadb21c20 flushing  nmethod 0x000001dcb131a590
Event: 14.739 Thread 0x000001dcadb21c20 flushing  nmethod 0x000001dcb131b990
Event: 14.739 Thread 0x000001dcadb21c20 flushing  nmethod 0x000001dcb131f910
Event: 14.739 Thread 0x000001dcadb21c20 flushing  nmethod 0x000001dcb1320110
Event: 14.739 Thread 0x000001dcadb21c20 flushing  nmethod 0x000001dcb1329a10
Event: 14.739 Thread 0x000001dcadb21c20 flushing  nmethod 0x000001dcb1355790
Event: 14.739 Thread 0x000001dcadb21c20 flushing  nmethod 0x000001dcb1359090
Event: 14.739 Thread 0x000001dcadb21c20 flushing  nmethod 0x000001dcb135d490
Event: 14.739 Thread 0x000001dcadb21c20 flushing  nmethod 0x000001dcb13c0c10
Event: 14.739 Thread 0x000001dcadb21c20 flushing  nmethod 0x000001dcb13dd590
Event: 14.739 Thread 0x000001dcadb21c20 flushing  nmethod 0x000001dcb1416310
Event: 14.739 Thread 0x000001dcadb21c20 flushing  nmethod 0x000001dcb1416790

Events (20 events):
Event: 13.635 Thread 0x000001dd0c468b70 Thread added: 0x000001dd0c228760
Event: 13.636 Thread 0x000001dd0c2273b0 Thread added: 0x000001dd0c228df0
Event: 14.334 Thread 0x000001dd0c228df0 Thread added: 0x000001dd0c226000
Event: 15.040 Thread 0x000001dd0c228df0 Thread added: 0x000001dd0dff3450
Event: 15.225 Thread 0x000001dcada86210 Thread added: 0x000001dd0dff4170
Event: 15.228 Thread 0x000001dcada86210 Thread added: 0x000001dd0dff6240
Event: 15.230 Thread 0x000001dcada86210 Thread added: 0x000001dd0dff4800
Event: 15.231 Thread 0x000001dcada86210 Thread added: 0x000001dd0dff3ae0
Event: 15.232 Thread 0x000001dcada86210 Thread added: 0x000001dd0dff4e90
Event: 15.233 Thread 0x000001dcada86210 Thread added: 0x000001dd0dff68d0
Event: 15.235 Thread 0x000001dcada86210 Thread added: 0x000001dd0dff5520
Event: 15.236 Thread 0x000001dcada86210 Thread added: 0x000001dd0dff5bb0
Event: 15.237 Thread 0x000001dcada86210 Thread added: 0x000001dd0e20edb0
Event: 15.237 Thread 0x000001dcada86210 Thread added: 0x000001dd0e210160
Event: 15.238 Thread 0x000001dcada86210 Thread added: 0x000001dd0e2107f0
Event: 15.239 Thread 0x000001dcada86210 Thread added: 0x000001dd0e20da00
Event: 15.241 Thread 0x000001dcada86210 Thread added: 0x000001dd0e20d370
Event: 15.676 Thread 0x000001dcada86210 Thread added: 0x000001dd0e211510
Event: 17.277 Thread 0x000001dcada86210 Thread added: 0x000001dd0e20f440
Event: 17.277 Thread 0x000001dcada86210 Thread added: 0x000001dd0e210e80


Dynamic libraries:
0x00007ff66b6f0000 - 0x00007ff66b6fe000 	c:\Users\takwa\.vscode\extensions\redhat.java-1.54.0-win32-x64\jre\21.0.10-win32-x86_64\bin\java.exe
0x00007ffb38e00000 - 0x00007ffb39066000 	C:\WINDOWS\SYSTEM32\ntdll.dll
0x00007ffb37990000 - 0x00007ffb37a59000 	C:\WINDOWS\System32\KERNEL32.DLL
0x00007ffb36150000 - 0x00007ffb3654a000 	C:\WINDOWS\System32\KERNELBASE.dll
0x00007ffb36a30000 - 0x00007ffb36b7c000 	C:\WINDOWS\System32\ucrtbase.dll
0x00007ffb20900000 - 0x00007ffb20918000 	c:\Users\takwa\.vscode\extensions\redhat.java-1.54.0-win32-x64\jre\21.0.10-win32-x86_64\bin\jli.dll
0x00007ffb36f50000 - 0x00007ffb37117000 	C:\WINDOWS\System32\USER32.dll
0x00007ffb36550000 - 0x00007ffb36577000 	C:\WINDOWS\System32\win32u.dll
0x00007ffb36b80000 - 0x00007ffb36bab000 	C:\WINDOWS\System32\GDI32.dll
0x00007ffb367c0000 - 0x00007ffb368eb000 	C:\WINDOWS\System32\gdi32full.dll
0x00007ffb360a0000 - 0x00007ffb36143000 	C:\WINDOWS\System32\msvcp_win.dll
0x00007ffb209e0000 - 0x00007ffb209fe000 	c:\Users\takwa\.vscode\extensions\redhat.java-1.54.0-win32-x64\jre\21.0.10-win32-x86_64\bin\VCRUNTIME140.dll
0x00007ffb10f90000 - 0x00007ffb11222000 	C:\WINDOWS\WinSxS\amd64_microsoft.windows.common-controls_6595b64144ccf1df_6.0.26100.8346_none_3e0a4650e332b5e4\COMCTL32.dll
0x00007ffb38290000 - 0x00007ffb38339000 	C:\WINDOWS\System32\msvcrt.dll
0x00007ffb383f0000 - 0x00007ffb38422000 	C:\WINDOWS\System32\IMM32.DLL
0x00007ffb2e680000 - 0x00007ffb2e68c000 	c:\Users\takwa\.vscode\extensions\redhat.java-1.54.0-win32-x64\jre\21.0.10-win32-x86_64\bin\vcruntime140_1.dll
0x00007ffb05680000 - 0x00007ffb0570d000 	c:\Users\takwa\.vscode\extensions\redhat.java-1.54.0-win32-x64\jre\21.0.10-win32-x86_64\bin\msvcp140.dll
0x00007ffaa5070000 - 0x00007ffaa5e11000 	c:\Users\takwa\.vscode\extensions\redhat.java-1.54.0-win32-x64\jre\21.0.10-win32-x86_64\bin\server\jvm.dll
0x00007ffb38d00000 - 0x00007ffb38db6000 	C:\WINDOWS\System32\ADVAPI32.dll
0x00007ffb36e10000 - 0x00007ffb36eb7000 	C:\WINDOWS\System32\sechost.dll
0x00007ffb37de0000 - 0x00007ffb37ef8000 	C:\WINDOWS\System32\RPCRT4.dll
0x00007ffb36ec0000 - 0x00007ffb36f40000 	C:\WINDOWS\System32\WS2_32.dll
0x00007ffb35f00000 - 0x00007ffb35f5e000 	C:\WINDOWS\SYSTEM32\POWRPROF.dll
0x00007ffb12140000 - 0x00007ffb1214b000 	C:\WINDOWS\SYSTEM32\VERSION.dll
0x00007ffb2a620000 - 0x00007ffb2a656000 	C:\WINDOWS\SYSTEM32\WINMM.dll
0x00007ffb35ee0000 - 0x00007ffb35ef4000 	C:\WINDOWS\SYSTEM32\UMPDC.dll
0x00007ffb34de0000 - 0x00007ffb34dfb000 	C:\WINDOWS\SYSTEM32\kernel.appcore.dll
0x00007ffb20ac0000 - 0x00007ffb20aca000 	c:\Users\takwa\.vscode\extensions\redhat.java-1.54.0-win32-x64\jre\21.0.10-win32-x86_64\bin\jimage.dll
0x00007ffb33750000 - 0x00007ffb33992000 	C:\WINDOWS\SYSTEM32\DBGHELP.DLL
0x00007ffb37f00000 - 0x00007ffb38283000 	C:\WINDOWS\System32\combase.dll
0x00007ffb371a0000 - 0x00007ffb37279000 	C:\WINDOWS\System32\OLEAUT32.dll
0x00007ffb0b410000 - 0x00007ffb0b44b000 	C:\WINDOWS\SYSTEM32\dbgcore.DLL
0x00007ffb368f0000 - 0x00007ffb36998000 	C:\WINDOWS\System32\bcryptPrimitives.dll
0x00007ffb20930000 - 0x00007ffb2093f000 	c:\Users\takwa\.vscode\extensions\redhat.java-1.54.0-win32-x64\jre\21.0.10-win32-x86_64\bin\instrument.dll
0x00007ffb20780000 - 0x00007ffb207a0000 	c:\Users\takwa\.vscode\extensions\redhat.java-1.54.0-win32-x64\jre\21.0.10-win32-x86_64\bin\java.dll
0x00007ffb38430000 - 0x00007ffb38bac000 	C:\WINDOWS\System32\SHELL32.dll
0x00007ffb33c30000 - 0x00007ffb344a5000 	C:\WINDOWS\SYSTEM32\windows.storage.dll
0x00007ffb36d10000 - 0x00007ffb36e09000 	C:\WINDOWS\System32\SHCORE.dll
0x00007ffb37120000 - 0x00007ffb37187000 	C:\WINDOWS\System32\shlwapi.dll
0x00007ffb35fc0000 - 0x00007ffb35fe9000 	C:\WINDOWS\SYSTEM32\profapi.dll
0x00007ffb1e110000 - 0x00007ffb1e128000 	c:\Users\takwa\.vscode\extensions\redhat.java-1.54.0-win32-x64\jre\21.0.10-win32-x86_64\bin\zip.dll
0x00007ffb206d0000 - 0x00007ffb206e0000 	C:\Users\takwa\.vscode\extensions\redhat.java-1.54.0-win32-x64\jre\21.0.10-win32-x86_64\bin\net.dll
0x00007ffb2d5a0000 - 0x00007ffb2d6c9000 	C:\WINDOWS\SYSTEM32\WINHTTP.dll
0x00007ffb35330000 - 0x00007ffb3539c000 	C:\WINDOWS\system32\mswsock.dll
0x00007ffb1e000000 - 0x00007ffb1e016000 	C:\Users\takwa\.vscode\extensions\redhat.java-1.54.0-win32-x64\jre\21.0.10-win32-x86_64\bin\nio.dll
0x00007ffb1f070000 - 0x00007ffb1f080000 	c:\Users\takwa\.vscode\extensions\redhat.java-1.54.0-win32-x64\jre\21.0.10-win32-x86_64\bin\verify.dll
0x00007ffb1b450000 - 0x00007ffb1b495000 	C:\Users\takwa\AppData\Roaming\Code\User\globalStorage\redhat.java\1.54.0\config_win\org.eclipse.equinox.launcher\org.eclipse.equinox.launcher.win32.win32.x86_64_1.3.0.v20260203-2149\eclipse_11919.dll
0x00007ffb37bb0000 - 0x00007ffb37d48000 	C:\WINDOWS\System32\ole32.dll
0x00007ffb35730000 - 0x00007ffb3574b000 	C:\WINDOWS\SYSTEM32\CRYPTSP.dll
0x00007ffb34d40000 - 0x00007ffb34d79000 	C:\WINDOWS\system32\rsaenh.dll
0x00007ffb353e0000 - 0x00007ffb35413000 	C:\WINDOWS\SYSTEM32\USERENV.dll
0x00007ffb35f90000 - 0x00007ffb35fba000 	C:\WINDOWS\SYSTEM32\bcrypt.dll
0x00007ffb35590000 - 0x00007ffb3559c000 	C:\WINDOWS\SYSTEM32\CRYPTBASE.dll
0x00007ffb34820000 - 0x00007ffb34852000 	C:\WINDOWS\SYSTEM32\IPHLPAPI.DLL
0x00007ffb37d50000 - 0x00007ffb37d5a000 	C:\WINDOWS\System32\NSI.dll
0x00007ffb20ae0000 - 0x00007ffb20b29000 	C:\Users\takwa\AppData\Local\Temp\jna-110124776\jna7234922689922696493.dll
0x00007ffb37280000 - 0x00007ffb37288000 	C:\WINDOWS\System32\PSAPI.DLL
0x00007ffb2e160000 - 0x00007ffb2e17d000 	C:\WINDOWS\SYSTEM32\dhcpcsvc6.DLL
0x00007ffb2e130000 - 0x00007ffb2e155000 	C:\WINDOWS\SYSTEM32\dhcpcsvc.DLL

JVMTI agents:
c:\Users\takwa\.vscode\extensions\redhat.java-1.54.0-win32-x64\lombok\lombok-1.18.39-4050.jar path:c:\Users\takwa\.vscode\extensions\redhat.java-1.54.0-win32-x64\jre\21.0.10-win32-x86_64\bin\instrument.dll, loaded, initialized, instrumentlib options:none

dbghelp: loaded successfully - version: 4.0.5 - missing functions: none
symbol engine: initialized successfully - sym options: 0x614 - pdb path: .;c:\Users\takwa\.vscode\extensions\redhat.java-1.54.0-win32-x64\jre\21.0.10-win32-x86_64\bin;C:\WINDOWS\SYSTEM32;C:\WINDOWS\WinSxS\amd64_microsoft.windows.common-controls_6595b64144ccf1df_6.0.26100.8346_none_3e0a4650e332b5e4;c:\Users\takwa\.vscode\extensions\redhat.java-1.54.0-win32-x64\jre\21.0.10-win32-x86_64\bin\server;C:\Users\takwa\AppData\Roaming\Code\User\globalStorage\redhat.java\1.54.0\config_win\org.eclipse.equinox.launcher\org.eclipse.equinox.launcher.win32.win32.x86_64_1.3.0.v20260203-2149;C:\Users\takwa\AppData\Local\Temp\jna-110124776

VM Arguments:
jvm_args: --add-modules=ALL-SYSTEM --add-opens=java.base/java.util=ALL-UNNAMED --add-opens=java.base/java.lang=ALL-UNNAMED --add-opens=java.base/sun.nio.fs=ALL-UNNAMED -Declipse.application=org.eclipse.jdt.ls.core.id1 -Dosgi.bundles.defaultStartLevel=4 -Declipse.product=org.eclipse.jdt.ls.core.product -Djava.import.generatesMetadataFilesAtProjectRoot=false -DDetectVMInstallationsJob.disabled=true -Dfile.encoding=utf8 -XX:+UseParallelGC -XX:GCTimeRatio=4 -XX:AdaptiveSizePolicyWeight=90 -Dsun.zip.disableMemoryMapping=true -Xmx2G -Xms100m -Xlog:disable -javaagent:c:\Users\takwa\.vscode\extensions\redhat.java-1.54.0-win32-x64\lombok\lombok-1.18.39-4050.jar -XX:+HeapDumpOnOutOfMemoryError -XX:HeapDumpPath=c:\Users\takwa\AppData\Roaming\Code\User\workspaceStorage\9ef35f15cb76032a73c490f0d8220ee0\redhat.java -Daether.dependencyCollector.impl=bf 
java_command: c:\Users\takwa\.vscode\extensions\redhat.java-1.54.0-win32-x64\server\plugins\org.eclipse.equinox.launcher_1.7.100.v20251111-0406.jar -configuration c:\Users\takwa\AppData\Roaming\Code\User\globalStorage\redhat.java\1.54.0\config_win -data c:\Users\takwa\AppData\Roaming\Code\User\workspaceStorage\9ef35f15cb76032a73c490f0d8220ee0\redhat.java\jdt_ws --pipe=\\.\pipe\lsp-64dff46c591c18b6bcaafbeeebe43137-sock
java_class_path (initial): c:\Users\takwa\.vscode\extensions\redhat.java-1.54.0-win32-x64\server\plugins\org.eclipse.equinox.launcher_1.7.100.v20251111-0406.jar
Launcher Type: SUN_STANDARD

[Global flags]
    uintx AdaptiveSizePolicyWeight                 = 90                                        {product} {command line}
     intx CICompilerCount                          = 4                                         {product} {ergonomic}
    uintx GCTimeRatio                              = 4                                         {product} {command line}
     bool HeapDumpOnOutOfMemoryError               = true                                   {manageable} {command line}
    ccstr HeapDumpPath                             = c:\Users\takwa\AppData\Roaming\Code\User\workspaceStorage\9ef35f15cb76032a73c490f0d8220ee0\redhat.java         {manageable} {command line}
   size_t InitialHeapSize                          = 104857600                                 {product} {command line}
   size_t MaxHeapSize                              = 2147483648                                {product} {command line}
   size_t MaxNewSize                               = 715653120                                 {product} {ergonomic}
   size_t MinHeapDeltaBytes                        = 524288                                    {product} {ergonomic}
   size_t MinHeapSize                              = 104857600                                 {product} {command line}
   size_t NewSize                                  = 34603008                                  {product} {ergonomic}
    uintx NonNMethodCodeHeapSize                   = 5839372                                {pd product} {ergonomic}
    uintx NonProfiledCodeHeapSize                  = 122909434                              {pd product} {ergonomic}
   size_t OldSize                                  = 70254592                                  {product} {ergonomic}
    uintx ProfiledCodeHeapSize                     = 122909434                              {pd product} {ergonomic}
    uintx ReservedCodeCacheSize                    = 251658240                              {pd product} {ergonomic}
     bool SegmentedCodeCache                       = true                                      {product} {ergonomic}
   size_t SoftMaxHeapSize                          = 2147483648                             {manageable} {ergonomic}
     bool UseCompressedOops                        = true                           {product lp64_product} {ergonomic}
     bool UseLargePagesIndividualAllocation        = false                                  {pd product} {ergonomic}
     bool UseParallelGC                            = true                                      {product} {command line}

Logging:
Log output configuration:
 #0: stdout all=off uptime,level,tags foldmultilines=false
 #1: stderr all=off uptime,level,tags foldmultilines=false

Release file:
JAVA_VERSION="21.0.10" 
MODULES="java.base java.compiler java.datatransfer java.xml java.prefs java.desktop java.instrument java.logging java.management java.security.sasl java.naming java.rmi java.management.rmi java.net.http java.scripting java.security.jgss java.transaction.xa java.sql java.sql.rowset java.xml.crypto java.se java.smartcardio jdk.accessibility jdk.internal.jvmstat jdk.attach jdk.charsets jdk.internal.opt jdk.zipfs jdk.compiler jdk.crypto.ec jdk.crypto.cryptoki jdk.crypto.mscapi jdk.dynalink jdk.internal.ed jdk.editpad jdk.hotspot.agent jdk.httpserver jdk.internal.le jdk.internal.vm.ci jdk.internal.vm.compiler jdk.internal.vm.compiler.management jdk.jartool jdk.javadoc jdk.jcmd jdk.management jdk.management.agent jdk.jconsole jdk.jdeps jdk.jdwp.agent jdk.jdi jdk.jfr jdk.jshell jdk.jsobject jdk.jstatd jdk.localedata jdk.management.jfr jdk.naming.dns jdk.naming.rmi jdk.net jdk.nio.mapmode jdk.random jdk.sctp jdk.security.auth jdk.security.jgss jdk.unsupported jdk.unsupported.desktop jdk.xml.dom" 

Environment Variables:
JAVA_HOME=C:\Users\takwa\AppData\Local\Programs\Eclipse Adoptium\jdk-17.0.18.8-hotspot
PATH=C:\Users\takwa\AppData\Local\Programs\Microsoft VS Code;C:\Python312\Scripts\;C:\Python312\;C:\Program Files\Common Files\Oracle\Java\javapath;C:\Program Files\Java\jdk-23;C:\Users\takwa\Downloads\hadoop-3.3.6\hadoop-3.3.6;C:\Users\takwa\develop\flutter\bin;C:\Users\takwa\AppData\Local\Programs\Python\Python313\Scripts;C:\Users\takwa\AppData\Local\Programs\Python\Python313;C:\Users\takwa\AppData\Local\Microsoft\WindowsApps;C:\Users\takwa\AppData\Local\Programs\Microsoft VS Code\bin;C:\Users\takwa\AppData\Roaming\npm;C:\Users\takwa\.dotnet\tools;C:\Users\takwa\AppData\Local\GitHubDesktop\bin;C:\Program Files\dotnet\;C:\WINDOWS\system32;C:\WINDOWS;C:\WINDOWS\System32\Wbem;C:\WINDOWS\System32\WindowsPowerShell\v1.0\;C:\WINDOWS\System32\OpenSSH\;C:\apacheMaven\apache-maven-3.8.9;C:\minikube;C:\Program Files\Kubernetes\Minikube;C:\Program Files\Microsoft SQL Server\150\Tools\Binn\;C:\Program Files\Git\cmd;C:\WINDOWS\system32;C:\WINDOWS;C:\WINDOWS\System32\Wbem;C:\WINDOWS\System32\WindowsPowerShell\v1.0\;C:\WINDOWS\System32\OpenSSH\;C:\Program Files (x86)\Microsoft SQL Server\160\Tools\Binn\;C:\Program Files\Microsoft SQL Server\160\Tools\Binn\;C:\Program Files\Microsoft SQL Server\Client SDK\ODBC\170\Tools\Binn\;C:\Program Files\Microsoft SQL Server\160\DTS\Binn\;C:\Program Files (x86)\Microsoft SQL Server\160\DTS\Binn\;C:\Program Files\Azure Data Studio\bin;C:\Users\takwa\AppData\Local\Programs\Eclipse Adoptium\jdk-17.0.18.8-hotspot\bin;C:\Program Files\Java\jdk-23;C:\Program Files\nodejs;C:\Users\takwa\AppData\Roaming\npm;C:\Program Files\Docker\Docker\resources\bin;C:\hadoop-3.3.6\bin;C:\PROGRA~1\Java\jdk-1.8;C:\Users\takwa\develop\flutter\bin;C:\Users\takwa\AppData\Local\Microsoft\WindowsApps;C:\Users\takwa\AppData\Local\Programs\Microsoft VS Code\bin;C:\Users\takwa\AppData\Local\GitHubDesktop\bin;C:\apacheMaven\apache-maven-3.8.9\bin;C:\Program Files\Azure Data Studio\bin;C:\Program Files\JetBrains\IntelliJ IDEA 2025.3.4\bin;C:\Users\takwa\AppData\Local\Programs\Eclipse Adoptium\jdk-17.0.18.8-hotspot\bin;C:\Users\takwa\AppData\Local\Python\bin
USERNAME=takwa
OS=Windows_NT
PROCESSOR_IDENTIFIER=Intel64 Family 6 Model 154 Stepping 4, GenuineIntel
TMP=C:\Users\takwa\AppData\Local\Temp
TEMP=C:\Users\takwa\AppData\Local\Temp




Periodic native trim disabled

---------------  S Y S T E M  ---------------

OS:
 Windows 11 , 64 bit Build 26100 (10.0.26100.8346)
OS uptime: 4 days 11:38 hours
Hyper-V role detected

CPU: total 12 (initial active 12) (6 cores per cpu, 2 threads per core) family 6 model 154 stepping 4 microcode 0x433, cx8, cmov, fxsr, ht, mmx, 3dnowpref, sse, sse2, sse3, ssse3, sse4.1, sse4.2, popcnt, lzcnt, tsc, tscinvbit, avx, avx2, aes, erms, clmul, bmi1, bmi2, adx, sha, fma, vzeroupper, clflush, clflushopt, clwb, hv, serialize, rdtscp, rdpid, fsrm, f16c, cet_ibt, cet_ss
Processor Information for processor 0
  Max Mhz: 1300, Current Mhz: 1300, Mhz Limit: 1300
Processor Information for processor 1
  Max Mhz: 1300, Current Mhz: 1300, Mhz Limit: 1300
Processor Information for processor 2
  Max Mhz: 1300, Current Mhz: 1300, Mhz Limit: 1300
Processor Information for processor 3
  Max Mhz: 1300, Current Mhz: 1300, Mhz Limit: 1300
Processor Information for processor 4
  Max Mhz: 900, Current Mhz: 900, Mhz Limit: 900
Processor Information for processor 5
  Max Mhz: 900, Current Mhz: 900, Mhz Limit: 900
Processor Information for processor 6
  Max Mhz: 900, Current Mhz: 900, Mhz Limit: 900
Processor Information for processor 7
  Max Mhz: 900, Current Mhz: 900, Mhz Limit: 900
Processor Information for processor 8
  Max Mhz: 900, Current Mhz: 900, Mhz Limit: 900
Processor Information for processor 9
  Max Mhz: 900, Current Mhz: 900, Mhz Limit: 900
Processor Information for processor 10
  Max Mhz: 900, Current Mhz: 900, Mhz Limit: 900
Processor Information for processor 11
  Max Mhz: 900, Current Mhz: 900, Mhz Limit: 900

Memory: 4k page, system-wide physical 7916M (427M free)
TotalPageFile size 32492M (AvailPageFile size 0M)
current process WorkingSet (physical memory assigned to process): 235M, peak: 240M
current process commit charge ("private bytes"): 347M, peak: 352M

vm_info: OpenJDK 64-Bit Server VM (21.0.10+7-LTS) for windows-amd64 JRE (21.0.10+7-LTS), built on 2026-01-20T00:00:00Z by "admin" with MS VC++ 17.12 (VS2022)

END.
