#
# There is insufficient memory for the Java Runtime Environment to continue.
# Native memory allocation (malloc) failed to allocate 278272 bytes. Error detail: Chunk::new
# Possible reasons:
#   The system is out of physical RAM or swap space
#   This process is running with CompressedOops enabled, and the Java Heap may be blocking the growth of the native heap
# Possible solutions:
#   Reduce memory load on the system
#   Increase physical memory or swap space
#   Check if swap backing store is full
#   Decrease Java heap size (-Xmx/-Xms)
#   Decrease number of Java threads
#   Decrease Java thread stack sizes (-Xss)
#   Set larger code cache with -XX:ReservedCodeCacheSize=
#   JVM is running with Unscaled Compressed Oops mode in which the Java heap is
#     placed in the first 4GB address space. The Java Heap base address is the
#     maximum limit for the native heap growth. Please use -XX:HeapBaseMinAddress
#     to set the Java Heap base and to place the Java Heap above 4GB virtual address.
# This output file may be truncated or incomplete.
#
#  Out of Memory Error (arena.cpp:168), pid=21288, tid=20176
#
# JRE version: OpenJDK Runtime Environment Temurin-21.0.10+7 (21.0.10+7) (build 21.0.10+7-LTS)
# Java VM: OpenJDK 64-Bit Server VM Temurin-21.0.10+7 (21.0.10+7-LTS, mixed mode, sharing, tiered, compressed oops, compressed class ptrs, parallel gc, windows-amd64)
# No core dump will be written. Minidumps are not enabled by default on client versions of Windows
#

---------------  S U M M A R Y ------------

Command Line: --add-modules=ALL-SYSTEM --add-opens=java.base/java.util=ALL-UNNAMED --add-opens=java.base/java.lang=ALL-UNNAMED --add-opens=java.base/sun.nio.fs=ALL-UNNAMED -Declipse.application=org.eclipse.jdt.ls.core.id1 -Dosgi.bundles.defaultStartLevel=4 -Declipse.product=org.eclipse.jdt.ls.core.product -Djava.import.generatesMetadataFilesAtProjectRoot=false -DDetectVMInstallationsJob.disabled=true -Dfile.encoding=utf8 -XX:+UseParallelGC -XX:GCTimeRatio=4 -XX:AdaptiveSizePolicyWeight=90 -Dsun.zip.disableMemoryMapping=true -Xmx2G -Xms100m -Xlog:disable -javaagent:c:\Users\takwa\.vscode\extensions\redhat.java-1.54.0-win32-x64\lombok\lombok-1.18.39-4050.jar -XX:+HeapDumpOnOutOfMemoryError -XX:HeapDumpPath=c:\Users\takwa\AppData\Roaming\Code\User\workspaceStorage\9ef35f15cb76032a73c490f0d8220ee0\redhat.java -Daether.dependencyCollector.impl=bf c:\Users\takwa\.vscode\extensions\redhat.java-1.54.0-win32-x64\server\plugins\org.eclipse.equinox.launcher_1.7.100.v20251111-0406.jar -configuration c:\Users\takwa\AppData\Roaming\Code\User\globalStorage\redhat.java\1.54.0\config_win -data c:\Users\takwa\AppData\Roaming\Code\User\workspaceStorage\9ef35f15cb76032a73c490f0d8220ee0\redhat.java\jdt_ws --pipe=\\.\pipe\lsp-8b01d2807896315c1fb271dc99e142cb-sock

Host: 12th Gen Intel(R) Core(TM) i5-1235U, 12 cores, 7G,  Windows 11 , 64 bit Build 26100 (10.0.26100.8346)
Time: Thu May 14 02:05:35 2026 W. Central Africa Standard Time elapsed time: 48.327570 seconds (0d 0h 0m 48s)

---------------  T H R E A D  ---------------

Current thread (0x000002848b22d020):  JavaThread "C2 CompilerThread2" daemon [_thread_in_native, id=20176, stack(0x000000b738c00000,0x000000b738d00000) (1024K)]


Current CompileTask:
C2:48327 2751       4       java.io.DataInputStream::readUTF (501 bytes)

Stack: [0x000000b738c00000,0x000000b738d00000]
Native frames: (J=compiled Java code, j=interpreted, Vv=VM code, C=native code)
V  [jvm.dll+0x6d7a39]
V  [jvm.dll+0x8b4b26]
V  [jvm.dll+0x8b70de]
V  [jvm.dll+0x8b77c3]
V  [jvm.dll+0x284346]
V  [jvm.dll+0xc66ed]
V  [jvm.dll+0xc6c31]
V  [jvm.dll+0x3bec3b]
V  [jvm.dll+0x38b162]
V  [jvm.dll+0x38a5aa]
V  [jvm.dll+0x24c560]
V  [jvm.dll+0x24bb40]
V  [jvm.dll+0x1cb34e]
V  [jvm.dll+0x25b85d]
V  [jvm.dll+0x259dea]
V  [jvm.dll+0x3f857e]
V  [jvm.dll+0x85f59d]
V  [jvm.dll+0x6d626d]
C  [ucrtbase.dll+0x2cd30]
C  [KERNEL32.DLL+0x2e957]
C  [ntdll.dll+0x879fc]


---------------  P R O C E S S  ---------------

Threads class SMR info:
_java_thread_list=0x000002848b3015c0, length=19, elements={
0x000002842c2d29d0, 0x000002842c373fd0, 0x000002842c376de0, 0x000002842c37c140,
0x000002842c37bab0, 0x000002842c37c7d0, 0x000002842c37ce60, 0x0000028485162310,
0x000002842c38cef0, 0x000002842c37d4f0, 0x000002842c37a070, 0x000002842c37a700,
0x000002842c37ad90, 0x000002842c37b420, 0x000002848634a880, 0x00000284863487b0,
0x000002848634af10, 0x000002848ba8e010, 0x000002848b22d020
}

Java Threads: ( => current thread )
  0x000002842c2d29d0 JavaThread "main"                              [_thread_blocked, id=26388, stack(0x000000b736e00000,0x000000b736f00000) (1024K)]
  0x000002842c373fd0 JavaThread "Reference Handler"          daemon [_thread_blocked, id=36596, stack(0x000000b737200000,0x000000b737300000) (1024K)]
  0x000002842c376de0 JavaThread "Finalizer"                  daemon [_thread_blocked, id=30772, stack(0x000000b737300000,0x000000b737400000) (1024K)]
  0x000002842c37c140 JavaThread "Signal Dispatcher"          daemon [_thread_blocked, id=41776, stack(0x000000b737400000,0x000000b737500000) (1024K)]
  0x000002842c37bab0 JavaThread "Attach Listener"            daemon [_thread_blocked, id=7780, stack(0x000000b737500000,0x000000b737600000) (1024K)]
  0x000002842c37c7d0 JavaThread "Service Thread"             daemon [_thread_blocked, id=25424, stack(0x000000b737600000,0x000000b737700000) (1024K)]
  0x000002842c37ce60 JavaThread "Monitor Deflation Thread"   daemon [_thread_blocked, id=8544, stack(0x000000b737700000,0x000000b737800000) (1024K)]
  0x0000028485162310 JavaThread "C2 CompilerThread0"         daemon [_thread_in_native, id=18964, stack(0x000000b737800000,0x000000b737900000) (1024K)]
  0x000002842c38cef0 JavaThread "C1 CompilerThread0"         daemon [_thread_in_native, id=29660, stack(0x000000b737900000,0x000000b737a00000) (1024K)]
  0x000002842c37d4f0 JavaThread "Common-Cleaner"             daemon [_thread_blocked, id=12560, stack(0x000000b737a00000,0x000000b737b00000) (1024K)]
  0x000002842c37a070 JavaThread "Notification Thread"        daemon [_thread_blocked, id=30056, stack(0x000000b737b00000,0x000000b737c00000) (1024K)]
  0x000002842c37a700 JavaThread "Active Thread: Equinox Container: 3e503741-edd0-407e-b7fa-2507d71e08e9"        [_thread_blocked, id=42388, stack(0x000000b738200000,0x000000b738300000) (1024K)]
  0x000002842c37ad90 JavaThread "Refresh Thread: Equinox Container: 3e503741-edd0-407e-b7fa-2507d71e08e9" daemon [_thread_blocked, id=45752, stack(0x000000b738400000,0x000000b738500000) (1024K)]
  0x000002842c37b420 JavaThread "Framework Event Dispatcher: Equinox Container: 3e503741-edd0-407e-b7fa-2507d71e08e9" daemon [_thread_blocked, id=45824, stack(0x000000b738500000,0x000000b738600000) (1024K)]
  0x000002848634a880 JavaThread "Start Level: Equinox Container: 3e503741-edd0-407e-b7fa-2507d71e08e9" daemon [_thread_in_Java, id=45828, stack(0x000000b738600000,0x000000b738700000) (1024K)]
  0x00000284863487b0 JavaThread "Bundle File Closer"         daemon [_thread_blocked, id=46588, stack(0x000000b738900000,0x000000b738a00000) (1024K)]
  0x000002848634af10 JavaThread "SCR Component Actor"        daemon [_thread_blocked, id=46520, stack(0x000000b738a00000,0x000000b738b00000) (1024K)]
  0x000002848ba8e010 JavaThread "C2 CompilerThread1"         daemon [_thread_blocked, id=42064, stack(0x000000b738b00000,0x000000b738c00000) (1024K)]
=>0x000002848b22d020 JavaThread "C2 CompilerThread2"         daemon [_thread_in_native, id=20176, stack(0x000000b738c00000,0x000000b738d00000) (1024K)]
Total: 19

Other Threads:
  0x0000028442d64a00 VMThread "VM Thread"                           [id=23288, stack(0x000000b737100000,0x000000b737200000) (1024K)]
  0x0000028442c5ca00 WatcherThread "VM Periodic Task Thread"        [id=26520, stack(0x000000b737000000,0x000000b737100000) (1024K)]
  0x000002842c2f21c0 WorkerThread "GC Thread#0"                     [id=9664, stack(0x000000b736f00000,0x000000b737000000) (1024K)]
  0x000002848643a330 WorkerThread "GC Thread#1"                     [id=44040, stack(0x000000b737c00000,0x000000b737d00000) (1024K)]
  0x00000284861e4890 WorkerThread "GC Thread#2"                     [id=40972, stack(0x000000b737d00000,0x000000b737e00000) (1024K)]
  0x00000284861e4c40 WorkerThread "GC Thread#3"                     [id=40388, stack(0x000000b737e00000,0x000000b737f00000) (1024K)]
  0x00000284861e4ff0 WorkerThread "GC Thread#4"                     [id=40816, stack(0x000000b737f00000,0x000000b738000000) (1024K)]
  0x00000284861e53a0 WorkerThread "GC Thread#5"                     [id=38460, stack(0x000000b738000000,0x000000b738100000) (1024K)]
  0x00000284861e5750 WorkerThread "GC Thread#6"                     [id=39772, stack(0x000000b738100000,0x000000b738200000) (1024K)]
  0x00000284868bf4f0 WorkerThread "GC Thread#7"                     [id=6476, stack(0x000000b738300000,0x000000b738400000) (1024K)]
  0x000002848b1a4010 WorkerThread "GC Thread#8"                     [id=46500, stack(0x000000b738700000,0x000000b738800000) (1024K)]
  0x000002848b1a43c0 WorkerThread "GC Thread#9"                     [id=46504, stack(0x000000b738800000,0x000000b738900000) (1024K)]
Total: 12

Threads with active compile tasks:
C2 CompilerThread0  48349 2805       4       java.util.Arrays::copyOf (40 bytes)
C1 CompilerThread0  48349 2806       3       org.eclipse.osgi.internal.loader.BundleLoader::getProviderLoader (77 bytes)
C2 CompilerThread2  48349 2751       4       java.io.DataInputStream::readUTF (501 bytes)
Total: 3

VM state: not at safepoint (normal execution)

VM Mutex/Monitor currently owned by a thread: None

Heap address: 0x0000000080000000, size: 2048 MB, Compressed Oops mode: 32-bit

CDS archive(s) mapped at: [0x0000028443000000-0x0000028443ba0000-0x0000028443ba0000), size 12189696, SharedBaseAddress: 0x0000028443000000, ArchiveRelocationMode: 1.
Compressed class space mapped at: 0x0000028444000000-0x0000028484000000, reserved size: 1073741824
Narrow klass base: 0x0000028443000000, Narrow klass shift: 0, Narrow klass range: 0x100000000

GC Precious Log:
 CardTable entry size: 512
 CPUs: 12 total, 12 available
 Memory: 7916M
 Large Page Support: Disabled
 NUMA Support: Disabled
 Compressed Oops: Enabled (32-bit)
 Alignments: Space 512K, Generation 512K, Heap 2M
 Heap Min Capacity: 100M
 Heap Initial Capacity: 100M
 Heap Max Capacity: 2G
 Pre-touch: Disabled
 Parallel Workers: 10

Heap:
 PSYoungGen      total 29696K, used 15364K [0x00000000d5580000, 0x00000000d7680000, 0x0000000100000000)
  eden space 25600K, 44% used [0x00000000d5580000,0x00000000d60825a8,0x00000000d6e80000)
  from space 4096K, 99% used [0x00000000d7280000,0x00000000d767ebe8,0x00000000d7680000)
  to   space 4096K, 0% used [0x00000000d6e80000,0x00000000d6e80000,0x00000000d7280000)
 ParOldGen       total 68608K, used 6673K [0x0000000080000000, 0x0000000084300000, 0x00000000d5580000)
  object space 68608K, 9% used [0x0000000080000000,0x0000000080684448,0x0000000084300000)
 Metaspace       used 12905K, committed 13376K, reserved 1114112K
  class space    used 1365K, committed 1536K, reserved 1048576K

Card table byte_map: [0x000002842bc90000,0x000002842c0a0000] _byte_map_base: 0x000002842b890000

Marking Bits: (ParMarkBitMap*) 0x00007ffa90273450
 Begin Bits: [0x000002843e780000, 0x0000028440780000)
 End Bits:   [0x0000028440780000, 0x0000028442780000)

Polling page: 0x000002842a2d0000

Metaspace:

Usage:
  Non-class:     11.27 MB used.
      Class:      1.33 MB used.
       Both:     12.60 MB used.

Virtual space:
  Non-class space:       64.00 MB reserved,      11.56 MB ( 18%) committed,  1 nodes.
      Class space:        1.00 GB reserved,       1.50 MB ( <1%) committed,  1 nodes.
             Both:        1.06 GB reserved,      13.06 MB (  1%) committed. 

Chunk freelists:
   Non-Class:  3.73 MB
       Class:  14.50 MB
        Both:  18.24 MB

MaxMetaspaceSize: unlimited
CompressedClassSpaceSize: 1.00 GB
Initial GC threshold: 21.00 MB
Current GC threshold: 21.00 MB
CDS: on
 - commit_granule_bytes: 65536.
 - commit_granule_words: 8192.
 - virtual_space_node_default_size: 8388608.
 - enlarge_chunks_in_place: 1.
 - use_allocation_guard: 0.


Internal statistics:

num_allocs_failed_limit: 0.
num_arena_births: 308.
num_arena_deaths: 0.
num_vsnodes_births: 2.
num_vsnodes_deaths: 0.
num_space_committed: 209.
num_space_uncommitted: 0.
num_chunks_returned_to_freelist: 0.
num_chunks_taken_from_freelist: 694.
num_chunk_merges: 0.
num_chunk_splits: 440.
num_chunks_enlarged: 293.
num_inconsistent_stats: 0.

CodeHeap 'non-profiled nmethods': size=120000Kb used=1297Kb max_used=1297Kb free=118702Kb
 bounds [0x0000028436fa0000, 0x0000028437210000, 0x000002843e4d0000]
CodeHeap 'profiled nmethods': size=120000Kb used=5458Kb max_used=5458Kb free=114541Kb
 bounds [0x000002842f4d0000, 0x000002842fa30000, 0x0000028436a00000]
CodeHeap 'non-nmethods': size=5760Kb used=1244Kb max_used=1274Kb free=4515Kb
 bounds [0x0000028436a00000, 0x0000028436c70000, 0x0000028436fa0000]
CodeCache: size=245760Kb, used=7999Kb, max_used=8029Kb, free=237758Kb
 total_blobs=3312, nmethods=2803, adapters=415, full_count=0
Compilation: enabled, stopped_count=0, restarted_count=0

Compilation events (20 events):
Event: 46.270 Thread 0x000002842c38cef0 nmethod 2756 0x000002842fa0c190 code [0x000002842fa0c340, 0x000002842fa0c4e0]
Event: 46.270 Thread 0x000002842c38cef0 2757       1       java.lang.Class::getClassData (5 bytes)
Event: 46.270 Thread 0x000002842c38cef0 nmethod 2757 0x00000284370dfe10 code [0x00000284370dffa0, 0x00000284370e0068]
Event: 46.272 Thread 0x000002842c38cef0 2761       3       java.lang.invoke.InvokerBytecodeGenerator::isStaticallyNameable (148 bytes)
Event: 46.274 Thread 0x000002842c38cef0 nmethod 2761 0x000002842fa0c610 code [0x000002842fa0c8c0, 0x000002842fa0d350]
Event: 46.279 Thread 0x000002842c38cef0 2762       3       java.util.LinkedList$Node::<init> (20 bytes)
Event: 46.280 Thread 0x000002842c38cef0 nmethod 2762 0x000002842fa0d690 code [0x000002842fa0d840, 0x000002842fa0d9e8]
Event: 46.280 Thread 0x000002842c38cef0 2763       1       org.eclipse.osgi.internal.serviceregistry.ServiceReferenceImpl::getRegistration (5 bytes)
Event: 46.280 Thread 0x000002842c38cef0 nmethod 2763 0x00000284370e0710 code [0x00000284370e08a0, 0x00000284370e0968]
Event: 46.283 Thread 0x000002842c38cef0 2764       3       java.util.stream.AbstractPipeline::wrapSink (37 bytes)
Event: 46.283 Thread 0x000002848ba8e010 nmethod 2758 0x00000284370e0a10 code [0x00000284370e0bc0, 0x00000284370e1088]
Event: 46.284 Thread 0x000002842c38cef0 nmethod 2764 0x000002842fa0da90 code [0x000002842fa0dc60, 0x000002842fa0e060]
Event: 46.285 Thread 0x0000028485162310 nmethod 2753 0x00000284370e1310 code [0x00000284370e1520, 0x00000284370e1b10]
Event: 46.289 Thread 0x0000028485162310 2765       4       java.util.WeakHashMap::hash (28 bytes)
Event: 46.293 Thread 0x0000028485162310 nmethod 2765 0x00000284370e2090 code [0x00000284370e2220, 0x00000284370e2358]
Event: 48.022 Thread 0x000002842c38cef0 2767       3       java.util.concurrent.locks.AbstractQueuedSynchronizer::cleanQueue (174 bytes)
Event: 48.320 Thread 0x000002842c38cef0 nmethod 2767 0x000002842fa0e210 code [0x000002842fa0e4e0, 0x000002842fa0f338]
Event: 48.320 Thread 0x000002842c38cef0 2768       3       java.util.concurrent.locks.AbstractQueuedSynchronizer$Node::setPrevRelaxed (12 bytes)
Event: 48.321 Thread 0x000002842c38cef0 nmethod 2768 0x000002842fa0f710 code [0x000002842fa0f8a0, 0x000002842fa0f9d0]
Event: 48.321 Thread 0x000002842c38cef0 2769       3       java.lang.Class::cast (27 bytes)

GC Heap History (8 events):
Event: 3.626 GC heap before
{Heap before GC invocations=1 (full 0):
 PSYoungGen      total 29696K, used 25600K [0x00000000d5580000, 0x00000000d7680000, 0x0000000100000000)
  eden space 25600K, 100% used [0x00000000d5580000,0x00000000d6e80000,0x00000000d6e80000)
  from space 4096K, 0% used [0x00000000d7280000,0x00000000d7280000,0x00000000d7680000)
  to   space 4096K, 0% used [0x00000000d6e80000,0x00000000d6e80000,0x00000000d7280000)
 ParOldGen       total 68608K, used 0K [0x0000000080000000, 0x0000000084300000, 0x00000000d5580000)
  object space 68608K, 0% used [0x0000000080000000,0x0000000080000000,0x0000000084300000)
 Metaspace       used 4337K, committed 4608K, reserved 1114112K
  class space    used 473K, committed 576K, reserved 1048576K
}
Event: 3.643 GC heap after
{Heap after GC invocations=1 (full 0):
 PSYoungGen      total 29696K, used 3293K [0x00000000d5580000, 0x00000000d7680000, 0x0000000100000000)
  eden space 25600K, 0% used [0x00000000d5580000,0x00000000d5580000,0x00000000d6e80000)
  from space 4096K, 80% used [0x00000000d6e80000,0x00000000d71b7570,0x00000000d7280000)
  to   space 4096K, 0% used [0x00000000d7280000,0x00000000d7280000,0x00000000d7680000)
 ParOldGen       total 68608K, used 16K [0x0000000080000000, 0x0000000084300000, 0x00000000d5580000)
  object space 68608K, 0% used [0x0000000080000000,0x0000000080004000,0x0000000084300000)
 Metaspace       used 4337K, committed 4608K, reserved 1114112K
  class space    used 473K, committed 576K, reserved 1048576K
}
Event: 12.982 GC heap before
{Heap before GC invocations=2 (full 0):
 PSYoungGen      total 29696K, used 28893K [0x00000000d5580000, 0x00000000d7680000, 0x0000000100000000)
  eden space 25600K, 100% used [0x00000000d5580000,0x00000000d6e80000,0x00000000d6e80000)
  from space 4096K, 80% used [0x00000000d6e80000,0x00000000d71b7570,0x00000000d7280000)
  to   space 4096K, 0% used [0x00000000d7280000,0x00000000d7280000,0x00000000d7680000)
 ParOldGen       total 68608K, used 16K [0x0000000080000000, 0x0000000084300000, 0x00000000d5580000)
  object space 68608K, 0% used [0x0000000080000000,0x0000000080004000,0x0000000084300000)
 Metaspace       used 7960K, committed 8256K, reserved 1114112K
  class space    used 828K, committed 960K, reserved 1048576K
}
Event: 12.998 GC heap after
{Heap after GC invocations=2 (full 0):
 PSYoungGen      total 29696K, used 4086K [0x00000000d5580000, 0x00000000d7680000, 0x0000000100000000)
  eden space 25600K, 0% used [0x00000000d5580000,0x00000000d5580000,0x00000000d6e80000)
  from space 4096K, 99% used [0x00000000d7280000,0x00000000d767d810,0x00000000d7680000)
  to   space 4096K, 0% used [0x00000000d6e80000,0x00000000d6e80000,0x00000000d7280000)
 ParOldGen       total 68608K, used 2037K [0x0000000080000000, 0x0000000084300000, 0x00000000d5580000)
  object space 68608K, 2% used [0x0000000080000000,0x00000000801fd6b8,0x0000000084300000)
 Metaspace       used 7960K, committed 8256K, reserved 1114112K
  class space    used 828K, committed 960K, reserved 1048576K
}
Event: 32.388 GC heap before
{Heap before GC invocations=3 (full 0):
 PSYoungGen      total 29696K, used 29686K [0x00000000d5580000, 0x00000000d7680000, 0x0000000100000000)
  eden space 25600K, 100% used [0x00000000d5580000,0x00000000d6e80000,0x00000000d6e80000)
  from space 4096K, 99% used [0x00000000d7280000,0x00000000d767d810,0x00000000d7680000)
  to   space 4096K, 0% used [0x00000000d6e80000,0x00000000d6e80000,0x00000000d7280000)
 ParOldGen       total 68608K, used 2037K [0x0000000080000000, 0x0000000084300000, 0x00000000d5580000)
  object space 68608K, 2% used [0x0000000080000000,0x00000000801fd6b8,0x0000000084300000)
 Metaspace       used 9428K, committed 9728K, reserved 1114112K
  class space    used 1007K, committed 1152K, reserved 1048576K
}
Event: 32.440 GC heap after
{Heap after GC invocations=3 (full 0):
 PSYoungGen      total 29696K, used 4090K [0x00000000d5580000, 0x00000000d7680000, 0x0000000100000000)
  eden space 25600K, 0% used [0x00000000d5580000,0x00000000d5580000,0x00000000d6e80000)
  from space 4096K, 99% used [0x00000000d6e80000,0x00000000d727ebf8,0x00000000d7280000)
  to   space 4096K, 0% used [0x00000000d7280000,0x00000000d7280000,0x00000000d7680000)
 ParOldGen       total 68608K, used 5029K [0x0000000080000000, 0x0000000084300000, 0x00000000d5580000)
  object space 68608K, 7% used [0x0000000080000000,0x00000000804e9450,0x0000000084300000)
 Metaspace       used 9428K, committed 9728K, reserved 1114112K
  class space    used 1007K, committed 1152K, reserved 1048576K
}
Event: 40.866 GC heap before
{Heap before GC invocations=4 (full 0):
 PSYoungGen      total 29696K, used 29690K [0x00000000d5580000, 0x00000000d7680000, 0x0000000100000000)
  eden space 25600K, 100% used [0x00000000d5580000,0x00000000d6e80000,0x00000000d6e80000)
  from space 4096K, 99% used [0x00000000d6e80000,0x00000000d727ebf8,0x00000000d7280000)
  to   space 4096K, 0% used [0x00000000d7280000,0x00000000d7280000,0x00000000d7680000)
 ParOldGen       total 68608K, used 5029K [0x0000000080000000, 0x0000000084300000, 0x00000000d5580000)
  object space 68608K, 7% used [0x0000000080000000,0x00000000804e9450,0x0000000084300000)
 Metaspace       used 11215K, committed 11584K, reserved 1114112K
  class space    used 1167K, committed 1344K, reserved 1048576K
}
Event: 40.876 GC heap after
{Heap after GC invocations=4 (full 0):
 PSYoungGen      total 29696K, used 4090K [0x00000000d5580000, 0x00000000d7680000, 0x0000000100000000)
  eden space 25600K, 0% used [0x00000000d5580000,0x00000000d5580000,0x00000000d6e80000)
  from space 4096K, 99% used [0x00000000d7280000,0x00000000d767ebe8,0x00000000d7680000)
  to   space 4096K, 0% used [0x00000000d6e80000,0x00000000d6e80000,0x00000000d7280000)
 ParOldGen       total 68608K, used 6673K [0x0000000080000000, 0x0000000084300000, 0x00000000d5580000)
  object space 68608K, 9% used [0x0000000080000000,0x0000000080684448,0x0000000084300000)
 Metaspace       used 11215K, committed 11584K, reserved 1114112K
  class space    used 1167K, committed 1344K, reserved 1048576K
}

Dll operation events (9 events):
Event: 0.037 Loaded shared library c:\Users\takwa\.vscode\extensions\redhat.java-1.54.0-win32-x64\jre\21.0.10-win32-x86_64\bin\java.dll
Event: 0.240 Loaded shared library c:\Users\takwa\.vscode\extensions\redhat.java-1.54.0-win32-x64\jre\21.0.10-win32-x86_64\bin\zip.dll
Event: 0.294 Loaded shared library C:\Users\takwa\.vscode\extensions\redhat.java-1.54.0-win32-x64\jre\21.0.10-win32-x86_64\bin\instrument.dll
Event: 0.308 Loaded shared library C:\Users\takwa\.vscode\extensions\redhat.java-1.54.0-win32-x64\jre\21.0.10-win32-x86_64\bin\net.dll
Event: 0.317 Loaded shared library C:\Users\takwa\.vscode\extensions\redhat.java-1.54.0-win32-x64\jre\21.0.10-win32-x86_64\bin\nio.dll
Event: 0.324 Loaded shared library C:\Users\takwa\.vscode\extensions\redhat.java-1.54.0-win32-x64\jre\21.0.10-win32-x86_64\bin\zip.dll
Event: 0.365 Loaded shared library C:\Users\takwa\.vscode\extensions\redhat.java-1.54.0-win32-x64\jre\21.0.10-win32-x86_64\bin\jimage.dll
Event: 0.593 Loaded shared library c:\Users\takwa\.vscode\extensions\redhat.java-1.54.0-win32-x64\jre\21.0.10-win32-x86_64\bin\verify.dll
Event: 26.922 Loaded shared library C:\Users\takwa\AppData\Roaming\Code\User\globalStorage\redhat.java\1.54.0\config_win\org.eclipse.equinox.launcher\org.eclipse.equinox.launcher.win32.win32.x86_64_1.3.0.v20260203-2149\eclipse_11919.dll

Deoptimization events (20 events):
Event: 46.257 Thread 0x000002848634a880 Uncommon trap: trap_request=0xffffffc6 fr.pc=0x00000284370db980 relative=0x00000000000005c0
Event: 46.257 Thread 0x000002848634a880 Uncommon trap: reason=bimorphic_or_optimized_type_check action=maybe_recompile pc=0x00000284370db980 method=java.io.DataInputStream.readUnsignedByte()I @ 4 c2
Event: 46.257 Thread 0x000002848634a880 DEOPT PACKING pc=0x00000284370db980 sp=0x000000b7386fb830
Event: 46.257 Thread 0x000002848634a880 DEOPT UNPACKING pc=0x0000028436a53aa2 sp=0x000000b7386fb798 mode 2
Event: 46.257 Thread 0x000002848634a880 Uncommon trap: trap_request=0xffffffc6 fr.pc=0x00000284370db980 relative=0x00000000000005c0
Event: 46.257 Thread 0x000002848634a880 Uncommon trap: reason=bimorphic_or_optimized_type_check action=maybe_recompile pc=0x00000284370db980 method=java.io.DataInputStream.readUnsignedByte()I @ 4 c2
Event: 46.257 Thread 0x000002848634a880 DEOPT PACKING pc=0x00000284370db980 sp=0x000000b7386fb830
Event: 46.257 Thread 0x000002848634a880 DEOPT UNPACKING pc=0x0000028436a53aa2 sp=0x000000b7386fb798 mode 2
Event: 46.258 Thread 0x000002848634a880 Uncommon trap: trap_request=0xffffffc6 fr.pc=0x00000284370db980 relative=0x00000000000005c0
Event: 46.258 Thread 0x000002848634a880 Uncommon trap: reason=bimorphic_or_optimized_type_check action=maybe_recompile pc=0x00000284370db980 method=java.io.DataInputStream.readUnsignedByte()I @ 4 c2
Event: 46.258 Thread 0x000002848634a880 DEOPT PACKING pc=0x00000284370db980 sp=0x000000b7386fb830
Event: 46.258 Thread 0x000002848634a880 DEOPT UNPACKING pc=0x0000028436a53aa2 sp=0x000000b7386fb798 mode 2
Event: 46.258 Thread 0x000002848634a880 Uncommon trap: trap_request=0xffffffc6 fr.pc=0x00000284370db980 relative=0x00000000000005c0
Event: 46.258 Thread 0x000002848634a880 Uncommon trap: reason=bimorphic_or_optimized_type_check action=maybe_recompile pc=0x00000284370db980 method=java.io.DataInputStream.readUnsignedByte()I @ 4 c2
Event: 46.258 Thread 0x000002848634a880 DEOPT PACKING pc=0x00000284370db980 sp=0x000000b7386fb830
Event: 46.258 Thread 0x000002848634a880 DEOPT UNPACKING pc=0x0000028436a53aa2 sp=0x000000b7386fb798 mode 2
Event: 46.258 Thread 0x000002848634a880 Uncommon trap: trap_request=0xffffffc6 fr.pc=0x00000284370dc994 relative=0x00000000000005d4
Event: 46.258 Thread 0x000002848634a880 Uncommon trap: reason=bimorphic_or_optimized_type_check action=maybe_recompile pc=0x00000284370dc994 method=java.io.DataInputStream.readUnsignedByte()I @ 4 c2
Event: 46.258 Thread 0x000002848634a880 DEOPT PACKING pc=0x00000284370dc994 sp=0x000000b7386fb7d0
Event: 46.258 Thread 0x000002848634a880 DEOPT UNPACKING pc=0x0000028436a53aa2 sp=0x000000b7386fb798 mode 2

Classes loaded (20 events):
Event: 46.123 Loading class java/util/stream/LongPipeline
Event: 46.123 Loading class java/util/stream/LongStream
Event: 46.124 Loading class java/util/stream/LongStream done
Event: 46.124 Loading class java/util/stream/LongPipeline done
Event: 46.124 Loading class java/util/stream/LongPipeline$StatelessOp done
Event: 46.124 Loading class java/util/stream/ReferencePipeline$5 done
Event: 46.124 Loading class java/util/function/LongBinaryOperator
Event: 46.125 Loading class java/util/function/LongBinaryOperator done
Event: 46.126 Loading class java/util/stream/ReduceOps$10
Event: 46.126 Loading class java/util/stream/ReduceOps$10 done
Event: 46.126 Loading class java/util/stream/ReduceOps$8ReducingSink
Event: 46.127 Loading class java/util/stream/Sink$OfLong
Event: 46.127 Loading class java/util/stream/Sink$OfLong done
Event: 46.127 Loading class java/util/stream/ReduceOps$8ReducingSink done
Event: 46.127 Loading class java/util/stream/ReferencePipeline$5$1
Event: 46.128 Loading class java/util/stream/ReferencePipeline$5$1 done
Event: 46.215 Loading class java/nio/file/NoSuchFileException
Event: 46.216 Loading class java/nio/file/FileSystemException
Event: 46.217 Loading class java/nio/file/FileSystemException done
Event: 46.217 Loading class java/nio/file/NoSuchFileException done

Classes unloaded (0 events):
No events

Classes redefined (0 events):
No events

Internal exceptions (20 events):
Event: 3.792 Thread 0x000002842c2d29d0 Implicit null exception at 0x0000028436ffd33d to 0x0000028436ffd3c1
Event: 4.399 Thread 0x000002842c2d29d0 Exception <a 'java/lang/NoSuchMethodError'{0x00000000d59e7c78}: 'void java.lang.invoke.DirectMethodHandle$Holder.invokeSpecial(java.lang.Object, java.lang.Object, java.lang.Object)'> (0x00000000d59e7c78) 
thrown [s\src\hotspot\share\interpreter\linkResolver.cpp, line 773]
Event: 4.902 Thread 0x000002842c2d29d0 Exception <a 'java/lang/NoSuchMethodError'{0x00000000d64750a0}: 'int java.lang.invoke.DirectMethodHandle$Holder.invokeVirtual(java.lang.Object, java.lang.Object)'> (0x00000000d64750a0) 
thrown [s\src\hotspot\share\interpreter\linkResolver.cpp, line 773]
Event: 5.053 Thread 0x000002842c2d29d0 Exception <a 'java/lang/NoSuchMethodError'{0x00000000d65fdae8}: 'int java.lang.invoke.DirectMethodHandle$Holder.invokeStaticInit(java.lang.Object, java.lang.Object, java.lang.Object, java.lang.Object)'> (0x00000000d65fdae8) 
thrown [s\src\hotspot\share\interpreter\linkResolver.cpp, line 773]
Event: 5.058 Thread 0x000002842c2d29d0 Exception <a 'java/lang/IncompatibleClassChangeError'{0x00000000d6605ef0}: Found class java.lang.Object, but interface was expected> (0x00000000d6605ef0) 
thrown [s\src\hotspot\share\interpreter\linkResolver.cpp, line 840]
Event: 5.060 Thread 0x000002842c2d29d0 Exception <a 'java/lang/NoSuchMethodError'{0x00000000d660cdc0}: 'void java.lang.invoke.DirectMethodHandle$Holder.invokeStaticInit(java.lang.Object, java.lang.Object)'> (0x00000000d660cdc0) 
thrown [s\src\hotspot\share\interpreter\linkResolver.cpp, line 773]
Event: 5.062 Thread 0x000002842c2d29d0 Exception <a 'java/lang/NoSuchMethodError'{0x00000000d6616898}: 'int java.lang.invoke.DirectMethodHandle$Holder.invokeStaticInit(java.lang.Object, java.lang.Object)'> (0x00000000d6616898) 
thrown [s\src\hotspot\share\interpreter\linkResolver.cpp, line 773]
Event: 5.200 Thread 0x000002842c2d29d0 Exception <a 'java/lang/NoSuchMethodError'{0x00000000d6880600}: 'java.lang.Object java.lang.invoke.DirectMethodHandle$Holder.newInvokeSpecial(java.lang.Object, int, java.lang.Object)'> (0x00000000d6880600) 
thrown [s\src\hotspot\share\interpreter\linkResolver.cpp, line 773]
Event: 5.339 Thread 0x000002842c2d29d0 Exception <a 'java/lang/ClassNotFoundException'{0x00000000d6a9e390}: sun/net/www/protocol/plurl/Handler> (0x00000000d6a9e390) 
thrown [s\src\hotspot\share\classfile\systemDictionary.cpp, line 312]
Event: 5.339 Thread 0x000002842c2d29d0 Exception <a 'java/lang/ClassNotFoundException'{0x00000000d6a9f210}: sun/net/www/protocol/plurl/Handler> (0x00000000d6a9f210) 
thrown [s\src\hotspot\share\classfile\systemDictionary.cpp, line 312]
Event: 26.907 Thread 0x000002842c2d29d0 Exception <a 'java/lang/UnsatisfiedLinkError'{0x00000000d566ce08}: 'void org.eclipse.equinox.launcher.JNIBridge._update_splash()'> (0x00000000d566ce08) 
thrown [s\src\hotspot\share\prims\nativeLookup.cpp, line 415]
Event: 26.998 Thread 0x000002842c37ad90 Exception <a 'java/lang/NoSuchMethodError'{0x00000000d58e6c48}: 'void java.lang.invoke.DirectMethodHandle$Holder.invokeInterface(java.lang.Object, java.lang.Object, java.lang.Object)'> (0x00000000d58e6c48) 
thrown [s\src\hotspot\share\interpreter\linkResolver.cpp, line 773]
Event: 27.183 Thread 0x000002848634a880 Exception <a 'java/lang/NoSuchMethodError'{0x00000000d5cb5fc0}: 'java.lang.Object java.lang.invoke.DirectMethodHandle$Holder.newInvokeSpecial(java.lang.Object, java.lang.Object, int, java.lang.Object)'> (0x00000000d5cb5fc0) 
thrown [s\src\hotspot\share\interpreter\linkResolver.cpp, line 773]
Event: 27.185 Thread 0x000002848634a880 Exception <a 'java/lang/NoSuchMethodError'{0x00000000d5cb9df0}: 'java.lang.Object java.lang.invoke.DirectMethodHandle$Holder.invokeSpecial(java.lang.Object, java.lang.Object, java.lang.Object, int, java.lang.Object)'> (0x00000000d5cb9df0) 
thrown [s\src\hotspot\share\interpreter\linkResolver.cpp, line 773]
Event: 27.221 Thread 0x000002848634a880 Exception <a 'java/lang/NoClassDefFoundError'{0x00000000d5d60cc0}: jakarta/servlet/ServletContainerInitializer> (0x00000000d5d60cc0) 
thrown [s\src\hotspot\share\classfile\systemDictionary.cpp, line 301]
Event: 27.343 Thread 0x000002848634a880 Exception <a 'java/lang/ClassNotFoundException'{0x00000000d5eb6d40}: sun/util/logging/resources/spi/loggingProvider> (0x00000000d5eb6d40) 
thrown [s\src\hotspot\share\classfile\systemDictionary.cpp, line 312]
Event: 40.807 Thread 0x000002848634a880 Exception <a 'java/lang/NullPointerException'{0x00000000d6b7e488}> (0x00000000d6b7e488) 
thrown [s\src\hotspot\share\interpreter\linkResolver.cpp, line 1372]
Event: 40.807 Thread 0x000002848634a880 Exception <a 'java/lang/NullPointerException'{0x00000000d6b7e768}> (0x00000000d6b7e768) 
thrown [s\src\hotspot\share\interpreter\linkResolver.cpp, line 1372]
Event: 46.121 Thread 0x000002848634a880 Exception <a 'java/lang/NoSuchMethodError'{0x00000000d5c6bc38}: 'long java.lang.invoke.DirectMethodHandle$Holder.invokeSpecial(java.lang.Object, java.lang.Object)'> (0x00000000d5c6bc38) 
thrown [s\src\hotspot\share\interpreter\linkResolver.cpp, line 773]
Event: 46.242 Thread 0x000002848634a880 Exception <a 'java/io/FileNotFoundException'{0x00000000d5e7fcf0}> (0x00000000d5e7fcf0) 
thrown [s\src\hotspot\share\prims\jni.cpp, line 520]

ZGC Phase Switch (0 events):
No events

VM Operations (20 events):
Event: 34.819 Executing safepoint VM operation: Cleanup
Event: 34.820 Executing safepoint VM operation: Cleanup done
Event: 35.825 Executing safepoint VM operation: Cleanup
Event: 35.826 Executing safepoint VM operation: Cleanup done
Event: 38.849 Executing safepoint VM operation: Cleanup
Event: 38.849 Executing safepoint VM operation: Cleanup done
Event: 39.855 Executing safepoint VM operation: Cleanup
Event: 39.855 Executing safepoint VM operation: Cleanup done
Event: 40.863 Executing safepoint VM operation: Cleanup
Event: 40.863 Executing safepoint VM operation: Cleanup done
Event: 40.866 Executing safepoint VM operation: ParallelGCFailedAllocation (Allocation Failure)
Event: 40.876 Executing safepoint VM operation: ParallelGCFailedAllocation (Allocation Failure) done
Event: 40.936 Executing non-safepoint VM operation: HandshakeAllThreads (Deoptimize)
Event: 40.936 Executing non-safepoint VM operation: HandshakeAllThreads (Deoptimize) done
Event: 41.946 Executing safepoint VM operation: Cleanup
Event: 41.995 Executing safepoint VM operation: Cleanup done
Event: 46.027 Executing safepoint VM operation: Cleanup
Event: 46.027 Executing safepoint VM operation: Cleanup done
Event: 47.038 Executing safepoint VM operation: Cleanup
Event: 47.038 Executing safepoint VM operation: Cleanup done

Memory protections (0 events):
No events

Nmethod flushes (0 events):
No events

Events (19 events):
Event: 0.064 Thread 0x000002842c2d29d0 Thread added: 0x000002842c2d29d0
Event: 0.083 Thread 0x000002842c2d29d0 Thread added: 0x000002842c373fd0
Event: 0.083 Thread 0x000002842c2d29d0 Thread added: 0x000002842c376de0
Event: 0.084 Thread 0x000002842c2d29d0 Thread added: 0x000002842c37c140
Event: 0.084 Thread 0x000002842c2d29d0 Thread added: 0x000002842c37bab0
Event: 0.084 Thread 0x000002842c2d29d0 Thread added: 0x000002842c37c7d0
Event: 0.085 Thread 0x000002842c2d29d0 Thread added: 0x000002842c37ce60
Event: 0.085 Thread 0x000002842c2d29d0 Thread added: 0x0000028485162310
Event: 0.085 Thread 0x000002842c2d29d0 Thread added: 0x000002842c38cef0
Event: 0.300 Thread 0x000002842c2d29d0 Thread added: 0x000002842c37d4f0
Event: 0.904 Thread 0x000002842c2d29d0 Thread added: 0x000002842c37a070
Event: 5.095 Thread 0x000002842c2d29d0 Thread added: 0x000002842c37a700
Event: 26.892 Thread 0x000002842c2d29d0 Thread added: 0x000002842c37ad90
Event: 27.009 Thread 0x000002842c37ad90 Thread added: 0x000002842c37b420
Event: 27.023 Thread 0x000002842c2d29d0 Thread added: 0x000002848634a880
Event: 32.637 Thread 0x000002848634a880 Thread added: 0x00000284863487b0
Event: 40.920 Thread 0x000002848634a880 Thread added: 0x000002848634af10
Event: 46.146 Thread 0x000002842c38cef0 Thread added: 0x000002848ba8e010
Event: 46.147 Thread 0x000002842c38cef0 Thread added: 0x000002848b22d020


Dynamic libraries:
0x00007ff6d33c0000 - 0x00007ff6d33ce000 	c:\Users\takwa\.vscode\extensions\redhat.java-1.54.0-win32-x64\jre\21.0.10-win32-x86_64\bin\java.exe
0x00007ffb38e00000 - 0x00007ffb39066000 	C:\WINDOWS\SYSTEM32\ntdll.dll
0x00007ffb37990000 - 0x00007ffb37a59000 	C:\WINDOWS\System32\KERNEL32.DLL
0x00007ffb36150000 - 0x00007ffb3654a000 	C:\WINDOWS\System32\KERNELBASE.dll
0x00007ffb36a30000 - 0x00007ffb36b7c000 	C:\WINDOWS\System32\ucrtbase.dll
0x00007ffb22690000 - 0x00007ffb226a8000 	c:\Users\takwa\.vscode\extensions\redhat.java-1.54.0-win32-x64\jre\21.0.10-win32-x86_64\bin\jli.dll
0x00007ffb36f50000 - 0x00007ffb37117000 	C:\WINDOWS\System32\USER32.dll
0x00007ffb36550000 - 0x00007ffb36577000 	C:\WINDOWS\System32\win32u.dll
0x00007ffb36b80000 - 0x00007ffb36bab000 	C:\WINDOWS\System32\GDI32.dll
0x00007ffb367c0000 - 0x00007ffb368eb000 	C:\WINDOWS\System32\gdi32full.dll
0x00007ffb360a0000 - 0x00007ffb36143000 	C:\WINDOWS\System32\msvcp_win.dll
0x00007ffb20b10000 - 0x00007ffb20b2e000 	c:\Users\takwa\.vscode\extensions\redhat.java-1.54.0-win32-x64\jre\21.0.10-win32-x86_64\bin\VCRUNTIME140.dll
0x00007ffb10f90000 - 0x00007ffb11222000 	C:\WINDOWS\WinSxS\amd64_microsoft.windows.common-controls_6595b64144ccf1df_6.0.26100.8346_none_3e0a4650e332b5e4\COMCTL32.dll
0x00007ffb38290000 - 0x00007ffb38339000 	C:\WINDOWS\System32\msvcrt.dll
0x00007ffb383f0000 - 0x00007ffb38422000 	C:\WINDOWS\System32\IMM32.DLL
0x00007ffb20b00000 - 0x00007ffb20b0c000 	c:\Users\takwa\.vscode\extensions\redhat.java-1.54.0-win32-x64\jre\21.0.10-win32-x86_64\bin\vcruntime140_1.dll
0x00007ffb05680000 - 0x00007ffb0570d000 	c:\Users\takwa\.vscode\extensions\redhat.java-1.54.0-win32-x64\jre\21.0.10-win32-x86_64\bin\msvcp140.dll
0x00007ffa8f5b0000 - 0x00007ffa90351000 	c:\Users\takwa\.vscode\extensions\redhat.java-1.54.0-win32-x64\jre\21.0.10-win32-x86_64\bin\server\jvm.dll
0x00007ffb38d00000 - 0x00007ffb38db6000 	C:\WINDOWS\System32\ADVAPI32.dll
0x00007ffb36e10000 - 0x00007ffb36eb7000 	C:\WINDOWS\System32\sechost.dll
0x00007ffb37de0000 - 0x00007ffb37ef8000 	C:\WINDOWS\System32\RPCRT4.dll
0x00007ffb36ec0000 - 0x00007ffb36f40000 	C:\WINDOWS\System32\WS2_32.dll
0x00007ffb35f00000 - 0x00007ffb35f5e000 	C:\WINDOWS\SYSTEM32\POWRPROF.dll
0x00007ffb2a620000 - 0x00007ffb2a656000 	C:\WINDOWS\SYSTEM32\WINMM.dll
0x00007ffb12140000 - 0x00007ffb1214b000 	C:\WINDOWS\SYSTEM32\VERSION.dll
0x00007ffb35ee0000 - 0x00007ffb35ef4000 	C:\WINDOWS\SYSTEM32\UMPDC.dll
0x00007ffb34de0000 - 0x00007ffb34dfb000 	C:\WINDOWS\SYSTEM32\kernel.appcore.dll
0x00007ffb20ae0000 - 0x00007ffb20aea000 	c:\Users\takwa\.vscode\extensions\redhat.java-1.54.0-win32-x64\jre\21.0.10-win32-x86_64\bin\jimage.dll
0x00007ffb33750000 - 0x00007ffb33992000 	C:\WINDOWS\SYSTEM32\DBGHELP.DLL
0x00007ffb37f00000 - 0x00007ffb38283000 	C:\WINDOWS\System32\combase.dll
0x00007ffb371a0000 - 0x00007ffb37279000 	C:\WINDOWS\System32\OLEAUT32.dll
0x00007ffb0b410000 - 0x00007ffb0b44b000 	C:\WINDOWS\SYSTEM32\dbgcore.DLL
0x00007ffb368f0000 - 0x00007ffb36998000 	C:\WINDOWS\System32\bcryptPrimitives.dll
0x00007ffb20af0000 - 0x00007ffb20aff000 	c:\Users\takwa\.vscode\extensions\redhat.java-1.54.0-win32-x64\jre\21.0.10-win32-x86_64\bin\instrument.dll
0x00007ffb20780000 - 0x00007ffb207a0000 	c:\Users\takwa\.vscode\extensions\redhat.java-1.54.0-win32-x64\jre\21.0.10-win32-x86_64\bin\java.dll
0x00007ffb38430000 - 0x00007ffb38bac000 	C:\WINDOWS\System32\SHELL32.dll
0x00007ffb33c30000 - 0x00007ffb344a5000 	C:\WINDOWS\SYSTEM32\windows.storage.dll
0x00007ffb36d10000 - 0x00007ffb36e09000 	C:\WINDOWS\System32\SHCORE.dll
0x00007ffb37120000 - 0x00007ffb37187000 	C:\WINDOWS\System32\shlwapi.dll
0x00007ffb35fc0000 - 0x00007ffb35fe9000 	C:\WINDOWS\SYSTEM32\profapi.dll
0x00007ffb20480000 - 0x00007ffb20498000 	c:\Users\takwa\.vscode\extensions\redhat.java-1.54.0-win32-x64\jre\21.0.10-win32-x86_64\bin\zip.dll
0x00007ffb20ac0000 - 0x00007ffb20ad0000 	C:\Users\takwa\.vscode\extensions\redhat.java-1.54.0-win32-x64\jre\21.0.10-win32-x86_64\bin\net.dll
0x00007ffb2d5a0000 - 0x00007ffb2d6c9000 	C:\WINDOWS\SYSTEM32\WINHTTP.dll
0x00007ffb35330000 - 0x00007ffb3539c000 	C:\WINDOWS\system32\mswsock.dll
0x00007ffb1ed10000 - 0x00007ffb1ed26000 	C:\Users\takwa\.vscode\extensions\redhat.java-1.54.0-win32-x64\jre\21.0.10-win32-x86_64\bin\nio.dll
0x00007ffb20930000 - 0x00007ffb20940000 	c:\Users\takwa\.vscode\extensions\redhat.java-1.54.0-win32-x64\jre\21.0.10-win32-x86_64\bin\verify.dll
0x00007ffb1a710000 - 0x00007ffb1a755000 	C:\Users\takwa\AppData\Roaming\Code\User\globalStorage\redhat.java\1.54.0\config_win\org.eclipse.equinox.launcher\org.eclipse.equinox.launcher.win32.win32.x86_64_1.3.0.v20260203-2149\eclipse_11919.dll
0x00007ffb37bb0000 - 0x00007ffb37d48000 	C:\WINDOWS\System32\ole32.dll

JVMTI agents:
c:\Users\takwa\.vscode\extensions\redhat.java-1.54.0-win32-x64\lombok\lombok-1.18.39-4050.jar path:c:\Users\takwa\.vscode\extensions\redhat.java-1.54.0-win32-x64\jre\21.0.10-win32-x86_64\bin\instrument.dll, loaded, initialized, instrumentlib options:none

dbghelp: loaded successfully - version: 4.0.5 - missing functions: none
symbol engine: initialized successfully - sym options: 0x614 - pdb path: .;c:\Users\takwa\.vscode\extensions\redhat.java-1.54.0-win32-x64\jre\21.0.10-win32-x86_64\bin;C:\WINDOWS\SYSTEM32;C:\WINDOWS\WinSxS\amd64_microsoft.windows.common-controls_6595b64144ccf1df_6.0.26100.8346_none_3e0a4650e332b5e4;c:\Users\takwa\.vscode\extensions\redhat.java-1.54.0-win32-x64\jre\21.0.10-win32-x86_64\bin\server;C:\Users\takwa\AppData\Roaming\Code\User\globalStorage\redhat.java\1.54.0\config_win\org.eclipse.equinox.launcher\org.eclipse.equinox.launcher.win32.win32.x86_64_1.3.0.v20260203-2149

VM Arguments:
jvm_args: --add-modules=ALL-SYSTEM --add-opens=java.base/java.util=ALL-UNNAMED --add-opens=java.base/java.lang=ALL-UNNAMED --add-opens=java.base/sun.nio.fs=ALL-UNNAMED -Declipse.application=org.eclipse.jdt.ls.core.id1 -Dosgi.bundles.defaultStartLevel=4 -Declipse.product=org.eclipse.jdt.ls.core.product -Djava.import.generatesMetadataFilesAtProjectRoot=false -DDetectVMInstallationsJob.disabled=true -Dfile.encoding=utf8 -XX:+UseParallelGC -XX:GCTimeRatio=4 -XX:AdaptiveSizePolicyWeight=90 -Dsun.zip.disableMemoryMapping=true -Xmx2G -Xms100m -Xlog:disable -javaagent:c:\Users\takwa\.vscode\extensions\redhat.java-1.54.0-win32-x64\lombok\lombok-1.18.39-4050.jar -XX:+HeapDumpOnOutOfMemoryError -XX:HeapDumpPath=c:\Users\takwa\AppData\Roaming\Code\User\workspaceStorage\9ef35f15cb76032a73c490f0d8220ee0\redhat.java -Daether.dependencyCollector.impl=bf 
java_command: c:\Users\takwa\.vscode\extensions\redhat.java-1.54.0-win32-x64\server\plugins\org.eclipse.equinox.launcher_1.7.100.v20251111-0406.jar -configuration c:\Users\takwa\AppData\Roaming\Code\User\globalStorage\redhat.java\1.54.0\config_win -data c:\Users\takwa\AppData\Roaming\Code\User\workspaceStorage\9ef35f15cb76032a73c490f0d8220ee0\redhat.java\jdt_ws --pipe=\\.\pipe\lsp-8b01d2807896315c1fb271dc99e142cb-sock
java_class_path (initial): c:\Users\takwa\.vscode\extensions\redhat.java-1.54.0-win32-x64\server\plugins\org.eclipse.equinox.launcher_1.7.100.v20251111-0406.jar
Launcher Type: SUN_STANDARD

[Global flags]
    uintx AdaptiveSizePolicyWeight                 = 90                                        {product} {command line}
     intx CICompilerCount                          = 4                                         {product} {ergonomic}
    uintx GCTimeRatio                              = 4                                         {product} {command line}
     bool HeapDumpOnOutOfMemoryError               = true                                   {manageable} {command line}
    ccstr HeapDumpPath                             = c:\Users\takwa\AppData\Roaming\Code\User\workspaceStorage\9ef35f15cb76032a73c490f0d8220ee0\redhat.java         {manageable} {command line}
   size_t InitialHeapSize                          = 104857600                                 {product} {command line}
   size_t MaxHeapSize                              = 2147483648                                {product} {command line}
   size_t MaxNewSize                               = 715653120                                 {product} {ergonomic}
   size_t MinHeapDeltaBytes                        = 524288                                    {product} {ergonomic}
   size_t MinHeapSize                              = 104857600                                 {product} {command line}
   size_t NewSize                                  = 34603008                                  {product} {ergonomic}
    uintx NonNMethodCodeHeapSize                   = 5839372                                {pd product} {ergonomic}
    uintx NonProfiledCodeHeapSize                  = 122909434                              {pd product} {ergonomic}
   size_t OldSize                                  = 70254592                                  {product} {ergonomic}
    uintx ProfiledCodeHeapSize                     = 122909434                              {pd product} {ergonomic}
    uintx ReservedCodeCacheSize                    = 251658240                              {pd product} {ergonomic}
     bool SegmentedCodeCache                       = true                                      {product} {ergonomic}
   size_t SoftMaxHeapSize                          = 2147483648                             {manageable} {ergonomic}
     bool UseCompressedOops                        = true                           {product lp64_product} {ergonomic}
     bool UseLargePagesIndividualAllocation        = false                                  {pd product} {ergonomic}
     bool UseParallelGC                            = true                                      {product} {command line}

Logging:
Log output configuration:
 #0: stdout all=off uptime,level,tags foldmultilines=false
 #1: stderr all=off uptime,level,tags foldmultilines=false

Release file:
JAVA_VERSION="21.0.10" 
MODULES="java.base java.compiler java.datatransfer java.xml java.prefs java.desktop java.instrument java.logging java.management java.security.sasl java.naming java.rmi java.management.rmi java.net.http java.scripting java.security.jgss java.transaction.xa java.sql java.sql.rowset java.xml.crypto java.se java.smartcardio jdk.accessibility jdk.internal.jvmstat jdk.attach jdk.charsets jdk.internal.opt jdk.zipfs jdk.compiler jdk.crypto.ec jdk.crypto.cryptoki jdk.crypto.mscapi jdk.dynalink jdk.internal.ed jdk.editpad jdk.hotspot.agent jdk.httpserver jdk.internal.le jdk.internal.vm.ci jdk.internal.vm.compiler jdk.internal.vm.compiler.management jdk.jartool jdk.javadoc jdk.jcmd jdk.management jdk.management.agent jdk.jconsole jdk.jdeps jdk.jdwp.agent jdk.jdi jdk.jfr jdk.jshell jdk.jsobject jdk.jstatd jdk.localedata jdk.management.jfr jdk.naming.dns jdk.naming.rmi jdk.net jdk.nio.mapmode jdk.random jdk.sctp jdk.security.auth jdk.security.jgss jdk.unsupported jdk.unsupported.desktop jdk.xml.dom" 

Environment Variables:
JAVA_HOME=C:\Users\takwa\AppData\Local\Programs\Eclipse Adoptium\jdk-17.0.18.8-hotspot
PATH=C:\Users\takwa\AppData\Local\Programs\Microsoft VS Code;C:\Python312\Scripts\;C:\Python312\;C:\Program Files\Common Files\Oracle\Java\javapath;C:\Program Files\Java\jdk-23;C:\Users\takwa\Downloads\hadoop-3.3.6\hadoop-3.3.6;C:\Users\takwa\develop\flutter\bin;C:\Users\takwa\AppData\Local\Programs\Python\Python313\Scripts;C:\Users\takwa\AppData\Local\Programs\Python\Python313;C:\Users\takwa\AppData\Local\Microsoft\WindowsApps;C:\Users\takwa\AppData\Local\Programs\Microsoft VS Code\bin;C:\Users\takwa\AppData\Roaming\npm;C:\Users\takwa\.dotnet\tools;C:\Users\takwa\AppData\Local\GitHubDesktop\bin;C:\Program Files\dotnet\;C:\WINDOWS\system32;C:\WINDOWS;C:\WINDOWS\System32\Wbem;C:\WINDOWS\System32\WindowsPowerShell\v1.0\;C:\WINDOWS\System32\OpenSSH\;C:\apacheMaven\apache-maven-3.8.9;C:\minikube;C:\Program Files\Kubernetes\Minikube;C:\Program Files\Microsoft SQL Server\150\Tools\Binn\;C:\Program Files\Git\cmd;C:\WINDOWS\system32;C:\WINDOWS;C:\WINDOWS\System32\Wbem;C:\WINDOWS\System32\WindowsPowerShell\v1.0\;C:\WINDOWS\System32\OpenSSH\;C:\Program Files (x86)\Microsoft SQL Server\160\Tools\Binn\;C:\Program Files\Microsoft SQL Server\160\Tools\Binn\;C:\Program Files\Microsoft SQL Server\Client SDK\ODBC\170\Tools\Binn\;C:\Program Files\Microsoft SQL Server\160\DTS\Binn\;C:\Program Files (x86)\Microsoft SQL Server\160\DTS\Binn\;C:\Program Files\Azure Data Studio\bin;C:\Users\takwa\AppData\Local\Programs\Eclipse Adoptium\jdk-17.0.18.8-hotspot\bin;C:\Program Files\Java\jdk-23;C:\Program Files\nodejs;C:\Users\takwa\AppData\Roaming\npm;C:\Program Files\Docker\Docker\resources\bin;C:\hadoop-3.3.6\bin;C:\PROGRA~1\Java\jdk-1.8;C:\Users\takwa\develop\flutter\bin;C:\Users\takwa\AppData\Local\Microsoft\WindowsApps;C:\Users\takwa\AppData\Local\Programs\Microsoft VS Code\bin;C:\Users\takwa\AppData\Local\GitHubDesktop\bin;C:\apacheMaven\apache-maven-3.8.9\bin;C:\Program Files\Azure Data Studio\bin;C:\Program Files\JetBrains\IntelliJ IDEA 2025.3.4\bin;C:\Users\takwa\AppData\Local\Programs\Eclipse Adoptium\jdk-17.0.18.8-hotspot\bin;C:\Users\takwa\AppData\Local\Python\bin
USERNAME=takwa
OS=Windows_NT
PROCESSOR_IDENTIFIER=Intel64 Family 6 Model 154 Stepping 4, GenuineIntel
TMP=C:\Users\takwa\AppData\Local\Temp
TEMP=C:\Users\takwa\AppData\Local\Temp




Periodic native trim disabled

---------------  S Y S T E M  ---------------

OS:
 Windows 11 , 64 bit Build 26100 (10.0.26100.8346)
OS uptime: 4 days 11:26 hours
Hyper-V role detected

CPU: total 12 (initial active 12) (6 cores per cpu, 2 threads per core) family 6 model 154 stepping 4 microcode 0x433, cx8, cmov, fxsr, ht, mmx, 3dnowpref, sse, sse2, sse3, ssse3, sse4.1, sse4.2, popcnt, lzcnt, tsc, tscinvbit, avx, avx2, aes, erms, clmul, bmi1, bmi2, adx, sha, fma, vzeroupper, clflush, clflushopt, clwb, hv, serialize, rdtscp, rdpid, fsrm, f16c, cet_ibt, cet_ss
Processor Information for processor 0
  Max Mhz: 1300, Current Mhz: 1300, Mhz Limit: 1300
Processor Information for processor 1
  Max Mhz: 1300, Current Mhz: 1300, Mhz Limit: 1300
Processor Information for processor 2
  Max Mhz: 1300, Current Mhz: 1300, Mhz Limit: 1300
Processor Information for processor 3
  Max Mhz: 1300, Current Mhz: 1300, Mhz Limit: 1300
Processor Information for processor 4
  Max Mhz: 900, Current Mhz: 900, Mhz Limit: 900
Processor Information for processor 5
  Max Mhz: 900, Current Mhz: 900, Mhz Limit: 900
Processor Information for processor 6
  Max Mhz: 900, Current Mhz: 900, Mhz Limit: 900
Processor Information for processor 7
  Max Mhz: 900, Current Mhz: 900, Mhz Limit: 900
Processor Information for processor 8
  Max Mhz: 900, Current Mhz: 900, Mhz Limit: 900
Processor Information for processor 9
  Max Mhz: 900, Current Mhz: 900, Mhz Limit: 900
Processor Information for processor 10
  Max Mhz: 900, Current Mhz: 900, Mhz Limit: 900
Processor Information for processor 11
  Max Mhz: 900, Current Mhz: 900, Mhz Limit: 900

Memory: 4k page, system-wide physical 7916M (626M free)
TotalPageFile size 32492M (AvailPageFile size 0M)
current process WorkingSet (physical memory assigned to process): 101M, peak: 106M
current process commit charge ("private bytes"): 262M, peak: 271M

vm_info: OpenJDK 64-Bit Server VM (21.0.10+7-LTS) for windows-amd64 JRE (21.0.10+7-LTS), built on 2026-01-20T00:00:00Z by "admin" with MS VC++ 17.12 (VS2022)

END.
