#
# There is insufficient memory for the Java Runtime Environment to continue.
# Native memory allocation (malloc) failed to allocate 1048576 bytes. Error detail: AllocateHeap
# Possible reasons:
#   The system is out of physical RAM or swap space
#   This process is running with CompressedOops enabled, and the Java Heap may be blocking the growth of the native heap
# Possible solutions:
#   Reduce memory load on the system
#   Increase physical memory or swap space
#   Check if swap backing store is full
#   Decrease Java heap size (-Xmx/-Xms)
#   Decrease number of Java threads
#   Decrease Java thread stack sizes (-Xss)
#   Set larger code cache with -XX:ReservedCodeCacheSize=
#   JVM is running with Unscaled Compressed Oops mode in which the Java heap is
#     placed in the first 4GB address space. The Java Heap base address is the
#     maximum limit for the native heap growth. Please use -XX:HeapBaseMinAddress
#     to set the Java Heap base and to place the Java Heap above 4GB virtual address.
# This output file may be truncated or incomplete.
#
#  Out of Memory Error (allocation.cpp:44), pid=26404, tid=15568
#
# JRE version: OpenJDK Runtime Environment Temurin-21.0.10+7 (21.0.10+7) (build 21.0.10+7-LTS)
# Java VM: OpenJDK 64-Bit Server VM Temurin-21.0.10+7 (21.0.10+7-LTS, mixed mode, sharing, tiered, compressed oops, compressed class ptrs, parallel gc, windows-amd64)
# No core dump will be written. Minidumps are not enabled by default on client versions of Windows
#

---------------  S U M M A R Y ------------

Command Line: --add-modules=ALL-SYSTEM --add-opens=java.base/java.util=ALL-UNNAMED --add-opens=java.base/java.lang=ALL-UNNAMED --add-opens=java.base/sun.nio.fs=ALL-UNNAMED -Declipse.application=org.eclipse.jdt.ls.core.id1 -Dosgi.bundles.defaultStartLevel=4 -Declipse.product=org.eclipse.jdt.ls.core.product -Djava.import.generatesMetadataFilesAtProjectRoot=false -DDetectVMInstallationsJob.disabled=true -Dfile.encoding=utf8 -XX:+UseParallelGC -XX:GCTimeRatio=4 -XX:AdaptiveSizePolicyWeight=90 -Dsun.zip.disableMemoryMapping=true -Xmx2G -Xms100m -Xlog:disable -javaagent:c:\Users\takwa\.vscode\extensions\redhat.java-1.54.0-win32-x64\lombok\lombok-1.18.39-4050.jar -XX:+HeapDumpOnOutOfMemoryError -XX:HeapDumpPath=c:\Users\takwa\AppData\Roaming\Code\User\workspaceStorage\9ef35f15cb76032a73c490f0d8220ee0\redhat.java -Daether.dependencyCollector.impl=bf c:\Users\takwa\.vscode\extensions\redhat.java-1.54.0-win32-x64\server\plugins\org.eclipse.equinox.launcher_1.7.100.v20251111-0406.jar -configuration c:\Users\takwa\AppData\Roaming\Code\User\globalStorage\redhat.java\1.54.0\config_win -data c:\Users\takwa\AppData\Roaming\Code\User\workspaceStorage\9ef35f15cb76032a73c490f0d8220ee0\redhat.java\jdt_ws --pipe=\\.\pipe\lsp-9f1d498ad6439406257675b749225c58-sock

Host: 12th Gen Intel(R) Core(TM) i5-1235U, 12 cores, 7G,  Windows 11 , 64 bit Build 26100 (10.0.26100.8346)
Time: Thu May 14 02:04:45 2026 W. Central Africa Standard Time elapsed time: 20820.147157 seconds (0d 5h 47m 0s)

---------------  T H R E A D  ---------------

Current thread (0x0000021165609d40):  JavaThread "Attach Listener" daemon [_thread_in_vm, id=15568, stack(0x000000bfe4e00000,0x000000bfe4f00000) (1024K)]

Stack: [0x000000bfe4e00000,0x000000bfe4f00000]
Native frames: (J=compiled Java code, j=interpreted, Vv=VM code, C=native code)
V  [jvm.dll+0x6d7a39]
V  [jvm.dll+0x8b4b26]
V  [jvm.dll+0x8b70de]
V  [jvm.dll+0x8b77c3]
V  [jvm.dll+0x284346]
V  [jvm.dll+0xc1277]
V  [jvm.dll+0x6d82e9]
V  [jvm.dll+0x1334a6]
V  [jvm.dll+0x3f857e]
V  [jvm.dll+0x85f59d]
V  [jvm.dll+0x6d626d]
C  [ucrtbase.dll+0x2cd30]
C  [KERNEL32.DLL+0x2e957]
C  [ntdll.dll+0x879fc]


---------------  P R O C E S S  ---------------

Threads class SMR info:
_java_thread_list=0x000002117eede3c0, length=39, elements={
0x00000211655622e0, 0x0000021165602f80, 0x0000021165605bd0, 0x00000211656090e0,
0x0000021165609d40, 0x000002116560f8c0, 0x0000021165613350, 0x000002117d369fc0,
0x000002117d3b9680, 0x000002117d5ff460, 0x000002117d5fe0b0, 0x000002117d5fedd0,
0x000002117d5fe740, 0x000002117d5fbfe0, 0x000002117d5fc670, 0x000002117d5fda20,
0x000002117d5fcd00, 0x000002117d5fd390, 0x000002117f673970, 0x000002117f6704f0,
0x000002117f670b80, 0x000002117f6725c0, 0x000002117f671210, 0x000002117f674d20,
0x000002117f6753b0, 0x000002117f671f30, 0x000002117f675a40, 0x000002117f676df0,
0x000002117f6760d0, 0x000002117f676760, 0x000002117f677480, 0x000002117f677b10,
0x0000021147283c00, 0x0000021147285640, 0x0000021147282ee0, 0x0000021147284fb0,
0x0000021147284920, 0x000002117f731de0, 0x00000211468b5b50
}

Java Threads: ( => current thread )
  0x00000211655622e0 JavaThread "main"                              [_thread_blocked, id=18964, stack(0x000000bfe4700000,0x000000bfe4800000) (1024K)]
  0x0000021165602f80 JavaThread "Reference Handler"          daemon [_thread_blocked, id=28748, stack(0x000000bfe4b00000,0x000000bfe4c00000) (1024K)]
  0x0000021165605bd0 JavaThread "Finalizer"                  daemon [_thread_blocked, id=16104, stack(0x000000bfe4c00000,0x000000bfe4d00000) (1024K)]
  0x00000211656090e0 JavaThread "Signal Dispatcher"          daemon [_thread_blocked, id=24112, stack(0x000000bfe4d00000,0x000000bfe4e00000) (1024K)]
=>0x0000021165609d40 JavaThread "Attach Listener"            daemon [_thread_in_vm, id=15568, stack(0x000000bfe4e00000,0x000000bfe4f00000) (1024K)]
  0x000002116560f8c0 JavaThread "Service Thread"             daemon [_thread_blocked, id=27328, stack(0x000000bfe4f00000,0x000000bfe5000000) (1024K)]
  0x0000021165613350 JavaThread "Monitor Deflation Thread"   daemon [_thread_blocked, id=21288, stack(0x000000bfe5000000,0x000000bfe5100000) (1024K)]
  0x000002117d369fc0 JavaThread "C2 CompilerThread0"         daemon [_thread_blocked, id=3788, stack(0x000000bfe5100000,0x000000bfe5200000) (1024K)]
  0x000002117d3b9680 JavaThread "C1 CompilerThread0"         daemon [_thread_blocked, id=21040, stack(0x000000bfe5200000,0x000000bfe5300000) (1024K)]
  0x000002117d5ff460 JavaThread "Common-Cleaner"             daemon [_thread_blocked, id=15472, stack(0x000000bfe5400000,0x000000bfe5500000) (1024K)]
  0x000002117d5fe0b0 JavaThread "Notification Thread"        daemon [_thread_blocked, id=8448, stack(0x000000bfe5500000,0x000000bfe5600000) (1024K)]
  0x000002117d5fedd0 JavaThread "Active Thread: Equinox Container: 64dc33b4-9e12-4bb4-a2ff-e7187e5e656e"        [_thread_blocked, id=3816, stack(0x000000bfe5300000,0x000000bfe5400000) (1024K)]
  0x000002117d5fe740 JavaThread "Refresh Thread: Equinox Container: 64dc33b4-9e12-4bb4-a2ff-e7187e5e656e" daemon [_thread_blocked, id=5416, stack(0x000000bfe5d00000,0x000000bfe5e00000) (1024K)]
  0x000002117d5fbfe0 JavaThread "Framework Event Dispatcher: Equinox Container: 64dc33b4-9e12-4bb4-a2ff-e7187e5e656e" daemon [_thread_blocked, id=26168, stack(0x000000bfe5e00000,0x000000bfe5f00000) (1024K)]
  0x000002117d5fc670 JavaThread "Start Level: Equinox Container: 64dc33b4-9e12-4bb4-a2ff-e7187e5e656e" daemon [_thread_blocked, id=26388, stack(0x000000bfe5f00000,0x000000bfe6000000) (1024K)]
  0x000002117d5fda20 JavaThread "Bundle File Closer"         daemon [_thread_blocked, id=28280, stack(0x000000bfe6200000,0x000000bfe6300000) (1024K)]
  0x000002117d5fcd00 JavaThread "SCR Component Actor"        daemon [_thread_blocked, id=9664, stack(0x000000bfe4600000,0x000000bfe4700000) (1024K)]
  0x000002117d5fd390 JavaThread "Worker-JM"                         [_thread_blocked, id=7780, stack(0x000000bfe6400000,0x000000bfe6500000) (1024K)]
  0x000002117f673970 JavaThread "JNA Cleaner"                daemon [_thread_blocked, id=25424, stack(0x000000bfe6300000,0x000000bfe6400000) (1024K)]
  0x000002117f6704f0 JavaThread "Worker-0"                          [_thread_blocked, id=8544, stack(0x000000bfe6500000,0x000000bfe6600000) (1024K)]
  0x000002117f670b80 JavaThread "Java indexing"              daemon [_thread_blocked, id=21788, stack(0x000000bfe6900000,0x000000bfe6a00000) (1024K)]
  0x000002117f6725c0 JavaThread "Thread-1"                   daemon [_thread_in_native, id=29660, stack(0x000000bfe6f00000,0x000000bfe7000000) (1024K)]
  0x000002117f671210 JavaThread "Thread-2"                   daemon [_thread_in_native, id=19196, stack(0x000000bfe7000000,0x000000bfe7100000) (1024K)]
  0x000002117f674d20 JavaThread "Thread-3"                   daemon [_thread_in_native, id=3776, stack(0x000000bfe7100000,0x000000bfe7200000) (1024K)]
  0x000002117f6753b0 JavaThread "Thread-4"                   daemon [_thread_in_native, id=12056, stack(0x000000bfe7200000,0x000000bfe7300000) (1024K)]
  0x000002117f671f30 JavaThread "Thread-5"                   daemon [_thread_in_native, id=15000, stack(0x000000bfe7300000,0x000000bfe7400000) (1024K)]
  0x000002117f675a40 JavaThread "Thread-6"                   daemon [_thread_in_native, id=22784, stack(0x000000bfe7400000,0x000000bfe7500000) (1024K)]
  0x000002117f676df0 JavaThread "Thread-7"                   daemon [_thread_in_native, id=11220, stack(0x000000bfe7500000,0x000000bfe7600000) (1024K)]
  0x000002117f6760d0 JavaThread "Thread-8"                   daemon [_thread_in_native, id=29120, stack(0x000000bfe7600000,0x000000bfe7700000) (1024K)]
  0x000002117f676760 JavaThread "Thread-9"                   daemon [_thread_in_native, id=19748, stack(0x000000bfe7700000,0x000000bfe7800000) (1024K)]
  0x000002117f677480 JavaThread "Thread-10"                  daemon [_thread_in_native, id=13912, stack(0x000000bfe7800000,0x000000bfe7900000) (1024K)]
  0x000002117f677b10 JavaThread "Thread-11"                  daemon [_thread_in_native, id=12268, stack(0x000000bfe7900000,0x000000bfe7a00000) (1024K)]
  0x0000021147283c00 JavaThread "Thread-12"                  daemon [_thread_in_native, id=22704, stack(0x000000bfe7a00000,0x000000bfe7b00000) (1024K)]
  0x0000021147285640 JavaThread "Thread-13"                  daemon [_thread_in_native, id=17036, stack(0x000000bfe7b00000,0x000000bfe7c00000) (1024K)]
  0x0000021147282ee0 JavaThread "pool-2-thread-1"                   [_thread_blocked, id=12560, stack(0x000000bfe7c00000,0x000000bfe7d00000) (1024K)]
  0x0000021147284fb0 JavaThread "WorkspaceEventsHandler"            [_thread_blocked, id=13336, stack(0x000000bfe8000000,0x000000bfe8100000) (1024K)]
  0x0000021147284920 JavaThread "pool-1-thread-1"                   [_thread_blocked, id=18392, stack(0x000000bfe8100000,0x000000bfe8200000) (1024K)]
  0x000002117f731de0 JavaThread "Cleaner-0"                  daemon [_thread_blocked, id=14616, stack(0x000000bfe8700000,0x000000bfe8800000) (1024K)]
  0x00000211468b5b50 JavaThread "Worker-13"                         [_thread_blocked, id=30364, stack(0x000000bfe6800000,0x000000bfe6900000) (1024K)]
Total: 39

Other Threads:
  0x000002117bff4970 VMThread "VM Thread"                           [id=12260, stack(0x000000bfe4a00000,0x000000bfe4b00000) (1024K)]
  0x000002117beeca00 WatcherThread "VM Periodic Task Thread"        [id=18672, stack(0x000000bfe4900000,0x000000bfe4a00000) (1024K)]
  0x0000021165580ce0 WorkerThread "GC Thread#0"                     [id=4240, stack(0x000000bfe4800000,0x000000bfe4900000) (1024K)]
  0x000002117d73e580 WorkerThread "GC Thread#1"                     [id=10696, stack(0x000000bfe5600000,0x000000bfe5700000) (1024K)]
  0x000002117d73e930 WorkerThread "GC Thread#2"                     [id=26580, stack(0x000000bfe5700000,0x000000bfe5800000) (1024K)]
  0x000002117e4bd370 WorkerThread "GC Thread#3"                     [id=22032, stack(0x000000bfe5800000,0x000000bfe5900000) (1024K)]
  0x000002117e4bdb30 WorkerThread "GC Thread#4"                     [id=3148, stack(0x000000bfe5900000,0x000000bfe5a00000) (1024K)]
  0x000002117ea1c1b0 WorkerThread "GC Thread#5"                     [id=8284, stack(0x000000bfe5a00000,0x000000bfe5b00000) (1024K)]
  0x000002117eaeae30 WorkerThread "GC Thread#6"                     [id=28540, stack(0x000000bfe5b00000,0x000000bfe5c00000) (1024K)]
  0x000002117d3c3a70 WorkerThread "GC Thread#7"                     [id=27692, stack(0x000000bfe5c00000,0x000000bfe5d00000) (1024K)]
  0x000002117e66ae50 WorkerThread "GC Thread#8"                     [id=14732, stack(0x000000bfe6000000,0x000000bfe6100000) (1024K)]
  0x000002117e71f8d0 WorkerThread "GC Thread#9"                     [id=22148, stack(0x000000bfe6100000,0x000000bfe6200000) (1024K)]
Total: 12

Threads with active compile tasks:
Total: 0

VM state: not at safepoint (normal execution)

VM Mutex/Monitor currently owned by a thread: None

Heap address: 0x0000000080000000, size: 2048 MB, Compressed Oops mode: 32-bit

CDS archive(s) mapped at: [0x0000021100000000-0x0000021100ba0000-0x0000021100ba0000), size 12189696, SharedBaseAddress: 0x0000021100000000, ArchiveRelocationMode: 1.
Compressed class space mapped at: 0x0000021101000000-0x0000021141000000, reserved size: 1073741824
Narrow klass base: 0x0000021100000000, Narrow klass shift: 0, Narrow klass range: 0x100000000

GC Precious Log:
 CardTable entry size: 512
 CPUs: 12 total, 12 available
 Memory: 7916M
 Large Page Support: Disabled
 NUMA Support: Disabled
 Compressed Oops: Enabled (32-bit)
 Alignments: Space 512K, Generation 512K, Heap 2M
 Heap Min Capacity: 100M
 Heap Initial Capacity: 100M
 Heap Max Capacity: 2G
 Pre-touch: Disabled
 Parallel Workers: 10

Heap:
 PSYoungGen      total 20992K, used 10244K [0x00000000d5580000, 0x00000000d6e80000, 0x0000000100000000)
  eden space 19456K, 44% used [0x00000000d5580000,0x00000000d5e06fa0,0x00000000d6880000)
  from space 1536K, 98% used [0x00000000d6c00000,0x00000000d6d7a400,0x00000000d6d80000)
  to   space 3072K, 0% used [0x00000000d6880000,0x00000000d6880000,0x00000000d6b80000)
 ParOldGen       total 734208K, used 551655K [0x0000000080000000, 0x00000000acd00000, 0x00000000d5580000)
  object space 734208K, 75% used [0x0000000080000000,0x00000000a1ab9fb8,0x00000000acd00000)
 Metaspace       used 91343K, committed 92992K, reserved 1179648K
  class space    used 9306K, committed 10112K, reserved 1048576K

Card table byte_map: [0x0000021164f30000,0x0000021165340000] _byte_map_base: 0x0000021164b30000

Marking Bits: (ParMarkBitMap*) 0x00007ffa90273450
 Begin Bits: [0x0000021177a10000, 0x0000021179a10000)
 End Bits:   [0x0000021179a10000, 0x000002117ba10000)

Polling page: 0x0000021164d20000

Metaspace:

Usage:
  Non-class:     80.11 MB used.
      Class:      9.09 MB used.
       Both:     89.20 MB used.

Virtual space:
  Non-class space:      128.00 MB reserved,      80.94 MB ( 63%) committed,  2 nodes.
      Class space:        1.00 GB reserved,       9.88 MB ( <1%) committed,  1 nodes.
             Both:        1.12 GB reserved,      90.81 MB (  8%) committed. 

Chunk freelists:
   Non-Class:  14.39 MB
       Class:  6.17 MB
        Both:  20.56 MB

MaxMetaspaceSize: unlimited
CompressedClassSpaceSize: 1.00 GB
Initial GC threshold: 21.00 MB
Current GC threshold: 148.25 MB
CDS: on
 - commit_granule_bytes: 65536.
 - commit_granule_words: 8192.
 - virtual_space_node_default_size: 8388608.
 - enlarge_chunks_in_place: 1.
 - use_allocation_guard: 0.


Internal statistics:

num_allocs_failed_limit: 9.
num_arena_births: 1768.
num_arena_deaths: 454.
num_vsnodes_births: 3.
num_vsnodes_deaths: 0.
num_space_committed: 1452.
num_space_uncommitted: 0.
num_chunks_returned_to_freelist: 547.
num_chunks_taken_from_freelist: 6342.
num_chunk_merges: 166.
num_chunk_splits: 3613.
num_chunks_enlarged: 1907.
num_inconsistent_stats: 0.

CodeHeap 'non-profiled nmethods': size=120000Kb used=22094Kb max_used=22094Kb free=97905Kb
 bounds [0x0000021170230000, 0x00000211717d0000, 0x0000021177760000]
CodeHeap 'profiled nmethods': size=120000Kb used=49255Kb max_used=49918Kb free=70744Kb
 bounds [0x0000021168760000, 0x000002116b820000, 0x000002116fc90000]
CodeHeap 'non-nmethods': size=5760Kb used=1550Kb max_used=1657Kb free=4209Kb
 bounds [0x000002116fc90000, 0x000002116ff00000, 0x0000021170230000]
CodeCache: size=245760Kb, used=72899Kb, max_used=73669Kb, free=172858Kb
 total_blobs=21343, nmethods=20474, adapters=771, full_count=0
Compilation: enabled, stopped_count=0, restarted_count=0

Compilation events (20 events):
Event: 18701.471 Thread 0x000002117d3b9680 nmethod 24197 0x0000021169d0ae90 code [0x0000021169d0b040, 0x0000021169d0b220]
Event: 18701.471 Thread 0x000002117d3b9680 24201       3       org.eclipse.jdt.core.dom.ASTVisitor::endVisit (1 bytes)
Event: 18701.471 Thread 0x000002117d3b9680 nmethod 24201 0x000002116a386410 code [0x000002116a3865a0, 0x000002116a3866a8]
Event: 18701.471 Thread 0x000002117d3b9680 24202       3       org.eclipse.jdt.ls.core.internal.text.correction.CodeActionComparator::getCodeActionKindOrdinal (54 bytes)
Event: 18701.472 Thread 0x000002117d3b9680 nmethod 24202 0x0000021169d0a690 code [0x0000021169d0a8a0, 0x0000021169d0acf8]
Event: 18701.504 Thread 0x000002117d369fc0 nmethod 24194 0x00000211717be890 code [0x00000211717beb80, 0x00000211717c0000]
Event: 18701.504 Thread 0x000002117d369fc0 24200       4       org.eclipse.jdt.core.dom.ASTVisitor::endVisit (1 bytes)
Event: 18701.504 Thread 0x000002117d369fc0 nmethod 24200 0x00000211717c0910 code [0x00000211717c0aa0, 0x00000211717c0b28]
Event: 18701.568 Thread 0x000002117d369fc0 24203       4       java.lang.Long::equals (30 bytes)
Event: 18701.569 Thread 0x000002117d369fc0 nmethod 24203 0x00000211717c0c10 code [0x00000211717c0da0, 0x00000211717c0ea0]
Event: 18701.569 Thread 0x000002117d369fc0 24204       4       org.eclipse.core.internal.jobs.JobManager::select (60 bytes)
Event: 18701.583 Thread 0x000002117d369fc0 nmethod 24204 0x00000211717c0f90 code [0x00000211717c1160, 0x00000211717c1678]
Event: 18731.653 Thread 0x000002117d369fc0 24205       4       java.util.concurrent.locks.AbstractQueuedSynchronizer$ConditionObject::canReacquire (38 bytes)
Event: 18731.681 Thread 0x000002117d369fc0 nmethod 24205 0x00000211717c1a90 code [0x00000211717c1c20, 0x00000211717c1d00]
Event: 19302.094 Thread 0x000002117d369fc0 24206   !   4       java.util.concurrent.locks.AbstractQueuedSynchronizer::acquire (424 bytes)
Event: 19302.460 Thread 0x000002117d369fc0 nmethod 24206 0x00000211717c1e10 code [0x00000211717c20a0, 0x00000211717c2f78]
Event: 19981.027 Thread 0x000002117d3b9680 24207   !   3       org.eclipse.osgi.storage.Storage::save0 (246 bytes)
Event: 19981.138 Thread 0x000002117d3b9680 nmethod 24207 0x000002116a5aaa90 code [0x000002116a5aafa0, 0x000002116a5adb88]
Event: 19981.493 Thread 0x000002117d3b9680 24208       3       java.util.logging.Logger::demandLogger (36 bytes)
Event: 19981.517 Thread 0x000002117d3b9680 nmethod 24208 0x000002116a5a9910 code [0x000002116a5a9ba0, 0x000002116a5aa650]

GC Heap History (20 events):
Event: 16481.702 GC heap before
{Heap before GC invocations=904 (full 5):
 PSYoungGen      total 20992K, used 20971K [0x00000000d5580000, 0x00000000d7480000, 0x0000000100000000)
  eden space 19456K, 100% used [0x00000000d5580000,0x00000000d6880000,0x00000000d6880000)
  from space 1536K, 98% used [0x00000000d6e00000,0x00000000d6f7ada0,0x00000000d6f80000)
  to   space 5632K, 0% used [0x00000000d6880000,0x00000000d6880000,0x00000000d6e00000)
 ParOldGen       total 734208K, used 533821K [0x0000000080000000, 0x00000000acd00000, 0x00000000d5580000)
  object space 734208K, 72% used [0x0000000080000000,0x00000000a094f510,0x00000000acd00000)
 Metaspace       used 90250K, committed 91968K, reserved 1179648K
  class space    used 9171K, committed 10048K, reserved 1048576K
}
Event: 16481.710 GC heap after
{Heap after GC invocations=904 (full 5):
 PSYoungGen      total 22016K, used 2384K [0x00000000d5580000, 0x00000000d6f80000, 0x0000000100000000)
  eden space 19456K, 0% used [0x00000000d5580000,0x00000000d5580000,0x00000000d6880000)
  from space 2560K, 93% used [0x00000000d6880000,0x00000000d6ad4030,0x00000000d6b00000)
  to   space 3584K, 0% used [0x00000000d6c00000,0x00000000d6c00000,0x00000000d6f80000)
 ParOldGen       total 734208K, used 535329K [0x0000000080000000, 0x00000000acd00000, 0x00000000d5580000)
  object space 734208K, 72% used [0x0000000080000000,0x00000000a0ac86b8,0x00000000acd00000)
 Metaspace       used 90250K, committed 91968K, reserved 1179648K
  class space    used 9171K, committed 10048K, reserved 1048576K
}
Event: 16481.802 GC heap before
{Heap before GC invocations=905 (full 5):
 PSYoungGen      total 22016K, used 21840K [0x00000000d5580000, 0x00000000d6f80000, 0x0000000100000000)
  eden space 19456K, 100% used [0x00000000d5580000,0x00000000d6880000,0x00000000d6880000)
  from space 2560K, 93% used [0x00000000d6880000,0x00000000d6ad4030,0x00000000d6b00000)
  to   space 3584K, 0% used [0x00000000d6c00000,0x00000000d6c00000,0x00000000d6f80000)
 ParOldGen       total 734208K, used 535329K [0x0000000080000000, 0x00000000acd00000, 0x00000000d5580000)
  object space 734208K, 72% used [0x0000000080000000,0x00000000a0ac86b8,0x00000000acd00000)
 Metaspace       used 90254K, committed 91968K, reserved 1179648K
  class space    used 9171K, committed 10048K, reserved 1048576K
}
Event: 16481.812 GC heap after
{Heap after GC invocations=905 (full 5):
 PSYoungGen      total 22528K, used 2641K [0x00000000d5580000, 0x00000000d6f00000, 0x0000000100000000)
  eden space 19456K, 0% used [0x00000000d5580000,0x00000000d5580000,0x00000000d6880000)
  from space 3072K, 85% used [0x00000000d6c00000,0x00000000d6e944a8,0x00000000d6f00000)
  to   space 3072K, 0% used [0x00000000d6900000,0x00000000d6900000,0x00000000d6c00000)
 ParOldGen       total 734208K, used 537549K [0x0000000080000000, 0x00000000acd00000, 0x00000000d5580000)
  object space 734208K, 73% used [0x0000000080000000,0x00000000a0cf36f8,0x00000000acd00000)
 Metaspace       used 90254K, committed 91968K, reserved 1179648K
  class space    used 9171K, committed 10048K, reserved 1048576K
}
Event: 16482.035 GC heap before
{Heap before GC invocations=906 (full 5):
 PSYoungGen      total 22528K, used 22097K [0x00000000d5580000, 0x00000000d6f00000, 0x0000000100000000)
  eden space 19456K, 100% used [0x00000000d5580000,0x00000000d6880000,0x00000000d6880000)
  from space 3072K, 85% used [0x00000000d6c00000,0x00000000d6e944a8,0x00000000d6f00000)
  to   space 3072K, 0% used [0x00000000d6900000,0x00000000d6900000,0x00000000d6c00000)
 ParOldGen       total 734208K, used 537549K [0x0000000080000000, 0x00000000acd00000, 0x00000000d5580000)
  object space 734208K, 73% used [0x0000000080000000,0x00000000a0cf36f8,0x00000000acd00000)
 Metaspace       used 90265K, committed 91968K, reserved 1179648K
  class space    used 9171K, committed 10048K, reserved 1048576K
}
Event: 16482.056 GC heap after
{Heap after GC invocations=906 (full 5):
 PSYoungGen      total 22528K, used 3053K [0x00000000d5580000, 0x00000000d7480000, 0x0000000100000000)
  eden space 19456K, 0% used [0x00000000d5580000,0x00000000d5580000,0x00000000d6880000)
  from space 3072K, 99% used [0x00000000d6900000,0x00000000d6bfb600,0x00000000d6c00000)
  to   space 6144K, 0% used [0x00000000d6e80000,0x00000000d6e80000,0x00000000d7480000)
 ParOldGen       total 734208K, used 540088K [0x0000000080000000, 0x00000000acd00000, 0x00000000d5580000)
  object space 734208K, 73% used [0x0000000080000000,0x00000000a0f6e128,0x00000000acd00000)
 Metaspace       used 90265K, committed 91968K, reserved 1179648K
  class space    used 9171K, committed 10048K, reserved 1048576K
}
Event: 16482.160 GC heap before
{Heap before GC invocations=907 (full 5):
 PSYoungGen      total 22528K, used 22509K [0x00000000d5580000, 0x00000000d7480000, 0x0000000100000000)
  eden space 19456K, 100% used [0x00000000d5580000,0x00000000d6880000,0x00000000d6880000)
  from space 3072K, 99% used [0x00000000d6900000,0x00000000d6bfb600,0x00000000d6c00000)
  to   space 6144K, 0% used [0x00000000d6e80000,0x00000000d6e80000,0x00000000d7480000)
 ParOldGen       total 734208K, used 540088K [0x0000000080000000, 0x00000000acd00000, 0x00000000d5580000)
  object space 734208K, 73% used [0x0000000080000000,0x00000000a0f6e128,0x00000000acd00000)
 Metaspace       used 90270K, committed 91968K, reserved 1179648K
  class space    used 9171K, committed 10048K, reserved 1048576K
}
Event: 16482.189 GC heap after
{Heap after GC invocations=907 (full 5):
 PSYoungGen      total 22528K, used 2562K [0x00000000d5580000, 0x00000000d7180000, 0x0000000100000000)
  eden space 19456K, 0% used [0x00000000d5580000,0x00000000d5580000,0x00000000d6880000)
  from space 3072K, 83% used [0x00000000d6e80000,0x00000000d71008f8,0x00000000d7180000)
  to   space 4096K, 0% used [0x00000000d6980000,0x00000000d6980000,0x00000000d6d80000)
 ParOldGen       total 734208K, used 543059K [0x0000000080000000, 0x00000000acd00000, 0x00000000d5580000)
  object space 734208K, 73% used [0x0000000080000000,0x00000000a1254ea8,0x00000000acd00000)
 Metaspace       used 90270K, committed 91968K, reserved 1179648K
  class space    used 9171K, committed 10048K, reserved 1048576K
}
Event: 16518.969 GC heap before
{Heap before GC invocations=908 (full 5):
 PSYoungGen      total 22528K, used 22018K [0x00000000d5580000, 0x00000000d7180000, 0x0000000100000000)
  eden space 19456K, 100% used [0x00000000d5580000,0x00000000d6880000,0x00000000d6880000)
  from space 3072K, 83% used [0x00000000d6e80000,0x00000000d71008f8,0x00000000d7180000)
  to   space 4096K, 0% used [0x00000000d6980000,0x00000000d6980000,0x00000000d6d80000)
 ParOldGen       total 734208K, used 543059K [0x0000000080000000, 0x00000000acd00000, 0x00000000d5580000)
  object space 734208K, 73% used [0x0000000080000000,0x00000000a1254ea8,0x00000000acd00000)
 Metaspace       used 90424K, committed 92096K, reserved 1179648K
  class space    used 9186K, committed 10048K, reserved 1048576K
}
Event: 16519.022 GC heap after
{Heap after GC invocations=908 (full 5):
 PSYoungGen      total 20992K, used 1127K [0x00000000d5580000, 0x00000000d6f00000, 0x0000000100000000)
  eden space 19456K, 0% used [0x00000000d5580000,0x00000000d5580000,0x00000000d6880000)
  from space 1536K, 73% used [0x00000000d6980000,0x00000000d6a99de0,0x00000000d6b00000)
  to   space 2048K, 0% used [0x00000000d6d00000,0x00000000d6d00000,0x00000000d6f00000)
 ParOldGen       total 734208K, used 545435K [0x0000000080000000, 0x00000000acd00000, 0x00000000d5580000)
  object space 734208K, 74% used [0x0000000080000000,0x00000000a14a6c40,0x00000000acd00000)
 Metaspace       used 90424K, committed 92096K, reserved 1179648K
  class space    used 9186K, committed 10048K, reserved 1048576K
}
Event: 18665.062 GC heap before
{Heap before GC invocations=909 (full 5):
 PSYoungGen      total 20992K, used 20583K [0x00000000d5580000, 0x00000000d6f00000, 0x0000000100000000)
  eden space 19456K, 100% used [0x00000000d5580000,0x00000000d6880000,0x00000000d6880000)
  from space 1536K, 73% used [0x00000000d6980000,0x00000000d6a99de0,0x00000000d6b00000)
  to   space 2048K, 0% used [0x00000000d6d00000,0x00000000d6d00000,0x00000000d6f00000)
 ParOldGen       total 734208K, used 545435K [0x0000000080000000, 0x00000000acd00000, 0x00000000d5580000)
  object space 734208K, 74% used [0x0000000080000000,0x00000000a14a6c40,0x00000000acd00000)
 Metaspace       used 90455K, committed 92160K, reserved 1179648K
  class space    used 9186K, committed 10048K, reserved 1048576K
}
Event: 18665.195 GC heap after
{Heap after GC invocations=909 (full 5):
 PSYoungGen      total 21504K, used 1604K [0x00000000d5580000, 0x00000000d6f00000, 0x0000000100000000)
  eden space 19456K, 0% used [0x00000000d5580000,0x00000000d5580000,0x00000000d6880000)
  from space 2048K, 78% used [0x00000000d6d00000,0x00000000d6e91250,0x00000000d6f00000)
  to   space 2048K, 0% used [0x00000000d6b00000,0x00000000d6b00000,0x00000000d6d00000)
 ParOldGen       total 734208K, used 546414K [0x0000000080000000, 0x00000000acd00000, 0x00000000d5580000)
  object space 734208K, 74% used [0x0000000080000000,0x00000000a159bbc0,0x00000000acd00000)
 Metaspace       used 90455K, committed 92160K, reserved 1179648K
  class space    used 9186K, committed 10048K, reserved 1048576K
}
Event: 18666.898 GC heap before
{Heap before GC invocations=910 (full 5):
 PSYoungGen      total 21504K, used 21060K [0x00000000d5580000, 0x00000000d6f00000, 0x0000000100000000)
  eden space 19456K, 100% used [0x00000000d5580000,0x00000000d6880000,0x00000000d6880000)
  from space 2048K, 78% used [0x00000000d6d00000,0x00000000d6e91250,0x00000000d6f00000)
  to   space 2048K, 0% used [0x00000000d6b00000,0x00000000d6b00000,0x00000000d6d00000)
 ParOldGen       total 734208K, used 546414K [0x0000000080000000, 0x00000000acd00000, 0x00000000d5580000)
  object space 734208K, 74% used [0x0000000080000000,0x00000000a159bbc0,0x00000000acd00000)
 Metaspace       used 90520K, committed 92160K, reserved 1179648K
  class space    used 9187K, committed 10048K, reserved 1048576K
}
Event: 18666.913 GC heap after
{Heap after GC invocations=910 (full 5):
 PSYoungGen      total 21504K, used 2038K [0x00000000d5580000, 0x00000000d7080000, 0x0000000100000000)
  eden space 19456K, 0% used [0x00000000d5580000,0x00000000d5580000,0x00000000d6880000)
  from space 2048K, 99% used [0x00000000d6b00000,0x00000000d6cfd938,0x00000000d6d00000)
  to   space 3584K, 0% used [0x00000000d6d00000,0x00000000d6d00000,0x00000000d7080000)
 ParOldGen       total 734208K, used 548064K [0x0000000080000000, 0x00000000acd00000, 0x00000000d5580000)
  object space 734208K, 74% used [0x0000000080000000,0x00000000a17383b8,0x00000000acd00000)
 Metaspace       used 90520K, committed 92160K, reserved 1179648K
  class space    used 9187K, committed 10048K, reserved 1048576K
}
Event: 18666.959 GC heap before
{Heap before GC invocations=911 (full 5):
 PSYoungGen      total 21504K, used 21494K [0x00000000d5580000, 0x00000000d7080000, 0x0000000100000000)
  eden space 19456K, 100% used [0x00000000d5580000,0x00000000d6880000,0x00000000d6880000)
  from space 2048K, 99% used [0x00000000d6b00000,0x00000000d6cfd938,0x00000000d6d00000)
  to   space 3584K, 0% used [0x00000000d6d00000,0x00000000d6d00000,0x00000000d7080000)
 ParOldGen       total 734208K, used 548064K [0x0000000080000000, 0x00000000acd00000, 0x00000000d5580000)
  object space 734208K, 74% used [0x0000000080000000,0x00000000a17383b8,0x00000000acd00000)
 Metaspace       used 90548K, committed 92224K, reserved 1179648K
  class space    used 9190K, committed 10048K, reserved 1048576K
}
Event: 18666.972 GC heap after
{Heap after GC invocations=911 (full 5):
 PSYoungGen      total 20992K, used 1124K [0x00000000d5580000, 0x00000000d6e80000, 0x0000000100000000)
  eden space 19456K, 0% used [0x00000000d5580000,0x00000000d5580000,0x00000000d6880000)
  from space 1536K, 73% used [0x00000000d6d00000,0x00000000d6e19230,0x00000000d6e80000)
  to   space 2560K, 0% used [0x00000000d6980000,0x00000000d6980000,0x00000000d6c00000)
 ParOldGen       total 734208K, used 549890K [0x0000000080000000, 0x00000000acd00000, 0x00000000d5580000)
  object space 734208K, 74% used [0x0000000080000000,0x00000000a1900818,0x00000000acd00000)
 Metaspace       used 90548K, committed 92224K, reserved 1179648K
  class space    used 9190K, committed 10048K, reserved 1048576K
}
Event: 18699.235 GC heap before
{Heap before GC invocations=912 (full 5):
 PSYoungGen      total 20992K, used 20580K [0x00000000d5580000, 0x00000000d6e80000, 0x0000000100000000)
  eden space 19456K, 100% used [0x00000000d5580000,0x00000000d6880000,0x00000000d6880000)
  from space 1536K, 73% used [0x00000000d6d00000,0x00000000d6e19230,0x00000000d6e80000)
  to   space 2560K, 0% used [0x00000000d6980000,0x00000000d6980000,0x00000000d6c00000)
 ParOldGen       total 734208K, used 549890K [0x0000000080000000, 0x00000000acd00000, 0x00000000d5580000)
  object space 734208K, 74% used [0x0000000080000000,0x00000000a1900818,0x00000000acd00000)
 Metaspace       used 90683K, committed 92352K, reserved 1179648K
  class space    used 9207K, committed 10048K, reserved 1048576K
}
Event: 18699.244 GC heap after
{Heap after GC invocations=912 (full 5):
 PSYoungGen      total 22016K, used 820K [0x00000000d5580000, 0x00000000d6d80000, 0x0000000100000000)
  eden space 19456K, 0% used [0x00000000d5580000,0x00000000d5580000,0x00000000d6880000)
  from space 2560K, 32% used [0x00000000d6980000,0x00000000d6a4d220,0x00000000d6c00000)
  to   space 1536K, 0% used [0x00000000d6c00000,0x00000000d6c00000,0x00000000d6d80000)
 ParOldGen       total 734208K, used 550870K [0x0000000080000000, 0x00000000acd00000, 0x00000000d5580000)
  object space 734208K, 75% used [0x0000000080000000,0x00000000a19f5a68,0x00000000acd00000)
 Metaspace       used 90683K, committed 92352K, reserved 1179648K
  class space    used 9207K, committed 10048K, reserved 1048576K
}
Event: 18701.251 GC heap before
{Heap before GC invocations=913 (full 5):
 PSYoungGen      total 22016K, used 20273K [0x00000000d5580000, 0x00000000d6d80000, 0x0000000100000000)
  eden space 19456K, 99% used [0x00000000d5580000,0x00000000d687f2f8,0x00000000d6880000)
  from space 2560K, 32% used [0x00000000d6980000,0x00000000d6a4d220,0x00000000d6c00000)
  to   space 1536K, 0% used [0x00000000d6c00000,0x00000000d6c00000,0x00000000d6d80000)
 ParOldGen       total 734208K, used 550870K [0x0000000080000000, 0x00000000acd00000, 0x00000000d5580000)
  object space 734208K, 75% used [0x0000000080000000,0x00000000a19f5a68,0x00000000acd00000)
 Metaspace       used 91053K, committed 92672K, reserved 1179648K
  class space    used 9266K, committed 10112K, reserved 1048576K
}
Event: 18701.260 GC heap after
{Heap after GC invocations=913 (full 5):
 PSYoungGen      total 20992K, used 1513K [0x00000000d5580000, 0x00000000d6e80000, 0x0000000100000000)
  eden space 19456K, 0% used [0x00000000d5580000,0x00000000d5580000,0x00000000d6880000)
  from space 1536K, 98% used [0x00000000d6c00000,0x00000000d6d7a400,0x00000000d6d80000)
  to   space 3072K, 0% used [0x00000000d6880000,0x00000000d6880000,0x00000000d6b80000)
 ParOldGen       total 734208K, used 551655K [0x0000000080000000, 0x00000000acd00000, 0x00000000d5580000)
  object space 734208K, 75% used [0x0000000080000000,0x00000000a1ab9fb8,0x00000000acd00000)
 Metaspace       used 91053K, committed 92672K, reserved 1179648K
  class space    used 9266K, committed 10112K, reserved 1048576K
}

Dll operation events (12 events):
Event: 0.033 Loaded shared library c:\Users\takwa\.vscode\extensions\redhat.java-1.54.0-win32-x64\jre\21.0.10-win32-x86_64\bin\java.dll
Event: 0.199 Loaded shared library c:\Users\takwa\.vscode\extensions\redhat.java-1.54.0-win32-x64\jre\21.0.10-win32-x86_64\bin\zip.dll
Event: 0.242 Loaded shared library C:\Users\takwa\.vscode\extensions\redhat.java-1.54.0-win32-x64\jre\21.0.10-win32-x86_64\bin\instrument.dll
Event: 0.256 Loaded shared library C:\Users\takwa\.vscode\extensions\redhat.java-1.54.0-win32-x64\jre\21.0.10-win32-x86_64\bin\net.dll
Event: 0.260 Loaded shared library C:\Users\takwa\.vscode\extensions\redhat.java-1.54.0-win32-x64\jre\21.0.10-win32-x86_64\bin\nio.dll
Event: 0.271 Loaded shared library C:\Users\takwa\.vscode\extensions\redhat.java-1.54.0-win32-x64\jre\21.0.10-win32-x86_64\bin\zip.dll
Event: 0.310 Loaded shared library C:\Users\takwa\.vscode\extensions\redhat.java-1.54.0-win32-x64\jre\21.0.10-win32-x86_64\bin\jimage.dll
Event: 0.496 Loaded shared library c:\Users\takwa\.vscode\extensions\redhat.java-1.54.0-win32-x64\jre\21.0.10-win32-x86_64\bin\verify.dll
Event: 24.021 Loaded shared library C:\Users\takwa\AppData\Roaming\Code\User\globalStorage\redhat.java\1.54.0\config_win\org.eclipse.equinox.launcher\org.eclipse.equinox.launcher.win32.win32.x86_64_1.3.0.v20260203-2149\eclipse_11919.dll
Event: 51.511 Loaded shared library C:\Users\takwa\AppData\Local\Temp\jna-110124776\jna18014881148276782767.dll
Event: 63.491 Loaded shared library C:\Users\takwa\.vscode\extensions\redhat.java-1.54.0-win32-x64\jre\21.0.10-win32-x86_64\bin\sunmscapi.dll
Event: 64.106 Loaded shared library C:\Users\takwa\.vscode\extensions\redhat.java-1.54.0-win32-x64\jre\21.0.10-win32-x86_64\bin\extnet.dll

Deoptimization events (20 events):
Event: 18664.752 Thread 0x00000211472869f0 DEOPT PACKING pc=0x000002116a63aff1 sp=0x000000bfe44fd260
Event: 18664.754 Thread 0x00000211472869f0 DEOPT UNPACKING pc=0x000002116fce4242 sp=0x000000bfe44fc720 mode 0
Event: 18664.942 Thread 0x00000211472869f0 Uncommon trap: trap_request=0xffffffbe fr.pc=0x000002117172ac24 relative=0x0000000000000664
Event: 18664.942 Thread 0x00000211472869f0 Uncommon trap: reason=profile_predicate action=maybe_recompile pc=0x000002117172ac24 method=org.eclipse.jdt.internal.compiler.lookup.SourceTypeBinding.methods()[Lorg/eclipse/jdt/internal/compiler/lookup/MethodBinding; @ 833 c2
Event: 18664.942 Thread 0x00000211472869f0 DEOPT PACKING pc=0x000002117172ac24 sp=0x000000bfe44fe250
Event: 18664.943 Thread 0x00000211472869f0 DEOPT UNPACKING pc=0x000002116fce3aa2 sp=0x000000bfe44fe180 mode 2
Event: 18665.057 Thread 0x00000211472869f0 DEOPT PACKING pc=0x000002116ae1d195 sp=0x000000bfe44fd780
Event: 18665.057 Thread 0x00000211472869f0 DEOPT UNPACKING pc=0x000002116fce4242 sp=0x000000bfe44fd0f8 mode 0
Event: 18667.144 Thread 0x0000021147288430 Uncommon trap: trap_request=0xffffff45 fr.pc=0x00000211711e4c3c relative=0x00000000000001dc
Event: 18667.144 Thread 0x0000021147288430 Uncommon trap: reason=unstable_if action=reinterpret pc=0x00000211711e4c3c method=org.eclipse.jface.text.DefaultLineTracker.nextDelimiterInfo(Ljava/lang/String;I)Lorg/eclipse/jface/text/AbstractLineTracker$DelimiterInfo; @ 118 c2
Event: 18667.144 Thread 0x0000021147288430 DEOPT PACKING pc=0x00000211711e4c3c sp=0x000000bfe66fe510
Event: 18667.144 Thread 0x0000021147288430 DEOPT UNPACKING pc=0x000002116fce3aa2 sp=0x000000bfe66fe488 mode 2
Event: 18667.234 Thread 0x00000211472869f0 Uncommon trap: trap_request=0xffffff45 fr.pc=0x00000211705d0964 relative=0x0000000000000524
Event: 18667.234 Thread 0x00000211472869f0 Uncommon trap: reason=unstable_if action=reinterpret pc=0x00000211705d0964 method=org.eclipse.jdt.internal.corext.fix.VariableDeclarationFixCore$WrittenNamesFinder.visit(Lorg/eclipse/jdt/core/dom/SimpleName;)Z @ 111 c2
Event: 18667.234 Thread 0x00000211472869f0 DEOPT PACKING pc=0x00000211705d0964 sp=0x000000bfe44fe390
Event: 18667.234 Thread 0x00000211472869f0 DEOPT UNPACKING pc=0x000002116fce3aa2 sp=0x000000bfe44fe340 mode 2
Event: 18700.711 Thread 0x0000021147288430 Uncommon trap: trap_request=0xffffff45 fr.pc=0x0000021170f5c5a4 relative=0x00000000000000e4
Event: 18700.711 Thread 0x0000021147288430 Uncommon trap: reason=unstable_if action=reinterpret pc=0x0000021170f5c5a4 method=org.eclipse.jdt.internal.compiler.lookup.BinaryTypeBinding.typeVariables()[Lorg/eclipse/jdt/internal/compiler/lookup/TypeVariableBinding; @ 4 c2
Event: 18700.711 Thread 0x0000021147288430 DEOPT PACKING pc=0x0000021170f5c5a4 sp=0x000000bfe66fe650
Event: 18700.711 Thread 0x0000021147288430 DEOPT UNPACKING pc=0x000002116fce3aa2 sp=0x000000bfe66fe5e0 mode 2

Classes loaded (20 events):
Event: 14562.558 Loading class jdk/internal/ref/CleanerImpl$InnocuousThreadFactory
Event: 14562.559 Loading class jdk/internal/ref/CleanerImpl$InnocuousThreadFactory done
Event: 14563.202 Loading class java/util/regex/Pattern$Behind
Event: 14563.203 Loading class java/util/regex/Pattern$Behind done
Event: 14563.205 Loading class java/util/regex/Pattern$Neg
Event: 14563.206 Loading class java/util/regex/Pattern$Neg done
Event: 16211.597 Loading class java/util/stream/SliceOps
Event: 16211.639 Loading class java/util/stream/SliceOps done
Event: 16211.641 Loading class java/util/stream/SliceOps$1
Event: 16211.655 Loading class java/util/stream/SliceOps$1 done
Event: 16212.019 Loading class java/util/stream/SliceOps$1$1
Event: 16212.022 Loading class java/util/stream/SliceOps$1$1 done
Event: 16216.700 Loading class jdk/internal/module/IllegalAccessLogger
Event: 16216.701 Loading class jdk/internal/module/IllegalAccessLogger done
Event: 16463.540 Loading class jdk/internal/module/IllegalAccessLogger
Event: 16463.542 Loading class jdk/internal/module/IllegalAccessLogger done
Event: 16464.688 Loading class java/text/ChoiceFormat
Event: 16464.730 Loading class java/text/ChoiceFormat done
Event: 16477.437 Loading class jdk/internal/module/IllegalAccessLogger
Event: 16477.437 Loading class jdk/internal/module/IllegalAccessLogger done

Classes unloaded (20 events):
Event: 14563.825 Thread 0x000002117bff4970 Unloading class 0x000002110100d800 'java/lang/invoke/LambdaForm$MH+0x000002110100d800'
Event: 14563.825 Thread 0x000002117bff4970 Unloading class 0x000002110100d400 'java/lang/invoke/LambdaForm$MH+0x000002110100d400'
Event: 14563.825 Thread 0x000002117bff4970 Unloading class 0x000002110100d000 'java/lang/invoke/LambdaForm$MH+0x000002110100d000'
Event: 14563.825 Thread 0x000002117bff4970 Unloading class 0x000002110100cc00 'java/lang/invoke/LambdaForm$MH+0x000002110100cc00'
Event: 14563.825 Thread 0x000002117bff4970 Unloading class 0x000002110100c800 'java/lang/invoke/LambdaForm$BMH+0x000002110100c800'
Event: 14563.825 Thread 0x000002117bff4970 Unloading class 0x000002110100c000 'java/lang/invoke/LambdaForm$DMH+0x000002110100c000'
Event: 14563.825 Thread 0x000002117bff4970 Unloading class 0x0000021101008c00 'java/lang/invoke/LambdaForm$MH+0x0000021101008c00'
Event: 14563.825 Thread 0x000002117bff4970 Unloading class 0x0000021101008800 'java/lang/invoke/LambdaForm$MH+0x0000021101008800'
Event: 14563.825 Thread 0x000002117bff4970 Unloading class 0x0000021101008400 'java/lang/invoke/LambdaForm$MH+0x0000021101008400'
Event: 14563.825 Thread 0x000002117bff4970 Unloading class 0x0000021101007000 'java/lang/invoke/LambdaForm$MH+0x0000021101007000'
Event: 14563.825 Thread 0x000002117bff4970 Unloading class 0x0000021101006800 'java/lang/invoke/LambdaForm$MH+0x0000021101006800'
Event: 14563.825 Thread 0x000002117bff4970 Unloading class 0x0000021101006400 'java/lang/invoke/LambdaForm$MH+0x0000021101006400'
Event: 14563.825 Thread 0x000002117bff4970 Unloading class 0x0000021101006000 'java/lang/invoke/LambdaForm$MH+0x0000021101006000'
Event: 14563.825 Thread 0x000002117bff4970 Unloading class 0x0000021101005c00 'java/lang/invoke/LambdaForm$BMH+0x0000021101005c00'
Event: 14563.825 Thread 0x000002117bff4970 Unloading class 0x0000021101004800 'java/lang/invoke/LambdaForm$DMH+0x0000021101004800'
Event: 14563.825 Thread 0x000002117bff4970 Unloading class 0x0000021101002800 'java/lang/invoke/LambdaForm$MH+0x0000021101002800'
Event: 14563.825 Thread 0x000002117bff4970 Unloading class 0x0000021101002400 'java/lang/invoke/LambdaForm$MH+0x0000021101002400'
Event: 14563.825 Thread 0x000002117bff4970 Unloading class 0x0000021101002000 'java/lang/invoke/LambdaForm$MH+0x0000021101002000'
Event: 14563.825 Thread 0x000002117bff4970 Unloading class 0x0000021101001800 'java/lang/invoke/LambdaForm$MH+0x0000021101001800'
Event: 14563.825 Thread 0x000002117bff4970 Unloading class 0x0000021101000400 'java/lang/invoke/LambdaForm$MH+0x0000021101000400'

Classes redefined (0 events):
No events

Internal exceptions (20 events):
Event: 16209.024 Thread 0x0000021147284920 Exception <a 'java/lang/IncompatibleClassChangeError'{0x00000000d5604338}: Found class java.lang.Object, but interface was expected> (0x00000000d5604338) 
thrown [s\src\hotspot\share\interpreter\linkResolver.cpp, line 840]
Event: 16211.094 Thread 0x0000021147284920 Exception <a 'java/lang/IncompatibleClassChangeError'{0x00000000d59a8280}: Found class java.lang.Object, but interface was expected> (0x00000000d59a8280) 
thrown [s\src\hotspot\share\interpreter\linkResolver.cpp, line 840]
Event: 16215.410 Thread 0x000002117f7310c0 Implicit null exception at 0x0000021170af6691 to 0x0000021170af6de8
Event: 16215.626 Thread 0x000002117f670b80 Exception <a 'sun/nio/fs/WindowsException'{0x00000000d5603998}> (0x00000000d5603998) 
thrown [s\src\hotspot\share\prims\jni.cpp, line 520]
Event: 16216.484 Thread 0x000002117f670b80 Exception <a 'sun/nio/fs/WindowsException'{0x00000000d5bdc718}> (0x00000000d5bdc718) 
thrown [s\src\hotspot\share\prims\jni.cpp, line 520]
Event: 16216.496 Thread 0x000002117f670b80 Implicit null exception at 0x0000021170d7a466 to 0x0000021170d7a554
Event: 16216.967 Thread 0x000002114d72d080 Implicit null exception at 0x0000021171291f35 to 0x00000211712921a8
Event: 16217.237 Thread 0x000002114d72d080 Implicit null exception at 0x0000021170492ad5 to 0x0000021170495998
Event: 16462.650 Thread 0x000002117f670b80 Exception <a 'sun/nio/fs/WindowsException'{0x00000000d55ce620}> (0x00000000d55ce620) 
thrown [s\src\hotspot\share\prims\jni.cpp, line 520]
Event: 16463.984 Thread 0x000002117f670b80 Exception <a 'sun/nio/fs/WindowsException'{0x00000000d5eec688}> (0x00000000d5eec688) 
thrown [s\src\hotspot\share\prims\jni.cpp, line 520]
Event: 16466.980 Thread 0x000002117f670b80 Exception <a 'sun/nio/fs/WindowsException'{0x00000000d6a397f0}> (0x00000000d6a397f0) 
thrown [s\src\hotspot\share\prims\jni.cpp, line 520]
Event: 16467.562 Thread 0x000002117f670b80 Exception <a 'sun/nio/fs/WindowsException'{0x00000000d5a27b20}> (0x00000000d5a27b20) 
thrown [s\src\hotspot\share\prims\jni.cpp, line 520]
Event: 16477.280 Thread 0x000002117f670b80 Exception <a 'sun/nio/fs/WindowsException'{0x00000000d645d0f8}> (0x00000000d645d0f8) 
thrown [s\src\hotspot\share\prims\jni.cpp, line 520]
Event: 16477.996 Thread 0x000002117f670b80 Exception <a 'sun/nio/fs/WindowsException'{0x00000000d5d00748}> (0x00000000d5d00748) 
thrown [s\src\hotspot\share\prims\jni.cpp, line 520]
Event: 16515.702 Thread 0x000002117f6704f0 Exception <a 'sun/nio/fs/WindowsException'{0x00000000d64a5ab0}> (0x00000000d64a5ab0) 
thrown [s\src\hotspot\share\prims\jni.cpp, line 520]
Event: 16515.704 Thread 0x000002117f6704f0 Exception <a 'sun/nio/fs/WindowsException'{0x00000000d64a65b8}> (0x00000000d64a65b8) 
thrown [s\src\hotspot\share\prims\jni.cpp, line 520]
Event: 16516.158 Thread 0x000002117f6704f0 Exception <a 'java/lang/NoSuchMethodError'{0x00000000d66a12a0}: static Lorg/eclipse/m2e/core/internal/lifecyclemapping/model/PluginExecutionMetadata;.<clinit>()V> (0x00000000d66a12a0) 
thrown [s\src\hotspot\share\prims\jni.cpp, line 1111]
Event: 16516.196 Thread 0x000002117f6704f0 Exception <a 'java/lang/NoSuchMethodError'{0x00000000d66c2e98}: static Lorg/eclipse/m2e/core/internal/lifecyclemapping/model/PluginExecutionFilter;.<clinit>()V> (0x00000000d66c2e98) 
thrown [s\src\hotspot\share\prims\jni.cpp, line 1111]
Event: 16516.205 Thread 0x000002117f6704f0 Exception <a 'java/lang/NoSuchMethodError'{0x00000000d66d76f8}: static Lorg/eclipse/m2e/core/internal/project/registry/MavenProjectFacade$MavenProjectConfiguration;.<clinit>()V> (0x00000000d66d76f8) 
thrown [s\src\hotspot\share\prims\jni.cpp, line 1111]
Event: 16516.218 Thread 0x000002117f6704f0 Exception <a 'java/lang/NoSuchMethodError'{0x00000000d66f28d8}: static [J.<clinit>()V> (0x00000000d66f28d8) 
thrown [s\src\hotspot\share\prims\jni.cpp, line 1111]

ZGC Phase Switch (0 events):
No events

VM Operations (20 events):
Event: 20474.044 Executing non-safepoint VM operation: HandshakeAllThreads (HandshakeForDeflation)
Event: 20474.045 Executing non-safepoint VM operation: HandshakeAllThreads (HandshakeForDeflation) done
Event: 20474.045 Executing non-safepoint VM operation: RendezvousGCThreads
Event: 20474.045 Executing non-safepoint VM operation: RendezvousGCThreads done
Event: 20594.345 Executing non-safepoint VM operation: HandshakeAllThreads (HandshakeForDeflation)
Event: 20594.347 Executing non-safepoint VM operation: HandshakeAllThreads (HandshakeForDeflation) done
Event: 20594.347 Executing non-safepoint VM operation: RendezvousGCThreads
Event: 20594.347 Executing non-safepoint VM operation: RendezvousGCThreads done
Event: 20654.382 Executing non-safepoint VM operation: HandshakeAllThreads (HandshakeForDeflation)
Event: 20654.383 Executing non-safepoint VM operation: HandshakeAllThreads (HandshakeForDeflation) done
Event: 20654.383 Executing non-safepoint VM operation: RendezvousGCThreads
Event: 20654.383 Executing non-safepoint VM operation: RendezvousGCThreads done
Event: 20714.567 Executing non-safepoint VM operation: HandshakeAllThreads (HandshakeForDeflation)
Event: 20714.573 Executing non-safepoint VM operation: HandshakeAllThreads (HandshakeForDeflation) done
Event: 20714.573 Executing non-safepoint VM operation: RendezvousGCThreads
Event: 20714.573 Executing non-safepoint VM operation: RendezvousGCThreads done
Event: 20774.642 Executing non-safepoint VM operation: HandshakeAllThreads (HandshakeForDeflation)
Event: 20774.652 Executing non-safepoint VM operation: HandshakeAllThreads (HandshakeForDeflation) done
Event: 20774.654 Executing non-safepoint VM operation: RendezvousGCThreads
Event: 20774.654 Executing non-safepoint VM operation: RendezvousGCThreads done

Memory protections (0 events):
No events

Nmethod flushes (20 events):
Event: 14565.648 Thread 0x000002117bff4970 flushing  nmethod 0x000002116a825010
Event: 14565.648 Thread 0x000002117bff4970 flushing  nmethod 0x000002116a829090
Event: 14565.648 Thread 0x000002117bff4970 flushing  nmethod 0x000002116a829910
Event: 14565.648 Thread 0x000002117bff4970 flushing  nmethod 0x000002116a82b890
Event: 14565.648 Thread 0x000002117bff4970 flushing  nmethod 0x000002116a82c010
Event: 14565.648 Thread 0x000002117bff4970 flushing  nmethod 0x000002116a82c710
Event: 14565.648 Thread 0x000002117bff4970 flushing  nmethod 0x000002116a830e90
Event: 14565.648 Thread 0x000002117bff4970 flushing  nmethod 0x000002116a831a90
Event: 14565.648 Thread 0x000002117bff4970 flushing  nmethod 0x000002116a834f10
Event: 14565.648 Thread 0x000002117bff4970 flushing  nmethod 0x000002116a842f10
Event: 14565.648 Thread 0x000002117bff4970 flushing  nmethod 0x000002116a860090
Event: 14565.648 Thread 0x000002117bff4970 flushing  nmethod 0x000002116a887690
Event: 14565.648 Thread 0x000002117bff4970 flushing  nmethod 0x000002116a8e2210
Event: 14565.648 Thread 0x000002117bff4970 flushing  nmethod 0x000002116a8eed90
Event: 14565.648 Thread 0x000002117bff4970 flushing  nmethod 0x000002116a935d10
Event: 14565.648 Thread 0x000002117bff4970 flushing osr nmethod 0x000002116a951090
Event: 14565.649 Thread 0x000002117bff4970 flushing  nmethod 0x000002116a97a910
Event: 14565.649 Thread 0x000002117bff4970 flushing  nmethod 0x000002116a97b310
Event: 14565.649 Thread 0x000002117bff4970 flushing  nmethod 0x000002116a990310
Event: 14565.649 Thread 0x000002117bff4970 flushing  nmethod 0x000002116a9ce190

Events (20 events):
Event: 16765.553 Thread 0x0000021147287080 Thread exited: 0x0000021147287080
Event: 16765.554 Thread 0x0000021147284290 Thread exited: 0x0000021147284290
Event: 16765.555 Thread 0x0000021147288ac0 Thread exited: 0x0000021147288ac0
Event: 16777.369 Thread 0x00000211468b6f00 Thread exited: 0x00000211468b6f00
Event: 16777.876 Thread 0x00000211468b8fd0 Thread exited: 0x00000211468b8fd0
Event: 16777.877 Thread 0x00000211468b61e0 Thread exited: 0x00000211468b61e0
Event: 16777.879 Thread 0x00000211468b82b0 Thread exited: 0x00000211468b82b0
Event: 16777.880 Thread 0x00000211468b9660 Thread exited: 0x00000211468b9660
Event: 17534.703 Thread 0x0000021147284920 Thread added: 0x00000211472869f0
Event: 17595.809 Thread 0x00000211472869f0 Thread exited: 0x00000211472869f0
Event: 18664.467 Thread 0x0000021147284920 Thread added: 0x00000211472869f0
Event: 18664.570 Thread 0x00000211472869f0 Thread added: 0x0000021147284290
Event: 18664.585 Thread 0x0000021147284920 Thread added: 0x0000021147288430
Event: 18665.346 Thread 0x000002117d3b9680 Thread added: 0x000002114bd88730
Event: 18665.859 Thread 0x000002114bd88730 Thread exited: 0x000002114bd88730
Event: 18701.309 Thread 0x0000021147284920 Thread added: 0x0000021147289e70
Event: 18771.447 Thread 0x00000211472869f0 Thread exited: 0x00000211472869f0
Event: 18831.414 Thread 0x0000021147288430 Thread exited: 0x0000021147288430
Event: 18891.434 Thread 0x0000021147284290 Thread exited: 0x0000021147284290
Event: 18967.783 Thread 0x0000021147289e70 Thread exited: 0x0000021147289e70


Dynamic libraries:
0x00007ff6d33c0000 - 0x00007ff6d33ce000 	c:\Users\takwa\.vscode\extensions\redhat.java-1.54.0-win32-x64\jre\21.0.10-win32-x86_64\bin\java.exe
0x00007ffb38e00000 - 0x00007ffb39066000 	C:\WINDOWS\SYSTEM32\ntdll.dll
0x00007ffb37990000 - 0x00007ffb37a59000 	C:\WINDOWS\System32\KERNEL32.DLL
0x00007ffb36150000 - 0x00007ffb3654a000 	C:\WINDOWS\System32\KERNELBASE.dll
0x00007ffb36a30000 - 0x00007ffb36b7c000 	C:\WINDOWS\System32\ucrtbase.dll
0x00007ffb20b10000 - 0x00007ffb20b2e000 	c:\Users\takwa\.vscode\extensions\redhat.java-1.54.0-win32-x64\jre\21.0.10-win32-x86_64\bin\VCRUNTIME140.dll
0x00007ffb22690000 - 0x00007ffb226a8000 	c:\Users\takwa\.vscode\extensions\redhat.java-1.54.0-win32-x64\jre\21.0.10-win32-x86_64\bin\jli.dll
0x00007ffb36f50000 - 0x00007ffb37117000 	C:\WINDOWS\System32\USER32.dll
0x00007ffb10f90000 - 0x00007ffb11222000 	C:\WINDOWS\WinSxS\amd64_microsoft.windows.common-controls_6595b64144ccf1df_6.0.26100.8346_none_3e0a4650e332b5e4\COMCTL32.dll
0x00007ffb36550000 - 0x00007ffb36577000 	C:\WINDOWS\System32\win32u.dll
0x00007ffb36b80000 - 0x00007ffb36bab000 	C:\WINDOWS\System32\GDI32.dll
0x00007ffb38290000 - 0x00007ffb38339000 	C:\WINDOWS\System32\msvcrt.dll
0x00007ffb367c0000 - 0x00007ffb368eb000 	C:\WINDOWS\System32\gdi32full.dll
0x00007ffb360a0000 - 0x00007ffb36143000 	C:\WINDOWS\System32\msvcp_win.dll
0x00007ffb383f0000 - 0x00007ffb38422000 	C:\WINDOWS\System32\IMM32.DLL
0x00007ffb20b00000 - 0x00007ffb20b0c000 	c:\Users\takwa\.vscode\extensions\redhat.java-1.54.0-win32-x64\jre\21.0.10-win32-x86_64\bin\vcruntime140_1.dll
0x00007ffb05680000 - 0x00007ffb0570d000 	c:\Users\takwa\.vscode\extensions\redhat.java-1.54.0-win32-x64\jre\21.0.10-win32-x86_64\bin\msvcp140.dll
0x00007ffa8f5b0000 - 0x00007ffa90351000 	c:\Users\takwa\.vscode\extensions\redhat.java-1.54.0-win32-x64\jre\21.0.10-win32-x86_64\bin\server\jvm.dll
0x00007ffb38d00000 - 0x00007ffb38db6000 	C:\WINDOWS\System32\ADVAPI32.dll
0x00007ffb36e10000 - 0x00007ffb36eb7000 	C:\WINDOWS\System32\sechost.dll
0x00007ffb37de0000 - 0x00007ffb37ef8000 	C:\WINDOWS\System32\RPCRT4.dll
0x00007ffb36ec0000 - 0x00007ffb36f40000 	C:\WINDOWS\System32\WS2_32.dll
0x00007ffb35f00000 - 0x00007ffb35f5e000 	C:\WINDOWS\SYSTEM32\POWRPROF.dll
0x00007ffb2a620000 - 0x00007ffb2a656000 	C:\WINDOWS\SYSTEM32\WINMM.dll
0x00007ffb12140000 - 0x00007ffb1214b000 	C:\WINDOWS\SYSTEM32\VERSION.dll
0x00007ffb35ee0000 - 0x00007ffb35ef4000 	C:\WINDOWS\SYSTEM32\UMPDC.dll
0x00007ffb34de0000 - 0x00007ffb34dfb000 	C:\WINDOWS\SYSTEM32\kernel.appcore.dll
0x00007ffb20ae0000 - 0x00007ffb20aea000 	c:\Users\takwa\.vscode\extensions\redhat.java-1.54.0-win32-x64\jre\21.0.10-win32-x86_64\bin\jimage.dll
0x00007ffb33750000 - 0x00007ffb33992000 	C:\WINDOWS\SYSTEM32\DBGHELP.DLL
0x00007ffb37f00000 - 0x00007ffb38283000 	C:\WINDOWS\System32\combase.dll
0x00007ffb371a0000 - 0x00007ffb37279000 	C:\WINDOWS\System32\OLEAUT32.dll
0x00007ffb0b410000 - 0x00007ffb0b44b000 	C:\WINDOWS\SYSTEM32\dbgcore.DLL
0x00007ffb368f0000 - 0x00007ffb36998000 	C:\WINDOWS\System32\bcryptPrimitives.dll
0x00007ffb20ac0000 - 0x00007ffb20acf000 	c:\Users\takwa\.vscode\extensions\redhat.java-1.54.0-win32-x64\jre\21.0.10-win32-x86_64\bin\instrument.dll
0x00007ffb20780000 - 0x00007ffb207a0000 	c:\Users\takwa\.vscode\extensions\redhat.java-1.54.0-win32-x64\jre\21.0.10-win32-x86_64\bin\java.dll
0x00007ffb38430000 - 0x00007ffb38bac000 	C:\WINDOWS\System32\SHELL32.dll
0x00007ffb33c30000 - 0x00007ffb344a5000 	C:\WINDOWS\SYSTEM32\windows.storage.dll
0x00007ffb36d10000 - 0x00007ffb36e09000 	C:\WINDOWS\System32\SHCORE.dll
0x00007ffb37120000 - 0x00007ffb37187000 	C:\WINDOWS\System32\shlwapi.dll
0x00007ffb35fc0000 - 0x00007ffb35fe9000 	C:\WINDOWS\SYSTEM32\profapi.dll
0x00007ffb20480000 - 0x00007ffb20498000 	c:\Users\takwa\.vscode\extensions\redhat.java-1.54.0-win32-x64\jre\21.0.10-win32-x86_64\bin\zip.dll
0x00007ffb204b0000 - 0x00007ffb204c0000 	C:\Users\takwa\.vscode\extensions\redhat.java-1.54.0-win32-x64\jre\21.0.10-win32-x86_64\bin\net.dll
0x00007ffb2d5a0000 - 0x00007ffb2d6c9000 	C:\WINDOWS\SYSTEM32\WINHTTP.dll
0x00007ffb35330000 - 0x00007ffb3539c000 	C:\WINDOWS\system32\mswsock.dll
0x00007ffb1ed10000 - 0x00007ffb1ed26000 	C:\Users\takwa\.vscode\extensions\redhat.java-1.54.0-win32-x64\jre\21.0.10-win32-x86_64\bin\nio.dll
0x00007ffb1f070000 - 0x00007ffb1f080000 	c:\Users\takwa\.vscode\extensions\redhat.java-1.54.0-win32-x64\jre\21.0.10-win32-x86_64\bin\verify.dll
0x00007ffb1a710000 - 0x00007ffb1a755000 	C:\Users\takwa\AppData\Roaming\Code\User\globalStorage\redhat.java\1.54.0\config_win\org.eclipse.equinox.launcher\org.eclipse.equinox.launcher.win32.win32.x86_64_1.3.0.v20260203-2149\eclipse_11919.dll
0x00007ffb37bb0000 - 0x00007ffb37d48000 	C:\WINDOWS\System32\ole32.dll
0x00007ffb35730000 - 0x00007ffb3574b000 	C:\WINDOWS\SYSTEM32\CRYPTSP.dll
0x00007ffb34d40000 - 0x00007ffb34d79000 	C:\WINDOWS\system32\rsaenh.dll
0x00007ffb353e0000 - 0x00007ffb35413000 	C:\WINDOWS\SYSTEM32\USERENV.dll
0x00007ffb35f90000 - 0x00007ffb35fba000 	C:\WINDOWS\SYSTEM32\bcrypt.dll
0x00007ffb35590000 - 0x00007ffb3559c000 	C:\WINDOWS\SYSTEM32\CRYPTBASE.dll
0x00007ffb34820000 - 0x00007ffb34852000 	C:\WINDOWS\SYSTEM32\IPHLPAPI.DLL
0x00007ffb37d50000 - 0x00007ffb37d5a000 	C:\WINDOWS\System32\NSI.dll
0x00007ffb06790000 - 0x00007ffb067d9000 	C:\Users\takwa\AppData\Local\Temp\jna-110124776\jna18014881148276782767.dll
0x00007ffb37280000 - 0x00007ffb37288000 	C:\WINDOWS\System32\PSAPI.DLL
0x00007ffb2e160000 - 0x00007ffb2e17d000 	C:\WINDOWS\SYSTEM32\dhcpcsvc6.DLL
0x00007ffb2e130000 - 0x00007ffb2e155000 	C:\WINDOWS\SYSTEM32\dhcpcsvc.DLL
0x00007ffb20af0000 - 0x00007ffb20afe000 	C:\Users\takwa\.vscode\extensions\redhat.java-1.54.0-win32-x64\jre\21.0.10-win32-x86_64\bin\sunmscapi.dll
0x00007ffb36580000 - 0x00007ffb366f7000 	C:\WINDOWS\System32\CRYPT32.dll
0x00007ffb35890000 - 0x00007ffb358c0000 	C:\WINDOWS\SYSTEM32\ncrypt.dll
0x00007ffb35840000 - 0x00007ffb3587f000 	C:\WINDOWS\SYSTEM32\NTASN1.dll
0x00007ffb348c0000 - 0x00007ffb34a09000 	C:\WINDOWS\SYSTEM32\DNSAPI.dll
0x00007ffb35150000 - 0x00007ffb3515d000 	C:\WINDOWS\SYSTEM32\DSPARSE.dll
0x00007ffb2c280000 - 0x00007ffb2c28b000 	C:\Windows\System32\rasadhlp.dll
0x00007ffb2e500000 - 0x00007ffb2e586000 	C:\WINDOWS\System32\fwpuclnt.dll
0x00007ffb1e050000 - 0x00007ffb1e059000 	C:\Users\takwa\.vscode\extensions\redhat.java-1.54.0-win32-x64\jre\21.0.10-win32-x86_64\bin\extnet.dll
0x00007ffb34f00000 - 0x00007ffb34f36000 	C:\WINDOWS\SYSTEM32\ntmarta.dll

JVMTI agents:
c:\Users\takwa\.vscode\extensions\redhat.java-1.54.0-win32-x64\lombok\lombok-1.18.39-4050.jar path:c:\Users\takwa\.vscode\extensions\redhat.java-1.54.0-win32-x64\jre\21.0.10-win32-x86_64\bin\instrument.dll, loaded, initialized, instrumentlib options:none

dbghelp: loaded successfully - version: 4.0.5 - missing functions: none
symbol engine: initialized successfully - sym options: 0x614 - pdb path: .;c:\Users\takwa\.vscode\extensions\redhat.java-1.54.0-win32-x64\jre\21.0.10-win32-x86_64\bin;C:\WINDOWS\SYSTEM32;C:\WINDOWS\WinSxS\amd64_microsoft.windows.common-controls_6595b64144ccf1df_6.0.26100.8346_none_3e0a4650e332b5e4;c:\Users\takwa\.vscode\extensions\redhat.java-1.54.0-win32-x64\jre\21.0.10-win32-x86_64\bin\server;C:\Users\takwa\AppData\Roaming\Code\User\globalStorage\redhat.java\1.54.0\config_win\org.eclipse.equinox.launcher\org.eclipse.equinox.launcher.win32.win32.x86_64_1.3.0.v20260203-2149;C:\Users\takwa\AppData\Local\Temp\jna-110124776

VM Arguments:
jvm_args: --add-modules=ALL-SYSTEM --add-opens=java.base/java.util=ALL-UNNAMED --add-opens=java.base/java.lang=ALL-UNNAMED --add-opens=java.base/sun.nio.fs=ALL-UNNAMED -Declipse.application=org.eclipse.jdt.ls.core.id1 -Dosgi.bundles.defaultStartLevel=4 -Declipse.product=org.eclipse.jdt.ls.core.product -Djava.import.generatesMetadataFilesAtProjectRoot=false -DDetectVMInstallationsJob.disabled=true -Dfile.encoding=utf8 -XX:+UseParallelGC -XX:GCTimeRatio=4 -XX:AdaptiveSizePolicyWeight=90 -Dsun.zip.disableMemoryMapping=true -Xmx2G -Xms100m -Xlog:disable -javaagent:c:\Users\takwa\.vscode\extensions\redhat.java-1.54.0-win32-x64\lombok\lombok-1.18.39-4050.jar -XX:+HeapDumpOnOutOfMemoryError -XX:HeapDumpPath=c:\Users\takwa\AppData\Roaming\Code\User\workspaceStorage\9ef35f15cb76032a73c490f0d8220ee0\redhat.java -Daether.dependencyCollector.impl=bf 
java_command: c:\Users\takwa\.vscode\extensions\redhat.java-1.54.0-win32-x64\server\plugins\org.eclipse.equinox.launcher_1.7.100.v20251111-0406.jar -configuration c:\Users\takwa\AppData\Roaming\Code\User\globalStorage\redhat.java\1.54.0\config_win -data c:\Users\takwa\AppData\Roaming\Code\User\workspaceStorage\9ef35f15cb76032a73c490f0d8220ee0\redhat.java\jdt_ws --pipe=\\.\pipe\lsp-9f1d498ad6439406257675b749225c58-sock
java_class_path (initial): c:\Users\takwa\.vscode\extensions\redhat.java-1.54.0-win32-x64\server\plugins\org.eclipse.equinox.launcher_1.7.100.v20251111-0406.jar
Launcher Type: SUN_STANDARD

[Global flags]
    uintx AdaptiveSizePolicyWeight                 = 90                                        {product} {command line}
     intx CICompilerCount                          = 4                                         {product} {ergonomic}
    uintx GCTimeRatio                              = 4                                         {product} {command line}
     bool HeapDumpOnOutOfMemoryError               = true                                   {manageable} {command line}
    ccstr HeapDumpPath                             = c:\Users\takwa\AppData\Roaming\Code\User\workspaceStorage\9ef35f15cb76032a73c490f0d8220ee0\redhat.java         {manageable} {command line}
   size_t InitialHeapSize                          = 104857600                                 {product} {command line}
   size_t MaxHeapSize                              = 2147483648                                {product} {command line}
   size_t MaxNewSize                               = 715653120                                 {product} {ergonomic}
   size_t MinHeapDeltaBytes                        = 524288                                    {product} {ergonomic}
   size_t MinHeapSize                              = 104857600                                 {product} {command line}
   size_t NewSize                                  = 34603008                                  {product} {ergonomic}
    uintx NonNMethodCodeHeapSize                   = 5839372                                {pd product} {ergonomic}
    uintx NonProfiledCodeHeapSize                  = 122909434                              {pd product} {ergonomic}
   size_t OldSize                                  = 70254592                                  {product} {ergonomic}
    uintx ProfiledCodeHeapSize                     = 122909434                              {pd product} {ergonomic}
    uintx ReservedCodeCacheSize                    = 251658240                              {pd product} {ergonomic}
     bool SegmentedCodeCache                       = true                                      {product} {ergonomic}
   size_t SoftMaxHeapSize                          = 2147483648                             {manageable} {ergonomic}
     bool UseCompressedOops                        = true                           {product lp64_product} {ergonomic}
     bool UseLargePagesIndividualAllocation        = false                                  {pd product} {ergonomic}
     bool UseParallelGC                            = true                                      {product} {command line}

Logging:
Log output configuration:
 #0: stdout all=off uptime,level,tags foldmultilines=false
 #1: stderr all=off uptime,level,tags foldmultilines=false

Release file:
JAVA_VERSION="21.0.10" 
MODULES="java.base java.compiler java.datatransfer java.xml java.prefs java.desktop java.instrument java.logging java.management java.security.sasl java.naming java.rmi java.management.rmi java.net.http java.scripting java.security.jgss java.transaction.xa java.sql java.sql.rowset java.xml.crypto java.se java.smartcardio jdk.accessibility jdk.internal.jvmstat jdk.attach jdk.charsets jdk.internal.opt jdk.zipfs jdk.compiler jdk.crypto.ec jdk.crypto.cryptoki jdk.crypto.mscapi jdk.dynalink jdk.internal.ed jdk.editpad jdk.hotspot.agent jdk.httpserver jdk.internal.le jdk.internal.vm.ci jdk.internal.vm.compiler jdk.internal.vm.compiler.management jdk.jartool jdk.javadoc jdk.jcmd jdk.management jdk.management.agent jdk.jconsole jdk.jdeps jdk.jdwp.agent jdk.jdi jdk.jfr jdk.jshell jdk.jsobject jdk.jstatd jdk.localedata jdk.management.jfr jdk.naming.dns jdk.naming.rmi jdk.net jdk.nio.mapmode jdk.random jdk.sctp jdk.security.auth jdk.security.jgss jdk.unsupported jdk.unsupported.desktop jdk.xml.dom" 

Environment Variables:
JAVA_HOME=C:\Users\takwa\AppData\Local\Programs\Eclipse Adoptium\jdk-17.0.18.8-hotspot
PATH=C:\Users\takwa\AppData\Local\Programs\Microsoft VS Code;C:\Python312\Scripts\;C:\Python312\;C:\Program Files\Common Files\Oracle\Java\javapath;C:\Program Files\Java\jdk-23;C:\Users\takwa\Downloads\hadoop-3.3.6\hadoop-3.3.6;C:\Users\takwa\develop\flutter\bin;C:\Users\takwa\AppData\Local\Programs\Python\Python313\Scripts;C:\Users\takwa\AppData\Local\Programs\Python\Python313;C:\Users\takwa\AppData\Local\Microsoft\WindowsApps;C:\Users\takwa\AppData\Local\Programs\Microsoft VS Code\bin;C:\Users\takwa\AppData\Roaming\npm;C:\Users\takwa\.dotnet\tools;C:\Users\takwa\AppData\Local\GitHubDesktop\bin;C:\Program Files\dotnet\;C:\WINDOWS\system32;C:\WINDOWS;C:\WINDOWS\System32\Wbem;C:\WINDOWS\System32\WindowsPowerShell\v1.0\;C:\WINDOWS\System32\OpenSSH\;C:\apacheMaven\apache-maven-3.8.9;C:\minikube;C:\Program Files\Kubernetes\Minikube;C:\Program Files\Microsoft SQL Server\150\Tools\Binn\;C:\Program Files\Git\cmd;C:\WINDOWS\system32;C:\WINDOWS;C:\WINDOWS\System32\Wbem;C:\WINDOWS\System32\WindowsPowerShell\v1.0\;C:\WINDOWS\System32\OpenSSH\;C:\Program Files (x86)\Microsoft SQL Server\160\Tools\Binn\;C:\Program Files\Microsoft SQL Server\160\Tools\Binn\;C:\Program Files\Microsoft SQL Server\Client SDK\ODBC\170\Tools\Binn\;C:\Program Files\Microsoft SQL Server\160\DTS\Binn\;C:\Program Files (x86)\Microsoft SQL Server\160\DTS\Binn\;C:\Program Files\Azure Data Studio\bin;C:\Users\takwa\AppData\Local\Programs\Eclipse Adoptium\jdk-17.0.18.8-hotspot\bin;C:\Program Files\Java\jdk-23;C:\Program Files\nodejs;C:\Users\takwa\AppData\Roaming\npm;C:\Program Files\Docker\Docker\resources\bin;C:\hadoop-3.3.6\bin;C:\PROGRA~1\Java\jdk-1.8;C:\Users\takwa\develop\flutter\bin;C:\Users\takwa\AppData\Local\Microsoft\WindowsApps;C:\Users\takwa\AppData\Local\Programs\Microsoft VS Code\bin;C:\Users\takwa\AppData\Local\GitHubDesktop\bin;C:\apacheMaven\apache-maven-3.8.9\bin;C:\Program Files\Azure Data Studio\bin;C:\Program Files\JetBrains\IntelliJ IDEA 2025.3.4\bin;C:\Users\takwa\AppData\Local\Programs\Eclipse Adoptium\jdk-17.0.18.8-hotspot\bin;C:\Users\takwa\AppData\Local\Python\bin
USERNAME=takwa
OS=Windows_NT
PROCESSOR_IDENTIFIER=Intel64 Family 6 Model 154 Stepping 4, GenuineIntel
TMP=C:\Users\takwa\AppData\Local\Temp
TEMP=C:\Users\takwa\AppData\Local\Temp




Periodic native trim disabled

---------------  S Y S T E M  ---------------

OS:
 Windows 11 , 64 bit Build 26100 (10.0.26100.8346)
OS uptime: 4 days 11:25 hours
Hyper-V role detected

CPU: total 12 (initial active 12) (6 cores per cpu, 2 threads per core) family 6 model 154 stepping 4 microcode 0x433, cx8, cmov, fxsr, ht, mmx, 3dnowpref, sse, sse2, sse3, ssse3, sse4.1, sse4.2, popcnt, lzcnt, tsc, tscinvbit, avx, avx2, aes, erms, clmul, bmi1, bmi2, adx, sha, fma, vzeroupper, clflush, clflushopt, clwb, hv, serialize, rdtscp, rdpid, fsrm, f16c, cet_ibt, cet_ss
Processor Information for processor 0
  Max Mhz: 1300, Current Mhz: 1300, Mhz Limit: 1300
Processor Information for processor 1
  Max Mhz: 1300, Current Mhz: 1300, Mhz Limit: 1300
Processor Information for processor 2
  Max Mhz: 1300, Current Mhz: 1300, Mhz Limit: 1300
Processor Information for processor 3
  Max Mhz: 1300, Current Mhz: 1300, Mhz Limit: 1300
Processor Information for processor 4
  Max Mhz: 900, Current Mhz: 900, Mhz Limit: 900
Processor Information for processor 5
  Max Mhz: 900, Current Mhz: 900, Mhz Limit: 900
Processor Information for processor 6
  Max Mhz: 900, Current Mhz: 900, Mhz Limit: 900
Processor Information for processor 7
  Max Mhz: 900, Current Mhz: 900, Mhz Limit: 900
Processor Information for processor 8
  Max Mhz: 900, Current Mhz: 900, Mhz Limit: 900
Processor Information for processor 9
  Max Mhz: 900, Current Mhz: 900, Mhz Limit: 900
Processor Information for processor 10
  Max Mhz: 900, Current Mhz: 900, Mhz Limit: 900
Processor Information for processor 11
  Max Mhz: 900, Current Mhz: 900, Mhz Limit: 900

Memory: 4k page, system-wide physical 7916M (308M free)
TotalPageFile size 32492M (AvailPageFile size 20M)
current process WorkingSet (physical memory assigned to process): 8M, peak: 648M
current process commit charge ("private bytes"): 1163M, peak: 1194M

vm_info: OpenJDK 64-Bit Server VM (21.0.10+7-LTS) for windows-amd64 JRE (21.0.10+7-LTS), built on 2026-01-20T00:00:00Z by "admin" with MS VC++ 17.12 (VS2022)

END.
