#
# There is insufficient memory for the Java Runtime Environment to continue.
# Native memory allocation (malloc) failed to allocate 749936 bytes. Error detail: Chunk::new
# Possible reasons:
#   The system is out of physical RAM or swap space
#   This process is running with CompressedOops enabled, and the Java Heap may be blocking the growth of the native heap
# Possible solutions:
#   Reduce memory load on the system
#   Increase physical memory or swap space
#   Check if swap backing store is full
#   Decrease Java heap size (-Xmx/-Xms)
#   Decrease number of Java threads
#   Decrease Java thread stack sizes (-Xss)
#   Set larger code cache with -XX:ReservedCodeCacheSize=
#   JVM is running with Unscaled Compressed Oops mode in which the Java heap is
#     placed in the first 4GB address space. The Java Heap base address is the
#     maximum limit for the native heap growth. Please use -XX:HeapBaseMinAddress
#     to set the Java Heap base and to place the Java Heap above 4GB virtual address.
# This output file may be truncated or incomplete.
#
#  Out of Memory Error (arena.cpp:168), pid=62288, tid=62096
#
# JRE version: OpenJDK Runtime Environment Temurin-21.0.10+7 (21.0.10+7) (build 21.0.10+7-LTS)
# Java VM: OpenJDK 64-Bit Server VM Temurin-21.0.10+7 (21.0.10+7-LTS, mixed mode, sharing, tiered, compressed oops, compressed class ptrs, parallel gc, windows-amd64)
# No core dump will be written. Minidumps are not enabled by default on client versions of Windows
#

---------------  S U M M A R Y ------------

Command Line: --add-modules=ALL-SYSTEM --add-opens=java.base/java.util=ALL-UNNAMED --add-opens=java.base/java.lang=ALL-UNNAMED --add-opens=java.base/sun.nio.fs=ALL-UNNAMED -Declipse.application=org.eclipse.jdt.ls.core.id1 -Dosgi.bundles.defaultStartLevel=4 -Declipse.product=org.eclipse.jdt.ls.core.product -Djava.import.generatesMetadataFilesAtProjectRoot=false -DDetectVMInstallationsJob.disabled=true -Dfile.encoding=utf8 -XX:+UseParallelGC -XX:GCTimeRatio=4 -XX:AdaptiveSizePolicyWeight=90 -Dsun.zip.disableMemoryMapping=true -Xmx2G -Xms100m -Xlog:disable -javaagent:c:\Users\takwa\.vscode\extensions\redhat.java-1.54.0-win32-x64\lombok\lombok-1.18.39-4050.jar c:\Users\takwa\.vscode\extensions\redhat.java-1.54.0-win32-x64\server\plugins\org.eclipse.equinox.launcher_1.7.100.v20251111-0406.jar -configuration c:\Users\takwa\AppData\Roaming\Code\User\globalStorage\redhat.java\1.54.0\config_ss_win -data c:\Users\takwa\AppData\Roaming\Code\User\workspaceStorage\9ef35f15cb76032a73c490f0d8220ee0\redhat.java\ss_ws --pipe=\\.\pipe\lsp-144044f640979a41b752d05fa5267f74-sock

Host: 12th Gen Intel(R) Core(TM) i5-1235U, 12 cores, 7G,  Windows 11 , 64 bit Build 26100 (10.0.26100.8346)
Time: Thu May 14 02:10:49 2026 W. Central Africa Standard Time elapsed time: 42.247550 seconds (0d 0h 0m 42s)

---------------  T H R E A D  ---------------

Current thread (0x000001c575afe860):  JavaThread "C2 CompilerThread0" daemon [_thread_in_native, id=62096, stack(0x0000003600d00000,0x0000003600e00000) (1024K)]


Current CompileTask:
C2:42248 7613       4       org.eclipse.jdt.internal.compiler.lookup.LookupEnvironment::fromSplitPackageOrOracle (89 bytes)

Stack: [0x0000003600d00000,0x0000003600e00000]
Native frames: (J=compiled Java code, j=interpreted, Vv=VM code, C=native code)
V  [jvm.dll+0x6d7a39]
V  [jvm.dll+0x8b4b26]
V  [jvm.dll+0x8b70de]
V  [jvm.dll+0x8b77c3]
V  [jvm.dll+0x284346]
V  [jvm.dll+0xc66ed]
V  [jvm.dll+0xc6c31]
V  [jvm.dll+0x3bec01]
V  [jvm.dll+0x1e3f69]
V  [jvm.dll+0x24c6b3]
V  [jvm.dll+0x24bb40]
V  [jvm.dll+0x1cb34e]
V  [jvm.dll+0x25b85d]
V  [jvm.dll+0x259dea]
V  [jvm.dll+0x3f857e]
V  [jvm.dll+0x85f59d]
V  [jvm.dll+0x6d626d]
C  [ucrtbase.dll+0x2cd30]
C  [KERNEL32.DLL+0x2e957]
C  [ntdll.dll+0x879fc]


---------------  P R O C E S S  ---------------

Threads class SMR info:
_java_thread_list=0x000001c560f37de0, length=41, elements={
0x000001c575a52bc0, 0x000001c575af7400, 0x000001c57d4fe4b0, 0x000001c575afbbb0,
0x000001c575afc610, 0x000001c575afd070, 0x000001c575afdad0, 0x000001c575afe860,
0x000001c575b0cc30, 0x000001c57ea58080, 0x000001c57eb7dd70, 0x000001c57fb41d20,
0x000001c57fb423b0, 0x000001c57fb42a40, 0x000001c57fb40970, 0x000001c57fb41000,
0x000001c57fb3fc50, 0x000001c57fb41690, 0x000001c57fb402e0, 0x000001c57fa249f0,
0x000001c57fa21c00, 0x000001c57fa23cd0, 0x000001c57fa24360, 0x000001c57fa25080,
0x000001c57fa22290, 0x000001c57fa22fb0, 0x000001c57fa25710, 0x000001c57fa23640,
0x000001c57fa22920, 0x000001c57fa27e70, 0x000001c57fa26ac0, 0x000001c57fa27150,
0x000001c57fa28500, 0x000001c57fa28b90, 0x000001c57fa29220, 0x000001c57fa277e0,
0x000001c57fa26430, 0x000001c57fa25da0, 0x000001c5554ca400, 0x000001c5554cb120,
0x000001c55cad7920
}

Java Threads: ( => current thread )
  0x000001c575a52bc0 JavaThread "main"                              [_thread_blocked, id=61948, stack(0x0000003600300000,0x0000003600400000) (1024K)]
  0x000001c575af7400 JavaThread "Reference Handler"          daemon [_thread_blocked, id=26784, stack(0x0000003600700000,0x0000003600800000) (1024K)]
  0x000001c57d4fe4b0 JavaThread "Finalizer"                  daemon [_thread_blocked, id=62332, stack(0x0000003600800000,0x0000003600900000) (1024K)]
  0x000001c575afbbb0 JavaThread "Signal Dispatcher"          daemon [_thread_blocked, id=55712, stack(0x0000003600900000,0x0000003600a00000) (1024K)]
  0x000001c575afc610 JavaThread "Attach Listener"            daemon [_thread_blocked, id=51176, stack(0x0000003600a00000,0x0000003600b00000) (1024K)]
  0x000001c575afd070 JavaThread "Service Thread"             daemon [_thread_blocked, id=56824, stack(0x0000003600b00000,0x0000003600c00000) (1024K)]
  0x000001c575afdad0 JavaThread "Monitor Deflation Thread"   daemon [_thread_blocked, id=51372, stack(0x0000003600c00000,0x0000003600d00000) (1024K)]
=>0x000001c575afe860 JavaThread "C2 CompilerThread0"         daemon [_thread_in_native, id=62096, stack(0x0000003600d00000,0x0000003600e00000) (1024K)]
  0x000001c575b0cc30 JavaThread "C1 CompilerThread0"         daemon [_thread_blocked, id=61532, stack(0x0000003600e00000,0x0000003600f00000) (1024K)]
  0x000001c57ea58080 JavaThread "Common-Cleaner"             daemon [_thread_blocked, id=61696, stack(0x0000003601000000,0x0000003601100000) (1024K)]
  0x000001c57eb7dd70 JavaThread "Notification Thread"        daemon [_thread_blocked, id=61916, stack(0x0000003601100000,0x0000003601200000) (1024K)]
  0x000001c57fb41d20 JavaThread "Active Thread: Equinox Container: 4b0d055e-312a-47b8-92cf-5e75cee7c12c"        [_thread_blocked, id=62376, stack(0x0000003601800000,0x0000003601900000) (1024K)]
  0x000001c57fb423b0 JavaThread "Framework Event Dispatcher: Equinox Container: 4b0d055e-312a-47b8-92cf-5e75cee7c12c" daemon [_thread_blocked, id=15476, stack(0x0000003601900000,0x0000003601a00000) (1024K)]
  0x000001c57fb42a40 JavaThread "Start Level: Equinox Container: 4b0d055e-312a-47b8-92cf-5e75cee7c12c" daemon [_thread_blocked, id=41272, stack(0x0000003601a00000,0x0000003601b00000) (1024K)]
  0x000001c57fb40970 JavaThread "SCR Component Actor"        daemon [_thread_blocked, id=62312, stack(0x0000003601c00000,0x0000003601d00000) (1024K)]
  0x000001c57fb41000 JavaThread "Worker-JM"                         [_thread_blocked, id=62080, stack(0x0000003600f00000,0x0000003601000000) (1024K)]
  0x000001c57fb3fc50 JavaThread "JNA Cleaner"                daemon [_thread_blocked, id=61968, stack(0x0000003601f00000,0x0000003602000000) (1024K)]
  0x000001c57fb41690 JavaThread "Worker-0"                          [_thread_blocked, id=62348, stack(0x0000003602000000,0x0000003602100000) (1024K)]
  0x000001c57fb402e0 JavaThread "Worker-1"                          [_thread_blocked, id=61476, stack(0x0000003602100000,0x0000003602200000) (1024K)]
  0x000001c57fa249f0 JavaThread "Thread-1"                   daemon [_thread_in_native, id=63132, stack(0x0000003602500000,0x0000003602600000) (1024K)]
  0x000001c57fa21c00 JavaThread "Thread-2"                   daemon [_thread_in_native, id=63136, stack(0x0000003602600000,0x0000003602700000) (1024K)]
  0x000001c57fa23cd0 JavaThread "Thread-3"                   daemon [_thread_in_native, id=63140, stack(0x0000003602700000,0x0000003602800000) (1024K)]
  0x000001c57fa24360 JavaThread "Thread-4"                   daemon [_thread_in_native, id=63144, stack(0x0000003602800000,0x0000003602900000) (1024K)]
  0x000001c57fa25080 JavaThread "Thread-5"                   daemon [_thread_in_native, id=63148, stack(0x0000003602900000,0x0000003602a00000) (1024K)]
  0x000001c57fa22290 JavaThread "Thread-6"                   daemon [_thread_in_native, id=63152, stack(0x0000003602a00000,0x0000003602b00000) (1024K)]
  0x000001c57fa22fb0 JavaThread "Thread-7"                   daemon [_thread_in_native, id=63156, stack(0x0000003602b00000,0x0000003602c00000) (1024K)]
  0x000001c57fa25710 JavaThread "Thread-8"                   daemon [_thread_in_native, id=63160, stack(0x0000003602c00000,0x0000003602d00000) (1024K)]
  0x000001c57fa23640 JavaThread "Thread-9"                   daemon [_thread_in_native, id=63164, stack(0x0000003602d00000,0x0000003602e00000) (1024K)]
  0x000001c57fa22920 JavaThread "Thread-10"                  daemon [_thread_in_native, id=63168, stack(0x0000003602e00000,0x0000003602f00000) (1024K)]
  0x000001c57fa27e70 JavaThread "Thread-11"                  daemon [_thread_in_native, id=63172, stack(0x0000003602f00000,0x0000003603000000) (1024K)]
  0x000001c57fa26ac0 JavaThread "Thread-12"                  daemon [_thread_in_native, id=63176, stack(0x0000003603000000,0x0000003603100000) (1024K)]
  0x000001c57fa27150 JavaThread "Thread-13"                  daemon [_thread_in_native, id=63180, stack(0x0000003603100000,0x0000003603200000) (1024K)]
  0x000001c57fa28500 JavaThread "pool-2-thread-1"                   [_thread_blocked, id=63244, stack(0x0000003603200000,0x0000003603300000) (1024K)]
  0x000001c57fa28b90 JavaThread "Worker-2: Publish Diagnostics"        [_thread_in_Java, id=63312, stack(0x0000003603400000,0x0000003603500000) (1024K)]
  0x000001c57fa29220 JavaThread "WorkspaceEventsHandler"            [_thread_blocked, id=63360, stack(0x0000003603500000,0x0000003603600000) (1024K)]
  0x000001c57fa277e0 JavaThread "pool-1-thread-1"                   [_thread_blocked, id=63364, stack(0x0000003603600000,0x0000003603700000) (1024K)]
  0x000001c57fa26430 JavaThread "ForkJoinPool.commonPool-worker-1" daemon [_thread_blocked, id=62960, stack(0x0000003603300000,0x0000003603400000) (1024K)]
  0x000001c57fa25da0 JavaThread "ForkJoinPool.commonPool-worker-2" daemon [_thread_blocked, id=62512, stack(0x0000003603700000,0x0000003603800000) (1024K)]
  0x000001c5554ca400 JavaThread "ForkJoinPool.commonPool-worker-3" daemon [_thread_blocked, id=58012, stack(0x0000003603900000,0x0000003603a00000) (1024K)]
  0x000001c5554cb120 JavaThread "ForkJoinPool.commonPool-worker-4" daemon [_thread_blocked, id=62668, stack(0x0000003603a00000,0x0000003603b00000) (1024K)]
  0x000001c55cad7920 JavaThread "C2 CompilerThread1"         daemon [_thread_in_native, id=64096, stack(0x0000003600000000,0x0000003600100000) (1024K)]
Total: 41

Other Threads:
  0x000001c575af2b20 VMThread "VM Thread"                           [id=61984, stack(0x0000003600600000,0x0000003600700000) (1024K)]
  0x000001c57d3dca00 WatcherThread "VM Periodic Task Thread"        [id=61560, stack(0x0000003600500000,0x0000003600600000) (1024K)]
  0x000001c575a70230 WorkerThread "GC Thread#0"                     [id=41368, stack(0x0000003600400000,0x0000003600500000) (1024K)]
  0x000001c57ec1d730 WorkerThread "GC Thread#1"                     [id=62284, stack(0x0000003601200000,0x0000003601300000) (1024K)]
  0x000001c57ec1dae0 WorkerThread "GC Thread#2"                     [id=61620, stack(0x0000003601300000,0x0000003601400000) (1024K)]
  0x000001c57fbd37a0 WorkerThread "GC Thread#3"                     [id=61512, stack(0x0000003601400000,0x0000003601500000) (1024K)]
  0x000001c57fbd3b50 WorkerThread "GC Thread#4"                     [id=61788, stack(0x0000003601500000,0x0000003601600000) (1024K)]
  0x000001c57fd4b370 WorkerThread "GC Thread#5"                     [id=44336, stack(0x0000003601600000,0x0000003601700000) (1024K)]
  0x000001c57fd4b720 WorkerThread "GC Thread#6"                     [id=61692, stack(0x0000003601700000,0x0000003601800000) (1024K)]
  0x000001c57ebc8fb0 WorkerThread "GC Thread#7"                     [id=50540, stack(0x0000003601b00000,0x0000003601c00000) (1024K)]
  0x000001c55431fb40 WorkerThread "GC Thread#8"                     [id=19352, stack(0x0000003601d00000,0x0000003601e00000) (1024K)]
  0x000001c57fdfa990 WorkerThread "GC Thread#9"                     [id=51424, stack(0x0000003601e00000,0x0000003601f00000) (1024K)]
Total: 12

Threads with active compile tasks:
C2 CompilerThread0  42318 7613       4       org.eclipse.jdt.internal.compiler.lookup.LookupEnvironment::fromSplitPackageOrOracle (89 bytes)
C2 CompilerThread1  42318 7692   !   4       org.eclipse.jdt.internal.compiler.parser.Scanner::getNextToken0 (3068 bytes)
Total: 2

VM state: not at safepoint (normal execution)

VM Mutex/Monitor currently owned by a thread: None

Heap address: 0x0000000080000000, size: 2048 MB, Compressed Oops mode: 32-bit

CDS archive(s) mapped at: [0x000001c50f000000-0x000001c50fba0000-0x000001c50fba0000), size 12189696, SharedBaseAddress: 0x000001c50f000000, ArchiveRelocationMode: 1.
Compressed class space mapped at: 0x000001c510000000-0x000001c550000000, reserved size: 1073741824
Narrow klass base: 0x000001c50f000000, Narrow klass shift: 0, Narrow klass range: 0x100000000

GC Precious Log:
 CardTable entry size: 512
 CPUs: 12 total, 12 available
 Memory: 7916M
 Large Page Support: Disabled
 NUMA Support: Disabled
 Compressed Oops: Enabled (32-bit)
 Alignments: Space 512K, Generation 512K, Heap 2M
 Heap Min Capacity: 100M
 Heap Initial Capacity: 100M
 Heap Max Capacity: 2G
 Pre-touch: Disabled
 Parallel Workers: 10

Heap:
 PSYoungGen      total 22016K, used 17520K [0x00000000d5580000, 0x00000000d6e00000, 0x0000000100000000)
  eden space 18944K, 78% used [0x00000000d5580000,0x00000000d6416d90,0x00000000d6800000)
  from space 3072K, 84% used [0x00000000d6800000,0x00000000d6a85300,0x00000000d6b00000)
  to   space 3072K, 0% used [0x00000000d6b00000,0x00000000d6b00000,0x00000000d6e00000)
 ParOldGen       total 68608K, used 48230K [0x0000000080000000, 0x0000000084300000, 0x00000000d5580000)
  object space 68608K, 70% used [0x0000000080000000,0x0000000082f19a40,0x0000000084300000)
 Metaspace       used 45176K, committed 46272K, reserved 1114112K
  class space    used 4417K, committed 4928K, reserved 1048576K

Card table byte_map: [0x000001c575400000,0x000001c575810000] _byte_map_base: 0x000001c575000000

Marking Bits: (ParMarkBitMap*) 0x00007ffa90273450
 Begin Bits: [0x000001c578f00000, 0x000001c57af00000)
 End Bits:   [0x000001c57af00000, 0x000001c57cf00000)

Polling page: 0x000001c573c40000

Metaspace:

Usage:
  Non-class:     39.80 MB used.
      Class:      4.31 MB used.
       Both:     44.12 MB used.

Virtual space:
  Non-class space:       64.00 MB reserved,      40.38 MB ( 63%) committed,  1 nodes.
      Class space:        1.00 GB reserved,       4.81 MB ( <1%) committed,  1 nodes.
             Both:        1.06 GB reserved,      45.19 MB (  4%) committed. 

Chunk freelists:
   Non-Class:  6.89 MB
       Class:  11.20 MB
        Both:  18.09 MB

MaxMetaspaceSize: unlimited
CompressedClassSpaceSize: 1.00 GB
Initial GC threshold: 21.00 MB
Current GC threshold: 58.38 MB
CDS: on
 - commit_granule_bytes: 65536.
 - commit_granule_words: 8192.
 - virtual_space_node_default_size: 8388608.
 - enlarge_chunks_in_place: 1.
 - use_allocation_guard: 0.


Internal statistics:

num_allocs_failed_limit: 6.
num_arena_births: 914.
num_arena_deaths: 14.
num_vsnodes_births: 2.
num_vsnodes_deaths: 0.
num_space_committed: 723.
num_space_uncommitted: 0.
num_chunks_returned_to_freelist: 20.
num_chunks_taken_from_freelist: 2933.
num_chunk_merges: 12.
num_chunk_splits: 1813.
num_chunks_enlarged: 1069.
num_inconsistent_stats: 0.

CodeHeap 'non-profiled nmethods': size=120000Kb used=5683Kb max_used=5683Kb free=114316Kb
 bounds [0x000001c507ad0000, 0x000001c508060000, 0x000001c50f000000]
CodeHeap 'profiled nmethods': size=120000Kb used=17580Kb max_used=17580Kb free=102419Kb
 bounds [0x000001c500000000, 0x000001c501130000, 0x000001c507530000]
CodeHeap 'non-nmethods': size=5760Kb used=1410Kb max_used=1567Kb free=4349Kb
 bounds [0x000001c507530000, 0x000001c5077a0000, 0x000001c507ad0000]
CodeCache: size=245760Kb, used=24673Kb, max_used=24830Kb, free=221084Kb
 total_blobs=7985, nmethods=7265, adapters=625, full_count=0
Compilation: enabled, stopped_count=0, restarted_count=0

Compilation events (20 events):
Event: 40.208 Thread 0x000001c575b0cc30 7673       3       java.util.IdentityHashMap::<init> (11 bytes)
Event: 40.208 Thread 0x000001c575b0cc30 nmethod 7673 0x000001c50111da10 code [0x000001c50111dbc0, 0x000001c50111dea0]
Event: 40.218 Thread 0x000001c575b0cc30 7674       3       java.util.ImmutableCollections$List12::<init> (20 bytes)
Event: 40.219 Thread 0x000001c575b0cc30 nmethod 7674 0x000001c50111e010 code [0x000001c50111e1e0, 0x000001c50111e5e8]
Event: 40.220 Thread 0x000001c575b0cc30 7675       3       lombok.core.AnnotationValues$AnnotationValue::<init> (32 bytes)
Event: 40.220 Thread 0x000001c575b0cc30 nmethod 7675 0x000001c50111e790 code [0x000001c50111e940, 0x000001c50111eb00]
Event: 40.224 Thread 0x000001c575b0cc30 7676       3       org.eclipse.jdt.internal.compiler.lookup.PackageBinding::findPackage (13 bytes)
Event: 40.225 Thread 0x000001c575b0cc30 nmethod 7676 0x000001c50111ec10 code [0x000001c50111edc0, 0x000001c50111efd0]
Event: 40.229 Thread 0x000001c575b0cc30 7677       3       lombok.eclipse.handlers.EclipseHandlerUtil$2::<init> (18 bytes)
Event: 40.230 Thread 0x000001c575b0cc30 nmethod 7677 0x000001c50111f110 code [0x000001c50111f2c0, 0x000001c50111f500]
Event: 40.234 Thread 0x000001c575b0cc30 7678       3       org.eclipse.jdt.internal.compiler.lookup.ReferenceBinding::isRecord (15 bytes)
Event: 40.234 Thread 0x000001c575b0cc30 nmethod 7678 0x000001c50111f610 code [0x000001c50111f7c0, 0x000001c50111f938]
Event: 40.254 Thread 0x000001c575b0cc30 7679       1       org.eclipse.jdt.internal.compiler.ast.ConstructorDeclaration::isConstructor (2 bytes)
Event: 40.254 Thread 0x000001c575b0cc30 nmethod 7679 0x000001c50805ad10 code [0x000001c50805aea0, 0x000001c50805af68]
Event: 40.254 Thread 0x000001c575b0cc30 7681       3       lombok.eclipse.agent.PatchDelegate::charArrayEquals (60 bytes)
Event: 40.255 Thread 0x000001c575b0cc30 nmethod 7681 0x000001c50111fa10 code [0x000001c50111fc80, 0x000001c501120690]
Event: 40.255 Thread 0x000001c575b0cc30 7680       3       lombok.eclipse.agent.PatchDelegate::isDelegate (90 bytes)
Event: 40.256 Thread 0x000001c575b0cc30 nmethod 7680 0x000001c501120a90 code [0x000001c501120d00, 0x000001c501121628]
Event: 40.258 Thread 0x000001c575b0cc30 7682       3       org.eclipse.jdt.internal.compiler.lookup.BinaryTypeBinding::initializeTypeVariable (317 bytes)
Event: 42.232 Thread 0x000001c575b0cc30 nmethod 7682 0x000001c501121910 code [0x000001c501121c40, 0x000001c501122fa0]

GC Heap History (20 events):
Event: 22.473 GC heap before
{Heap before GC invocations=24 (full 2):
 PSYoungGen      total 23552K, used 21504K [0x00000000d5580000, 0x00000000d6e00000, 0x0000000100000000)
  eden space 21504K, 100% used [0x00000000d5580000,0x00000000d6a80000,0x00000000d6a80000)
  from space 2048K, 0% used [0x00000000d6a80000,0x00000000d6a80000,0x00000000d6c80000)
  to   space 1024K, 0% used [0x00000000d6d00000,0x00000000d6d00000,0x00000000d6e00000)
 ParOldGen       total 68608K, used 39649K [0x0000000080000000, 0x0000000084300000, 0x00000000d5580000)
  object space 68608K, 57% used [0x0000000080000000,0x00000000826b85e8,0x0000000084300000)
 Metaspace       used 36459K, committed 37312K, reserved 1114112K
  class space    used 3713K, committed 4096K, reserved 1048576K
}
Event: 22.482 GC heap after
{Heap after GC invocations=24 (full 2):
 PSYoungGen      total 22528K, used 576K [0x00000000d5580000, 0x00000000d6e00000, 0x0000000100000000)
  eden space 21504K, 0% used [0x00000000d5580000,0x00000000d5580000,0x00000000d6a80000)
  from space 1024K, 56% used [0x00000000d6d00000,0x00000000d6d90000,0x00000000d6e00000)
  to   space 1024K, 0% used [0x00000000d6c00000,0x00000000d6c00000,0x00000000d6d00000)
 ParOldGen       total 68608K, used 39657K [0x0000000080000000, 0x0000000084300000, 0x00000000d5580000)
  object space 68608K, 57% used [0x0000000080000000,0x00000000826ba5e8,0x0000000084300000)
 Metaspace       used 36459K, committed 37312K, reserved 1114112K
  class space    used 3713K, committed 4096K, reserved 1048576K
}
Event: 24.173 GC heap before
{Heap before GC invocations=25 (full 2):
 PSYoungGen      total 22528K, used 22036K [0x00000000d5580000, 0x00000000d6e00000, 0x0000000100000000)
  eden space 21504K, 99% used [0x00000000d5580000,0x00000000d6a75178,0x00000000d6a80000)
  from space 1024K, 56% used [0x00000000d6d00000,0x00000000d6d90000,0x00000000d6e00000)
  to   space 1024K, 0% used [0x00000000d6c00000,0x00000000d6c00000,0x00000000d6d00000)
 ParOldGen       total 68608K, used 39657K [0x0000000080000000, 0x0000000084300000, 0x00000000d5580000)
  object space 68608K, 57% used [0x0000000080000000,0x00000000826ba5e8,0x0000000084300000)
 Metaspace       used 38219K, committed 39168K, reserved 1114112K
  class space    used 3885K, committed 4288K, reserved 1048576K
}
Event: 24.176 GC heap after
{Heap after GC invocations=25 (full 2):
 PSYoungGen      total 22528K, used 999K [0x00000000d5580000, 0x00000000d6e80000, 0x0000000100000000)
  eden space 21504K, 0% used [0x00000000d5580000,0x00000000d5580000,0x00000000d6a80000)
  from space 1024K, 97% used [0x00000000d6c00000,0x00000000d6cf9ec0,0x00000000d6d00000)
  to   space 1536K, 0% used [0x00000000d6d00000,0x00000000d6d00000,0x00000000d6e80000)
 ParOldGen       total 68608K, used 40057K [0x0000000080000000, 0x0000000084300000, 0x00000000d5580000)
  object space 68608K, 58% used [0x0000000080000000,0x000000008271e5e8,0x0000000084300000)
 Metaspace       used 38219K, committed 39168K, reserved 1114112K
  class space    used 3885K, committed 4288K, reserved 1048576K
}
Event: 24.846 GC heap before
{Heap before GC invocations=26 (full 2):
 PSYoungGen      total 22528K, used 22502K [0x00000000d5580000, 0x00000000d6e80000, 0x0000000100000000)
  eden space 21504K, 99% used [0x00000000d5580000,0x00000000d6a7f960,0x00000000d6a80000)
  from space 1024K, 97% used [0x00000000d6c00000,0x00000000d6cf9ec0,0x00000000d6d00000)
  to   space 1536K, 0% used [0x00000000d6d00000,0x00000000d6d00000,0x00000000d6e80000)
 ParOldGen       total 68608K, used 40057K [0x0000000080000000, 0x0000000084300000, 0x00000000d5580000)
  object space 68608K, 58% used [0x0000000080000000,0x000000008271e5e8,0x0000000084300000)
 Metaspace       used 39097K, committed 40064K, reserved 1114112K
  class space    used 3941K, committed 4352K, reserved 1048576K
}
Event: 24.849 GC heap after
{Heap after GC invocations=26 (full 2):
 PSYoungGen      total 22528K, used 1520K [0x00000000d5580000, 0x00000000d7080000, 0x0000000100000000)
  eden space 20992K, 0% used [0x00000000d5580000,0x00000000d5580000,0x00000000d6a00000)
  from space 1536K, 98% used [0x00000000d6d00000,0x00000000d6e7c080,0x00000000d6e80000)
  to   space 3072K, 0% used [0x00000000d6a00000,0x00000000d6a00000,0x00000000d6d00000)
 ParOldGen       total 68608K, used 40936K [0x0000000080000000, 0x0000000084300000, 0x00000000d5580000)
  object space 68608K, 59% used [0x0000000080000000,0x00000000827fa1c8,0x0000000084300000)
 Metaspace       used 39097K, committed 40064K, reserved 1114112K
  class space    used 3941K, committed 4352K, reserved 1048576K
}
Event: 25.420 GC heap before
{Heap before GC invocations=27 (full 2):
 PSYoungGen      total 22528K, used 22512K [0x00000000d5580000, 0x00000000d7080000, 0x0000000100000000)
  eden space 20992K, 100% used [0x00000000d5580000,0x00000000d6a00000,0x00000000d6a00000)
  from space 1536K, 98% used [0x00000000d6d00000,0x00000000d6e7c080,0x00000000d6e80000)
  to   space 3072K, 0% used [0x00000000d6a00000,0x00000000d6a00000,0x00000000d6d00000)
 ParOldGen       total 68608K, used 40936K [0x0000000080000000, 0x0000000084300000, 0x00000000d5580000)
  object space 68608K, 59% used [0x0000000080000000,0x00000000827fa1c8,0x0000000084300000)
 Metaspace       used 39327K, committed 40320K, reserved 1114112K
  class space    used 3970K, committed 4416K, reserved 1048576K
}
Event: 25.423 GC heap after
{Heap after GC invocations=27 (full 2):
 PSYoungGen      total 22528K, used 1407K [0x00000000d5580000, 0x00000000d6e00000, 0x0000000100000000)
  eden space 20992K, 0% used [0x00000000d5580000,0x00000000d5580000,0x00000000d6a00000)
  from space 1536K, 91% used [0x00000000d6a00000,0x00000000d6b5fdb0,0x00000000d6b80000)
  to   space 2048K, 0% used [0x00000000d6c00000,0x00000000d6c00000,0x00000000d6e00000)
 ParOldGen       total 68608K, used 42034K [0x0000000080000000, 0x0000000084300000, 0x00000000d5580000)
  object space 68608K, 61% used [0x0000000080000000,0x000000008290cb60,0x0000000084300000)
 Metaspace       used 39327K, committed 40320K, reserved 1114112K
  class space    used 3970K, committed 4416K, reserved 1048576K
}
Event: 27.062 GC heap before
{Heap before GC invocations=28 (full 2):
 PSYoungGen      total 22528K, used 22399K [0x00000000d5580000, 0x00000000d6e00000, 0x0000000100000000)
  eden space 20992K, 100% used [0x00000000d5580000,0x00000000d6a00000,0x00000000d6a00000)
  from space 1536K, 91% used [0x00000000d6a00000,0x00000000d6b5fdb0,0x00000000d6b80000)
  to   space 2048K, 0% used [0x00000000d6c00000,0x00000000d6c00000,0x00000000d6e00000)
 ParOldGen       total 68608K, used 42034K [0x0000000080000000, 0x0000000084300000, 0x00000000d5580000)
  object space 68608K, 61% used [0x0000000080000000,0x000000008290cb60,0x0000000084300000)
 Metaspace       used 41707K, committed 42688K, reserved 1114112K
  class space    used 4201K, committed 4608K, reserved 1048576K
}
Event: 27.065 GC heap after
{Heap after GC invocations=28 (full 2):
 PSYoungGen      total 23040K, used 1737K [0x00000000d5580000, 0x00000000d6e00000, 0x0000000100000000)
  eden space 20992K, 0% used [0x00000000d5580000,0x00000000d5580000,0x00000000d6a00000)
  from space 2048K, 84% used [0x00000000d6c00000,0x00000000d6db2640,0x00000000d6e00000)
  to   space 2048K, 0% used [0x00000000d6a00000,0x00000000d6a00000,0x00000000d6c00000)
 ParOldGen       total 68608K, used 42330K [0x0000000080000000, 0x0000000084300000, 0x00000000d5580000)
  object space 68608K, 61% used [0x0000000080000000,0x0000000082956bc0,0x0000000084300000)
 Metaspace       used 41707K, committed 42688K, reserved 1114112K
  class space    used 4201K, committed 4608K, reserved 1048576K
}
Event: 28.999 GC heap before
{Heap before GC invocations=29 (full 2):
 PSYoungGen      total 23040K, used 22729K [0x00000000d5580000, 0x00000000d6e00000, 0x0000000100000000)
  eden space 20992K, 100% used [0x00000000d5580000,0x00000000d6a00000,0x00000000d6a00000)
  from space 2048K, 84% used [0x00000000d6c00000,0x00000000d6db2640,0x00000000d6e00000)
  to   space 2048K, 0% used [0x00000000d6a00000,0x00000000d6a00000,0x00000000d6c00000)
 ParOldGen       total 68608K, used 42330K [0x0000000080000000, 0x0000000084300000, 0x00000000d5580000)
  object space 68608K, 61% used [0x0000000080000000,0x0000000082956bc0,0x0000000084300000)
 Metaspace       used 43236K, committed 44288K, reserved 1114112K
  class space    used 4328K, committed 4800K, reserved 1048576K
}
Event: 29.004 GC heap after
{Heap after GC invocations=29 (full 2):
 PSYoungGen      total 22016K, used 928K [0x00000000d5580000, 0x00000000d6d00000, 0x0000000100000000)
  eden space 20992K, 0% used [0x00000000d5580000,0x00000000d5580000,0x00000000d6a00000)
  from space 1024K, 90% used [0x00000000d6a00000,0x00000000d6ae8000,0x00000000d6b00000)
  to   space 1536K, 0% used [0x00000000d6b80000,0x00000000d6b80000,0x00000000d6d00000)
 ParOldGen       total 68608K, used 43822K [0x0000000080000000, 0x0000000084300000, 0x00000000d5580000)
  object space 68608K, 63% used [0x0000000080000000,0x0000000082acb8c0,0x0000000084300000)
 Metaspace       used 43236K, committed 44288K, reserved 1114112K
  class space    used 4328K, committed 4800K, reserved 1048576K
}
Event: 30.918 GC heap before
{Heap before GC invocations=30 (full 2):
 PSYoungGen      total 22016K, used 21919K [0x00000000d5580000, 0x00000000d6d00000, 0x0000000100000000)
  eden space 20992K, 99% used [0x00000000d5580000,0x00000000d69fffe8,0x00000000d6a00000)
  from space 1024K, 90% used [0x00000000d6a00000,0x00000000d6ae8000,0x00000000d6b00000)
  to   space 1536K, 0% used [0x00000000d6b80000,0x00000000d6b80000,0x00000000d6d00000)
 ParOldGen       total 68608K, used 43822K [0x0000000080000000, 0x0000000084300000, 0x00000000d5580000)
  object space 68608K, 63% used [0x0000000080000000,0x0000000082acb8c0,0x0000000084300000)
 Metaspace       used 43689K, committed 44800K, reserved 1114112K
  class space    used 4359K, committed 4800K, reserved 1048576K
}
Event: 30.923 GC heap after
{Heap after GC invocations=30 (full 2):
 PSYoungGen      total 22528K, used 1376K [0x00000000d5580000, 0x00000000d6d00000, 0x0000000100000000)
  eden space 20992K, 0% used [0x00000000d5580000,0x00000000d5580000,0x00000000d6a00000)
  from space 1536K, 89% used [0x00000000d6b80000,0x00000000d6cd8040,0x00000000d6d00000)
  to   space 1536K, 0% used [0x00000000d6a00000,0x00000000d6a00000,0x00000000d6b80000)
 ParOldGen       total 68608K, used 44421K [0x0000000080000000, 0x0000000084300000, 0x00000000d5580000)
  object space 68608K, 64% used [0x0000000080000000,0x0000000082b61470,0x0000000084300000)
 Metaspace       used 43689K, committed 44800K, reserved 1114112K
  class space    used 4359K, committed 4800K, reserved 1048576K
}
Event: 35.105 GC heap before
{Heap before GC invocations=31 (full 2):
 PSYoungGen      total 22528K, used 22368K [0x00000000d5580000, 0x00000000d6d00000, 0x0000000100000000)
  eden space 20992K, 100% used [0x00000000d5580000,0x00000000d6a00000,0x00000000d6a00000)
  from space 1536K, 89% used [0x00000000d6b80000,0x00000000d6cd8040,0x00000000d6d00000)
  to   space 1536K, 0% used [0x00000000d6a00000,0x00000000d6a00000,0x00000000d6b80000)
 ParOldGen       total 68608K, used 44421K [0x0000000080000000, 0x0000000084300000, 0x00000000d5580000)
  object space 68608K, 64% used [0x0000000080000000,0x0000000082b61470,0x0000000084300000)
 Metaspace       used 44368K, committed 45440K, reserved 1114112K
  class space    used 4371K, committed 4800K, reserved 1048576K
}
Event: 35.109 GC heap after
{Heap after GC invocations=31 (full 2):
 PSYoungGen      total 22016K, used 688K [0x00000000d5580000, 0x00000000d6c00000, 0x0000000100000000)
  eden space 20992K, 0% used [0x00000000d5580000,0x00000000d5580000,0x00000000d6a00000)
  from space 1024K, 67% used [0x00000000d6a00000,0x00000000d6aac010,0x00000000d6b00000)
  to   space 1024K, 0% used [0x00000000d6b00000,0x00000000d6b00000,0x00000000d6c00000)
 ParOldGen       total 68608K, used 45625K [0x0000000080000000, 0x0000000084300000, 0x00000000d5580000)
  object space 68608K, 66% used [0x0000000080000000,0x0000000082c8e6a0,0x0000000084300000)
 Metaspace       used 44368K, committed 45440K, reserved 1114112K
  class space    used 4371K, committed 4800K, reserved 1048576K
}
Event: 37.101 GC heap before
{Heap before GC invocations=32 (full 2):
 PSYoungGen      total 22016K, used 21680K [0x00000000d5580000, 0x00000000d6c00000, 0x0000000100000000)
  eden space 20992K, 100% used [0x00000000d5580000,0x00000000d6a00000,0x00000000d6a00000)
  from space 1024K, 67% used [0x00000000d6a00000,0x00000000d6aac010,0x00000000d6b00000)
  to   space 1024K, 0% used [0x00000000d6b00000,0x00000000d6b00000,0x00000000d6c00000)
 ParOldGen       total 68608K, used 45625K [0x0000000080000000, 0x0000000084300000, 0x00000000d5580000)
  object space 68608K, 66% used [0x0000000080000000,0x0000000082c8e6a0,0x0000000084300000)
 Metaspace       used 44668K, committed 45696K, reserved 1114112K
  class space    used 4375K, committed 4800K, reserved 1048576K
}
Event: 37.105 GC heap after
{Heap after GC invocations=32 (full 2):
 PSYoungGen      total 19968K, used 1024K [0x00000000d5580000, 0x00000000d7000000, 0x0000000100000000)
  eden space 18944K, 0% used [0x00000000d5580000,0x00000000d5580000,0x00000000d6800000)
  from space 1024K, 100% used [0x00000000d6b00000,0x00000000d6c00000,0x00000000d6c00000)
  to   space 3072K, 0% used [0x00000000d6800000,0x00000000d6800000,0x00000000d6b00000)
 ParOldGen       total 68608K, used 47244K [0x0000000080000000, 0x0000000084300000, 0x00000000d5580000)
  object space 68608K, 68% used [0x0000000080000000,0x0000000082e23050,0x0000000084300000)
 Metaspace       used 44668K, committed 45696K, reserved 1114112K
  class space    used 4375K, committed 4800K, reserved 1048576K
}
Event: 39.094 GC heap before
{Heap before GC invocations=33 (full 2):
 PSYoungGen      total 19968K, used 19968K [0x00000000d5580000, 0x00000000d7000000, 0x0000000100000000)
  eden space 18944K, 100% used [0x00000000d5580000,0x00000000d6800000,0x00000000d6800000)
  from space 1024K, 100% used [0x00000000d6b00000,0x00000000d6c00000,0x00000000d6c00000)
  to   space 3072K, 0% used [0x00000000d6800000,0x00000000d6800000,0x00000000d6b00000)
 ParOldGen       total 68608K, used 47244K [0x0000000080000000, 0x0000000084300000, 0x00000000d5580000)
  object space 68608K, 68% used [0x0000000080000000,0x0000000082e23050,0x0000000084300000)
 Metaspace       used 45149K, committed 46272K, reserved 1114112K
  class space    used 4417K, committed 4928K, reserved 1048576K
}
Event: 39.100 GC heap after
{Heap after GC invocations=33 (full 2):
 PSYoungGen      total 22016K, used 2580K [0x00000000d5580000, 0x00000000d6e00000, 0x0000000100000000)
  eden space 18944K, 0% used [0x00000000d5580000,0x00000000d5580000,0x00000000d6800000)
  from space 3072K, 84% used [0x00000000d6800000,0x00000000d6a85300,0x00000000d6b00000)
  to   space 3072K, 0% used [0x00000000d6b00000,0x00000000d6b00000,0x00000000d6e00000)
 ParOldGen       total 68608K, used 48230K [0x0000000080000000, 0x0000000084300000, 0x00000000d5580000)
  object space 68608K, 70% used [0x0000000080000000,0x0000000082f19a40,0x0000000084300000)
 Metaspace       used 45149K, committed 46272K, reserved 1114112K
  class space    used 4417K, committed 4928K, reserved 1048576K
}

Dll operation events (10 events):
Event: 0.016 Loaded shared library c:\Users\takwa\.vscode\extensions\redhat.java-1.54.0-win32-x64\jre\21.0.10-win32-x86_64\bin\java.dll
Event: 0.119 Loaded shared library c:\Users\takwa\.vscode\extensions\redhat.java-1.54.0-win32-x64\jre\21.0.10-win32-x86_64\bin\zip.dll
Event: 0.145 Loaded shared library C:\Users\takwa\.vscode\extensions\redhat.java-1.54.0-win32-x64\jre\21.0.10-win32-x86_64\bin\instrument.dll
Event: 0.154 Loaded shared library C:\Users\takwa\.vscode\extensions\redhat.java-1.54.0-win32-x64\jre\21.0.10-win32-x86_64\bin\net.dll
Event: 0.159 Loaded shared library C:\Users\takwa\.vscode\extensions\redhat.java-1.54.0-win32-x64\jre\21.0.10-win32-x86_64\bin\nio.dll
Event: 0.163 Loaded shared library C:\Users\takwa\.vscode\extensions\redhat.java-1.54.0-win32-x64\jre\21.0.10-win32-x86_64\bin\zip.dll
Event: 0.192 Loaded shared library C:\Users\takwa\.vscode\extensions\redhat.java-1.54.0-win32-x64\jre\21.0.10-win32-x86_64\bin\jimage.dll
Event: 0.311 Loaded shared library c:\Users\takwa\.vscode\extensions\redhat.java-1.54.0-win32-x64\jre\21.0.10-win32-x86_64\bin\verify.dll
Event: 2.879 Loaded shared library C:\Users\takwa\AppData\Roaming\Code\User\globalStorage\redhat.java\1.54.0\config_ss_win\org.eclipse.equinox.launcher\org.eclipse.equinox.launcher.win32.win32.x86_64_1.3.0.v20260203-2149\eclipse_11919.dll
Event: 5.961 Loaded shared library C:\Users\takwa\AppData\Local\Temp\jna-110124776\jna7297792712621737706.dll

Deoptimization events (20 events):
Event: 38.518 Thread 0x000001c57fa28b90 DEOPT PACKING pc=0x000001c50800c23c sp=0x00000036034fd5c0
Event: 38.518 Thread 0x000001c57fa28b90 DEOPT UNPACKING pc=0x000001c507583aa2 sp=0x00000036034fd538 mode 2
Event: 38.537 Thread 0x000001c57fa28b90 Uncommon trap: trap_request=0xffffff45 fr.pc=0x000001c507b71e28 relative=0x0000000000000148
Event: 38.537 Thread 0x000001c57fa28b90 Uncommon trap: reason=unstable_if action=reinterpret pc=0x000001c507b71e28 method=java.util.HashMap.getNode(Ljava/lang/Object;)Ljava/util/HashMap$Node; @ 66 c2
Event: 38.537 Thread 0x000001c57fa28b90 DEOPT PACKING pc=0x000001c507b71e28 sp=0x00000036034fdbc0
Event: 38.537 Thread 0x000001c57fa28b90 DEOPT UNPACKING pc=0x000001c507583aa2 sp=0x00000036034fdb30 mode 2
Event: 38.876 Thread 0x000001c57fa28b90 Uncommon trap: trap_request=0xffffffc6 fr.pc=0x000001c508046744 relative=0x0000000000000b64
Event: 38.876 Thread 0x000001c57fa28b90 Uncommon trap: reason=bimorphic_or_optimized_type_check action=maybe_recompile pc=0x000001c508046744 method=org.eclipse.jdt.internal.compiler.parser.Parser.consumeRule(I)V @ 5977 c2
Event: 38.876 Thread 0x000001c57fa28b90 DEOPT PACKING pc=0x000001c508046744 sp=0x00000036034fd630
Event: 38.876 Thread 0x000001c57fa28b90 DEOPT UNPACKING pc=0x000001c507583aa2 sp=0x00000036034fd5b0 mode 2
Event: 39.043 Thread 0x000001c57fa28b90 DEOPT PACKING pc=0x000001c5010aa2b2 sp=0x00000036034fe4c0
Event: 39.043 Thread 0x000001c57fa28b90 DEOPT UNPACKING pc=0x000001c507584242 sp=0x00000036034fda38 mode 0
Event: 39.088 Thread 0x000001c57fa28b90 Uncommon trap: trap_request=0xffffffde fr.pc=0x000001c507f8bcc8 relative=0x00000000000005a8
Event: 39.088 Thread 0x000001c57fa28b90 Uncommon trap: reason=class_check action=maybe_recompile pc=0x000001c507f8bcc8 method=org.eclipse.jdt.internal.compiler.parser.Scanner.atMultiCaseComma()Z @ 33 c2
Event: 39.088 Thread 0x000001c57fa28b90 DEOPT PACKING pc=0x000001c507f8bcc8 sp=0x00000036034feaa0
Event: 39.088 Thread 0x000001c57fa28b90 DEOPT UNPACKING pc=0x000001c507583aa2 sp=0x00000036034fe970 mode 2
Event: 39.088 Thread 0x000001c57fa28b90 Uncommon trap: trap_request=0xffffffde fr.pc=0x000001c507f8ab98 relative=0x00000000000000d8
Event: 39.088 Thread 0x000001c57fa28b90 Uncommon trap: reason=class_check action=maybe_recompile pc=0x000001c507f8ab98 method=org.eclipse.jdt.internal.compiler.parser.Scanner.atMultiCaseComma()Z @ 33 c2
Event: 39.088 Thread 0x000001c57fa28b90 DEOPT PACKING pc=0x000001c507f8ab98 sp=0x00000036034fea00
Event: 39.088 Thread 0x000001c57fa28b90 DEOPT UNPACKING pc=0x000001c507583aa2 sp=0x00000036034fe990 mode 2

Classes loaded (20 events):
Event: 29.163 Loading class java/util/logging/Level$RbAccess
Event: 29.163 Loading class java/util/logging/Level$RbAccess done
Event: 29.164 Loading class sun/util/logging/resources/logging
Event: 29.167 Loading class sun/util/logging/resources/logging done
Event: 29.168 Loading class sun/util/logging/resources/logging_en
Event: 29.168 Loading class sun/util/logging/resources/logging_en done
Event: 29.168 Loading class sun/util/logging/resources/logging_en
Event: 29.168 Loading class sun/util/logging/resources/logging_en done
Event: 29.169 Loading class sun/util/logging/resources/logging_en_AU
Event: 29.169 Loading class sun/util/logging/resources/logging_en_AU done
Event: 29.169 Loading class sun/util/logging/resources/logging_en_AU
Event: 29.169 Loading class sun/util/logging/resources/logging_en_AU done
Event: 29.180 Loading class java/util/Formatter$DateTime
Event: 29.180 Loading class java/util/Formatter$DateTime done
Event: 29.181 Loading class java/time/ZonedDateTime$1
Event: 29.181 Loading class java/time/ZonedDateTime$1 done
Event: 29.244 Loading class java/util/concurrent/CompletionException
Event: 29.245 Loading class java/util/concurrent/CompletionException done
Event: 36.924 Loading class java/lang/StringLatin1$LinesSpliterator
Event: 36.928 Loading class java/lang/StringLatin1$LinesSpliterator done

Classes unloaded (7 events):
Event: 7.372 Thread 0x000001c575af2b20 Unloading class 0x000001c510190c00 'java/lang/invoke/LambdaForm$MH+0x000001c510190c00'
Event: 7.372 Thread 0x000001c575af2b20 Unloading class 0x000001c510190800 'java/lang/invoke/LambdaForm$MH+0x000001c510190800'
Event: 7.372 Thread 0x000001c575af2b20 Unloading class 0x000001c510190400 'java/lang/invoke/LambdaForm$MH+0x000001c510190400'
Event: 7.372 Thread 0x000001c575af2b20 Unloading class 0x000001c510190000 'java/lang/invoke/LambdaForm$MH+0x000001c510190000'
Event: 7.372 Thread 0x000001c575af2b20 Unloading class 0x000001c51018fc00 'java/lang/invoke/LambdaForm$BMH+0x000001c51018fc00'
Event: 7.372 Thread 0x000001c575af2b20 Unloading class 0x000001c51018f800 'java/lang/invoke/LambdaForm$DMH+0x000001c51018f800'
Event: 7.372 Thread 0x000001c575af2b20 Unloading class 0x000001c51018e400 'java/lang/invoke/LambdaForm$DMH+0x000001c51018e400'

Classes redefined (0 events):
No events

Internal exceptions (20 events):
Event: 25.722 Thread 0x000001c57fb402e0 Exception <a 'java/lang/NoSuchMethodError'{0x00000000d5ab0ec0}: 'int java.lang.invoke.DirectMethodHandle$Holder.invokeSpecialIFC(java.lang.Object, java.lang.Object, java.lang.Object)'> (0x00000000d5ab0ec0) 
thrown [s\src\hotspot\share\interpreter\linkResolver.cpp, line 773]
Event: 26.124 Thread 0x000001c57fb402e0 Exception <a 'java/lang/LinkageError'{0x00000000d5ef4f58}: loader lombok.launch.ShadowClassLoader @5b08827c attempted duplicate class definition for lombok.launch.PatchFixesHider$Delegate. (lombok.launch.PatchFixesHider$Delegate is in unnamed module of loader lombok.launch.ShadowClassLoader @5b08827c, parent loader org.eclipse.osgi.internal.loader.EquinoxClassLoader @122596f2)> (0x00000000d5ef4f58) 
thrown [s\src\hotspot\share\classfile\systemDictionary.cpp, line 1672]
Event: 26.311 Thread 0x000001c57fa277e0 Implicit null exception at 0x000001c507b97451 to 0x000001c507b97ae5
Event: 26.786 Thread 0x000001c57fb402e0 Exception <a 'java/lang/LinkageError'{0x00000000d66d79f0}: loader lombok.launch.ShadowClassLoader @5b08827c attempted duplicate class definition for lombok.launch.PatchFixesHider$Val. (lombok.launch.PatchFixesHider$Val is in unnamed module of loader lombok.launch.ShadowClassLoader @5b08827c, parent loader org.eclipse.osgi.internal.loader.EquinoxClassLoader @122596f2)> (0x00000000d66d79f0) 
thrown [s\src\hotspot\share\classfile\systemDictionary.cpp, line 1672]
Event: 26.801 Thread 0x000001c57fb402e0 Exception <a 'java/lang/NoSuchMethodError'{0x00000000d66d8890}: 'int java.lang.invoke.DirectMethodHandle$Holder.invokeSpecial(java.lang.Object, java.lang.Object, java.lang.Object, java.lang.Object)'> (0x00000000d66d8890) 
thrown [s\src\hotspot\share\interpreter\linkResolver.cpp, line 773]
Event: 26.832 Thread 0x000001c57fa277e0 Implicit null exception at 0x000001c507bc8f23 to 0x000001c507bc92b8
Event: 26.930 Thread 0x000001c57fb402e0 Exception <a 'java/lang/LinkageError'{0x00000000d694e4e8}: loader lombok.launch.ShadowClassLoader @5b08827c attempted duplicate class definition for lombok.launch.PatchFixesHider$ExtensionMethod. (lombok.launch.PatchFixesHider$ExtensionMethod is in unnamed module of loader lombok.launch.ShadowClassLoader @5b08827c, parent loader org.eclipse.osgi.internal.loader.EquinoxClassLoader @122596f2)> (0x00000000d694e4e8) 
thrown [s\src\hotspot\share\classfile\systemDictionary.cpp, line 1672]
Event: 28.308 Thread 0x000001c57fb402e0 Exception <a 'java/io/FileNotFoundException'{0x00000000d5e228d8}> (0x00000000d5e228d8) 
thrown [s\src\hotspot\share\prims\jni.cpp, line 520]
Event: 28.310 Thread 0x000001c57fb402e0 Exception <a 'java/io/FileNotFoundException'{0x00000000d5e238d8}> (0x00000000d5e238d8) 
thrown [s\src\hotspot\share\prims\jni.cpp, line 520]
Event: 28.310 Thread 0x000001c57fb402e0 Exception <a 'java/io/FileNotFoundException'{0x00000000d5e24648}> (0x00000000d5e24648) 
thrown [s\src\hotspot\share\prims\jni.cpp, line 520]
Event: 29.164 Thread 0x000001c57fa277e0 Exception <a 'java/lang/ClassNotFoundException'{0x00000000d5895a60}: sun/util/logging/resources/spi/loggingProvider> (0x00000000d5895a60) 
thrown [s\src\hotspot\share\classfile\systemDictionary.cpp, line 312]
Event: 29.318 Thread 0x000001c57fa277e0 Exception <a 'java/lang/IncompatibleClassChangeError'{0x00000000d5927ac8}: Found class java.lang.Object, but interface was expected> (0x00000000d5927ac8) 
thrown [s\src\hotspot\share\interpreter\linkResolver.cpp, line 840]
Event: 29.359 Thread 0x000001c57fa26430 Exception <a 'java/lang/ArrayIndexOutOfBoundsException'{0x00000000d59b7ad0}> (0x00000000d59b7ad0) 
thrown [s\src\hotspot\share\runtime\sharedRuntime.cpp, line 625]
Event: 29.444 Thread 0x000001c57fa26430 Exception <a 'java/lang/ArrayIndexOutOfBoundsException'{0x00000000d59c9c38}> (0x00000000d59c9c38) 
thrown [s\src\hotspot\share\runtime\sharedRuntime.cpp, line 625]
Event: 36.930 Thread 0x000001c57fa28b90 Exception <a 'java/lang/NoSuchMethodError'{0x00000000d66893b8}: 'java.lang.Object java.lang.invoke.DirectMethodHandle$Holder.invokeStatic(java.lang.Object, int, java.lang.Object)'> (0x00000000d66893b8) 
thrown [s\src\hotspot\share\interpreter\linkResolver.cpp, line 773]
Event: 37.367 Thread 0x000001c57fa28b90 Implicit null exception at 0x000001c507fd95bd to 0x000001c507fdbef8
Event: 37.519 Thread 0x000001c57fa28b90 Exception <a 'java/lang/NoSuchMethodError'{0x00000000d5e12a30}: 'void java.lang.invoke.DirectMethodHandle$Holder.invokeVirtual(java.lang.Object, java.lang.Object, java.lang.Object, java.lang.Object, java.lang.Object)'> (0x00000000d5e12a30) 
thrown [s\src\hotspot\share\interpreter\linkResolver.cpp, line 773]
Event: 37.594 Thread 0x000001c57fa28b90 Implicit null exception at 0x000001c507fc8fc3 to 0x000001c507fc9048
Event: 37.594 Thread 0x000001c57fa28b90 Implicit null exception at 0x000001c5080266d4 to 0x000001c508026754
Event: 38.204 Thread 0x000001c57fa28b90 Exception <a 'java/lang/NoSuchMethodError'{0x00000000d62af458}: 'java.lang.Object java.lang.invoke.DirectMethodHandle$Holder.invokeStatic(java.lang.Object, java.lang.Object, int, java.lang.Object, java.lang.Object)'> (0x00000000d62af458) 
thrown [s\src\hotspot\share\interpreter\linkResolver.cpp, line 773]

ZGC Phase Switch (0 events):
No events

VM Operations (20 events):
Event: 35.109 Executing safepoint VM operation: ParallelGCFailedAllocation (Allocation Failure) done
Event: 36.112 Executing safepoint VM operation: Cleanup
Event: 36.133 Executing safepoint VM operation: Cleanup done
Event: 37.101 Executing safepoint VM operation: ParallelGCFailedAllocation (Allocation Failure)
Event: 37.105 Executing safepoint VM operation: ParallelGCFailedAllocation (Allocation Failure) done
Event: 37.999 Executing non-safepoint VM operation: HandshakeAllThreads (Deoptimize)
Event: 37.999 Executing non-safepoint VM operation: HandshakeAllThreads (Deoptimize) done
Event: 38.273 Executing safepoint VM operation: ICBufferFull
Event: 38.273 Executing safepoint VM operation: ICBufferFull done
Event: 38.389 Executing non-safepoint VM operation: HandshakeAllThreads (Deoptimize)
Event: 38.389 Executing non-safepoint VM operation: HandshakeAllThreads (Deoptimize) done
Event: 38.684 Executing non-safepoint VM operation: HandshakeAllThreads (Deoptimize)
Event: 38.684 Executing non-safepoint VM operation: HandshakeAllThreads (Deoptimize) done
Event: 39.054 Executing safepoint VM operation: ICBufferFull
Event: 39.054 Executing safepoint VM operation: ICBufferFull done
Event: 39.093 Executing safepoint VM operation: ParallelGCFailedAllocation (Allocation Failure)
Event: 39.100 Executing safepoint VM operation: ParallelGCFailedAllocation (Allocation Failure) done
Event: 40.108 Executing safepoint VM operation: Cleanup
Event: 40.140 Executing safepoint VM operation: Cleanup done
Event: 41.152 Executing safepoint VM operation: Cleanup

Memory protections (0 events):
No events

Nmethod flushes (20 events):
Event: 18.282 Thread 0x000001c575af2b20 flushing  nmethod 0x000001c50046f590
Event: 18.282 Thread 0x000001c575af2b20 flushing  nmethod 0x000001c50046f910
Event: 18.282 Thread 0x000001c575af2b20 flushing  nmethod 0x000001c500470b10
Event: 18.282 Thread 0x000001c575af2b20 flushing  nmethod 0x000001c500471710
Event: 18.282 Thread 0x000001c575af2b20 flushing  nmethod 0x000001c500472490
Event: 18.282 Thread 0x000001c575af2b20 flushing  nmethod 0x000001c500472c90
Event: 18.282 Thread 0x000001c575af2b20 flushing  nmethod 0x000001c500473010
Event: 18.282 Thread 0x000001c575af2b20 flushing  nmethod 0x000001c500473f90
Event: 18.282 Thread 0x000001c575af2b20 flushing  nmethod 0x000001c500477390
Event: 18.282 Thread 0x000001c575af2b20 flushing  nmethod 0x000001c50047a410
Event: 18.282 Thread 0x000001c575af2b20 flushing  nmethod 0x000001c500485010
Event: 18.282 Thread 0x000001c575af2b20 flushing  nmethod 0x000001c500486390
Event: 18.282 Thread 0x000001c575af2b20 flushing  nmethod 0x000001c5004a6f90
Event: 18.282 Thread 0x000001c575af2b20 flushing  nmethod 0x000001c5004aa690
Event: 18.282 Thread 0x000001c575af2b20 flushing  nmethod 0x000001c5004ac910
Event: 18.282 Thread 0x000001c575af2b20 flushing  nmethod 0x000001c5004ff290
Event: 18.282 Thread 0x000001c575af2b20 flushing  nmethod 0x000001c5004ff690
Event: 18.282 Thread 0x000001c575af2b20 flushing  nmethod 0x000001c500500010
Event: 18.282 Thread 0x000001c575af2b20 flushing  nmethod 0x000001c500512590
Event: 18.282 Thread 0x000001c575af2b20 flushing  nmethod 0x000001c500538010

Events (20 events):
Event: 9.990 Thread 0x000001c575a52bc0 Thread added: 0x000001c57fa277e0
Event: 10.630 Thread 0x000001c555630dd0 Thread exited: 0x000001c555630dd0
Event: 12.838 Thread 0x000001c57fa277e0 Thread added: 0x000001c57fa26430
Event: 13.014 Thread 0x000001c575b0cc30 Thread added: 0x000001c57fabf6f0
Event: 13.379 Thread 0x000001c57fabf6f0 Thread exited: 0x000001c57fabf6f0
Event: 13.588 Thread 0x000001c575b0cc30 Thread added: 0x000001c55528da00
Event: 15.656 Thread 0x000001c55528da00 Thread exited: 0x000001c55528da00
Event: 15.818 Thread 0x000001c57fa277e0 Thread added: 0x000001c57fa25da0
Event: 16.098 Thread 0x000001c575b0cc30 Thread added: 0x000001c55528da00
Event: 16.657 Thread 0x000001c55528da00 Thread exited: 0x000001c55528da00
Event: 22.490 Thread 0x000001c575b0cc30 Thread added: 0x000001c57fd79fb0
Event: 23.258 Thread 0x000001c57fa277e0 Thread added: 0x000001c5554ca400
Event: 23.739 Thread 0x000001c57fd79fb0 Thread exited: 0x000001c57fd79fb0
Event: 24.482 Thread 0x000001c575b0cc30 Thread added: 0x000001c555e10a20
Event: 29.378 Thread 0x000001c57fa277e0 Thread added: 0x000001c5554cb120
Event: 34.827 Thread 0x000001c555e10a20 Thread exited: 0x000001c555e10a20
Event: 34.915 Thread 0x000001c575b0cc30 Thread added: 0x000001c555e10a20
Event: 35.504 Thread 0x000001c555e10a20 Thread exited: 0x000001c555e10a20
Event: 36.092 Thread 0x000001c575b0cc30 Thread added: 0x000001c55a1b6010
Event: 37.155 Thread 0x000001c55a1b6010 Thread exited: 0x000001c55a1b6010


Dynamic libraries:
0x00007ff7a40c0000 - 0x00007ff7a40ce000 	c:\Users\takwa\.vscode\extensions\redhat.java-1.54.0-win32-x64\jre\21.0.10-win32-x86_64\bin\java.exe
0x00007ffb38e00000 - 0x00007ffb39066000 	C:\WINDOWS\SYSTEM32\ntdll.dll
0x00007ffb37990000 - 0x00007ffb37a59000 	C:\WINDOWS\System32\KERNEL32.DLL
0x00007ffb36150000 - 0x00007ffb3654a000 	C:\WINDOWS\System32\KERNELBASE.dll
0x00007ffb36a30000 - 0x00007ffb36b7c000 	C:\WINDOWS\System32\ucrtbase.dll
0x00007ffb22690000 - 0x00007ffb226a8000 	c:\Users\takwa\.vscode\extensions\redhat.java-1.54.0-win32-x64\jre\21.0.10-win32-x86_64\bin\jli.dll
0x00007ffb20b10000 - 0x00007ffb20b2e000 	c:\Users\takwa\.vscode\extensions\redhat.java-1.54.0-win32-x64\jre\21.0.10-win32-x86_64\bin\VCRUNTIME140.dll
0x00007ffb36f50000 - 0x00007ffb37117000 	C:\WINDOWS\System32\USER32.dll
0x00007ffb36550000 - 0x00007ffb36577000 	C:\WINDOWS\System32\win32u.dll
0x00007ffb10f90000 - 0x00007ffb11222000 	C:\WINDOWS\WinSxS\amd64_microsoft.windows.common-controls_6595b64144ccf1df_6.0.26100.8346_none_3e0a4650e332b5e4\COMCTL32.dll
0x00007ffb38290000 - 0x00007ffb38339000 	C:\WINDOWS\System32\msvcrt.dll
0x00007ffb36b80000 - 0x00007ffb36bab000 	C:\WINDOWS\System32\GDI32.dll
0x00007ffb367c0000 - 0x00007ffb368eb000 	C:\WINDOWS\System32\gdi32full.dll
0x00007ffb360a0000 - 0x00007ffb36143000 	C:\WINDOWS\System32\msvcp_win.dll
0x00007ffb383f0000 - 0x00007ffb38422000 	C:\WINDOWS\System32\IMM32.DLL
0x00007ffb2e680000 - 0x00007ffb2e68c000 	c:\Users\takwa\.vscode\extensions\redhat.java-1.54.0-win32-x64\jre\21.0.10-win32-x86_64\bin\vcruntime140_1.dll
0x00007ffb1dd00000 - 0x00007ffb1dd8d000 	c:\Users\takwa\.vscode\extensions\redhat.java-1.54.0-win32-x64\jre\21.0.10-win32-x86_64\bin\msvcp140.dll
0x00007ffa8f5b0000 - 0x00007ffa90351000 	c:\Users\takwa\.vscode\extensions\redhat.java-1.54.0-win32-x64\jre\21.0.10-win32-x86_64\bin\server\jvm.dll
0x00007ffb38d00000 - 0x00007ffb38db6000 	C:\WINDOWS\System32\ADVAPI32.dll
0x00007ffb36e10000 - 0x00007ffb36eb7000 	C:\WINDOWS\System32\sechost.dll
0x00007ffb37de0000 - 0x00007ffb37ef8000 	C:\WINDOWS\System32\RPCRT4.dll
0x00007ffb36ec0000 - 0x00007ffb36f40000 	C:\WINDOWS\System32\WS2_32.dll
0x00007ffb35f00000 - 0x00007ffb35f5e000 	C:\WINDOWS\SYSTEM32\POWRPROF.dll
0x00007ffb12140000 - 0x00007ffb1214b000 	C:\WINDOWS\SYSTEM32\VERSION.dll
0x00007ffb2a620000 - 0x00007ffb2a656000 	C:\WINDOWS\SYSTEM32\WINMM.dll
0x00007ffb35ee0000 - 0x00007ffb35ef4000 	C:\WINDOWS\SYSTEM32\UMPDC.dll
0x00007ffb34de0000 - 0x00007ffb34dfb000 	C:\WINDOWS\SYSTEM32\kernel.appcore.dll
0x00007ffb20b00000 - 0x00007ffb20b0a000 	c:\Users\takwa\.vscode\extensions\redhat.java-1.54.0-win32-x64\jre\21.0.10-win32-x86_64\bin\jimage.dll
0x00007ffb33750000 - 0x00007ffb33992000 	C:\WINDOWS\SYSTEM32\DBGHELP.DLL
0x00007ffb37f00000 - 0x00007ffb38283000 	C:\WINDOWS\System32\combase.dll
0x00007ffb371a0000 - 0x00007ffb37279000 	C:\WINDOWS\System32\OLEAUT32.dll
0x00007ffb0b410000 - 0x00007ffb0b44b000 	C:\WINDOWS\SYSTEM32\dbgcore.DLL
0x00007ffb368f0000 - 0x00007ffb36998000 	C:\WINDOWS\System32\bcryptPrimitives.dll
0x00007ffb20af0000 - 0x00007ffb20aff000 	c:\Users\takwa\.vscode\extensions\redhat.java-1.54.0-win32-x64\jre\21.0.10-win32-x86_64\bin\instrument.dll
0x00007ffb207e0000 - 0x00007ffb20800000 	c:\Users\takwa\.vscode\extensions\redhat.java-1.54.0-win32-x64\jre\21.0.10-win32-x86_64\bin\java.dll
0x00007ffb38430000 - 0x00007ffb38bac000 	C:\WINDOWS\System32\SHELL32.dll
0x00007ffb33c30000 - 0x00007ffb344a5000 	C:\WINDOWS\SYSTEM32\windows.storage.dll
0x00007ffb36d10000 - 0x00007ffb36e09000 	C:\WINDOWS\System32\SHCORE.dll
0x00007ffb37120000 - 0x00007ffb37187000 	C:\WINDOWS\System32\shlwapi.dll
0x00007ffb35fc0000 - 0x00007ffb35fe9000 	C:\WINDOWS\SYSTEM32\profapi.dll
0x00007ffb20780000 - 0x00007ffb20798000 	c:\Users\takwa\.vscode\extensions\redhat.java-1.54.0-win32-x64\jre\21.0.10-win32-x86_64\bin\zip.dll
0x00007ffb20ae0000 - 0x00007ffb20af0000 	C:\Users\takwa\.vscode\extensions\redhat.java-1.54.0-win32-x64\jre\21.0.10-win32-x86_64\bin\net.dll
0x00007ffb2d5a0000 - 0x00007ffb2d6c9000 	C:\WINDOWS\SYSTEM32\WINHTTP.dll
0x00007ffb35330000 - 0x00007ffb3539c000 	C:\WINDOWS\system32\mswsock.dll
0x00007ffb206f0000 - 0x00007ffb20706000 	C:\Users\takwa\.vscode\extensions\redhat.java-1.54.0-win32-x64\jre\21.0.10-win32-x86_64\bin\nio.dll
0x00007ffb20ac0000 - 0x00007ffb20ad0000 	c:\Users\takwa\.vscode\extensions\redhat.java-1.54.0-win32-x64\jre\21.0.10-win32-x86_64\bin\verify.dll
0x00007ffb1ed10000 - 0x00007ffb1ed55000 	C:\Users\takwa\AppData\Roaming\Code\User\globalStorage\redhat.java\1.54.0\config_ss_win\org.eclipse.equinox.launcher\org.eclipse.equinox.launcher.win32.win32.x86_64_1.3.0.v20260203-2149\eclipse_11919.dll
0x00007ffb37bb0000 - 0x00007ffb37d48000 	C:\WINDOWS\System32\ole32.dll
0x00007ffb35730000 - 0x00007ffb3574b000 	C:\WINDOWS\SYSTEM32\CRYPTSP.dll
0x00007ffb34d40000 - 0x00007ffb34d79000 	C:\WINDOWS\system32\rsaenh.dll
0x00007ffb353e0000 - 0x00007ffb35413000 	C:\WINDOWS\SYSTEM32\USERENV.dll
0x00007ffb35f90000 - 0x00007ffb35fba000 	C:\WINDOWS\SYSTEM32\bcrypt.dll
0x00007ffb35590000 - 0x00007ffb3559c000 	C:\WINDOWS\SYSTEM32\CRYPTBASE.dll
0x00007ffb34820000 - 0x00007ffb34852000 	C:\WINDOWS\SYSTEM32\IPHLPAPI.DLL
0x00007ffb37d50000 - 0x00007ffb37d5a000 	C:\WINDOWS\System32\NSI.dll
0x00007ffb1de10000 - 0x00007ffb1de59000 	C:\Users\takwa\AppData\Local\Temp\jna-110124776\jna7297792712621737706.dll
0x00007ffb37280000 - 0x00007ffb37288000 	C:\WINDOWS\System32\PSAPI.DLL
0x00007ffb2e160000 - 0x00007ffb2e17d000 	C:\WINDOWS\SYSTEM32\dhcpcsvc6.DLL
0x00007ffb2e130000 - 0x00007ffb2e155000 	C:\WINDOWS\SYSTEM32\dhcpcsvc.DLL

JVMTI agents:
c:\Users\takwa\.vscode\extensions\redhat.java-1.54.0-win32-x64\lombok\lombok-1.18.39-4050.jar path:c:\Users\takwa\.vscode\extensions\redhat.java-1.54.0-win32-x64\jre\21.0.10-win32-x86_64\bin\instrument.dll, loaded, initialized, instrumentlib options:none

dbghelp: loaded successfully - version: 4.0.5 - missing functions: none
symbol engine: initialized successfully - sym options: 0x614 - pdb path: .;c:\Users\takwa\.vscode\extensions\redhat.java-1.54.0-win32-x64\jre\21.0.10-win32-x86_64\bin;C:\WINDOWS\SYSTEM32;C:\WINDOWS\WinSxS\amd64_microsoft.windows.common-controls_6595b64144ccf1df_6.0.26100.8346_none_3e0a4650e332b5e4;c:\Users\takwa\.vscode\extensions\redhat.java-1.54.0-win32-x64\jre\21.0.10-win32-x86_64\bin\server;C:\Users\takwa\AppData\Roaming\Code\User\globalStorage\redhat.java\1.54.0\config_ss_win\org.eclipse.equinox.launcher\org.eclipse.equinox.launcher.win32.win32.x86_64_1.3.0.v20260203-2149;C:\Users\takwa\AppData\Local\Temp\jna-110124776

VM Arguments:
jvm_args: --add-modules=ALL-SYSTEM --add-opens=java.base/java.util=ALL-UNNAMED --add-opens=java.base/java.lang=ALL-UNNAMED --add-opens=java.base/sun.nio.fs=ALL-UNNAMED -Declipse.application=org.eclipse.jdt.ls.core.id1 -Dosgi.bundles.defaultStartLevel=4 -Declipse.product=org.eclipse.jdt.ls.core.product -Djava.import.generatesMetadataFilesAtProjectRoot=false -DDetectVMInstallationsJob.disabled=true -Dfile.encoding=utf8 -XX:+UseParallelGC -XX:GCTimeRatio=4 -XX:AdaptiveSizePolicyWeight=90 -Dsun.zip.disableMemoryMapping=true -Xmx2G -Xms100m -Xlog:disable -javaagent:c:\Users\takwa\.vscode\extensions\redhat.java-1.54.0-win32-x64\lombok\lombok-1.18.39-4050.jar 
java_command: c:\Users\takwa\.vscode\extensions\redhat.java-1.54.0-win32-x64\server\plugins\org.eclipse.equinox.launcher_1.7.100.v20251111-0406.jar -configuration c:\Users\takwa\AppData\Roaming\Code\User\globalStorage\redhat.java\1.54.0\config_ss_win -data c:\Users\takwa\AppData\Roaming\Code\User\workspaceStorage\9ef35f15cb76032a73c490f0d8220ee0\redhat.java\ss_ws --pipe=\\.\pipe\lsp-144044f640979a41b752d05fa5267f74-sock
java_class_path (initial): c:\Users\takwa\.vscode\extensions\redhat.java-1.54.0-win32-x64\server\plugins\org.eclipse.equinox.launcher_1.7.100.v20251111-0406.jar
Launcher Type: SUN_STANDARD

[Global flags]
    uintx AdaptiveSizePolicyWeight                 = 90                                        {product} {command line}
     intx CICompilerCount                          = 4                                         {product} {ergonomic}
    uintx GCTimeRatio                              = 4                                         {product} {command line}
   size_t InitialHeapSize                          = 104857600                                 {product} {command line}
   size_t MaxHeapSize                              = 2147483648                                {product} {command line}
   size_t MaxNewSize                               = 715653120                                 {product} {ergonomic}
   size_t MinHeapDeltaBytes                        = 524288                                    {product} {ergonomic}
   size_t MinHeapSize                              = 104857600                                 {product} {command line}
   size_t NewSize                                  = 34603008                                  {product} {ergonomic}
    uintx NonNMethodCodeHeapSize                   = 5839372                                {pd product} {ergonomic}
    uintx NonProfiledCodeHeapSize                  = 122909434                              {pd product} {ergonomic}
   size_t OldSize                                  = 70254592                                  {product} {ergonomic}
    uintx ProfiledCodeHeapSize                     = 122909434                              {pd product} {ergonomic}
    uintx ReservedCodeCacheSize                    = 251658240                              {pd product} {ergonomic}
     bool SegmentedCodeCache                       = true                                      {product} {ergonomic}
   size_t SoftMaxHeapSize                          = 2147483648                             {manageable} {ergonomic}
     bool UseCompressedOops                        = true                           {product lp64_product} {ergonomic}
     bool UseLargePagesIndividualAllocation        = false                                  {pd product} {ergonomic}
     bool UseParallelGC                            = true                                      {product} {command line}

Logging:
Log output configuration:
 #0: stdout all=off uptime,level,tags foldmultilines=false
 #1: stderr all=off uptime,level,tags foldmultilines=false

Release file:
JAVA_VERSION="21.0.10" 
MODULES="java.base java.compiler java.datatransfer java.xml java.prefs java.desktop java.instrument java.logging java.management java.security.sasl java.naming java.rmi java.management.rmi java.net.http java.scripting java.security.jgss java.transaction.xa java.sql java.sql.rowset java.xml.crypto java.se java.smartcardio jdk.accessibility jdk.internal.jvmstat jdk.attach jdk.charsets jdk.internal.opt jdk.zipfs jdk.compiler jdk.crypto.ec jdk.crypto.cryptoki jdk.crypto.mscapi jdk.dynalink jdk.internal.ed jdk.editpad jdk.hotspot.agent jdk.httpserver jdk.internal.le jdk.internal.vm.ci jdk.internal.vm.compiler jdk.internal.vm.compiler.management jdk.jartool jdk.javadoc jdk.jcmd jdk.management jdk.management.agent jdk.jconsole jdk.jdeps jdk.jdwp.agent jdk.jdi jdk.jfr jdk.jshell jdk.jsobject jdk.jstatd jdk.localedata jdk.management.jfr jdk.naming.dns jdk.naming.rmi jdk.net jdk.nio.mapmode jdk.random jdk.sctp jdk.security.auth jdk.security.jgss jdk.unsupported jdk.unsupported.desktop jdk.xml.dom" 

Environment Variables:
JAVA_HOME=C:\Users\takwa\AppData\Local\Programs\Eclipse Adoptium\jdk-17.0.18.8-hotspot
PATH=C:\Users\takwa\AppData\Local\Programs\Microsoft VS Code;C:\Python312\Scripts\;C:\Python312\;C:\Program Files\Common Files\Oracle\Java\javapath;C:\Program Files\Java\jdk-23;C:\Users\takwa\Downloads\hadoop-3.3.6\hadoop-3.3.6;C:\Users\takwa\develop\flutter\bin;C:\Users\takwa\AppData\Local\Programs\Python\Python313\Scripts;C:\Users\takwa\AppData\Local\Programs\Python\Python313;C:\Users\takwa\AppData\Local\Microsoft\WindowsApps;C:\Users\takwa\AppData\Local\Programs\Microsoft VS Code\bin;C:\Users\takwa\AppData\Roaming\npm;C:\Users\takwa\.dotnet\tools;C:\Users\takwa\AppData\Local\GitHubDesktop\bin;C:\Program Files\dotnet\;C:\WINDOWS\system32;C:\WINDOWS;C:\WINDOWS\System32\Wbem;C:\WINDOWS\System32\WindowsPowerShell\v1.0\;C:\WINDOWS\System32\OpenSSH\;C:\apacheMaven\apache-maven-3.8.9;C:\minikube;C:\Program Files\Kubernetes\Minikube;C:\Program Files\Microsoft SQL Server\150\Tools\Binn\;C:\Program Files\Git\cmd;C:\WINDOWS\system32;C:\WINDOWS;C:\WINDOWS\System32\Wbem;C:\WINDOWS\System32\WindowsPowerShell\v1.0\;C:\WINDOWS\System32\OpenSSH\;C:\Program Files (x86)\Microsoft SQL Server\160\Tools\Binn\;C:\Program Files\Microsoft SQL Server\160\Tools\Binn\;C:\Program Files\Microsoft SQL Server\Client SDK\ODBC\170\Tools\Binn\;C:\Program Files\Microsoft SQL Server\160\DTS\Binn\;C:\Program Files (x86)\Microsoft SQL Server\160\DTS\Binn\;C:\Program Files\Azure Data Studio\bin;C:\Users\takwa\AppData\Local\Programs\Eclipse Adoptium\jdk-17.0.18.8-hotspot\bin;C:\Program Files\Java\jdk-23;C:\Program Files\nodejs;C:\Users\takwa\AppData\Roaming\npm;C:\Program Files\Docker\Docker\resources\bin;C:\hadoop-3.3.6\bin;C:\PROGRA~1\Java\jdk-1.8;C:\Users\takwa\develop\flutter\bin;C:\Users\takwa\AppData\Local\Microsoft\WindowsApps;C:\Users\takwa\AppData\Local\Programs\Microsoft VS Code\bin;C:\Users\takwa\AppData\Local\GitHubDesktop\bin;C:\apacheMaven\apache-maven-3.8.9\bin;C:\Program Files\Azure Data Studio\bin;C:\Program Files\JetBrains\IntelliJ IDEA 2025.3.4\bin;C:\Users\takwa\AppData\Local\Programs\Eclipse Adoptium\jdk-17.0.18.8-hotspot\bin;C:\Users\takwa\AppData\Local\Python\bin
USERNAME=takwa
OS=Windows_NT
PROCESSOR_IDENTIFIER=Intel64 Family 6 Model 154 Stepping 4, GenuineIntel
TMP=C:\Users\takwa\AppData\Local\Temp
TEMP=C:\Users\takwa\AppData\Local\Temp




Periodic native trim disabled

---------------  S Y S T E M  ---------------

OS:
 Windows 11 , 64 bit Build 26100 (10.0.26100.8346)
OS uptime: 4 days 11:31 hours
Hyper-V role detected

CPU: total 12 (initial active 12) (6 cores per cpu, 2 threads per core) family 6 model 154 stepping 4 microcode 0x433, cx8, cmov, fxsr, ht, mmx, 3dnowpref, sse, sse2, sse3, ssse3, sse4.1, sse4.2, popcnt, lzcnt, tsc, tscinvbit, avx, avx2, aes, erms, clmul, bmi1, bmi2, adx, sha, fma, vzeroupper, clflush, clflushopt, clwb, hv, serialize, rdtscp, rdpid, fsrm, f16c, cet_ibt, cet_ss
Processor Information for processor 0
  Max Mhz: 1300, Current Mhz: 1300, Mhz Limit: 1300
Processor Information for processor 1
  Max Mhz: 1300, Current Mhz: 1300, Mhz Limit: 1300
Processor Information for processor 2
  Max Mhz: 1300, Current Mhz: 1300, Mhz Limit: 1300
Processor Information for processor 3
  Max Mhz: 1300, Current Mhz: 1300, Mhz Limit: 1300
Processor Information for processor 4
  Max Mhz: 900, Current Mhz: 900, Mhz Limit: 900
Processor Information for processor 5
  Max Mhz: 900, Current Mhz: 900, Mhz Limit: 900
Processor Information for processor 6
  Max Mhz: 900, Current Mhz: 900, Mhz Limit: 900
Processor Information for processor 7
  Max Mhz: 900, Current Mhz: 900, Mhz Limit: 900
Processor Information for processor 8
  Max Mhz: 900, Current Mhz: 900, Mhz Limit: 900
Processor Information for processor 9
  Max Mhz: 900, Current Mhz: 900, Mhz Limit: 900
Processor Information for processor 10
  Max Mhz: 900, Current Mhz: 900, Mhz Limit: 900
Processor Information for processor 11
  Max Mhz: 900, Current Mhz: 900, Mhz Limit: 900

Memory: 4k page, system-wide physical 7916M (424M free)
TotalPageFile size 32492M (AvailPageFile size 30M)
current process WorkingSet (physical memory assigned to process): 144M, peak: 312M
current process commit charge ("private bytes"): 329M, peak: 477M

vm_info: OpenJDK 64-Bit Server VM (21.0.10+7-LTS) for windows-amd64 JRE (21.0.10+7-LTS), built on 2026-01-20T00:00:00Z by "admin" with MS VC++ 17.12 (VS2022)

END.
