#
# There is insufficient memory for the Java Runtime Environment to continue.
# Native memory allocation (malloc) failed to allocate 4347056 bytes. Error detail: Chunk::new
# Possible reasons:
#   The system is out of physical RAM or swap space
#   This process is running with CompressedOops enabled, and the Java Heap may be blocking the growth of the native heap
# Possible solutions:
#   Reduce memory load on the system
#   Increase physical memory or swap space
#   Check if swap backing store is full
#   Decrease Java heap size (-Xmx/-Xms)
#   Decrease number of Java threads
#   Decrease Java thread stack sizes (-Xss)
#   Set larger code cache with -XX:ReservedCodeCacheSize=
#   JVM is running with Unscaled Compressed Oops mode in which the Java heap is
#     placed in the first 4GB address space. The Java Heap base address is the
#     maximum limit for the native heap growth. Please use -XX:HeapBaseMinAddress
#     to set the Java Heap base and to place the Java Heap above 4GB virtual address.
# This output file may be truncated or incomplete.
#
#  Out of Memory Error (arena.cpp:168), pid=61668, tid=57336
#
# JRE version: OpenJDK Runtime Environment Temurin-21.0.10+7 (21.0.10+7) (build 21.0.10+7-LTS)
# Java VM: OpenJDK 64-Bit Server VM Temurin-21.0.10+7 (21.0.10+7-LTS, mixed mode, sharing, tiered, compressed oops, compressed class ptrs, parallel gc, windows-amd64)
# No core dump will be written. Minidumps are not enabled by default on client versions of Windows
#

---------------  S U M M A R Y ------------

Command Line: --add-modules=ALL-SYSTEM --add-opens=java.base/java.util=ALL-UNNAMED --add-opens=java.base/java.lang=ALL-UNNAMED --add-opens=java.base/sun.nio.fs=ALL-UNNAMED -Declipse.application=org.eclipse.jdt.ls.core.id1 -Dosgi.bundles.defaultStartLevel=4 -Declipse.product=org.eclipse.jdt.ls.core.product -Djava.import.generatesMetadataFilesAtProjectRoot=false -DDetectVMInstallationsJob.disabled=true -Dfile.encoding=utf8 -XX:+UseParallelGC -XX:GCTimeRatio=4 -XX:AdaptiveSizePolicyWeight=90 -Dsun.zip.disableMemoryMapping=true -Xmx2G -Xms100m -Xlog:disable -javaagent:c:\Users\takwa\.vscode\extensions\redhat.java-1.54.0-win32-x64\lombok\lombok-1.18.39-4050.jar -XX:+HeapDumpOnOutOfMemoryError -XX:HeapDumpPath=c:\Users\takwa\AppData\Roaming\Code\User\workspaceStorage\9ef35f15cb76032a73c490f0d8220ee0\redhat.java -Daether.dependencyCollector.impl=bf c:\Users\takwa\.vscode\extensions\redhat.java-1.54.0-win32-x64\server\plugins\org.eclipse.equinox.launcher_1.7.100.v20251111-0406.jar -configuration c:\Users\takwa\AppData\Roaming\Code\User\globalStorage\redhat.java\1.54.0\config_win -data c:\Users\takwa\AppData\Roaming\Code\User\workspaceStorage\9ef35f15cb76032a73c490f0d8220ee0\redhat.java\jdt_ws --pipe=\\.\pipe\lsp-a0c86dfc61ca2ed99cf4430127e62db5-sock

Host: 12th Gen Intel(R) Core(TM) i5-1235U, 12 cores, 7G,  Windows 11 , 64 bit Build 26100 (10.0.26100.8346)
Time: Thu May 14 02:11:00 2026 W. Central Africa Standard Time elapsed time: 52.134096 seconds (0d 0h 0m 52s)

---------------  T H R E A D  ---------------

Current thread (0x0000028ec6efe9e0):  JavaThread "C2 CompilerThread0" daemon [_thread_in_native, id=57336, stack(0x000000b182700000,0x000000b182800000) (1024K)]


Current CompileTask:
C2:52137 8789       4       lombok.eclipse.handlers.EclipseHandlerUtil::setGeneratedBy (10 bytes)

Stack: [0x000000b182700000,0x000000b182800000]
Native frames: (J=compiled Java code, j=interpreted, Vv=VM code, C=native code)
V  [jvm.dll+0x6d7a39]
V  [jvm.dll+0x8b4b26]
V  [jvm.dll+0x8b70de]
V  [jvm.dll+0x8b77c3]
V  [jvm.dll+0x284346]
V  [jvm.dll+0xc66ed]
V  [jvm.dll+0xc6c31]
V  [jvm.dll+0x3bec01]
V  [jvm.dll+0x1e3d62]
V  [jvm.dll+0x24c6b3]
V  [jvm.dll+0x24bb40]
V  [jvm.dll+0x1cb34e]
V  [jvm.dll+0x25b85d]
V  [jvm.dll+0x259dea]
V  [jvm.dll+0x3f857e]
V  [jvm.dll+0x85f59d]
V  [jvm.dll+0x6d626d]
C  [ucrtbase.dll+0x2cd30]
C  [KERNEL32.DLL+0x2e957]
C  [ntdll.dll+0x879fc]


---------------  P R O C E S S  ---------------

Threads class SMR info:
_java_thread_list=0x0000028ee7f09690, length=65, elements={
0x0000028ec6e52070, 0x0000028ec6ef57a0, 0x0000028ec6dfe820, 0x0000028ec6ef98c0,
0x0000028ec6efc6e0, 0x0000028ec6efd140, 0x0000028ec6efdba0, 0x0000028ec6efe9e0,
0x0000028edebd6320, 0x0000028eded170a0, 0x0000028edeed1bc0, 0x0000028ee44cc6e0,
0x0000028ee4aaf430, 0x0000028ee4935f70, 0x0000028ee48b7f20, 0x0000028ee4fb9d30,
0x0000028ee47d3e60, 0x0000028ee52b8d70, 0x0000028eded82700, 0x0000028eded83420,
0x0000028eded82070, 0x0000028ee4fabc70, 0x0000028ee4fac990, 0x0000028ee4fac300,
0x0000028ee4fad6b0, 0x0000028ee4fad020, 0x0000028ee4faa230, 0x0000028ee4fadd40,
0x0000028ee4faa8c0, 0x0000028ee4fab5e0, 0x0000028ee4faaf50, 0x0000028ee4fb11c0,
0x0000028ee4fafe10, 0x0000028ee4faf0f0, 0x0000028ee4fae3d0, 0x0000028ee4fb04a0,
0x0000028ee4faea60, 0x0000028ee4faf780, 0x0000028ee4fb0b30, 0x0000028ee6040ac0,
0x0000028ee60417e0, 0x0000028ee6041e70, 0x0000028ee603f710, 0x0000028ee603fda0,
0x0000028ee6040430, 0x0000028ee603e9f0, 0x0000028ee6041150, 0x0000028ee62aa2d0,
0x0000028ee62a7b70, 0x0000028ee62a8200, 0x0000028ee62a74e0, 0x0000028ee62a8890,
0x0000028ee62a9c40, 0x0000028ee62a8f20, 0x0000028ee62aa960, 0x0000028ee62aaff0,
0x0000028ee62abd10, 0x0000028ee62ab680, 0x0000028ee62a95b0, 0x0000028ee62ad750,
0x0000028ee62ae470, 0x0000028ee62ac3a0, 0x0000028ee62aca30, 0x0000028ee62adde0,
0x0000028ee4f42180
}

Java Threads: ( => current thread )
  0x0000028ec6e52070 JavaThread "main"                              [_thread_blocked, id=61868, stack(0x000000b181d00000,0x000000b181e00000) (1024K)]
  0x0000028ec6ef57a0 JavaThread "Reference Handler"          daemon [_thread_blocked, id=61448, stack(0x000000b182100000,0x000000b182200000) (1024K)]
  0x0000028ec6dfe820 JavaThread "Finalizer"                  daemon [_thread_blocked, id=59100, stack(0x000000b182200000,0x000000b182300000) (1024K)]
  0x0000028ec6ef98c0 JavaThread "Signal Dispatcher"          daemon [_thread_blocked, id=61652, stack(0x000000b182300000,0x000000b182400000) (1024K)]
  0x0000028ec6efc6e0 JavaThread "Attach Listener"            daemon [_thread_blocked, id=61576, stack(0x000000b182400000,0x000000b182500000) (1024K)]
  0x0000028ec6efd140 JavaThread "Service Thread"             daemon [_thread_blocked, id=61780, stack(0x000000b182500000,0x000000b182600000) (1024K)]
  0x0000028ec6efdba0 JavaThread "Monitor Deflation Thread"   daemon [_thread_blocked, id=61508, stack(0x000000b182600000,0x000000b182700000) (1024K)]
=>0x0000028ec6efe9e0 JavaThread "C2 CompilerThread0"         daemon [_thread_in_native, id=57336, stack(0x000000b182700000,0x000000b182800000) (1024K)]
  0x0000028edebd6320 JavaThread "C1 CompilerThread0"         daemon [_thread_blocked, id=61536, stack(0x000000b182800000,0x000000b182900000) (1024K)]
  0x0000028eded170a0 JavaThread "Common-Cleaner"             daemon [_thread_blocked, id=26420, stack(0x000000b182900000,0x000000b182a00000) (1024K)]
  0x0000028edeed1bc0 JavaThread "Notification Thread"        daemon [_thread_blocked, id=19368, stack(0x000000b182a00000,0x000000b182b00000) (1024K)]
  0x0000028ee44cc6e0 JavaThread "Active Thread: Equinox Container: 07f67256-033f-4aa1-8f48-4561c0c2f5f8"        [_thread_blocked, id=56100, stack(0x000000b183200000,0x000000b183300000) (1024K)]
  0x0000028ee4aaf430 JavaThread "Refresh Thread: Equinox Container: 07f67256-033f-4aa1-8f48-4561c0c2f5f8" daemon [_thread_blocked, id=61804, stack(0x000000b183400000,0x000000b183500000) (1024K)]
  0x0000028ee4935f70 JavaThread "Framework Event Dispatcher: Equinox Container: 07f67256-033f-4aa1-8f48-4561c0c2f5f8" daemon [_thread_blocked, id=61940, stack(0x000000b183500000,0x000000b183600000) (1024K)]
  0x0000028ee48b7f20 JavaThread "Start Level: Equinox Container: 07f67256-033f-4aa1-8f48-4561c0c2f5f8" daemon [_thread_blocked, id=61632, stack(0x000000b183600000,0x000000b183700000) (1024K)]
  0x0000028ee4fb9d30 JavaThread "Bundle File Closer"         daemon [_thread_blocked, id=59056, stack(0x000000b183900000,0x000000b183a00000) (1024K)]
  0x0000028ee47d3e60 JavaThread "SCR Component Actor"        daemon [_thread_blocked, id=62488, stack(0x000000b182b00000,0x000000b182c00000) (1024K)]
  0x0000028ee52b8d70 JavaThread "Worker-JM"                         [_thread_blocked, id=62892, stack(0x000000b183a00000,0x000000b183b00000) (1024K)]
  0x0000028eded82700 JavaThread "JNA Cleaner"                daemon [_thread_blocked, id=63448, stack(0x000000b183b00000,0x000000b183c00000) (1024K)]
  0x0000028eded83420 JavaThread "Worker-0"                          [_thread_blocked, id=24200, stack(0x000000b183d00000,0x000000b183e00000) (1024K)]
  0x0000028eded82070 JavaThread "Worker-1: Building"                [_thread_in_Java, id=61944, stack(0x000000b183c00000,0x000000b183d00000) (1024K)]
  0x0000028ee4fabc70 JavaThread "Worker-2"                          [_thread_blocked, id=62380, stack(0x000000b183e00000,0x000000b183f00000) (1024K)]
  0x0000028ee4fac990 JavaThread "Java indexing"              daemon [_thread_in_native, id=63272, stack(0x000000b184000000,0x000000b184100000) (1024K)]
  0x0000028ee4fac300 JavaThread "Worker-3"                          [_thread_blocked, id=63276, stack(0x000000b184100000,0x000000b184200000) (1024K)]
  0x0000028ee4fad6b0 JavaThread "Worker-4"                          [_thread_blocked, id=63292, stack(0x000000b184200000,0x000000b184300000) (1024K)]
  0x0000028ee4fad020 JavaThread "Thread-1"                   daemon [_thread_in_native, id=63464, stack(0x000000b184500000,0x000000b184600000) (1024K)]
  0x0000028ee4faa230 JavaThread "Thread-2"                   daemon [_thread_in_native, id=63212, stack(0x000000b184600000,0x000000b184700000) (1024K)]
  0x0000028ee4fadd40 JavaThread "Thread-3"                   daemon [_thread_in_native, id=50320, stack(0x000000b184700000,0x000000b184800000) (1024K)]
  0x0000028ee4faa8c0 JavaThread "Thread-4"                   daemon [_thread_in_native, id=62900, stack(0x000000b184800000,0x000000b184900000) (1024K)]
  0x0000028ee4fab5e0 JavaThread "Thread-5"                   daemon [_thread_in_native, id=43348, stack(0x000000b184900000,0x000000b184a00000) (1024K)]
  0x0000028ee4faaf50 JavaThread "Thread-6"                   daemon [_thread_in_native, id=61852, stack(0x000000b184a00000,0x000000b184b00000) (1024K)]
  0x0000028ee4fb11c0 JavaThread "Thread-7"                   daemon [_thread_in_native, id=21024, stack(0x000000b184b00000,0x000000b184c00000) (1024K)]
  0x0000028ee4fafe10 JavaThread "Thread-8"                   daemon [_thread_in_native, id=61612, stack(0x000000b184c00000,0x000000b184d00000) (1024K)]
  0x0000028ee4faf0f0 JavaThread "Thread-9"                   daemon [_thread_in_native, id=25860, stack(0x000000b184d00000,0x000000b184e00000) (1024K)]
  0x0000028ee4fae3d0 JavaThread "Thread-10"                  daemon [_thread_in_native, id=63456, stack(0x000000b184e00000,0x000000b184f00000) (1024K)]
  0x0000028ee4fb04a0 JavaThread "Thread-11"                  daemon [_thread_in_native, id=62360, stack(0x000000b184f00000,0x000000b185000000) (1024K)]
  0x0000028ee4faea60 JavaThread "Thread-12"                  daemon [_thread_in_native, id=63484, stack(0x000000b185000000,0x000000b185100000) (1024K)]
  0x0000028ee4faf780 JavaThread "Thread-13"                  daemon [_thread_in_native, id=63476, stack(0x000000b185100000,0x000000b185200000) (1024K)]
  0x0000028ee4fb0b30 JavaThread "pool-2-thread-1"                   [_thread_blocked, id=62568, stack(0x000000b185200000,0x000000b185300000) (1024K)]
  0x0000028ee6040ac0 JavaThread "WorkspaceEventsHandler"            [_thread_blocked, id=62804, stack(0x000000b185300000,0x000000b185400000) (1024K)]
  0x0000028ee60417e0 JavaThread "pool-1-thread-1"                   [_thread_blocked, id=62732, stack(0x000000b185400000,0x000000b185500000) (1024K)]
  0x0000028ee6041e70 JavaThread "Worker-5: Java indexing... "        [_thread_blocked, id=45516, stack(0x000000b185500000,0x000000b185600000) (1024K)]
  0x0000028ee603f710 JavaThread "LocalFile Deleter"          daemon [_thread_blocked, id=25808, stack(0x000000b183f00000,0x000000b184000000) (1024K)]
  0x0000028ee603fda0 JavaThread "LocalFile Deleter"          daemon [_thread_blocked, id=63060, stack(0x000000b185600000,0x000000b185700000) (1024K)]
  0x0000028ee6040430 JavaThread "LocalFile Deleter"          daemon [_thread_blocked, id=63492, stack(0x000000b185700000,0x000000b185800000) (1024K)]
  0x0000028ee603e9f0 JavaThread "LocalFile Deleter"          daemon [_thread_blocked, id=63508, stack(0x000000b185800000,0x000000b185900000) (1024K)]
  0x0000028ee6041150 JavaThread "LocalFile Deleter"          daemon [_thread_blocked, id=63524, stack(0x000000b181a00000,0x000000b181b00000) (1024K)]
  0x0000028ee62aa2d0 JavaThread "LocalFile Deleter"          daemon [_thread_blocked, id=63532, stack(0x000000b185900000,0x000000b185a00000) (1024K)]
  0x0000028ee62a7b70 JavaThread "LocalFile Deleter"          daemon [_thread_blocked, id=63536, stack(0x000000b185a00000,0x000000b185b00000) (1024K)]
  0x0000028ee62a8200 JavaThread "LocalFile Deleter"          daemon [_thread_blocked, id=63540, stack(0x000000b185b00000,0x000000b185c00000) (1024K)]
  0x0000028ee62a74e0 JavaThread "LocalFile Deleter"          daemon [_thread_blocked, id=63544, stack(0x000000b185c00000,0x000000b185d00000) (1024K)]
  0x0000028ee62a8890 JavaThread "LocalFile Deleter"          daemon [_thread_blocked, id=63548, stack(0x000000b185d00000,0x000000b185e00000) (1024K)]
  0x0000028ee62a9c40 JavaThread "LocalFile Deleter"          daemon [_thread_blocked, id=63552, stack(0x000000b185e00000,0x000000b185f00000) (1024K)]
  0x0000028ee62a8f20 JavaThread "LocalFile Deleter"          daemon [_thread_blocked, id=63556, stack(0x000000b185f00000,0x000000b186000000) (1024K)]
  0x0000028ee62aa960 JavaThread "Compiler Source File Reader" daemon [_thread_blocked, id=63564, stack(0x000000b186000000,0x000000b186100000) (1024K)]
  0x0000028ee62aaff0 JavaThread "Compiler Source File Reader" daemon [_thread_blocked, id=63568, stack(0x000000b186100000,0x000000b186200000) (1024K)]
  0x0000028ee62abd10 JavaThread "Compiler Source File Reader" daemon [_thread_blocked, id=63572, stack(0x000000b186200000,0x000000b186300000) (1024K)]
  0x0000028ee62ab680 JavaThread "Compiler Source File Reader" daemon [_thread_blocked, id=63576, stack(0x000000b186300000,0x000000b186400000) (1024K)]
  0x0000028ee62a95b0 JavaThread "Compiler Source File Reader" daemon [_thread_blocked, id=63580, stack(0x000000b186400000,0x000000b186500000) (1024K)]
  0x0000028ee62ad750 JavaThread "Compiler Source File Reader" daemon [_thread_blocked, id=63584, stack(0x000000b186500000,0x000000b186600000) (1024K)]
  0x0000028ee62ae470 JavaThread "Compiler Source File Reader" daemon [_thread_blocked, id=63588, stack(0x000000b186600000,0x000000b186700000) (1024K)]
  0x0000028ee62ac3a0 JavaThread "Compiler Source File Reader" daemon [_thread_blocked, id=63592, stack(0x000000b186700000,0x000000b186800000) (1024K)]
  0x0000028ee62aca30 JavaThread "Compiler Source File Reader" daemon [_thread_blocked, id=63596, stack(0x000000b186800000,0x000000b186900000) (1024K)]
  0x0000028ee62adde0 JavaThread "Compiler Source File Reader" daemon [_thread_blocked, id=63600, stack(0x000000b186900000,0x000000b186a00000) (1024K)]
  0x0000028ee4f42180 JavaThread "C2 CompilerThread1"         daemon [_thread_in_native, id=51176, stack(0x000000b186a00000,0x000000b186b00000) (1024K)]
Total: 65

Other Threads:
  0x0000028ec6de4540 VMThread "VM Thread"                           [id=57320, stack(0x000000b182000000,0x000000b182100000) (1024K)]
  0x0000028ec6cdca00 WatcherThread "VM Periodic Task Thread"        [id=62384, stack(0x000000b181f00000,0x000000b182000000) (1024K)]
  0x0000028ec6e70160 WorkerThread "GC Thread#0"                     [id=61976, stack(0x000000b181e00000,0x000000b181f00000) (1024K)]
  0x0000028ee42f1f70 WorkerThread "GC Thread#1"                     [id=51364, stack(0x000000b182c00000,0x000000b182d00000) (1024K)]
  0x0000028ee4944a50 WorkerThread "GC Thread#2"                     [id=7292, stack(0x000000b182d00000,0x000000b182e00000) (1024K)]
  0x0000028ee42f2320 WorkerThread "GC Thread#3"                     [id=61672, stack(0x000000b182e00000,0x000000b182f00000) (1024K)]
  0x0000028ee42b45d0 WorkerThread "GC Thread#4"                     [id=61592, stack(0x000000b182f00000,0x000000b183000000) (1024K)]
  0x0000028ee42b4980 WorkerThread "GC Thread#5"                     [id=56816, stack(0x000000b183000000,0x000000b183100000) (1024K)]
  0x0000028ee42b4d30 WorkerThread "GC Thread#6"                     [id=62088, stack(0x000000b183100000,0x000000b183200000) (1024K)]
  0x0000028ee4719170 WorkerThread "GC Thread#7"                     [id=61552, stack(0x000000b183300000,0x000000b183400000) (1024K)]
  0x0000028ee52c3bb0 WorkerThread "GC Thread#8"                     [id=62148, stack(0x000000b183700000,0x000000b183800000) (1024K)]
  0x0000028ee52bb010 WorkerThread "GC Thread#9"                     [id=56812, stack(0x000000b183800000,0x000000b183900000) (1024K)]
Total: 12

Threads with active compile tasks:
C2 CompilerThread0  52285 8789       4       lombok.eclipse.handlers.EclipseHandlerUtil::setGeneratedBy (10 bytes)
C2 CompilerThread1  52285 8774   !   4       lombok.core.FieldAugment$ReflectionFieldAugment::getAndSet (80 bytes)
Total: 2

VM state: not at safepoint (normal execution)

VM Mutex/Monitor currently owned by a thread: None

Heap address: 0x0000000080000000, size: 2048 MB, Compressed Oops mode: 32-bit

CDS archive(s) mapped at: [0x0000028e80000000-0x0000028e80ba0000-0x0000028e80ba0000), size 12189696, SharedBaseAddress: 0x0000028e80000000, ArchiveRelocationMode: 1.
Compressed class space mapped at: 0x0000028e81000000-0x0000028ec1000000, reserved size: 1073741824
Narrow klass base: 0x0000028e80000000, Narrow klass shift: 0, Narrow klass range: 0x100000000

GC Precious Log:
 CardTable entry size: 512
 CPUs: 12 total, 12 available
 Memory: 7916M
 Large Page Support: Disabled
 NUMA Support: Disabled
 Compressed Oops: Enabled (32-bit)
 Alignments: Space 512K, Generation 512K, Heap 2M
 Heap Min Capacity: 100M
 Heap Initial Capacity: 100M
 Heap Max Capacity: 2G
 Pre-touch: Disabled
 Parallel Workers: 10

Heap:
 PSYoungGen      total 23552K, used 8431K [0x00000000d5580000, 0x00000000d7080000, 0x0000000100000000)
  eden space 21504K, 29% used [0x00000000d5580000,0x00000000d5bc3d50,0x00000000d6a80000)
  from space 2048K, 98% used [0x00000000d6a80000,0x00000000d6c78020,0x00000000d6c80000)
  to   space 3072K, 0% used [0x00000000d6d80000,0x00000000d6d80000,0x00000000d7080000)
 ParOldGen       total 68608K, used 64687K [0x0000000080000000, 0x0000000084300000, 0x00000000d5580000)
  object space 68608K, 94% used [0x0000000080000000,0x0000000083f2bdb0,0x0000000084300000)
 Metaspace       used 56886K, committed 58304K, reserved 1114112K
  class space    used 6071K, committed 6720K, reserved 1048576K

Card table byte_map: [0x0000028ec67f0000,0x0000028ec6c00000] _byte_map_base: 0x0000028ec63f0000

Marking Bits: (ParMarkBitMap*) 0x00007ffa90273450
 Begin Bits: [0x0000028ed9300000, 0x0000028edb300000)
 End Bits:   [0x0000028edb300000, 0x0000028edd300000)

Polling page: 0x0000028ec4c50000

Metaspace:

Usage:
  Non-class:     49.62 MB used.
      Class:      5.93 MB used.
       Both:     55.55 MB used.

Virtual space:
  Non-class space:       64.00 MB reserved,      50.38 MB ( 79%) committed,  1 nodes.
      Class space:        1.00 GB reserved,       6.56 MB ( <1%) committed,  1 nodes.
             Both:        1.06 GB reserved,      56.94 MB (  5%) committed. 

Chunk freelists:
   Non-Class:  13.33 MB
       Class:  9.40 MB
        Both:  22.73 MB

MaxMetaspaceSize: unlimited
CompressedClassSpaceSize: 1.00 GB
Initial GC threshold: 21.00 MB
Current GC threshold: 58.38 MB
CDS: on
 - commit_granule_bytes: 65536.
 - commit_granule_words: 8192.
 - virtual_space_node_default_size: 8388608.
 - enlarge_chunks_in_place: 1.
 - use_allocation_guard: 0.


Internal statistics:

num_allocs_failed_limit: 6.
num_arena_births: 1130.
num_arena_deaths: 14.
num_vsnodes_births: 2.
num_vsnodes_deaths: 0.
num_space_committed: 911.
num_space_uncommitted: 0.
num_chunks_returned_to_freelist: 20.
num_chunks_taken_from_freelist: 3835.
num_chunk_merges: 9.
num_chunk_splits: 2337.
num_chunks_enlarged: 1265.
num_inconsistent_stats: 0.

CodeHeap 'non-profiled nmethods': size=120000Kb used=5440Kb max_used=5440Kb free=114559Kb
 bounds [0x0000028ed1b20000, 0x0000028ed2080000, 0x0000028ed9050000]
CodeHeap 'profiled nmethods': size=120000Kb used=19279Kb max_used=19279Kb free=100720Kb
 bounds [0x0000028eca050000, 0x0000028ecb330000, 0x0000028ed1580000]
CodeHeap 'non-nmethods': size=5760Kb used=1401Kb max_used=1446Kb free=4358Kb
 bounds [0x0000028ed1580000, 0x0000028ed17f0000, 0x0000028ed1b20000]
CodeCache: size=245760Kb, used=26120Kb, max_used=26165Kb, free=219637Kb
 total_blobs=9120, nmethods=8411, adapters=615, full_count=0
Compilation: enabled, stopped_count=0, restarted_count=0

Compilation events (20 events):
Event: 50.997 Thread 0x0000028edebd6320 9038       1       org.eclipse.jdt.internal.compiler.ASTVisitor::visit (2 bytes)
Event: 50.997 Thread 0x0000028edebd6320 nmethod 9038 0x0000028ed206fe10 code [0x0000028ed206ffa0, 0x0000028ed2070068]
Event: 51.016 Thread 0x0000028edebd6320 9039   !   2       java.util.concurrent.locks.AbstractQueuedSynchronizer::reacquire (64 bytes)
Event: 51.016 Thread 0x0000028edebd6320 nmethod 9039 0x0000028ecb31d990 code [0x0000028ecb31db60, 0x0000028ecb31de20]
Event: 51.018 Thread 0x0000028edebd6320 9040   !   2       lombok.launch.PatchFixesHider$Util::invokeMethod (22 bytes)
Event: 51.019 Thread 0x0000028edebd6320 nmethod 9040 0x0000028ecb31df90 code [0x0000028ecb31e1c0, 0x0000028ecb31e6f8]
Event: 51.019 Thread 0x0000028edebd6320 9042       2       java.lang.invoke.LambdaForm$MH/0x0000028e8168ec00::invoke (42 bytes)
Event: 51.020 Thread 0x0000028edebd6320 nmethod 9042 0x0000028ecb31eb10 code [0x0000028ecb31ece0, 0x0000028ecb31efb8]
Event: 51.020 Thread 0x0000028edebd6320 9041   !   2       lombok.core.FieldAugment$ReflectionFieldAugment::get (61 bytes)
Event: 51.022 Thread 0x0000028edebd6320 nmethod 9041 0x0000028ecb31f210 code [0x0000028ecb31f480, 0x0000028ecb31fb10]
Event: 51.049 Thread 0x0000028edebd6320 9043       2       org.eclipse.jdt.internal.compiler.lookup.CompilationUnitScope::recordSimpleReference (18 bytes)
Event: 51.050 Thread 0x0000028edebd6320 nmethod 9043 0x0000028ecb320010 code [0x0000028ecb3201c0, 0x0000028ecb320318]
Event: 51.050 Thread 0x0000028edebd6320 9045       2       java.lang.Runtime$Version::parse (358 bytes)
Event: 51.054 Thread 0x0000028edebd6320 nmethod 9045 0x0000028ecb320410 code [0x0000028ecb320880, 0x0000028ecb322148]
Event: 51.054 Thread 0x0000028edebd6320 9044       2       org.eclipse.jdt.internal.compiler.lookup.TypeBinding::isLocalType (17 bytes)
Event: 51.055 Thread 0x0000028edebd6320 nmethod 9044 0x0000028ecb322e10 code [0x0000028ecb322fc0, 0x0000028ecb323110]
Event: 51.121 Thread 0x0000028edebd6320 9046       2       java.lang.WeakPairMap$Pair::lookup (10 bytes)
Event: 51.122 Thread 0x0000028edebd6320 nmethod 9046 0x0000028ecb323190 code [0x0000028ecb323360, 0x0000028ecb323658]
Event: 51.122 Thread 0x0000028edebd6320 9047       2       java.lang.WeakPairMap$Pair$Lookup::<init> (21 bytes)
Event: 51.122 Thread 0x0000028edebd6320 nmethod 9047 0x0000028ecb323810 code [0x0000028ecb3239e0, 0x0000028ecb323c90]

GC Heap History (20 events):
Event: 36.565 GC heap before
{Heap before GC invocations=30 (full 2):
 PSYoungGen      total 26624K, used 23440K [0x00000000d5580000, 0x00000000d7500000, 0x0000000100000000)
  eden space 22016K, 100% used [0x00000000d5580000,0x00000000d6b00000,0x00000000d6b00000)
  from space 4608K, 30% used [0x00000000d6d80000,0x00000000d6ee4020,0x00000000d7200000)
  to   space 2048K, 0% used [0x00000000d7300000,0x00000000d7300000,0x00000000d7500000)
 ParOldGen       total 68608K, used 46422K [0x0000000080000000, 0x0000000084300000, 0x00000000d5580000)
  object space 68608K, 67% used [0x0000000080000000,0x0000000082d55b78,0x0000000084300000)
 Metaspace       used 52077K, committed 53440K, reserved 1114112K
  class space    used 5644K, committed 6272K, reserved 1048576K
}
Event: 36.570 GC heap after
{Heap after GC invocations=30 (full 2):
 PSYoungGen      total 24064K, used 1790K [0x00000000d5580000, 0x00000000d7500000, 0x0000000100000000)
  eden space 22016K, 0% used [0x00000000d5580000,0x00000000d5580000,0x00000000d6b00000)
  from space 2048K, 87% used [0x00000000d7300000,0x00000000d74bf970,0x00000000d7500000)
  to   space 2048K, 0% used [0x00000000d7100000,0x00000000d7100000,0x00000000d7300000)
 ParOldGen       total 68608K, used 47618K [0x0000000080000000, 0x0000000084300000, 0x00000000d5580000)
  object space 68608K, 69% used [0x0000000080000000,0x0000000082e80930,0x0000000084300000)
 Metaspace       used 52077K, committed 53440K, reserved 1114112K
  class space    used 5644K, committed 6272K, reserved 1048576K
}
Event: 40.641 GC heap before
{Heap before GC invocations=31 (full 2):
 PSYoungGen      total 24064K, used 23788K [0x00000000d5580000, 0x00000000d7500000, 0x0000000100000000)
  eden space 22016K, 99% used [0x00000000d5580000,0x00000000d6afb798,0x00000000d6b00000)
  from space 2048K, 87% used [0x00000000d7300000,0x00000000d74bf970,0x00000000d7500000)
  to   space 2048K, 0% used [0x00000000d7100000,0x00000000d7100000,0x00000000d7300000)
 ParOldGen       total 68608K, used 47618K [0x0000000080000000, 0x0000000084300000, 0x00000000d5580000)
  object space 68608K, 69% used [0x0000000080000000,0x0000000082e80930,0x0000000084300000)
 Metaspace       used 53135K, committed 54528K, reserved 1114112K
  class space    used 5746K, committed 6400K, reserved 1048576K
}
Event: 40.645 GC heap after
{Heap after GC invocations=31 (full 2):
 PSYoungGen      total 24064K, used 2017K [0x00000000d5580000, 0x00000000d7380000, 0x0000000100000000)
  eden space 22016K, 0% used [0x00000000d5580000,0x00000000d5580000,0x00000000d6b00000)
  from space 2048K, 98% used [0x00000000d7100000,0x00000000d72f8408,0x00000000d7300000)
  to   space 512K, 0% used [0x00000000d7300000,0x00000000d7300000,0x00000000d7380000)
 ParOldGen       total 68608K, used 49278K [0x0000000080000000, 0x0000000084300000, 0x00000000d5580000)
  object space 68608K, 71% used [0x0000000080000000,0x000000008301f940,0x0000000084300000)
 Metaspace       used 53135K, committed 54528K, reserved 1114112K
  class space    used 5746K, committed 6400K, reserved 1048576K
}
Event: 43.696 GC heap before
{Heap before GC invocations=32 (full 2):
 PSYoungGen      total 24064K, used 24033K [0x00000000d5580000, 0x00000000d7380000, 0x0000000100000000)
  eden space 22016K, 100% used [0x00000000d5580000,0x00000000d6b00000,0x00000000d6b00000)
  from space 2048K, 98% used [0x00000000d7100000,0x00000000d72f8408,0x00000000d7300000)
  to   space 512K, 0% used [0x00000000d7300000,0x00000000d7300000,0x00000000d7380000)
 ParOldGen       total 68608K, used 49278K [0x0000000080000000, 0x0000000084300000, 0x00000000d5580000)
  object space 68608K, 71% used [0x0000000080000000,0x000000008301f940,0x0000000084300000)
 Metaspace       used 53154K, committed 54528K, reserved 1114112K
  class space    used 5746K, committed 6400K, reserved 1048576K
}
Event: 43.698 GC heap after
{Heap after GC invocations=32 (full 2):
 PSYoungGen      total 22528K, used 480K [0x00000000d5580000, 0x00000000d7380000, 0x0000000100000000)
  eden space 22016K, 0% used [0x00000000d5580000,0x00000000d5580000,0x00000000d6b00000)
  from space 512K, 93% used [0x00000000d7300000,0x00000000d7378388,0x00000000d7380000)
  to   space 2560K, 0% used [0x00000000d6e80000,0x00000000d6e80000,0x00000000d7100000)
 ParOldGen       total 68608K, used 50515K [0x0000000080000000, 0x0000000084300000, 0x00000000d5580000)
  object space 68608K, 73% used [0x0000000080000000,0x0000000083154f18,0x0000000084300000)
 Metaspace       used 53154K, committed 54528K, reserved 1114112K
  class space    used 5746K, committed 6400K, reserved 1048576K
}
Event: 45.075 GC heap before
{Heap before GC invocations=33 (full 2):
 PSYoungGen      total 22528K, used 22496K [0x00000000d5580000, 0x00000000d7380000, 0x0000000100000000)
  eden space 22016K, 100% used [0x00000000d5580000,0x00000000d6b00000,0x00000000d6b00000)
  from space 512K, 93% used [0x00000000d7300000,0x00000000d7378388,0x00000000d7380000)
  to   space 2560K, 0% used [0x00000000d6e80000,0x00000000d6e80000,0x00000000d7100000)
 ParOldGen       total 68608K, used 50515K [0x0000000080000000, 0x0000000084300000, 0x00000000d5580000)
  object space 68608K, 73% used [0x0000000080000000,0x0000000083154f18,0x0000000084300000)
 Metaspace       used 54071K, committed 55424K, reserved 1114112K
  class space    used 5843K, committed 6464K, reserved 1048576K
}
Event: 45.076 GC heap after
{Heap after GC invocations=33 (full 2):
 PSYoungGen      total 24576K, used 384K [0x00000000d5580000, 0x00000000d7380000, 0x0000000100000000)
  eden space 22016K, 0% used [0x00000000d5580000,0x00000000d5580000,0x00000000d6b00000)
  from space 2560K, 15% used [0x00000000d6e80000,0x00000000d6ee0000,0x00000000d7100000)
  to   space 1024K, 0% used [0x00000000d7280000,0x00000000d7280000,0x00000000d7380000)
 ParOldGen       total 68608K, used 50667K [0x0000000080000000, 0x0000000084300000, 0x00000000d5580000)
  object space 68608K, 73% used [0x0000000080000000,0x000000008317af18,0x0000000084300000)
 Metaspace       used 54071K, committed 55424K, reserved 1114112K
  class space    used 5843K, committed 6464K, reserved 1048576K
}
Event: 46.221 GC heap before
{Heap before GC invocations=34 (full 2):
 PSYoungGen      total 24576K, used 22400K [0x00000000d5580000, 0x00000000d7380000, 0x0000000100000000)
  eden space 22016K, 100% used [0x00000000d5580000,0x00000000d6b00000,0x00000000d6b00000)
  from space 2560K, 15% used [0x00000000d6e80000,0x00000000d6ee0000,0x00000000d7100000)
  to   space 1024K, 0% used [0x00000000d7280000,0x00000000d7280000,0x00000000d7380000)
 ParOldGen       total 68608K, used 50667K [0x0000000080000000, 0x0000000084300000, 0x00000000d5580000)
  object space 68608K, 73% used [0x0000000080000000,0x000000008317af18,0x0000000084300000)
 Metaspace       used 55596K, committed 56960K, reserved 1114112K
  class space    used 5972K, committed 6592K, reserved 1048576K
}
Event: 46.224 GC heap after
{Heap after GC invocations=34 (full 2):
 PSYoungGen      total 23040K, used 1023K [0x00000000d5580000, 0x00000000d7600000, 0x0000000100000000)
  eden space 22016K, 0% used [0x00000000d5580000,0x00000000d5580000,0x00000000d6b00000)
  from space 1024K, 99% used [0x00000000d7280000,0x00000000d737ff98,0x00000000d7380000)
  to   space 5632K, 0% used [0x00000000d6b00000,0x00000000d6b00000,0x00000000d7080000)
 ParOldGen       total 68608K, used 54216K [0x0000000080000000, 0x0000000084300000, 0x00000000d5580000)
  object space 68608K, 79% used [0x0000000080000000,0x00000000834f2178,0x0000000084300000)
 Metaspace       used 55596K, committed 56960K, reserved 1114112K
  class space    used 5972K, committed 6592K, reserved 1048576K
}
Event: 47.650 GC heap before
{Heap before GC invocations=35 (full 2):
 PSYoungGen      total 23040K, used 23039K [0x00000000d5580000, 0x00000000d7600000, 0x0000000100000000)
  eden space 22016K, 100% used [0x00000000d5580000,0x00000000d6b00000,0x00000000d6b00000)
  from space 1024K, 99% used [0x00000000d7280000,0x00000000d737ff98,0x00000000d7380000)
  to   space 5632K, 0% used [0x00000000d6b00000,0x00000000d6b00000,0x00000000d7080000)
 ParOldGen       total 68608K, used 54216K [0x0000000080000000, 0x0000000084300000, 0x00000000d5580000)
  object space 68608K, 79% used [0x0000000080000000,0x00000000834f2178,0x0000000084300000)
 Metaspace       used 56444K, committed 57856K, reserved 1114112K
  class space    used 6046K, committed 6720K, reserved 1048576K
}
Event: 47.655 GC heap after
{Heap after GC invocations=35 (full 2):
 PSYoungGen      total 25088K, used 2816K [0x00000000d5580000, 0x00000000d7300000, 0x0000000100000000)
  eden space 22016K, 0% used [0x00000000d5580000,0x00000000d5580000,0x00000000d6b00000)
  from space 3072K, 91% used [0x00000000d6b00000,0x00000000d6dc0000,0x00000000d6e00000)
  to   space 3584K, 0% used [0x00000000d6f80000,0x00000000d6f80000,0x00000000d7300000)
 ParOldGen       total 68608K, used 55232K [0x0000000080000000, 0x0000000084300000, 0x00000000d5580000)
  object space 68608K, 80% used [0x0000000080000000,0x00000000835f0318,0x0000000084300000)
 Metaspace       used 56444K, committed 57856K, reserved 1114112K
  class space    used 6046K, committed 6720K, reserved 1048576K
}
Event: 49.019 GC heap before
{Heap before GC invocations=36 (full 2):
 PSYoungGen      total 25088K, used 24832K [0x00000000d5580000, 0x00000000d7300000, 0x0000000100000000)
  eden space 22016K, 100% used [0x00000000d5580000,0x00000000d6b00000,0x00000000d6b00000)
  from space 3072K, 91% used [0x00000000d6b00000,0x00000000d6dc0000,0x00000000d6e00000)
  to   space 3584K, 0% used [0x00000000d6f80000,0x00000000d6f80000,0x00000000d7300000)
 ParOldGen       total 68608K, used 55232K [0x0000000080000000, 0x0000000084300000, 0x00000000d5580000)
  object space 68608K, 80% used [0x0000000080000000,0x00000000835f0318,0x0000000084300000)
 Metaspace       used 56679K, committed 58112K, reserved 1114112K
  class space    used 6061K, committed 6720K, reserved 1048576K
}
Event: 49.024 GC heap after
{Heap after GC invocations=36 (full 2):
 PSYoungGen      total 25600K, used 3151K [0x00000000d5580000, 0x00000000d7300000, 0x0000000100000000)
  eden space 22016K, 0% used [0x00000000d5580000,0x00000000d5580000,0x00000000d6b00000)
  from space 3584K, 87% used [0x00000000d6f80000,0x00000000d7293c88,0x00000000d7300000)
  to   space 3584K, 0% used [0x00000000d6c00000,0x00000000d6c00000,0x00000000d6f80000)
 ParOldGen       total 68608K, used 57903K [0x0000000080000000, 0x0000000084300000, 0x00000000d5580000)
  object space 68608K, 84% used [0x0000000080000000,0x000000008388bc98,0x0000000084300000)
 Metaspace       used 56679K, committed 58112K, reserved 1114112K
  class space    used 6061K, committed 6720K, reserved 1048576K
}
Event: 49.558 GC heap before
{Heap before GC invocations=37 (full 2):
 PSYoungGen      total 25600K, used 25167K [0x00000000d5580000, 0x00000000d7300000, 0x0000000100000000)
  eden space 22016K, 100% used [0x00000000d5580000,0x00000000d6b00000,0x00000000d6b00000)
  from space 3584K, 87% used [0x00000000d6f80000,0x00000000d7293c88,0x00000000d7300000)
  to   space 3584K, 0% used [0x00000000d6c00000,0x00000000d6c00000,0x00000000d6f80000)
 ParOldGen       total 68608K, used 57903K [0x0000000080000000, 0x0000000084300000, 0x00000000d5580000)
  object space 68608K, 84% used [0x0000000080000000,0x000000008388bc98,0x0000000084300000)
 Metaspace       used 56745K, committed 58176K, reserved 1114112K
  class space    used 6062K, committed 6720K, reserved 1048576K
}
Event: 49.565 GC heap after
{Heap after GC invocations=37 (full 2):
 PSYoungGen      total 24576K, used 2144K [0x00000000d5580000, 0x00000000d7000000, 0x0000000100000000)
  eden space 22016K, 0% used [0x00000000d5580000,0x00000000d5580000,0x00000000d6b00000)
  from space 2560K, 83% used [0x00000000d6c00000,0x00000000d6e18080,0x00000000d6e80000)
  to   space 1536K, 0% used [0x00000000d6e80000,0x00000000d6e80000,0x00000000d7000000)
 ParOldGen       total 68608K, used 60946K [0x0000000080000000, 0x0000000084300000, 0x00000000d5580000)
  object space 68608K, 88% used [0x0000000080000000,0x0000000083b84a58,0x0000000084300000)
 Metaspace       used 56745K, committed 58176K, reserved 1114112K
  class space    used 6062K, committed 6720K, reserved 1048576K
}
Event: 49.905 GC heap before
{Heap before GC invocations=38 (full 2):
 PSYoungGen      total 24576K, used 24160K [0x00000000d5580000, 0x00000000d7000000, 0x0000000100000000)
  eden space 22016K, 100% used [0x00000000d5580000,0x00000000d6b00000,0x00000000d6b00000)
  from space 2560K, 83% used [0x00000000d6c00000,0x00000000d6e18080,0x00000000d6e80000)
  to   space 1536K, 0% used [0x00000000d6e80000,0x00000000d6e80000,0x00000000d7000000)
 ParOldGen       total 68608K, used 60946K [0x0000000080000000, 0x0000000084300000, 0x00000000d5580000)
  object space 68608K, 88% used [0x0000000080000000,0x0000000083b84a58,0x0000000084300000)
 Metaspace       used 56790K, committed 58176K, reserved 1114112K
  class space    used 6063K, committed 6720K, reserved 1048576K
}
Event: 49.912 GC heap after
{Heap after GC invocations=38 (full 2):
 PSYoungGen      total 23040K, used 1520K [0x00000000d5580000, 0x00000000d7300000, 0x0000000100000000)
  eden space 21504K, 0% used [0x00000000d5580000,0x00000000d5580000,0x00000000d6a80000)
  from space 1536K, 98% used [0x00000000d6e80000,0x00000000d6ffc030,0x00000000d7000000)
  to   space 4096K, 0% used [0x00000000d6a80000,0x00000000d6a80000,0x00000000d6e80000)
 ParOldGen       total 68608K, used 63223K [0x0000000080000000, 0x0000000084300000, 0x00000000d5580000)
  object space 68608K, 92% used [0x0000000080000000,0x0000000083dbdc58,0x0000000084300000)
 Metaspace       used 56790K, committed 58176K, reserved 1114112K
  class space    used 6063K, committed 6720K, reserved 1048576K
}
Event: 50.984 GC heap before
{Heap before GC invocations=39 (full 2):
 PSYoungGen      total 23040K, used 23024K [0x00000000d5580000, 0x00000000d7300000, 0x0000000100000000)
  eden space 21504K, 100% used [0x00000000d5580000,0x00000000d6a80000,0x00000000d6a80000)
  from space 1536K, 98% used [0x00000000d6e80000,0x00000000d6ffc030,0x00000000d7000000)
  to   space 4096K, 0% used [0x00000000d6a80000,0x00000000d6a80000,0x00000000d6e80000)
 ParOldGen       total 68608K, used 63223K [0x0000000080000000, 0x0000000084300000, 0x00000000d5580000)
  object space 68608K, 92% used [0x0000000080000000,0x0000000083dbdc58,0x0000000084300000)
 Metaspace       used 56854K, committed 58304K, reserved 1114112K
  class space    used 6068K, committed 6720K, reserved 1048576K
}
Event: 50.989 GC heap after
{Heap after GC invocations=39 (full 2):
 PSYoungGen      total 23552K, used 2016K [0x00000000d5580000, 0x00000000d7080000, 0x0000000100000000)
  eden space 21504K, 0% used [0x00000000d5580000,0x00000000d5580000,0x00000000d6a80000)
  from space 2048K, 98% used [0x00000000d6a80000,0x00000000d6c78020,0x00000000d6c80000)
  to   space 3072K, 0% used [0x00000000d6d80000,0x00000000d6d80000,0x00000000d7080000)
 ParOldGen       total 68608K, used 64687K [0x0000000080000000, 0x0000000084300000, 0x00000000d5580000)
  object space 68608K, 94% used [0x0000000080000000,0x0000000083f2bdb0,0x0000000084300000)
 Metaspace       used 56854K, committed 58304K, reserved 1114112K
  class space    used 6068K, committed 6720K, reserved 1048576K
}

Dll operation events (10 events):
Event: 0.025 Loaded shared library c:\Users\takwa\.vscode\extensions\redhat.java-1.54.0-win32-x64\jre\21.0.10-win32-x86_64\bin\java.dll
Event: 0.131 Loaded shared library c:\Users\takwa\.vscode\extensions\redhat.java-1.54.0-win32-x64\jre\21.0.10-win32-x86_64\bin\zip.dll
Event: 0.171 Loaded shared library C:\Users\takwa\.vscode\extensions\redhat.java-1.54.0-win32-x64\jre\21.0.10-win32-x86_64\bin\instrument.dll
Event: 0.180 Loaded shared library C:\Users\takwa\.vscode\extensions\redhat.java-1.54.0-win32-x64\jre\21.0.10-win32-x86_64\bin\net.dll
Event: 0.184 Loaded shared library C:\Users\takwa\.vscode\extensions\redhat.java-1.54.0-win32-x64\jre\21.0.10-win32-x86_64\bin\nio.dll
Event: 0.198 Loaded shared library C:\Users\takwa\.vscode\extensions\redhat.java-1.54.0-win32-x64\jre\21.0.10-win32-x86_64\bin\zip.dll
Event: 0.240 Loaded shared library C:\Users\takwa\.vscode\extensions\redhat.java-1.54.0-win32-x64\jre\21.0.10-win32-x86_64\bin\jimage.dll
Event: 0.430 Loaded shared library c:\Users\takwa\.vscode\extensions\redhat.java-1.54.0-win32-x64\jre\21.0.10-win32-x86_64\bin\verify.dll
Event: 2.803 Loaded shared library C:\Users\takwa\AppData\Roaming\Code\User\globalStorage\redhat.java\1.54.0\config_win\org.eclipse.equinox.launcher\org.eclipse.equinox.launcher.win32.win32.x86_64_1.3.0.v20260203-2149\eclipse_11919.dll
Event: 9.294 Loaded shared library C:\Users\takwa\AppData\Local\Temp\jna-110124776\jna9944116472606779291.dll

Deoptimization events (20 events):
Event: 49.247 Thread 0x0000028eded82070 DEOPT PACKING pc=0x0000028ed2014488 sp=0x000000b183cfcf20
Event: 49.247 Thread 0x0000028eded82070 DEOPT UNPACKING pc=0x0000028ed15d3aa2 sp=0x000000b183cfce90 mode 2
Event: 49.247 Thread 0x0000028eded82070 Uncommon trap: trap_request=0xffffffde fr.pc=0x0000028ed2014488 relative=0x0000000000000308
Event: 49.247 Thread 0x0000028eded82070 Uncommon trap: reason=class_check action=maybe_recompile pc=0x0000028ed2014488 method=java.util.regex.Pattern$Caret.match(Ljava/util/regex/Matcher;ILjava/lang/CharSequence;)Z @ 120 c2
Event: 49.247 Thread 0x0000028eded82070 DEOPT PACKING pc=0x0000028ed2014488 sp=0x000000b183cfcf20
Event: 49.247 Thread 0x0000028eded82070 DEOPT UNPACKING pc=0x0000028ed15d3aa2 sp=0x000000b183cfce90 mode 2
Event: 49.247 Thread 0x0000028eded82070 Uncommon trap: trap_request=0xffffff45 fr.pc=0x0000028ed20143e4 relative=0x0000000000000264
Event: 49.247 Thread 0x0000028eded82070 Uncommon trap: reason=unstable_if action=reinterpret pc=0x0000028ed20143e4 method=java.util.regex.Pattern$Caret.match(Ljava/util/regex/Matcher;ILjava/lang/CharSequence;)Z @ 31 c2
Event: 49.247 Thread 0x0000028eded82070 DEOPT PACKING pc=0x0000028ed20143e4 sp=0x000000b183cfcf20
Event: 49.251 Thread 0x0000028eded82070 DEOPT UNPACKING pc=0x0000028ed15d3aa2 sp=0x000000b183cfcea0 mode 2
Event: 49.569 Thread 0x0000028ee4fac990 Uncommon trap: trap_request=0xffffff45 fr.pc=0x0000028ed2035e28 relative=0x00000000000003c8
Event: 49.569 Thread 0x0000028ee4fac990 Uncommon trap: reason=unstable_if action=reinterpret pc=0x0000028ed2035e28 method=org.eclipse.jdt.internal.compiler.parser.Scanner.getNextToken()Lorg/eclipse/jdt/internal/compiler/parser/TerminalToken; @ 127 c2
Event: 49.569 Thread 0x0000028ee4fac990 DEOPT PACKING pc=0x0000028ed2035e28 sp=0x000000b1840ff000
Event: 49.569 Thread 0x0000028ee4fac990 DEOPT UNPACKING pc=0x0000028ed15d3aa2 sp=0x000000b1840fef40 mode 2
Event: 50.523 Thread 0x0000028eded82070 DEOPT PACKING pc=0x0000028ecb1175d1 sp=0x000000b183cfe050
Event: 50.524 Thread 0x0000028eded82070 DEOPT UNPACKING pc=0x0000028ed15d4242 sp=0x000000b183cfd520 mode 0
Event: 50.536 Thread 0x0000028ee4fac990 Uncommon trap: trap_request=0xffffffde fr.pc=0x0000028ed201fb0c relative=0x00000000000006ac
Event: 50.536 Thread 0x0000028ee4fac990 Uncommon trap: reason=class_check action=maybe_recompile pc=0x0000028ed201fb0c method=org.eclipse.jdt.internal.compiler.parser.Parser.consumeRule(I)V @ 5991 c2
Event: 50.536 Thread 0x0000028ee4fac990 DEOPT PACKING pc=0x0000028ed201fb0c sp=0x000000b1840ff020
Event: 50.536 Thread 0x0000028ee4fac990 DEOPT UNPACKING pc=0x0000028ed15d3aa2 sp=0x000000b1840fefb0 mode 2

Classes loaded (20 events):
Event: 35.967 Loading class java/util/WeakHashMap$KeyIterator
Event: 35.967 Loading class java/util/WeakHashMap$KeyIterator done
Event: 38.157 Loading class java/util/Vector$1
Event: 38.157 Loading class java/util/Vector$1 done
Event: 44.972 Loading class java/util/regex/Pattern$Caret
Event: 44.977 Loading class java/util/regex/Pattern$Caret done
Event: 46.518 Loading class java/util/stream/ReferencePipeline$4
Event: 46.528 Loading class java/util/stream/ReferencePipeline$4 done
Event: 46.602 Loading class java/util/stream/Nodes$IntFixedNodeBuilder
Event: 46.606 Loading class java/util/stream/Node$Builder$OfInt
Event: 46.607 Loading class java/util/stream/Node$Builder$OfInt done
Event: 46.607 Loading class java/util/stream/Nodes$IntArrayNode
Event: 46.687 Loading class java/util/stream/Nodes$IntArrayNode done
Event: 46.687 Loading class java/util/stream/Nodes$IntFixedNodeBuilder done
Event: 46.687 Loading class java/util/stream/ReferencePipeline$4$1
Event: 46.688 Loading class java/util/stream/ReferencePipeline$4$1 done
Event: 47.691 Loading class java/lang/StringLatin1$LinesSpliterator
Event: 47.691 Loading class java/lang/StringLatin1$LinesSpliterator done
Event: 49.287 Loading class java/util/regex/Pattern$End
Event: 49.288 Loading class java/util/regex/Pattern$End done

Classes unloaded (7 events):
Event: 10.858 Thread 0x0000028ec6de4540 Unloading class 0x0000028e811aac00 'java/lang/invoke/LambdaForm$MH+0x0000028e811aac00'
Event: 10.858 Thread 0x0000028ec6de4540 Unloading class 0x0000028e811aa800 'java/lang/invoke/LambdaForm$MH+0x0000028e811aa800'
Event: 10.858 Thread 0x0000028ec6de4540 Unloading class 0x0000028e811aa400 'java/lang/invoke/LambdaForm$MH+0x0000028e811aa400'
Event: 10.858 Thread 0x0000028ec6de4540 Unloading class 0x0000028e811aa000 'java/lang/invoke/LambdaForm$MH+0x0000028e811aa000'
Event: 10.858 Thread 0x0000028ec6de4540 Unloading class 0x0000028e811a9c00 'java/lang/invoke/LambdaForm$BMH+0x0000028e811a9c00'
Event: 10.858 Thread 0x0000028ec6de4540 Unloading class 0x0000028e811a9800 'java/lang/invoke/LambdaForm$DMH+0x0000028e811a9800'
Event: 10.858 Thread 0x0000028ec6de4540 Unloading class 0x0000028e811a8400 'java/lang/invoke/LambdaForm$DMH+0x0000028e811a8400'

Classes redefined (0 events):
No events

Internal exceptions (20 events):
Event: 34.729 Thread 0x0000028eded82070 Exception <a 'sun/nio/fs/WindowsException'{0x00000000d5f8a580}> (0x00000000d5f8a580) 
thrown [s\src\hotspot\share\prims\jni.cpp, line 520]
Event: 34.768 Thread 0x0000028eded82070 Exception <a 'sun/nio/fs/WindowsException'{0x00000000d601faa8}> (0x00000000d601faa8) 
thrown [s\src\hotspot\share\prims\jni.cpp, line 520]
Event: 34.811 Thread 0x0000028eded82070 Exception <a 'sun/nio/fs/WindowsException'{0x00000000d60294e0}> (0x00000000d60294e0) 
thrown [s\src\hotspot\share\prims\jni.cpp, line 520]
Event: 34.835 Thread 0x0000028eded82070 Exception <a 'sun/nio/fs/WindowsException'{0x00000000d6033f30}> (0x00000000d6033f30) 
thrown [s\src\hotspot\share\prims\jni.cpp, line 520]
Event: 34.869 Thread 0x0000028eded82070 Exception <a 'sun/nio/fs/WindowsException'{0x00000000d603eca0}> (0x00000000d603eca0) 
thrown [s\src\hotspot\share\prims\jni.cpp, line 520]
Event: 34.964 Thread 0x0000028eded82070 Exception <a 'sun/nio/fs/WindowsException'{0x00000000d60df900}> (0x00000000d60df900) 
thrown [s\src\hotspot\share\prims\jni.cpp, line 520]
Event: 34.966 Thread 0x0000028ee62a8f20 Exception <a 'sun/nio/fs/WindowsException'{0x00000000d60b56c8}> (0x00000000d60b56c8) 
thrown [s\src\hotspot\share\prims\jni.cpp, line 520]
Event: 34.966 Thread 0x0000028ee603fda0 Exception <a 'sun/nio/fs/WindowsException'{0x00000000d5ff86b0}> (0x00000000d5ff86b0) 
thrown [s\src\hotspot\share\prims\jni.cpp, line 520]
Event: 35.011 Thread 0x0000028eded82070 Exception <a 'sun/nio/fs/WindowsException'{0x00000000d60e66f8}> (0x00000000d60e66f8) 
thrown [s\src\hotspot\share\prims\jni.cpp, line 520]
Event: 35.064 Thread 0x0000028eded82070 Exception <a 'sun/nio/fs/WindowsException'{0x00000000d610bbb0}> (0x00000000d610bbb0) 
thrown [s\src\hotspot\share\prims\jni.cpp, line 520]
Event: 35.066 Thread 0x0000028ee6040430 Exception <a 'sun/nio/fs/WindowsException'{0x00000000d6007060}> (0x00000000d6007060) 
thrown [s\src\hotspot\share\prims\jni.cpp, line 520]
Event: 35.067 Thread 0x0000028ee6040430 Exception <a 'sun/nio/fs/WindowsException'{0x00000000d60081b8}> (0x00000000d60081b8) 
thrown [s\src\hotspot\share\prims\jni.cpp, line 520]
Event: 35.808 Thread 0x0000028ee4fabc70 Exception <a 'sun/nio/fs/WindowsException'{0x00000000d655f5e0}> (0x00000000d655f5e0) 
thrown [s\src\hotspot\share\prims\jni.cpp, line 520]
Event: 35.815 Thread 0x0000028ee4fabc70 Exception <a 'sun/nio/fs/WindowsException'{0x00000000d65600e8}> (0x00000000d65600e8) 
thrown [s\src\hotspot\share\prims\jni.cpp, line 520]
Event: 36.002 Thread 0x0000028ee4fabc70 Exception <a 'java/io/FileNotFoundException'{0x00000000d6729a68}> (0x00000000d6729a68) 
thrown [s\src\hotspot\share\prims\jni.cpp, line 520]
Event: 36.005 Thread 0x0000028ee4fabc70 Exception <a 'java/io/FileNotFoundException'{0x00000000d672ad78}> (0x00000000d672ad78) 
thrown [s\src\hotspot\share\prims\jni.cpp, line 520]
Event: 36.014 Thread 0x0000028ee4fabc70 Exception <a 'java/io/FileNotFoundException'{0x00000000d672bad0}> (0x00000000d672bad0) 
thrown [s\src\hotspot\share\prims\jni.cpp, line 520]
Event: 47.104 Thread 0x0000028eded82070 Exception <a 'java/lang/NoSuchMethodError'{0x00000000d5e72008}: 'java.lang.Object java.lang.invoke.DirectMethodHandle$Holder.invokeStatic(java.lang.Object, java.lang.Object, int, int)'> (0x00000000d5e72008) 
thrown [s\src\hotspot\share\interpreter\linkResolver.cpp, line 773]
Event: 47.106 Thread 0x0000028eded82070 Exception <a 'java/lang/NoSuchMethodError'{0x00000000d5e76580}: 'java.lang.Object java.lang.invoke.DirectMethodHandle$Holder.invokeSpecial(java.lang.Object, java.lang.Object, java.lang.Object, int, int)'> (0x00000000d5e76580) 
thrown [s\src\hotspot\share\interpreter\linkResolver.cpp, line 773]
Event: 47.698 Thread 0x0000028eded82070 Exception <a 'java/lang/NoSuchMethodError'{0x00000000d559c018}: 'java.lang.Object java.lang.invoke.DirectMethodHandle$Holder.invokeStatic(java.lang.Object, int, java.lang.Object)'> (0x00000000d559c018) 
thrown [s\src\hotspot\share\interpreter\linkResolver.cpp, line 773]

ZGC Phase Switch (0 events):
No events

VM Operations (20 events):
Event: 46.221 Executing safepoint VM operation: ParallelGCFailedAllocation (Allocation Failure)
Event: 46.224 Executing safepoint VM operation: ParallelGCFailedAllocation (Allocation Failure) done
Event: 46.431 Executing non-safepoint VM operation: HandshakeAllThreads (Deoptimize)
Event: 46.529 Executing non-safepoint VM operation: HandshakeAllThreads (Deoptimize) done
Event: 47.218 Executing safepoint VM operation: ICBufferFull
Event: 47.219 Executing safepoint VM operation: ICBufferFull done
Event: 47.631 Executing safepoint VM operation: ParallelGCFailedAllocation (Allocation Failure)
Event: 47.655 Executing safepoint VM operation: ParallelGCFailedAllocation (Allocation Failure) done
Event: 48.656 Executing safepoint VM operation: Cleanup
Event: 48.692 Executing safepoint VM operation: Cleanup done
Event: 48.789 Executing safepoint VM operation: ParallelGCFailedAllocation (Allocation Failure)
Event: 49.024 Executing safepoint VM operation: ParallelGCFailedAllocation (Allocation Failure) done
Event: 49.364 Executing safepoint VM operation: ParallelGCFailedAllocation (Allocation Failure)
Event: 49.565 Executing safepoint VM operation: ParallelGCFailedAllocation (Allocation Failure) done
Event: 49.788 Executing safepoint VM operation: ParallelGCFailedAllocation (Allocation Failure)
Event: 49.913 Executing safepoint VM operation: ParallelGCFailedAllocation (Allocation Failure) done
Event: 50.919 Executing safepoint VM operation: Cleanup
Event: 50.920 Executing safepoint VM operation: Cleanup done
Event: 50.984 Executing safepoint VM operation: ParallelGCFailedAllocation (Allocation Failure)
Event: 50.989 Executing safepoint VM operation: ParallelGCFailedAllocation (Allocation Failure) done

Memory protections (0 events):
No events

Nmethod flushes (20 events):
Event: 14.284 Thread 0x0000028ec6de4540 flushing  nmethod 0x0000028eca6ce190
Event: 14.284 Thread 0x0000028ec6de4540 flushing  nmethod 0x0000028eca728a90
Event: 14.284 Thread 0x0000028ec6de4540 flushing  nmethod 0x0000028eca728e90
Event: 14.284 Thread 0x0000028ec6de4540 flushing  nmethod 0x0000028eca729790
Event: 14.284 Thread 0x0000028ec6de4540 flushing  nmethod 0x0000028eca72a990
Event: 14.284 Thread 0x0000028ec6de4540 flushing  nmethod 0x0000028eca72b610
Event: 14.284 Thread 0x0000028ec6de4540 flushing  nmethod 0x0000028eca72bd90
Event: 14.284 Thread 0x0000028ec6de4540 flushing  nmethod 0x0000028eca72d290
Event: 14.284 Thread 0x0000028ec6de4540 flushing  nmethod 0x0000028eca72d790
Event: 14.284 Thread 0x0000028ec6de4540 flushing  nmethod 0x0000028eca72f790
Event: 14.284 Thread 0x0000028ec6de4540 flushing  nmethod 0x0000028eca730a90
Event: 14.284 Thread 0x0000028ec6de4540 flushing  nmethod 0x0000028eca731290
Event: 14.284 Thread 0x0000028ec6de4540 flushing  nmethod 0x0000028eca732d10
Event: 14.284 Thread 0x0000028ec6de4540 flushing  nmethod 0x0000028eca774810
Event: 14.284 Thread 0x0000028ec6de4540 flushing  nmethod 0x0000028eca779390
Event: 14.284 Thread 0x0000028ec6de4540 flushing  nmethod 0x0000028eca77bc90
Event: 14.284 Thread 0x0000028ec6de4540 flushing  nmethod 0x0000028eca782890
Event: 14.284 Thread 0x0000028ec6de4540 flushing  nmethod 0x0000028eca7d7710
Event: 14.284 Thread 0x0000028ec6de4540 flushing  nmethod 0x0000028eca7f5d90
Event: 14.284 Thread 0x0000028ec6de4540 flushing  nmethod 0x0000028eca818710

Events (20 events):
Event: 34.780 Thread 0x0000028ee62a7b70 Thread added: 0x0000028ee62a8200
Event: 34.814 Thread 0x0000028ee603e9f0 Thread added: 0x0000028ee62a74e0
Event: 34.815 Thread 0x0000028ee603fda0 Thread added: 0x0000028ee62a8890
Event: 34.843 Thread 0x0000028ee603f710 Thread added: 0x0000028ee62a9c40
Event: 34.881 Thread 0x0000028ee6040430 Thread added: 0x0000028ee62a8f20
Event: 35.367 Thread 0x0000028eded82070 Thread added: 0x0000028ee62aa960
Event: 35.370 Thread 0x0000028eded82070 Thread added: 0x0000028ee62aaff0
Event: 35.370 Thread 0x0000028eded82070 Thread added: 0x0000028ee62abd10
Event: 35.370 Thread 0x0000028eded82070 Thread added: 0x0000028ee62ab680
Event: 35.370 Thread 0x0000028eded82070 Thread added: 0x0000028ee62a95b0
Event: 35.371 Thread 0x0000028eded82070 Thread added: 0x0000028ee62ad750
Event: 35.371 Thread 0x0000028eded82070 Thread added: 0x0000028ee62ae470
Event: 35.371 Thread 0x0000028eded82070 Thread added: 0x0000028ee62ac3a0
Event: 35.372 Thread 0x0000028eded82070 Thread added: 0x0000028ee62aca30
Event: 35.377 Thread 0x0000028eded82070 Thread added: 0x0000028ee62adde0
Event: 40.635 Thread 0x0000028edebd6320 Thread added: 0x0000028ee4f42180
Event: 42.239 Thread 0x0000028ee4f42180 Thread exited: 0x0000028ee4f42180
Event: 43.910 Thread 0x0000028edebd6320 Thread added: 0x0000028ee4f413e0
Event: 44.619 Thread 0x0000028ee4f413e0 Thread exited: 0x0000028ee4f413e0
Event: 47.343 Thread 0x0000028ec6efe9e0 Thread added: 0x0000028ee4f42180


Dynamic libraries:
0x00007ff7a40c0000 - 0x00007ff7a40ce000 	c:\Users\takwa\.vscode\extensions\redhat.java-1.54.0-win32-x64\jre\21.0.10-win32-x86_64\bin\java.exe
0x00007ffb38e00000 - 0x00007ffb39066000 	C:\WINDOWS\SYSTEM32\ntdll.dll
0x00007ffb37990000 - 0x00007ffb37a59000 	C:\WINDOWS\System32\KERNEL32.DLL
0x00007ffb36150000 - 0x00007ffb3654a000 	C:\WINDOWS\System32\KERNELBASE.dll
0x00007ffb36a30000 - 0x00007ffb36b7c000 	C:\WINDOWS\System32\ucrtbase.dll
0x00007ffb20b10000 - 0x00007ffb20b2e000 	c:\Users\takwa\.vscode\extensions\redhat.java-1.54.0-win32-x64\jre\21.0.10-win32-x86_64\bin\VCRUNTIME140.dll
0x00007ffb22690000 - 0x00007ffb226a8000 	c:\Users\takwa\.vscode\extensions\redhat.java-1.54.0-win32-x64\jre\21.0.10-win32-x86_64\bin\jli.dll
0x00007ffb36f50000 - 0x00007ffb37117000 	C:\WINDOWS\System32\USER32.dll
0x00007ffb10f90000 - 0x00007ffb11222000 	C:\WINDOWS\WinSxS\amd64_microsoft.windows.common-controls_6595b64144ccf1df_6.0.26100.8346_none_3e0a4650e332b5e4\COMCTL32.dll
0x00007ffb36550000 - 0x00007ffb36577000 	C:\WINDOWS\System32\win32u.dll
0x00007ffb38290000 - 0x00007ffb38339000 	C:\WINDOWS\System32\msvcrt.dll
0x00007ffb36b80000 - 0x00007ffb36bab000 	C:\WINDOWS\System32\GDI32.dll
0x00007ffb367c0000 - 0x00007ffb368eb000 	C:\WINDOWS\System32\gdi32full.dll
0x00007ffb360a0000 - 0x00007ffb36143000 	C:\WINDOWS\System32\msvcp_win.dll
0x00007ffb383f0000 - 0x00007ffb38422000 	C:\WINDOWS\System32\IMM32.DLL
0x00007ffb2e680000 - 0x00007ffb2e68c000 	c:\Users\takwa\.vscode\extensions\redhat.java-1.54.0-win32-x64\jre\21.0.10-win32-x86_64\bin\vcruntime140_1.dll
0x00007ffb1dd00000 - 0x00007ffb1dd8d000 	c:\Users\takwa\.vscode\extensions\redhat.java-1.54.0-win32-x64\jre\21.0.10-win32-x86_64\bin\msvcp140.dll
0x00007ffa8f5b0000 - 0x00007ffa90351000 	c:\Users\takwa\.vscode\extensions\redhat.java-1.54.0-win32-x64\jre\21.0.10-win32-x86_64\bin\server\jvm.dll
0x00007ffb38d00000 - 0x00007ffb38db6000 	C:\WINDOWS\System32\ADVAPI32.dll
0x00007ffb36e10000 - 0x00007ffb36eb7000 	C:\WINDOWS\System32\sechost.dll
0x00007ffb37de0000 - 0x00007ffb37ef8000 	C:\WINDOWS\System32\RPCRT4.dll
0x00007ffb36ec0000 - 0x00007ffb36f40000 	C:\WINDOWS\System32\WS2_32.dll
0x00007ffb35f00000 - 0x00007ffb35f5e000 	C:\WINDOWS\SYSTEM32\POWRPROF.dll
0x00007ffb2a620000 - 0x00007ffb2a656000 	C:\WINDOWS\SYSTEM32\WINMM.dll
0x00007ffb12140000 - 0x00007ffb1214b000 	C:\WINDOWS\SYSTEM32\VERSION.dll
0x00007ffb35ee0000 - 0x00007ffb35ef4000 	C:\WINDOWS\SYSTEM32\UMPDC.dll
0x00007ffb34de0000 - 0x00007ffb34dfb000 	C:\WINDOWS\SYSTEM32\kernel.appcore.dll
0x00007ffb20b00000 - 0x00007ffb20b0a000 	c:\Users\takwa\.vscode\extensions\redhat.java-1.54.0-win32-x64\jre\21.0.10-win32-x86_64\bin\jimage.dll
0x00007ffb33750000 - 0x00007ffb33992000 	C:\WINDOWS\SYSTEM32\DBGHELP.DLL
0x00007ffb37f00000 - 0x00007ffb38283000 	C:\WINDOWS\System32\combase.dll
0x00007ffb371a0000 - 0x00007ffb37279000 	C:\WINDOWS\System32\OLEAUT32.dll
0x00007ffb0b410000 - 0x00007ffb0b44b000 	C:\WINDOWS\SYSTEM32\dbgcore.DLL
0x00007ffb368f0000 - 0x00007ffb36998000 	C:\WINDOWS\System32\bcryptPrimitives.dll
0x00007ffb20af0000 - 0x00007ffb20aff000 	c:\Users\takwa\.vscode\extensions\redhat.java-1.54.0-win32-x64\jre\21.0.10-win32-x86_64\bin\instrument.dll
0x00007ffb207e0000 - 0x00007ffb20800000 	c:\Users\takwa\.vscode\extensions\redhat.java-1.54.0-win32-x64\jre\21.0.10-win32-x86_64\bin\java.dll
0x00007ffb38430000 - 0x00007ffb38bac000 	C:\WINDOWS\System32\SHELL32.dll
0x00007ffb33c30000 - 0x00007ffb344a5000 	C:\WINDOWS\SYSTEM32\windows.storage.dll
0x00007ffb36d10000 - 0x00007ffb36e09000 	C:\WINDOWS\System32\SHCORE.dll
0x00007ffb37120000 - 0x00007ffb37187000 	C:\WINDOWS\System32\shlwapi.dll
0x00007ffb35fc0000 - 0x00007ffb35fe9000 	C:\WINDOWS\SYSTEM32\profapi.dll
0x00007ffb20780000 - 0x00007ffb20798000 	c:\Users\takwa\.vscode\extensions\redhat.java-1.54.0-win32-x64\jre\21.0.10-win32-x86_64\bin\zip.dll
0x00007ffb20ae0000 - 0x00007ffb20af0000 	C:\Users\takwa\.vscode\extensions\redhat.java-1.54.0-win32-x64\jre\21.0.10-win32-x86_64\bin\net.dll
0x00007ffb2d5a0000 - 0x00007ffb2d6c9000 	C:\WINDOWS\SYSTEM32\WINHTTP.dll
0x00007ffb35330000 - 0x00007ffb3539c000 	C:\WINDOWS\system32\mswsock.dll
0x00007ffb206f0000 - 0x00007ffb20706000 	C:\Users\takwa\.vscode\extensions\redhat.java-1.54.0-win32-x64\jre\21.0.10-win32-x86_64\bin\nio.dll
0x00007ffb20ac0000 - 0x00007ffb20ad0000 	c:\Users\takwa\.vscode\extensions\redhat.java-1.54.0-win32-x64\jre\21.0.10-win32-x86_64\bin\verify.dll
0x00007ffb1e060000 - 0x00007ffb1e0a5000 	C:\Users\takwa\AppData\Roaming\Code\User\globalStorage\redhat.java\1.54.0\config_win\org.eclipse.equinox.launcher\org.eclipse.equinox.launcher.win32.win32.x86_64_1.3.0.v20260203-2149\eclipse_11919.dll
0x00007ffb37bb0000 - 0x00007ffb37d48000 	C:\WINDOWS\System32\ole32.dll
0x00007ffb35730000 - 0x00007ffb3574b000 	C:\WINDOWS\SYSTEM32\CRYPTSP.dll
0x00007ffb34d40000 - 0x00007ffb34d79000 	C:\WINDOWS\system32\rsaenh.dll
0x00007ffb353e0000 - 0x00007ffb35413000 	C:\WINDOWS\SYSTEM32\USERENV.dll
0x00007ffb35f90000 - 0x00007ffb35fba000 	C:\WINDOWS\SYSTEM32\bcrypt.dll
0x00007ffb35590000 - 0x00007ffb3559c000 	C:\WINDOWS\SYSTEM32\CRYPTBASE.dll
0x00007ffb34820000 - 0x00007ffb34852000 	C:\WINDOWS\SYSTEM32\IPHLPAPI.DLL
0x00007ffb37d50000 - 0x00007ffb37d5a000 	C:\WINDOWS\System32\NSI.dll
0x00007ffb1dcb0000 - 0x00007ffb1dcf9000 	C:\Users\takwa\AppData\Local\Temp\jna-110124776\jna9944116472606779291.dll
0x00007ffb37280000 - 0x00007ffb37288000 	C:\WINDOWS\System32\PSAPI.DLL
0x00007ffb2e160000 - 0x00007ffb2e17d000 	C:\WINDOWS\SYSTEM32\dhcpcsvc6.DLL
0x00007ffb2e130000 - 0x00007ffb2e155000 	C:\WINDOWS\SYSTEM32\dhcpcsvc.DLL

JVMTI agents:
c:\Users\takwa\.vscode\extensions\redhat.java-1.54.0-win32-x64\lombok\lombok-1.18.39-4050.jar path:c:\Users\takwa\.vscode\extensions\redhat.java-1.54.0-win32-x64\jre\21.0.10-win32-x86_64\bin\instrument.dll, loaded, initialized, instrumentlib options:none

dbghelp: loaded successfully - version: 4.0.5 - missing functions: none
symbol engine: initialized successfully - sym options: 0x614 - pdb path: .;c:\Users\takwa\.vscode\extensions\redhat.java-1.54.0-win32-x64\jre\21.0.10-win32-x86_64\bin;C:\WINDOWS\SYSTEM32;C:\WINDOWS\WinSxS\amd64_microsoft.windows.common-controls_6595b64144ccf1df_6.0.26100.8346_none_3e0a4650e332b5e4;c:\Users\takwa\.vscode\extensions\redhat.java-1.54.0-win32-x64\jre\21.0.10-win32-x86_64\bin\server;C:\Users\takwa\AppData\Roaming\Code\User\globalStorage\redhat.java\1.54.0\config_win\org.eclipse.equinox.launcher\org.eclipse.equinox.launcher.win32.win32.x86_64_1.3.0.v20260203-2149;C:\Users\takwa\AppData\Local\Temp\jna-110124776

VM Arguments:
jvm_args: --add-modules=ALL-SYSTEM --add-opens=java.base/java.util=ALL-UNNAMED --add-opens=java.base/java.lang=ALL-UNNAMED --add-opens=java.base/sun.nio.fs=ALL-UNNAMED -Declipse.application=org.eclipse.jdt.ls.core.id1 -Dosgi.bundles.defaultStartLevel=4 -Declipse.product=org.eclipse.jdt.ls.core.product -Djava.import.generatesMetadataFilesAtProjectRoot=false -DDetectVMInstallationsJob.disabled=true -Dfile.encoding=utf8 -XX:+UseParallelGC -XX:GCTimeRatio=4 -XX:AdaptiveSizePolicyWeight=90 -Dsun.zip.disableMemoryMapping=true -Xmx2G -Xms100m -Xlog:disable -javaagent:c:\Users\takwa\.vscode\extensions\redhat.java-1.54.0-win32-x64\lombok\lombok-1.18.39-4050.jar -XX:+HeapDumpOnOutOfMemoryError -XX:HeapDumpPath=c:\Users\takwa\AppData\Roaming\Code\User\workspaceStorage\9ef35f15cb76032a73c490f0d8220ee0\redhat.java -Daether.dependencyCollector.impl=bf 
java_command: c:\Users\takwa\.vscode\extensions\redhat.java-1.54.0-win32-x64\server\plugins\org.eclipse.equinox.launcher_1.7.100.v20251111-0406.jar -configuration c:\Users\takwa\AppData\Roaming\Code\User\globalStorage\redhat.java\1.54.0\config_win -data c:\Users\takwa\AppData\Roaming\Code\User\workspaceStorage\9ef35f15cb76032a73c490f0d8220ee0\redhat.java\jdt_ws --pipe=\\.\pipe\lsp-a0c86dfc61ca2ed99cf4430127e62db5-sock
java_class_path (initial): c:\Users\takwa\.vscode\extensions\redhat.java-1.54.0-win32-x64\server\plugins\org.eclipse.equinox.launcher_1.7.100.v20251111-0406.jar
Launcher Type: SUN_STANDARD

[Global flags]
    uintx AdaptiveSizePolicyWeight                 = 90                                        {product} {command line}
     intx CICompilerCount                          = 4                                         {product} {ergonomic}
    uintx GCTimeRatio                              = 4                                         {product} {command line}
     bool HeapDumpOnOutOfMemoryError               = true                                   {manageable} {command line}
    ccstr HeapDumpPath                             = c:\Users\takwa\AppData\Roaming\Code\User\workspaceStorage\9ef35f15cb76032a73c490f0d8220ee0\redhat.java         {manageable} {command line}
   size_t InitialHeapSize                          = 104857600                                 {product} {command line}
   size_t MaxHeapSize                              = 2147483648                                {product} {command line}
   size_t MaxNewSize                               = 715653120                                 {product} {ergonomic}
   size_t MinHeapDeltaBytes                        = 524288                                    {product} {ergonomic}
   size_t MinHeapSize                              = 104857600                                 {product} {command line}
   size_t NewSize                                  = 34603008                                  {product} {ergonomic}
    uintx NonNMethodCodeHeapSize                   = 5839372                                {pd product} {ergonomic}
    uintx NonProfiledCodeHeapSize                  = 122909434                              {pd product} {ergonomic}
   size_t OldSize                                  = 70254592                                  {product} {ergonomic}
    uintx ProfiledCodeHeapSize                     = 122909434                              {pd product} {ergonomic}
    uintx ReservedCodeCacheSize                    = 251658240                              {pd product} {ergonomic}
     bool SegmentedCodeCache                       = true                                      {product} {ergonomic}
   size_t SoftMaxHeapSize                          = 2147483648                             {manageable} {ergonomic}
     bool UseCompressedOops                        = true                           {product lp64_product} {ergonomic}
     bool UseLargePagesIndividualAllocation        = false                                  {pd product} {ergonomic}
     bool UseParallelGC                            = true                                      {product} {command line}

Logging:
Log output configuration:
 #0: stdout all=off uptime,level,tags foldmultilines=false
 #1: stderr all=off uptime,level,tags foldmultilines=false

Release file:
JAVA_VERSION="21.0.10" 
MODULES="java.base java.compiler java.datatransfer java.xml java.prefs java.desktop java.instrument java.logging java.management java.security.sasl java.naming java.rmi java.management.rmi java.net.http java.scripting java.security.jgss java.transaction.xa java.sql java.sql.rowset java.xml.crypto java.se java.smartcardio jdk.accessibility jdk.internal.jvmstat jdk.attach jdk.charsets jdk.internal.opt jdk.zipfs jdk.compiler jdk.crypto.ec jdk.crypto.cryptoki jdk.crypto.mscapi jdk.dynalink jdk.internal.ed jdk.editpad jdk.hotspot.agent jdk.httpserver jdk.internal.le jdk.internal.vm.ci jdk.internal.vm.compiler jdk.internal.vm.compiler.management jdk.jartool jdk.javadoc jdk.jcmd jdk.management jdk.management.agent jdk.jconsole jdk.jdeps jdk.jdwp.agent jdk.jdi jdk.jfr jdk.jshell jdk.jsobject jdk.jstatd jdk.localedata jdk.management.jfr jdk.naming.dns jdk.naming.rmi jdk.net jdk.nio.mapmode jdk.random jdk.sctp jdk.security.auth jdk.security.jgss jdk.unsupported jdk.unsupported.desktop jdk.xml.dom" 

Environment Variables:
JAVA_HOME=C:\Users\takwa\AppData\Local\Programs\Eclipse Adoptium\jdk-17.0.18.8-hotspot
PATH=C:\Users\takwa\AppData\Local\Programs\Microsoft VS Code;C:\Python312\Scripts\;C:\Python312\;C:\Program Files\Common Files\Oracle\Java\javapath;C:\Program Files\Java\jdk-23;C:\Users\takwa\Downloads\hadoop-3.3.6\hadoop-3.3.6;C:\Users\takwa\develop\flutter\bin;C:\Users\takwa\AppData\Local\Programs\Python\Python313\Scripts;C:\Users\takwa\AppData\Local\Programs\Python\Python313;C:\Users\takwa\AppData\Local\Microsoft\WindowsApps;C:\Users\takwa\AppData\Local\Programs\Microsoft VS Code\bin;C:\Users\takwa\AppData\Roaming\npm;C:\Users\takwa\.dotnet\tools;C:\Users\takwa\AppData\Local\GitHubDesktop\bin;C:\Program Files\dotnet\;C:\WINDOWS\system32;C:\WINDOWS;C:\WINDOWS\System32\Wbem;C:\WINDOWS\System32\WindowsPowerShell\v1.0\;C:\WINDOWS\System32\OpenSSH\;C:\apacheMaven\apache-maven-3.8.9;C:\minikube;C:\Program Files\Kubernetes\Minikube;C:\Program Files\Microsoft SQL Server\150\Tools\Binn\;C:\Program Files\Git\cmd;C:\WINDOWS\system32;C:\WINDOWS;C:\WINDOWS\System32\Wbem;C:\WINDOWS\System32\WindowsPowerShell\v1.0\;C:\WINDOWS\System32\OpenSSH\;C:\Program Files (x86)\Microsoft SQL Server\160\Tools\Binn\;C:\Program Files\Microsoft SQL Server\160\Tools\Binn\;C:\Program Files\Microsoft SQL Server\Client SDK\ODBC\170\Tools\Binn\;C:\Program Files\Microsoft SQL Server\160\DTS\Binn\;C:\Program Files (x86)\Microsoft SQL Server\160\DTS\Binn\;C:\Program Files\Azure Data Studio\bin;C:\Users\takwa\AppData\Local\Programs\Eclipse Adoptium\jdk-17.0.18.8-hotspot\bin;C:\Program Files\Java\jdk-23;C:\Program Files\nodejs;C:\Users\takwa\AppData\Roaming\npm;C:\Program Files\Docker\Docker\resources\bin;C:\hadoop-3.3.6\bin;C:\PROGRA~1\Java\jdk-1.8;C:\Users\takwa\develop\flutter\bin;C:\Users\takwa\AppData\Local\Microsoft\WindowsApps;C:\Users\takwa\AppData\Local\Programs\Microsoft VS Code\bin;C:\Users\takwa\AppData\Local\GitHubDesktop\bin;C:\apacheMaven\apache-maven-3.8.9\bin;C:\Program Files\Azure Data Studio\bin;C:\Program Files\JetBrains\IntelliJ IDEA 2025.3.4\bin;C:\Users\takwa\AppData\Local\Programs\Eclipse Adoptium\jdk-17.0.18.8-hotspot\bin;C:\Users\takwa\AppData\Local\Python\bin
USERNAME=takwa
OS=Windows_NT
PROCESSOR_IDENTIFIER=Intel64 Family 6 Model 154 Stepping 4, GenuineIntel
TMP=C:\Users\takwa\AppData\Local\Temp
TEMP=C:\Users\takwa\AppData\Local\Temp




Periodic native trim disabled

---------------  S Y S T E M  ---------------

OS:
 Windows 11 , 64 bit Build 26100 (10.0.26100.8346)
OS uptime: 4 days 11:31 hours
Hyper-V role detected

CPU: total 12 (initial active 12) (6 cores per cpu, 2 threads per core) family 6 model 154 stepping 4 microcode 0x433, cx8, cmov, fxsr, ht, mmx, 3dnowpref, sse, sse2, sse3, ssse3, sse4.1, sse4.2, popcnt, lzcnt, tsc, tscinvbit, avx, avx2, aes, erms, clmul, bmi1, bmi2, adx, sha, fma, vzeroupper, clflush, clflushopt, clwb, hv, serialize, rdtscp, rdpid, fsrm, f16c, cet_ibt, cet_ss
Processor Information for processor 0
  Max Mhz: 1300, Current Mhz: 1300, Mhz Limit: 1300
Processor Information for processor 1
  Max Mhz: 1300, Current Mhz: 1300, Mhz Limit: 1300
Processor Information for processor 2
  Max Mhz: 1300, Current Mhz: 1300, Mhz Limit: 1300
Processor Information for processor 3
  Max Mhz: 1300, Current Mhz: 1300, Mhz Limit: 1300
Processor Information for processor 4
  Max Mhz: 900, Current Mhz: 900, Mhz Limit: 900
Processor Information for processor 5
  Max Mhz: 900, Current Mhz: 900, Mhz Limit: 900
Processor Information for processor 6
  Max Mhz: 900, Current Mhz: 900, Mhz Limit: 900
Processor Information for processor 7
  Max Mhz: 900, Current Mhz: 900, Mhz Limit: 900
Processor Information for processor 8
  Max Mhz: 900, Current Mhz: 900, Mhz Limit: 900
Processor Information for processor 9
  Max Mhz: 900, Current Mhz: 900, Mhz Limit: 900
Processor Information for processor 10
  Max Mhz: 900, Current Mhz: 900, Mhz Limit: 900
Processor Information for processor 11
  Max Mhz: 900, Current Mhz: 900, Mhz Limit: 900

Memory: 4k page, system-wide physical 7916M (373M free)
TotalPageFile size 32492M (AvailPageFile size 17M)
current process WorkingSet (physical memory assigned to process): 272M, peak: 302M
current process commit charge ("private bytes"): 472M, peak: 500M

vm_info: OpenJDK 64-Bit Server VM (21.0.10+7-LTS) for windows-amd64 JRE (21.0.10+7-LTS), built on 2026-01-20T00:00:00Z by "admin" with MS VC++ 17.12 (VS2022)

END.
