#
# There is insufficient memory for the Java Runtime Environment to continue.
# Native memory allocation (malloc) failed to allocate 1172816 bytes. Error detail: Chunk::new
# Possible reasons:
#   The system is out of physical RAM or swap space
#   This process is running with CompressedOops enabled, and the Java Heap may be blocking the growth of the native heap
# Possible solutions:
#   Reduce memory load on the system
#   Increase physical memory or swap space
#   Check if swap backing store is full
#   Decrease Java heap size (-Xmx/-Xms)
#   Decrease number of Java threads
#   Decrease Java thread stack sizes (-Xss)
#   Set larger code cache with -XX:ReservedCodeCacheSize=
#   JVM is running with Unscaled Compressed Oops mode in which the Java heap is
#     placed in the first 4GB address space. The Java Heap base address is the
#     maximum limit for the native heap growth. Please use -XX:HeapBaseMinAddress
#     to set the Java Heap base and to place the Java Heap above 4GB virtual address.
# This output file may be truncated or incomplete.
#
#  Out of Memory Error (arena.cpp:168), pid=67356, tid=69032
#
# JRE version: OpenJDK Runtime Environment Temurin-21.0.10+7 (21.0.10+7) (build 21.0.10+7-LTS)
# Java VM: OpenJDK 64-Bit Server VM Temurin-21.0.10+7 (21.0.10+7-LTS, mixed mode, sharing, tiered, compressed oops, compressed class ptrs, parallel gc, windows-amd64)
# No core dump will be written. Minidumps are not enabled by default on client versions of Windows
#

---------------  S U M M A R Y ------------

Command Line: --add-modules=ALL-SYSTEM --add-opens=java.base/java.util=ALL-UNNAMED --add-opens=java.base/java.lang=ALL-UNNAMED --add-opens=java.base/sun.nio.fs=ALL-UNNAMED -Declipse.application=org.eclipse.jdt.ls.core.id1 -Dosgi.bundles.defaultStartLevel=4 -Declipse.product=org.eclipse.jdt.ls.core.product -Djava.import.generatesMetadataFilesAtProjectRoot=false -DDetectVMInstallationsJob.disabled=true -Dfile.encoding=utf8 -XX:+UseParallelGC -XX:GCTimeRatio=4 -XX:AdaptiveSizePolicyWeight=90 -Dsun.zip.disableMemoryMapping=true -Xmx2G -Xms100m -Xlog:disable -javaagent:c:\Users\takwa\.vscode\extensions\redhat.java-1.54.0-win32-x64\lombok\lombok-1.18.39-4050.jar c:\Users\takwa\.vscode\extensions\redhat.java-1.54.0-win32-x64\server\plugins\org.eclipse.equinox.launcher_1.7.100.v20251111-0406.jar -configuration c:\Users\takwa\AppData\Roaming\Code\User\globalStorage\redhat.java\1.54.0\config_ss_win -data c:\Users\takwa\AppData\Roaming\Code\User\workspaceStorage\9ef35f15cb76032a73c490f0d8220ee0\redhat.java\ss_ws --pipe=\\.\pipe\lsp-8e225a64f4d4601e64ab8c0e5a4f4959-sock

Host: 12th Gen Intel(R) Core(TM) i5-1235U, 12 cores, 7G,  Windows 11 , 64 bit Build 26100 (10.0.26100.8346)
Time: Thu May 14 02:20:49 2026 W. Central Africa Standard Time elapsed time: 15.327544 seconds (0d 0h 0m 15s)

---------------  T H R E A D  ---------------

Current thread (0x000002abfa2102b0):  JavaThread "C2 CompilerThread0" daemon [_thread_in_native, id=69032, stack(0x000000d17ca00000,0x000000d17cb00000) (1024K)]


Current CompileTask:
C2:15327 2830       4       org.lombokweb.asm.ClassReader::readMethod (1070 bytes)

Stack: [0x000000d17ca00000,0x000000d17cb00000]
Native frames: (J=compiled Java code, j=interpreted, Vv=VM code, C=native code)
V  [jvm.dll+0x6d7a39]
V  [jvm.dll+0x8b4b26]
V  [jvm.dll+0x8b70de]
V  [jvm.dll+0x8b77c3]
V  [jvm.dll+0x284346]
V  [jvm.dll+0xc66ed]
V  [jvm.dll+0xc6c31]
V  [jvm.dll+0x3bec01]
V  [jvm.dll+0x38b162]
V  [jvm.dll+0x38a5aa]
V  [jvm.dll+0x24c560]
V  [jvm.dll+0x24bb40]
V  [jvm.dll+0x1cb34e]
V  [jvm.dll+0x25b85d]
V  [jvm.dll+0x259dea]
V  [jvm.dll+0x3f857e]
V  [jvm.dll+0x85f59d]
V  [jvm.dll+0x6d626d]
C  [ucrtbase.dll+0x2cd30]
C  [KERNEL32.DLL+0x2e957]
C  [ntdll.dll+0x879fc]


---------------  P R O C E S S  ---------------

Threads class SMR info:
_java_thread_list=0x000002abd8927cb0, length=19, elements={
0x000002abfa162920, 0x000002abfa2043b0, 0x000002abfa205e90, 0x000002abfa20b540,
0x000002abfa20bfa0, 0x000002abfa20ea10, 0x000002abfa20f470, 0x000002abfa2102b0,
0x000002abfee827b0, 0x000002abff06ca50, 0x000002abff1b1e50, 0x000002abd844cf40,
0x000002abd8826110, 0x000002abd8826a50, 0x000002abd84f1830, 0x000002abd87926f0,
0x000002abd87fd310, 0x000002abd9228350, 0x000002abff170aa0
}

Java Threads: ( => current thread )
  0x000002abfa162920 JavaThread "main"                              [_thread_blocked, id=70876, stack(0x000000d17c000000,0x000000d17c100000) (1024K)]
  0x000002abfa2043b0 JavaThread "Reference Handler"          daemon [_thread_blocked, id=57932, stack(0x000000d17c400000,0x000000d17c500000) (1024K)]
  0x000002abfa205e90 JavaThread "Finalizer"                  daemon [_thread_blocked, id=73816, stack(0x000000d17c500000,0x000000d17c600000) (1024K)]
  0x000002abfa20b540 JavaThread "Signal Dispatcher"          daemon [_thread_blocked, id=65144, stack(0x000000d17c600000,0x000000d17c700000) (1024K)]
  0x000002abfa20bfa0 JavaThread "Attach Listener"            daemon [_thread_blocked, id=17000, stack(0x000000d17c700000,0x000000d17c800000) (1024K)]
  0x000002abfa20ea10 JavaThread "Service Thread"             daemon [_thread_blocked, id=68024, stack(0x000000d17c800000,0x000000d17c900000) (1024K)]
  0x000002abfa20f470 JavaThread "Monitor Deflation Thread"   daemon [_thread_blocked, id=73784, stack(0x000000d17c900000,0x000000d17ca00000) (1024K)]
=>0x000002abfa2102b0 JavaThread "C2 CompilerThread0"         daemon [_thread_in_native, id=69032, stack(0x000000d17ca00000,0x000000d17cb00000) (1024K)]
  0x000002abfee827b0 JavaThread "C1 CompilerThread0"         daemon [_thread_blocked, id=71272, stack(0x000000d17cb00000,0x000000d17cc00000) (1024K)]
  0x000002abff06ca50 JavaThread "Common-Cleaner"             daemon [_thread_blocked, id=72884, stack(0x000000d17cc00000,0x000000d17cd00000) (1024K)]
  0x000002abff1b1e50 JavaThread "Notification Thread"        daemon [_thread_blocked, id=73164, stack(0x000000d17cd00000,0x000000d17ce00000) (1024K)]
  0x000002abd844cf40 JavaThread "Active Thread: Equinox Container: e9c4eb53-8389-40c7-a267-48a610fb0c45"        [_thread_blocked, id=74800, stack(0x000000d17d500000,0x000000d17d600000) (1024K)]
  0x000002abd8826110 JavaThread "Framework Event Dispatcher: Equinox Container: e9c4eb53-8389-40c7-a267-48a610fb0c45" daemon [_thread_blocked, id=68816, stack(0x000000d17d600000,0x000000d17d700000) (1024K)]
  0x000002abd8826a50 JavaThread "Start Level: Equinox Container: e9c4eb53-8389-40c7-a267-48a610fb0c45" daemon [_thread_in_native, id=27212, stack(0x000000d17d700000,0x000000d17d800000) (1024K)]
  0x000002abd84f1830 JavaThread "SCR Component Actor"        daemon [_thread_blocked, id=27384, stack(0x000000d17d400000,0x000000d17d500000) (1024K)]
  0x000002abd87926f0 JavaThread "Worker-JM"                         [_thread_blocked, id=68616, stack(0x000000d17d900000,0x000000d17da00000) (1024K)]
  0x000002abd87fd310 JavaThread "JNA Cleaner"                daemon [_thread_blocked, id=59556, stack(0x000000d17dc00000,0x000000d17dd00000) (1024K)]
  0x000002abd9228350 JavaThread "Worker-0"                          [_thread_blocked, id=52624, stack(0x000000d17dd00000,0x000000d17de00000) (1024K)]
  0x000002abff170aa0 JavaThread "Worker-1"                          [_thread_blocked, id=69896, stack(0x000000d17de00000,0x000000d17df00000) (1024K)]
Total: 19

Other Threads:
  0x000002abfa0f48b0 VMThread "VM Thread"                           [id=73792, stack(0x000000d17c300000,0x000000d17c400000) (1024K)]
  0x000002abf9feca00 WatcherThread "VM Periodic Task Thread"        [id=28304, stack(0x000000d17c200000,0x000000d17c300000) (1024K)]
  0x000002abfa180090 WorkerThread "GC Thread#0"                     [id=69308, stack(0x000000d17c100000,0x000000d17c200000) (1024K)]
  0x000002abd81c5080 WorkerThread "GC Thread#1"                     [id=73824, stack(0x000000d17ce00000,0x000000d17cf00000) (1024K)]
  0x000002abd81c5430 WorkerThread "GC Thread#2"                     [id=71992, stack(0x000000d17cf00000,0x000000d17d000000) (1024K)]
  0x000002abd81ebe00 WorkerThread "GC Thread#3"                     [id=73452, stack(0x000000d17d000000,0x000000d17d100000) (1024K)]
  0x000002abd81ec1b0 WorkerThread "GC Thread#4"                     [id=70984, stack(0x000000d17d100000,0x000000d17d200000) (1024K)]
  0x000002abd81ec560 WorkerThread "GC Thread#5"                     [id=76456, stack(0x000000d17d200000,0x000000d17d300000) (1024K)]
  0x000002abd81ec910 WorkerThread "GC Thread#6"                     [id=60300, stack(0x000000d17d300000,0x000000d17d400000) (1024K)]
  0x000002abd8423c50 WorkerThread "GC Thread#7"                     [id=70756, stack(0x000000d17d800000,0x000000d17d900000) (1024K)]
  0x000002abd87ef8c0 WorkerThread "GC Thread#8"                     [id=73724, stack(0x000000d17da00000,0x000000d17db00000) (1024K)]
  0x000002abd893f0e0 WorkerThread "GC Thread#9"                     [id=70112, stack(0x000000d17db00000,0x000000d17dc00000) (1024K)]
Total: 12

Threads with active compile tasks:
C2 CompilerThread0  15373 2830       4       org.lombokweb.asm.ClassReader::readMethod (1070 bytes)
Total: 1

VM state: not at safepoint (normal execution)

VM Mutex/Monitor currently owned by a thread: None

Heap address: 0x0000000080000000, size: 2048 MB, Compressed Oops mode: 32-bit

CDS archive(s) mapped at: [0x000002ab93000000-0x000002ab93ba0000-0x000002ab93ba0000), size 12189696, SharedBaseAddress: 0x000002ab93000000, ArchiveRelocationMode: 1.
Compressed class space mapped at: 0x000002ab94000000-0x000002abd4000000, reserved size: 1073741824
Narrow klass base: 0x000002ab93000000, Narrow klass shift: 0, Narrow klass range: 0x100000000

GC Precious Log:
 CardTable entry size: 512
 CPUs: 12 total, 12 available
 Memory: 7916M
 Large Page Support: Disabled
 NUMA Support: Disabled
 Compressed Oops: Enabled (32-bit)
 Alignments: Space 512K, Generation 512K, Heap 2M
 Heap Min Capacity: 100M
 Heap Initial Capacity: 100M
 Heap Max Capacity: 2G
 Pre-touch: Disabled
 Parallel Workers: 10

Heap:
 PSYoungGen      total 27136K, used 16699K [0x00000000d5580000, 0x00000000d7900000, 0x0000000100000000)
  eden space 24576K, 67% used [0x00000000d5580000,0x00000000d65ced68,0x00000000d6d80000)
  from space 2560K, 0% used [0x00000000d7000000,0x00000000d7000000,0x00000000d7280000)
  to   space 4608K, 0% used [0x00000000d7480000,0x00000000d7480000,0x00000000d7900000)
 ParOldGen       total 68608K, used 20716K [0x0000000080000000, 0x0000000084300000, 0x00000000d5580000)
  object space 68608K, 30% used [0x0000000080000000,0x000000008143b0b0,0x0000000084300000)
 Metaspace       used 22103K, committed 22784K, reserved 1114112K
  class space    used 2136K, committed 2432K, reserved 1048576K

Card table byte_map: [0x000002abf9b00000,0x000002abf9f10000] _byte_map_base: 0x000002abf9700000

Marking Bits: (ParMarkBitMap*) 0x00007ffaa5d33450
 Begin Bits: [0x000002ab8f000000, 0x000002ab91000000)
 End Bits:   [0x000002ab91000000, 0x000002ab93000000)

Polling page: 0x000002abf7f60000

Metaspace:

Usage:
  Non-class:     19.50 MB used.
      Class:      2.09 MB used.
       Both:     21.59 MB used.

Virtual space:
  Non-class space:       64.00 MB reserved,      19.88 MB ( 31%) committed,  1 nodes.
      Class space:        1.00 GB reserved,       2.38 MB ( <1%) committed,  1 nodes.
             Both:        1.06 GB reserved,      22.25 MB (  2%) committed. 

Chunk freelists:
   Non-Class:  11.83 MB
       Class:  13.57 MB
        Both:  25.40 MB

MaxMetaspaceSize: unlimited
CompressedClassSpaceSize: 1.00 GB
Initial GC threshold: 21.00 MB
Current GC threshold: 35.00 MB
CDS: on
 - commit_granule_bytes: 65536.
 - commit_granule_words: 8192.
 - virtual_space_node_default_size: 8388608.
 - enlarge_chunks_in_place: 1.
 - use_allocation_guard: 0.


Internal statistics:

num_allocs_failed_limit: 3.
num_arena_births: 504.
num_arena_deaths: 14.
num_vsnodes_births: 2.
num_vsnodes_deaths: 0.
num_space_committed: 356.
num_space_uncommitted: 0.
num_chunks_returned_to_freelist: 17.
num_chunks_taken_from_freelist: 1346.
num_chunk_merges: 9.
num_chunk_splits: 875.
num_chunks_enlarged: 571.
num_inconsistent_stats: 0.

CodeHeap 'non-profiled nmethods': size=120000Kb used=1291Kb max_used=1291Kb free=118708Kb
 bounds [0x000002ab87ad0000, 0x000002ab87d40000, 0x000002ab8f000000]
CodeHeap 'profiled nmethods': size=120000Kb used=5493Kb max_used=5493Kb free=114506Kb
 bounds [0x000002ab80000000, 0x000002ab80560000, 0x000002ab87530000]
CodeHeap 'non-nmethods': size=5760Kb used=1313Kb max_used=1316Kb free=4446Kb
 bounds [0x000002ab87530000, 0x000002ab877a0000, 0x000002ab87ad0000]
CodeCache: size=245760Kb, used=8097Kb, max_used=8100Kb, free=237660Kb
 total_blobs=3477, nmethods=2875, adapters=508, full_count=0
Compilation: enabled, stopped_count=0, restarted_count=0

Compilation events (20 events):
Event: 14.315 Thread 0x000002abfee827b0 2867       3       org.eclipse.core.internal.preferences.RootPreferences::node (7 bytes)
Event: 14.316 Thread 0x000002abfee827b0 nmethod 2867 0x000002ab8054fe10 code [0x000002ab8054ffc0, 0x000002ab80550108]
Event: 14.316 Thread 0x000002abfee827b0 2868       3       org.eclipse.core.internal.preferences.RootPreferences::getNode (135 bytes)
Event: 14.317 Thread 0x000002abfee827b0 nmethod 2868 0x000002ab80550190 code [0x000002ab805504e0, 0x000002ab80551880]
Event: 14.317 Thread 0x000002abfee827b0 2870       3       org.eclipse.core.internal.preferences.PreferencesService::getDefault (20 bytes)
Event: 14.318 Thread 0x000002abfee827b0 nmethod 2870 0x000002ab80551f90 code [0x000002ab80552140, 0x000002ab80552338]
Event: 14.318 Thread 0x000002abfee827b0 2865       3       org.eclipse.core.internal.preferences.EclipsePreferences::absolutePath (79 bytes)
Event: 14.321 Thread 0x000002abfee827b0 nmethod 2865 0x000002ab80552410 code [0x000002ab80552ac0, 0x000002ab80557cb0]
Event: 14.321 Thread 0x000002abfee827b0 2869   !   3       org.eclipse.core.internal.preferences.EclipsePreferences::getOrCreate (108 bytes)
Event: 14.322 Thread 0x000002abfee827b0 nmethod 2869 0x000002ab80559010 code [0x000002ab80559260, 0x000002ab80559d20]
Event: 14.322 Thread 0x000002abfee827b0 2871       3       org.eclipse.core.internal.preferences.DefaultPreferences::getLoadLevel (52 bytes)
Event: 14.323 Thread 0x000002abfee827b0 nmethod 2871 0x000002ab8055a110 code [0x000002ab8055a300, 0x000002ab8055a950]
Event: 14.323 Thread 0x000002abfee827b0 2872       3       org.eclipse.core.internal.preferences.DefaultPreferences::getScopeRelativePath (43 bytes)
Event: 14.323 Thread 0x000002abfee827b0 nmethod 2872 0x000002ab8055ab90 code [0x000002ab8055ada0, 0x000002ab8055b358]
Event: 14.323 Thread 0x000002abfee827b0 2873       3       org.eclipse.core.internal.preferences.DefaultPreferences::internalPut (66 bytes)
Event: 14.324 Thread 0x000002abfee827b0 nmethod 2873 0x000002ab8055b590 code [0x000002ab8055b800, 0x000002ab8055c238]
Event: 14.324 Thread 0x000002abfee827b0 2874       3       org.eclipse.core.internal.preferences.DefaultPreferences::isInitializingBundleDefaults (33 bytes)
Event: 14.324 Thread 0x000002abfee827b0 nmethod 2874 0x000002ab8055c610 code [0x000002ab8055c7e0, 0x000002ab8055cbe8]
Event: 14.625 Thread 0x000002abfee827b0 2875       3       java.util.concurrent.locks.ReentrantLock$Sync::tryLockNanos (36 bytes)
Event: 14.625 Thread 0x000002abfee827b0 nmethod 2875 0x000002ab8055cd10 code [0x000002ab8055cf20, 0x000002ab8055d4c0]

GC Heap History (16 events):
Event: 2.664 GC heap before
{Heap before GC invocations=1 (full 0):
 PSYoungGen      total 29696K, used 25600K [0x00000000d5580000, 0x00000000d7680000, 0x0000000100000000)
  eden space 25600K, 100% used [0x00000000d5580000,0x00000000d6e80000,0x00000000d6e80000)
  from space 4096K, 0% used [0x00000000d7280000,0x00000000d7280000,0x00000000d7680000)
  to   space 4096K, 0% used [0x00000000d6e80000,0x00000000d6e80000,0x00000000d7280000)
 ParOldGen       total 68608K, used 0K [0x0000000080000000, 0x0000000084300000, 0x00000000d5580000)
  object space 68608K, 0% used [0x0000000080000000,0x0000000080000000,0x0000000084300000)
 Metaspace       used 4353K, committed 4608K, reserved 1114112K
  class space    used 474K, committed 576K, reserved 1048576K
}
Event: 2.676 GC heap after
{Heap after GC invocations=1 (full 0):
 PSYoungGen      total 29696K, used 3335K [0x00000000d5580000, 0x00000000d7680000, 0x0000000100000000)
  eden space 25600K, 0% used [0x00000000d5580000,0x00000000d5580000,0x00000000d6e80000)
  from space 4096K, 81% used [0x00000000d6e80000,0x00000000d71c1e98,0x00000000d7280000)
  to   space 4096K, 0% used [0x00000000d7280000,0x00000000d7280000,0x00000000d7680000)
 ParOldGen       total 68608K, used 16K [0x0000000080000000, 0x0000000084300000, 0x00000000d5580000)
  object space 68608K, 0% used [0x0000000080000000,0x0000000080004000,0x0000000084300000)
 Metaspace       used 4353K, committed 4608K, reserved 1114112K
  class space    used 474K, committed 576K, reserved 1048576K
}
Event: 4.329 GC heap before
{Heap before GC invocations=2 (full 0):
 PSYoungGen      total 29696K, used 28935K [0x00000000d5580000, 0x00000000d7680000, 0x0000000100000000)
  eden space 25600K, 100% used [0x00000000d5580000,0x00000000d6e80000,0x00000000d6e80000)
  from space 4096K, 81% used [0x00000000d6e80000,0x00000000d71c1e98,0x00000000d7280000)
  to   space 4096K, 0% used [0x00000000d7280000,0x00000000d7280000,0x00000000d7680000)
 ParOldGen       total 68608K, used 16K [0x0000000080000000, 0x0000000084300000, 0x00000000d5580000)
  object space 68608K, 0% used [0x0000000080000000,0x0000000080004000,0x0000000084300000)
 Metaspace       used 8124K, committed 8384K, reserved 1114112K
  class space    used 859K, committed 960K, reserved 1048576K
}
Event: 4.339 GC heap after
{Heap after GC invocations=2 (full 0):
 PSYoungGen      total 29696K, used 4075K [0x00000000d5580000, 0x00000000d7680000, 0x0000000100000000)
  eden space 25600K, 0% used [0x00000000d5580000,0x00000000d5580000,0x00000000d6e80000)
  from space 4096K, 99% used [0x00000000d7280000,0x00000000d767aff8,0x00000000d7680000)
  to   space 4096K, 0% used [0x00000000d6e80000,0x00000000d6e80000,0x00000000d7280000)
 ParOldGen       total 68608K, used 1149K [0x0000000080000000, 0x0000000084300000, 0x00000000d5580000)
  object space 68608K, 1% used [0x0000000080000000,0x000000008011f6b8,0x0000000084300000)
 Metaspace       used 8124K, committed 8384K, reserved 1114112K
  class space    used 859K, committed 960K, reserved 1048576K
}
Event: 5.440 GC heap before
{Heap before GC invocations=3 (full 0):
 PSYoungGen      total 29696K, used 29675K [0x00000000d5580000, 0x00000000d7680000, 0x0000000100000000)
  eden space 25600K, 100% used [0x00000000d5580000,0x00000000d6e80000,0x00000000d6e80000)
  from space 4096K, 99% used [0x00000000d7280000,0x00000000d767aff8,0x00000000d7680000)
  to   space 4096K, 0% used [0x00000000d6e80000,0x00000000d6e80000,0x00000000d7280000)
 ParOldGen       total 68608K, used 1149K [0x0000000080000000, 0x0000000084300000, 0x00000000d5580000)
  object space 68608K, 1% used [0x0000000080000000,0x000000008011f6b8,0x0000000084300000)
 Metaspace       used 12940K, committed 13504K, reserved 1114112K
  class space    used 1370K, committed 1664K, reserved 1048576K
}
Event: 5.448 GC heap after
{Heap after GC invocations=3 (full 0):
 PSYoungGen      total 29696K, used 4082K [0x00000000d5580000, 0x00000000d7680000, 0x0000000100000000)
  eden space 25600K, 0% used [0x00000000d5580000,0x00000000d5580000,0x00000000d6e80000)
  from space 4096K, 99% used [0x00000000d6e80000,0x00000000d727c880,0x00000000d7280000)
  to   space 4096K, 0% used [0x00000000d7280000,0x00000000d7280000,0x00000000d7680000)
 ParOldGen       total 68608K, used 2908K [0x0000000080000000, 0x0000000084300000, 0x00000000d5580000)
  object space 68608K, 4% used [0x0000000080000000,0x00000000802d7280,0x0000000084300000)
 Metaspace       used 12940K, committed 13504K, reserved 1114112K
  class space    used 1370K, committed 1664K, reserved 1048576K
}
Event: 5.892 GC heap before
{Heap before GC invocations=4 (full 0):
 PSYoungGen      total 29696K, used 29682K [0x00000000d5580000, 0x00000000d7680000, 0x0000000100000000)
  eden space 25600K, 100% used [0x00000000d5580000,0x00000000d6e80000,0x00000000d6e80000)
  from space 4096K, 99% used [0x00000000d6e80000,0x00000000d727c880,0x00000000d7280000)
  to   space 4096K, 0% used [0x00000000d7280000,0x00000000d7280000,0x00000000d7680000)
 ParOldGen       total 68608K, used 2908K [0x0000000080000000, 0x0000000084300000, 0x00000000d5580000)
  object space 68608K, 4% used [0x0000000080000000,0x00000000802d7280,0x0000000084300000)
 Metaspace       used 14146K, committed 14656K, reserved 1114112K
  class space    used 1497K, committed 1728K, reserved 1048576K
}
Event: 5.910 GC heap after
{Heap after GC invocations=4 (full 0):
 PSYoungGen      total 29696K, used 4066K [0x00000000d5580000, 0x00000000d7680000, 0x0000000100000000)
  eden space 25600K, 0% used [0x00000000d5580000,0x00000000d5580000,0x00000000d6e80000)
  from space 4096K, 99% used [0x00000000d7280000,0x00000000d7678890,0x00000000d7680000)
  to   space 4096K, 0% used [0x00000000d6e80000,0x00000000d6e80000,0x00000000d7280000)
 ParOldGen       total 68608K, used 13653K [0x0000000080000000, 0x0000000084300000, 0x00000000d5580000)
  object space 68608K, 19% used [0x0000000080000000,0x0000000080d55520,0x0000000084300000)
 Metaspace       used 14146K, committed 14656K, reserved 1114112K
  class space    used 1497K, committed 1728K, reserved 1048576K
}
Event: 13.722 GC heap before
{Heap before GC invocations=5 (full 0):
 PSYoungGen      total 29696K, used 29526K [0x00000000d5580000, 0x00000000d7680000, 0x0000000100000000)
  eden space 25600K, 99% used [0x00000000d5580000,0x00000000d6e5d130,0x00000000d6e80000)
  from space 4096K, 99% used [0x00000000d7280000,0x00000000d7678890,0x00000000d7680000)
  to   space 4096K, 0% used [0x00000000d6e80000,0x00000000d6e80000,0x00000000d7280000)
 ParOldGen       total 68608K, used 13653K [0x0000000080000000, 0x0000000084300000, 0x00000000d5580000)
  object space 68608K, 19% used [0x0000000080000000,0x0000000080d55520,0x0000000084300000)
 Metaspace       used 17386K, committed 18048K, reserved 1114112K
  class space    used 1808K, committed 2112K, reserved 1048576K
}
Event: 13.747 GC heap after
{Heap after GC invocations=5 (full 0):
 PSYoungGen      total 29184K, used 4074K [0x00000000d5580000, 0x00000000d8300000, 0x0000000100000000)
  eden space 25088K, 0% used [0x00000000d5580000,0x00000000d5580000,0x00000000d6e00000)
  from space 4096K, 99% used [0x00000000d6e80000,0x00000000d727aa08,0x00000000d7280000)
  to   space 10752K, 0% used [0x00000000d7880000,0x00000000d7880000,0x00000000d8300000)
 ParOldGen       total 68608K, used 17937K [0x0000000080000000, 0x0000000084300000, 0x00000000d5580000)
  object space 68608K, 26% used [0x0000000080000000,0x00000000811846b0,0x0000000084300000)
 Metaspace       used 17386K, committed 18048K, reserved 1114112K
  class space    used 1808K, committed 2112K, reserved 1048576K
}
Event: 14.126 GC heap before
{Heap before GC invocations=6 (full 0):
 PSYoungGen      total 29184K, used 29113K [0x00000000d5580000, 0x00000000d8300000, 0x0000000100000000)
  eden space 25088K, 99% used [0x00000000d5580000,0x00000000d6df3a58,0x00000000d6e00000)
  from space 4096K, 99% used [0x00000000d6e80000,0x00000000d727aa08,0x00000000d7280000)
  to   space 10752K, 0% used [0x00000000d7880000,0x00000000d7880000,0x00000000d8300000)
 ParOldGen       total 68608K, used 17937K [0x0000000080000000, 0x0000000084300000, 0x00000000d5580000)
  object space 68608K, 26% used [0x0000000080000000,0x00000000811846b0,0x0000000084300000)
 Metaspace       used 20748K, committed 21440K, reserved 1114112K
  class space    used 2056K, committed 2368K, reserved 1048576K
}
Event: 14.135 GC heap after
{Heap after GC invocations=6 (full 0):
 PSYoungGen      total 31232K, used 6404K [0x00000000d5580000, 0x00000000d7f00000, 0x0000000100000000)
  eden space 24576K, 0% used [0x00000000d5580000,0x00000000d5580000,0x00000000d6d80000)
  from space 6656K, 96% used [0x00000000d7880000,0x00000000d7ec1330,0x00000000d7f00000)
  to   space 7680K, 0% used [0x00000000d7000000,0x00000000d7000000,0x00000000d7780000)
 ParOldGen       total 68608K, used 17937K [0x0000000080000000, 0x0000000084300000, 0x00000000d5580000)
  object space 68608K, 26% used [0x0000000080000000,0x00000000811846b0,0x0000000084300000)
 Metaspace       used 20748K, committed 21440K, reserved 1114112K
  class space    used 2056K, committed 2368K, reserved 1048576K
}
Event: 14.148 GC heap before
{Heap before GC invocations=7 (full 0):
 PSYoungGen      total 31232K, used 8898K [0x00000000d5580000, 0x00000000d7f00000, 0x0000000100000000)
  eden space 24576K, 10% used [0x00000000d5580000,0x00000000d57ef860,0x00000000d6d80000)
  from space 6656K, 96% used [0x00000000d7880000,0x00000000d7ec1330,0x00000000d7f00000)
  to   space 7680K, 0% used [0x00000000d7000000,0x00000000d7000000,0x00000000d7780000)
 ParOldGen       total 68608K, used 17937K [0x0000000080000000, 0x0000000084300000, 0x00000000d5580000)
  object space 68608K, 26% used [0x0000000080000000,0x00000000811846b0,0x0000000084300000)
 Metaspace       used 20835K, committed 21504K, reserved 1114112K
  class space    used 2056K, committed 2368K, reserved 1048576K
}
Event: 14.157 GC heap after
{Heap after GC invocations=7 (full 0):
 PSYoungGen      total 27136K, used 2480K [0x00000000d5580000, 0x00000000d7900000, 0x0000000100000000)
  eden space 24576K, 0% used [0x00000000d5580000,0x00000000d5580000,0x00000000d6d80000)
  from space 2560K, 96% used [0x00000000d7000000,0x00000000d726c038,0x00000000d7280000)
  to   space 4608K, 0% used [0x00000000d7480000,0x00000000d7480000,0x00000000d7900000)
 ParOldGen       total 68608K, used 20213K [0x0000000080000000, 0x0000000084300000, 0x00000000d5580000)
  object space 68608K, 29% used [0x0000000080000000,0x00000000813bd760,0x0000000084300000)
 Metaspace       used 20835K, committed 21504K, reserved 1114112K
  class space    used 2056K, committed 2368K, reserved 1048576K
}
Event: 14.157 GC heap before
{Heap before GC invocations=8 (full 1):
 PSYoungGen      total 27136K, used 2480K [0x00000000d5580000, 0x00000000d7900000, 0x0000000100000000)
  eden space 24576K, 0% used [0x00000000d5580000,0x00000000d5580000,0x00000000d6d80000)
  from space 2560K, 96% used [0x00000000d7000000,0x00000000d726c038,0x00000000d7280000)
  to   space 4608K, 0% used [0x00000000d7480000,0x00000000d7480000,0x00000000d7900000)
 ParOldGen       total 68608K, used 20213K [0x0000000080000000, 0x0000000084300000, 0x00000000d5580000)
  object space 68608K, 29% used [0x0000000080000000,0x00000000813bd760,0x0000000084300000)
 Metaspace       used 20835K, committed 21504K, reserved 1114112K
  class space    used 2056K, committed 2368K, reserved 1048576K
}
Event: 14.194 GC heap after
{Heap after GC invocations=8 (full 1):
 PSYoungGen      total 27136K, used 0K [0x00000000d5580000, 0x00000000d7900000, 0x0000000100000000)
  eden space 24576K, 0% used [0x00000000d5580000,0x00000000d5580000,0x00000000d6d80000)
  from space 2560K, 0% used [0x00000000d7000000,0x00000000d7000000,0x00000000d7280000)
  to   space 4608K, 0% used [0x00000000d7480000,0x00000000d7480000,0x00000000d7900000)
 ParOldGen       total 68608K, used 20716K [0x0000000080000000, 0x0000000084300000, 0x00000000d5580000)
  object space 68608K, 30% used [0x0000000080000000,0x000000008143b0b0,0x0000000084300000)
 Metaspace       used 20822K, committed 21504K, reserved 1114112K
  class space    used 2053K, committed 2368K, reserved 1048576K
}

Dll operation events (10 events):
Event: 0.032 Loaded shared library c:\Users\takwa\.vscode\extensions\redhat.java-1.54.0-win32-x64\jre\21.0.10-win32-x86_64\bin\java.dll
Event: 0.200 Loaded shared library c:\Users\takwa\.vscode\extensions\redhat.java-1.54.0-win32-x64\jre\21.0.10-win32-x86_64\bin\zip.dll
Event: 0.248 Loaded shared library C:\Users\takwa\.vscode\extensions\redhat.java-1.54.0-win32-x64\jre\21.0.10-win32-x86_64\bin\instrument.dll
Event: 0.259 Loaded shared library C:\Users\takwa\.vscode\extensions\redhat.java-1.54.0-win32-x64\jre\21.0.10-win32-x86_64\bin\net.dll
Event: 0.268 Loaded shared library C:\Users\takwa\.vscode\extensions\redhat.java-1.54.0-win32-x64\jre\21.0.10-win32-x86_64\bin\nio.dll
Event: 0.281 Loaded shared library C:\Users\takwa\.vscode\extensions\redhat.java-1.54.0-win32-x64\jre\21.0.10-win32-x86_64\bin\zip.dll
Event: 0.323 Loaded shared library C:\Users\takwa\.vscode\extensions\redhat.java-1.54.0-win32-x64\jre\21.0.10-win32-x86_64\bin\jimage.dll
Event: 0.543 Loaded shared library c:\Users\takwa\.vscode\extensions\redhat.java-1.54.0-win32-x64\jre\21.0.10-win32-x86_64\bin\verify.dll
Event: 4.294 Loaded shared library C:\Users\takwa\AppData\Roaming\Code\User\globalStorage\redhat.java\1.54.0\config_ss_win\org.eclipse.equinox.launcher\org.eclipse.equinox.launcher.win32.win32.x86_64_1.3.0.v20260203-2149\eclipse_11919.dll
Event: 11.250 Loaded shared library C:\Users\takwa\AppData\Local\Temp\jna-110124776\jna2541389777628624221.dll

Deoptimization events (20 events):
Event: 13.564 Thread 0x000002abd8826a50 Uncommon trap: trap_request=0xffffffde fr.pc=0x000002ab87bb7594 relative=0x00000000000003b4
Event: 13.564 Thread 0x000002abd8826a50 Uncommon trap: reason=class_check action=maybe_recompile pc=0x000002ab87bb7594 method=java.util.regex.Pattern$BmpCharPropertyGreedy.match(Ljava/util/regex/Matcher;ILjava/lang/CharSequence;)Z @ 70 c2
Event: 13.564 Thread 0x000002abd8826a50 DEOPT PACKING pc=0x000002ab87bb7594 sp=0x000000d17d7f3460
Event: 13.564 Thread 0x000002abd8826a50 DEOPT UNPACKING pc=0x000002ab87583aa2 sp=0x000000d17d7f3408 mode 2
Event: 13.565 Thread 0x000002abd8826a50 Uncommon trap: trap_request=0xffffffde fr.pc=0x000002ab87bb7594 relative=0x00000000000003b4
Event: 13.565 Thread 0x000002abd8826a50 Uncommon trap: reason=class_check action=maybe_recompile pc=0x000002ab87bb7594 method=java.util.regex.Pattern$BmpCharPropertyGreedy.match(Ljava/util/regex/Matcher;ILjava/lang/CharSequence;)Z @ 70 c2
Event: 13.565 Thread 0x000002abd8826a50 DEOPT PACKING pc=0x000002ab87bb7594 sp=0x000000d17d7f3620
Event: 13.565 Thread 0x000002abd8826a50 DEOPT UNPACKING pc=0x000002ab87583aa2 sp=0x000000d17d7f35c8 mode 2
Event: 13.565 Thread 0x000002abd8826a50 Uncommon trap: trap_request=0xffffffde fr.pc=0x000002ab87bb7594 relative=0x00000000000003b4
Event: 13.565 Thread 0x000002abd8826a50 Uncommon trap: reason=class_check action=maybe_recompile pc=0x000002ab87bb7594 method=java.util.regex.Pattern$BmpCharPropertyGreedy.match(Ljava/util/regex/Matcher;ILjava/lang/CharSequence;)Z @ 70 c2
Event: 13.565 Thread 0x000002abd8826a50 DEOPT PACKING pc=0x000002ab87bb7594 sp=0x000000d17d7f3470
Event: 13.565 Thread 0x000002abd8826a50 DEOPT UNPACKING pc=0x000002ab87583aa2 sp=0x000000d17d7f3418 mode 2
Event: 14.079 Thread 0x000002abd8826a50 Uncommon trap: trap_request=0xffffff45 fr.pc=0x000002ab87c1086c relative=0x000000000000014c
Event: 14.079 Thread 0x000002abd8826a50 Uncommon trap: reason=unstable_if action=reinterpret pc=0x000002ab87c1086c method=org.lombokweb.asm.ByteVector.putByteArray([BII)Lorg/lombokweb/asm/ByteVector; @ 20 c2
Event: 14.079 Thread 0x000002abd8826a50 DEOPT PACKING pc=0x000002ab87c1086c sp=0x000000d17d7eee40
Event: 14.079 Thread 0x000002abd8826a50 DEOPT UNPACKING pc=0x000002ab87583aa2 sp=0x000000d17d7eee10 mode 2
Event: 14.079 Thread 0x000002abd8826a50 Uncommon trap: trap_request=0xffffff45 fr.pc=0x000002ab87c0f4a4 relative=0x0000000000000364
Event: 14.079 Thread 0x000002abd8826a50 Uncommon trap: reason=unstable_if action=reinterpret pc=0x000002ab87c0f4a4 method=org.lombokweb.asm.Label.resolve([BLorg/lombokweb/asm/ByteVector;I)Z @ 81 c2
Event: 14.079 Thread 0x000002abd8826a50 DEOPT PACKING pc=0x000002ab87c0f4a4 sp=0x000000d17d7eeed0
Event: 14.079 Thread 0x000002abd8826a50 DEOPT UNPACKING pc=0x000002ab87583aa2 sp=0x000000d17d7eedd8 mode 2

Classes loaded (20 events):
Event: 13.592 Loading class java/io/StringReader
Event: 13.592 Loading class java/io/StringReader done
Event: 13.597 Loading class java/util/zip/GZIPInputStream
Event: 13.598 Loading class java/util/zip/GZIPInputStream done
Event: 13.606 Loading class java/net/SocketTimeoutException
Event: 13.606 Loading class java/io/InterruptedIOException
Event: 13.606 Loading class java/io/InterruptedIOException done
Event: 13.606 Loading class java/net/SocketTimeoutException done
Event: 13.606 Loading class java/net/SocketException
Event: 13.606 Loading class java/net/SocketException done
Event: 13.606 Loading class java/net/UnknownHostException
Event: 13.606 Loading class java/net/UnknownHostException done
Event: 13.606 Loading class java/net/ProtocolException
Event: 13.606 Loading class java/net/ProtocolException done
Event: 13.661 Loading class java/lang/ThreadLocal$SuppliedThreadLocal
Event: 13.661 Loading class java/lang/ThreadLocal$SuppliedThreadLocal done
Event: 13.684 Loading class java/io/FileWriter
Event: 13.684 Loading class java/io/FileWriter done
Event: 13.794 Loading class java/lang/NegativeArraySizeException
Event: 13.794 Loading class java/lang/NegativeArraySizeException done

Classes unloaded (7 events):
Event: 14.166 Thread 0x000002abfa0f48b0 Unloading class 0x000002ab94194c00 'java/lang/invoke/LambdaForm$MH+0x000002ab94194c00'
Event: 14.166 Thread 0x000002abfa0f48b0 Unloading class 0x000002ab94194800 'java/lang/invoke/LambdaForm$MH+0x000002ab94194800'
Event: 14.166 Thread 0x000002abfa0f48b0 Unloading class 0x000002ab94194400 'java/lang/invoke/LambdaForm$MH+0x000002ab94194400'
Event: 14.166 Thread 0x000002abfa0f48b0 Unloading class 0x000002ab94194000 'java/lang/invoke/LambdaForm$MH+0x000002ab94194000'
Event: 14.166 Thread 0x000002abfa0f48b0 Unloading class 0x000002ab94193c00 'java/lang/invoke/LambdaForm$BMH+0x000002ab94193c00'
Event: 14.166 Thread 0x000002abfa0f48b0 Unloading class 0x000002ab94193800 'java/lang/invoke/LambdaForm$DMH+0x000002ab94193800'
Event: 14.166 Thread 0x000002abfa0f48b0 Unloading class 0x000002ab94192400 'java/lang/invoke/LambdaForm$DMH+0x000002ab94192400'

Classes redefined (0 events):
No events

Internal exceptions (20 events):
Event: 12.310 Thread 0x000002abd8826a50 Exception <a 'java/lang/NoSuchMethodError'{0x00000000d6113b90}: 'void java.lang.invoke.Invokers$Holder.invokeExact_MT(java.lang.Object, java.lang.Object, int, java.lang.Object)'> (0x00000000d6113b90) 
thrown [s\src\hotspot\share\interpreter\linkResolver.cpp, line 773]
Event: 13.365 Thread 0x000002abd8826a50 Exception <a 'java/lang/NoSuchMethodError'{0x00000000d62208f8}: 'java.lang.Object java.lang.invoke.DirectMethodHandle$Holder.invokeSpecial(java.lang.Object, java.lang.Object, java.lang.Object, long, java.lang.Object)'> (0x00000000d62208f8) 
thrown [s\src\hotspot\share\interpreter\linkResolver.cpp, line 773]
Event: 13.366 Thread 0x000002abd8826a50 Exception <a 'java/lang/NoSuchMethodError'{0x00000000d6228388}: 'java.lang.Object java.lang.invoke.DirectMethodHandle$Holder.newInvokeSpecial(java.lang.Object, java.lang.Object, java.lang.Object, long)'> (0x00000000d6228388) 
thrown [s\src\hotspot\share\interpreter\linkResolver.cpp, line 773]
Event: 13.366 Thread 0x000002abd8826a50 Exception <a 'java/lang/NoSuchMethodError'{0x00000000d622c738}: 'java.lang.Object java.lang.invoke.DirectMethodHandle$Holder.invokeSpecial(java.lang.Object, java.lang.Object, java.lang.Object, java.lang.Object, long)'> (0x00000000d622c738) 
thrown [s\src\hotspot\share\interpreter\linkResolver.cpp, line 773]
Event: 13.366 Thread 0x000002abd8826a50 Exception <a 'java/lang/NoSuchMethodError'{0x00000000d6230358}: 'java.lang.Object java.lang.invoke.Invokers$Holder.linkToTargetMethod(java.lang.Object, java.lang.Object, long, java.lang.Object)'> (0x00000000d6230358) 
thrown [s\src\hotspot\share\interpreter\linkResolver.cpp, line 773]
Event: 13.375 Thread 0x000002abd8826a50 Exception <a 'java/lang/NoSuchMethodError'{0x00000000d62a86a8}: 'int java.lang.invoke.DirectMethodHandle$Holder.invokeStaticInit(java.lang.Object, java.lang.Object, java.lang.Object)'> (0x00000000d62a86a8) 
thrown [s\src\hotspot\share\interpreter\linkResolver.cpp, line 773]
Event: 13.390 Thread 0x000002abd8826a50 Exception <a 'java/lang/IncompatibleClassChangeError'{0x00000000d6338ae0}: Found class java.lang.Object, but interface was expected> (0x00000000d6338ae0) 
thrown [s\src\hotspot\share\interpreter\linkResolver.cpp, line 840]
Event: 13.448 Thread 0x000002abd8826a50 Exception <a 'java/lang/NoSuchMethodError'{0x00000000d6384bd0}: 'java.lang.Object java.lang.invoke.DirectMethodHandle$Holder.invokeSpecial(java.lang.Object, java.lang.Object, java.lang.Object, int, java.lang.Object, java.lang.Object)'> (0x00000000d6384bd0) 
thrown [s\src\hotspot\share\interpreter\linkResolver.cpp, line 773]
Event: 13.450 Thread 0x000002abd8826a50 Exception <a 'java/lang/NoSuchMethodError'{0x00000000d638c6a8}: 'java.lang.Object java.lang.invoke.DirectMethodHandle$Holder.newInvokeSpecial(java.lang.Object, java.lang.Object, java.lang.Object, int, java.lang.Object)'> (0x00000000d638c6a8) 
thrown [s\src\hotspot\share\interpreter\linkResolver.cpp, line 773]
Event: 13.451 Thread 0x000002abd8826a50 Exception <a 'java/lang/NoSuchMethodError'{0x00000000d6390878}: 'java.lang.Object java.lang.invoke.DirectMethodHandle$Holder.invokeSpecial(java.lang.Object, java.lang.Object, java.lang.Object, java.lang.Object, int, java.lang.Object)'> (0x00000000d6390878) 
thrown [s\src\hotspot\share\interpreter\linkResolver.cpp, line 773]
Event: 13.451 Thread 0x000002abd8826a50 Exception <a 'java/lang/NoSuchMethodError'{0x00000000d63943b8}: 'java.lang.Object java.lang.invoke.Invokers$Holder.linkToTargetMethod(java.lang.Object, java.lang.Object, int, java.lang.Object, java.lang.Object)'> (0x00000000d63943b8) 
thrown [s\src\hotspot\share\interpreter\linkResolver.cpp, line 773]
Event: 13.453 Thread 0x000002abd9228350 Exception <a 'java/lang/NoSuchMethodError'{0x00000000d62776c0}: 'java.lang.Object java.lang.invoke.DirectMethodHandle$Holder.invokeSpecial(java.lang.Object, java.lang.Object, int, java.lang.Object, java.lang.Object)'> (0x00000000d62776c0) 
thrown [s\src\hotspot\share\interpreter\linkResolver.cpp, line 773]
Event: 13.454 Thread 0x000002abd9228350 Exception <a 'java/lang/NoSuchMethodError'{0x00000000d627e3f8}: 'java.lang.Object java.lang.invoke.DirectMethodHandle$Holder.newInvokeSpecial(java.lang.Object, java.lang.Object, int, java.lang.Object)'> (0x00000000d627e3f8) 
thrown [s\src\hotspot\share\interpreter\linkResolver.cpp, line 773]
Event: 13.455 Thread 0x000002abd9228350 Exception <a 'java/lang/NoSuchMethodError'{0x00000000d6281cd8}: 'java.lang.Object java.lang.invoke.DirectMethodHandle$Holder.invokeSpecial(java.lang.Object, java.lang.Object, java.lang.Object, int, java.lang.Object)'> (0x00000000d6281cd8) 
thrown [s\src\hotspot\share\interpreter\linkResolver.cpp, line 773]
Event: 13.492 Thread 0x000002abd8826a50 Exception <a 'java/lang/NoSuchMethodError'{0x00000000d64a3e08}: 'void java.lang.invoke.DirectMethodHandle$Holder.invokeSpecial(java.lang.Object, java.lang.Object, java.lang.Object, java.lang.Object, java.lang.Object)'> (0x00000000d64a3e08) 
thrown [s\src\hotspot\share\interpreter\linkResolver.cpp, line 773]
Event: 13.547 Thread 0x000002abd8826a50 Exception <a 'java/lang/NoSuchMethodError'{0x00000000d66c3580}: 'double java.lang.invoke.DirectMethodHandle$Holder.invokeStatic(java.lang.Object, java.lang.Object)'> (0x00000000d66c3580) 
thrown [s\src\hotspot\share\interpreter\linkResolver.cpp, line 773]
Event: 13.548 Thread 0x000002abd8826a50 Exception <a 'java/lang/NoSuchMethodError'{0x00000000d66c6c40}: 'double java.lang.invoke.DirectMethodHandle$Holder.invokeStaticInit(java.lang.Object, java.lang.Object)'> (0x00000000d66c6c40) 
thrown [s\src\hotspot\share\interpreter\linkResolver.cpp, line 773]
Event: 14.079 Thread 0x000002abd8826a50 Implicit null exception at 0x000002ab87c10775 to 0x000002ab87c10850
Event: 14.320 Thread 0x000002abd8826a50 Exception <a 'java/io/FileNotFoundException'{0x00000000d63dfd30}> (0x00000000d63dfd30) 
thrown [s\src\hotspot\share\prims\jni.cpp, line 520]
Event: 14.321 Thread 0x000002abd8826a50 Exception <a 'java/io/FileNotFoundException'{0x00000000d63e0d30}> (0x00000000d63e0d30) 
thrown [s\src\hotspot\share\prims\jni.cpp, line 520]

ZGC Phase Switch (0 events):
No events

VM Operations (20 events):
Event: 5.613 Executing non-safepoint VM operation: HandshakeAllThreads (Deoptimize)
Event: 5.613 Executing non-safepoint VM operation: HandshakeAllThreads (Deoptimize) done
Event: 5.892 Executing safepoint VM operation: ParallelGCFailedAllocation (Allocation Failure)
Event: 5.910 Executing safepoint VM operation: ParallelGCFailedAllocation (Allocation Failure) done
Event: 6.913 Executing safepoint VM operation: Cleanup
Event: 6.914 Executing safepoint VM operation: Cleanup done
Event: 9.944 Executing safepoint VM operation: Cleanup
Event: 9.945 Executing safepoint VM operation: Cleanup done
Event: 11.279 Executing non-safepoint VM operation: HandshakeAllThreads (Deoptimize)
Event: 11.279 Executing non-safepoint VM operation: HandshakeAllThreads (Deoptimize) done
Event: 11.279 Executing safepoint VM operation: Cleanup
Event: 11.279 Executing safepoint VM operation: Cleanup done
Event: 12.290 Executing safepoint VM operation: Cleanup
Event: 12.308 Executing safepoint VM operation: Cleanup done
Event: 13.722 Executing safepoint VM operation: ParallelGCFailedAllocation (Allocation Failure)
Event: 13.747 Executing safepoint VM operation: ParallelGCFailedAllocation (Allocation Failure) done
Event: 14.126 Executing safepoint VM operation: ParallelGCFailedAllocation (Allocation Failure)
Event: 14.135 Executing safepoint VM operation: ParallelGCFailedAllocation (Allocation Failure) done
Event: 14.148 Executing safepoint VM operation: CollectForMetadataAllocation (Metadata GC Threshold)
Event: 14.194 Executing safepoint VM operation: CollectForMetadataAllocation (Metadata GC Threshold) done

Memory protections (0 events):
No events

Nmethod flushes (0 events):
No events

Events (20 events):
Event: 0.106 Thread 0x000002abfa162920 Thread added: 0x000002abfa2043b0
Event: 0.107 Thread 0x000002abfa162920 Thread added: 0x000002abfa205e90
Event: 0.107 Thread 0x000002abfa162920 Thread added: 0x000002abfa20b540
Event: 0.108 Thread 0x000002abfa162920 Thread added: 0x000002abfa20bfa0
Event: 0.108 Thread 0x000002abfa162920 Thread added: 0x000002abfa20ea10
Event: 0.108 Thread 0x000002abfa162920 Thread added: 0x000002abfa20f470
Event: 0.108 Thread 0x000002abfa162920 Thread added: 0x000002abfa2102b0
Event: 0.111 Thread 0x000002abfa162920 Thread added: 0x000002abfee827b0
Event: 0.252 Thread 0x000002abfa162920 Thread added: 0x000002abff06ca50
Event: 0.804 Thread 0x000002abfa162920 Thread added: 0x000002abff1b1e50
Event: 3.462 Thread 0x000002abfa2102b0 Thread added: 0x000002abff1dd2c0
Event: 3.654 Thread 0x000002abfa162920 Thread added: 0x000002abd844cf40
Event: 4.269 Thread 0x000002abfa162920 Thread added: 0x000002abd8826110
Event: 4.279 Thread 0x000002abfa162920 Thread added: 0x000002abd8826a50
Event: 4.397 Thread 0x000002abff1dd2c0 Thread exited: 0x000002abff1dd2c0
Event: 4.621 Thread 0x000002abd8826a50 Thread added: 0x000002abd84f1830
Event: 5.256 Thread 0x000002abd8826a50 Thread added: 0x000002abd87926f0
Event: 11.296 Thread 0x000002abd8826a50 Thread added: 0x000002abd87fd310
Event: 13.369 Thread 0x000002abd8826a50 Thread added: 0x000002abd9228350
Event: 13.454 Thread 0x000002abd8826a50 Thread added: 0x000002abff170aa0


Dynamic libraries:
0x00007ff66b6f0000 - 0x00007ff66b6fe000 	c:\Users\takwa\.vscode\extensions\redhat.java-1.54.0-win32-x64\jre\21.0.10-win32-x86_64\bin\java.exe
0x00007ffb38e00000 - 0x00007ffb39066000 	C:\WINDOWS\SYSTEM32\ntdll.dll
0x00007ffb37990000 - 0x00007ffb37a59000 	C:\WINDOWS\System32\KERNEL32.DLL
0x00007ffb36150000 - 0x00007ffb3654a000 	C:\WINDOWS\System32\KERNELBASE.dll
0x00007ffb36a30000 - 0x00007ffb36b7c000 	C:\WINDOWS\System32\ucrtbase.dll
0x00007ffb209e0000 - 0x00007ffb209f8000 	c:\Users\takwa\.vscode\extensions\redhat.java-1.54.0-win32-x64\jre\21.0.10-win32-x86_64\bin\jli.dll
0x00007ffb20900000 - 0x00007ffb2091e000 	c:\Users\takwa\.vscode\extensions\redhat.java-1.54.0-win32-x64\jre\21.0.10-win32-x86_64\bin\VCRUNTIME140.dll
0x00007ffb36f50000 - 0x00007ffb37117000 	C:\WINDOWS\System32\USER32.dll
0x00007ffb36550000 - 0x00007ffb36577000 	C:\WINDOWS\System32\win32u.dll
0x00007ffb10f90000 - 0x00007ffb11222000 	C:\WINDOWS\WinSxS\amd64_microsoft.windows.common-controls_6595b64144ccf1df_6.0.26100.8346_none_3e0a4650e332b5e4\COMCTL32.dll
0x00007ffb36b80000 - 0x00007ffb36bab000 	C:\WINDOWS\System32\GDI32.dll
0x00007ffb38290000 - 0x00007ffb38339000 	C:\WINDOWS\System32\msvcrt.dll
0x00007ffb367c0000 - 0x00007ffb368eb000 	C:\WINDOWS\System32\gdi32full.dll
0x00007ffb360a0000 - 0x00007ffb36143000 	C:\WINDOWS\System32\msvcp_win.dll
0x00007ffb383f0000 - 0x00007ffb38422000 	C:\WINDOWS\System32\IMM32.DLL
0x00007ffb2e680000 - 0x00007ffb2e68c000 	c:\Users\takwa\.vscode\extensions\redhat.java-1.54.0-win32-x64\jre\21.0.10-win32-x86_64\bin\vcruntime140_1.dll
0x00007ffb05680000 - 0x00007ffb0570d000 	c:\Users\takwa\.vscode\extensions\redhat.java-1.54.0-win32-x64\jre\21.0.10-win32-x86_64\bin\msvcp140.dll
0x00007ffaa5070000 - 0x00007ffaa5e11000 	c:\Users\takwa\.vscode\extensions\redhat.java-1.54.0-win32-x64\jre\21.0.10-win32-x86_64\bin\server\jvm.dll
0x00007ffb38d00000 - 0x00007ffb38db6000 	C:\WINDOWS\System32\ADVAPI32.dll
0x00007ffb36e10000 - 0x00007ffb36eb7000 	C:\WINDOWS\System32\sechost.dll
0x00007ffb37de0000 - 0x00007ffb37ef8000 	C:\WINDOWS\System32\RPCRT4.dll
0x00007ffb36ec0000 - 0x00007ffb36f40000 	C:\WINDOWS\System32\WS2_32.dll
0x00007ffb35f00000 - 0x00007ffb35f5e000 	C:\WINDOWS\SYSTEM32\POWRPROF.dll
0x00007ffb2a620000 - 0x00007ffb2a656000 	C:\WINDOWS\SYSTEM32\WINMM.dll
0x00007ffb12140000 - 0x00007ffb1214b000 	C:\WINDOWS\SYSTEM32\VERSION.dll
0x00007ffb35ee0000 - 0x00007ffb35ef4000 	C:\WINDOWS\SYSTEM32\UMPDC.dll
0x00007ffb34de0000 - 0x00007ffb34dfb000 	C:\WINDOWS\SYSTEM32\kernel.appcore.dll
0x00007ffb20ac0000 - 0x00007ffb20aca000 	c:\Users\takwa\.vscode\extensions\redhat.java-1.54.0-win32-x64\jre\21.0.10-win32-x86_64\bin\jimage.dll
0x00007ffb33750000 - 0x00007ffb33992000 	C:\WINDOWS\SYSTEM32\DBGHELP.DLL
0x00007ffb37f00000 - 0x00007ffb38283000 	C:\WINDOWS\System32\combase.dll
0x00007ffb371a0000 - 0x00007ffb37279000 	C:\WINDOWS\System32\OLEAUT32.dll
0x00007ffb0b410000 - 0x00007ffb0b44b000 	C:\WINDOWS\SYSTEM32\dbgcore.DLL
0x00007ffb368f0000 - 0x00007ffb36998000 	C:\WINDOWS\System32\bcryptPrimitives.dll
0x00007ffb20930000 - 0x00007ffb2093f000 	c:\Users\takwa\.vscode\extensions\redhat.java-1.54.0-win32-x64\jre\21.0.10-win32-x86_64\bin\instrument.dll
0x00007ffb20780000 - 0x00007ffb207a0000 	c:\Users\takwa\.vscode\extensions\redhat.java-1.54.0-win32-x64\jre\21.0.10-win32-x86_64\bin\java.dll
0x00007ffb38430000 - 0x00007ffb38bac000 	C:\WINDOWS\System32\SHELL32.dll
0x00007ffb33c30000 - 0x00007ffb344a5000 	C:\WINDOWS\SYSTEM32\windows.storage.dll
0x00007ffb36d10000 - 0x00007ffb36e09000 	C:\WINDOWS\System32\SHCORE.dll
0x00007ffb37120000 - 0x00007ffb37187000 	C:\WINDOWS\System32\shlwapi.dll
0x00007ffb35fc0000 - 0x00007ffb35fe9000 	C:\WINDOWS\SYSTEM32\profapi.dll
0x00007ffb1e110000 - 0x00007ffb1e128000 	c:\Users\takwa\.vscode\extensions\redhat.java-1.54.0-win32-x64\jre\21.0.10-win32-x86_64\bin\zip.dll
0x00007ffb206d0000 - 0x00007ffb206e0000 	C:\Users\takwa\.vscode\extensions\redhat.java-1.54.0-win32-x64\jre\21.0.10-win32-x86_64\bin\net.dll
0x00007ffb2d5a0000 - 0x00007ffb2d6c9000 	C:\WINDOWS\SYSTEM32\WINHTTP.dll
0x00007ffb35330000 - 0x00007ffb3539c000 	C:\WINDOWS\system32\mswsock.dll
0x00007ffb1e060000 - 0x00007ffb1e076000 	C:\Users\takwa\.vscode\extensions\redhat.java-1.54.0-win32-x64\jre\21.0.10-win32-x86_64\bin\nio.dll
0x00007ffb1f070000 - 0x00007ffb1f080000 	c:\Users\takwa\.vscode\extensions\redhat.java-1.54.0-win32-x64\jre\21.0.10-win32-x86_64\bin\verify.dll
0x00007ffb1dd40000 - 0x00007ffb1dd85000 	C:\Users\takwa\AppData\Roaming\Code\User\globalStorage\redhat.java\1.54.0\config_ss_win\org.eclipse.equinox.launcher\org.eclipse.equinox.launcher.win32.win32.x86_64_1.3.0.v20260203-2149\eclipse_11919.dll
0x00007ffb37bb0000 - 0x00007ffb37d48000 	C:\WINDOWS\System32\ole32.dll
0x00007ffb35730000 - 0x00007ffb3574b000 	C:\WINDOWS\SYSTEM32\CRYPTSP.dll
0x00007ffb34d40000 - 0x00007ffb34d79000 	C:\WINDOWS\system32\rsaenh.dll
0x00007ffb353e0000 - 0x00007ffb35413000 	C:\WINDOWS\SYSTEM32\USERENV.dll
0x00007ffb35f90000 - 0x00007ffb35fba000 	C:\WINDOWS\SYSTEM32\bcrypt.dll
0x00007ffb35590000 - 0x00007ffb3559c000 	C:\WINDOWS\SYSTEM32\CRYPTBASE.dll
0x00007ffb34820000 - 0x00007ffb34852000 	C:\WINDOWS\SYSTEM32\IPHLPAPI.DLL
0x00007ffb37d50000 - 0x00007ffb37d5a000 	C:\WINDOWS\System32\NSI.dll
0x00007ffb1b450000 - 0x00007ffb1b499000 	C:\Users\takwa\AppData\Local\Temp\jna-110124776\jna2541389777628624221.dll
0x00007ffb37280000 - 0x00007ffb37288000 	C:\WINDOWS\System32\PSAPI.DLL

JVMTI agents:
c:\Users\takwa\.vscode\extensions\redhat.java-1.54.0-win32-x64\lombok\lombok-1.18.39-4050.jar path:c:\Users\takwa\.vscode\extensions\redhat.java-1.54.0-win32-x64\jre\21.0.10-win32-x86_64\bin\instrument.dll, loaded, initialized, instrumentlib options:none

dbghelp: loaded successfully - version: 4.0.5 - missing functions: none
symbol engine: initialized successfully - sym options: 0x614 - pdb path: .;c:\Users\takwa\.vscode\extensions\redhat.java-1.54.0-win32-x64\jre\21.0.10-win32-x86_64\bin;C:\WINDOWS\SYSTEM32;C:\WINDOWS\WinSxS\amd64_microsoft.windows.common-controls_6595b64144ccf1df_6.0.26100.8346_none_3e0a4650e332b5e4;c:\Users\takwa\.vscode\extensions\redhat.java-1.54.0-win32-x64\jre\21.0.10-win32-x86_64\bin\server;C:\Users\takwa\AppData\Roaming\Code\User\globalStorage\redhat.java\1.54.0\config_ss_win\org.eclipse.equinox.launcher\org.eclipse.equinox.launcher.win32.win32.x86_64_1.3.0.v20260203-2149;C:\Users\takwa\AppData\Local\Temp\jna-110124776

VM Arguments:
jvm_args: --add-modules=ALL-SYSTEM --add-opens=java.base/java.util=ALL-UNNAMED --add-opens=java.base/java.lang=ALL-UNNAMED --add-opens=java.base/sun.nio.fs=ALL-UNNAMED -Declipse.application=org.eclipse.jdt.ls.core.id1 -Dosgi.bundles.defaultStartLevel=4 -Declipse.product=org.eclipse.jdt.ls.core.product -Djava.import.generatesMetadataFilesAtProjectRoot=false -DDetectVMInstallationsJob.disabled=true -Dfile.encoding=utf8 -XX:+UseParallelGC -XX:GCTimeRatio=4 -XX:AdaptiveSizePolicyWeight=90 -Dsun.zip.disableMemoryMapping=true -Xmx2G -Xms100m -Xlog:disable -javaagent:c:\Users\takwa\.vscode\extensions\redhat.java-1.54.0-win32-x64\lombok\lombok-1.18.39-4050.jar 
java_command: c:\Users\takwa\.vscode\extensions\redhat.java-1.54.0-win32-x64\server\plugins\org.eclipse.equinox.launcher_1.7.100.v20251111-0406.jar -configuration c:\Users\takwa\AppData\Roaming\Code\User\globalStorage\redhat.java\1.54.0\config_ss_win -data c:\Users\takwa\AppData\Roaming\Code\User\workspaceStorage\9ef35f15cb76032a73c490f0d8220ee0\redhat.java\ss_ws --pipe=\\.\pipe\lsp-8e225a64f4d4601e64ab8c0e5a4f4959-sock
java_class_path (initial): c:\Users\takwa\.vscode\extensions\redhat.java-1.54.0-win32-x64\server\plugins\org.eclipse.equinox.launcher_1.7.100.v20251111-0406.jar
Launcher Type: SUN_STANDARD

[Global flags]
    uintx AdaptiveSizePolicyWeight                 = 90                                        {product} {command line}
     intx CICompilerCount                          = 4                                         {product} {ergonomic}
    uintx GCTimeRatio                              = 4                                         {product} {command line}
   size_t InitialHeapSize                          = 104857600                                 {product} {command line}
   size_t MaxHeapSize                              = 2147483648                                {product} {command line}
   size_t MaxNewSize                               = 715653120                                 {product} {ergonomic}
   size_t MinHeapDeltaBytes                        = 524288                                    {product} {ergonomic}
   size_t MinHeapSize                              = 104857600                                 {product} {command line}
   size_t NewSize                                  = 34603008                                  {product} {ergonomic}
    uintx NonNMethodCodeHeapSize                   = 5839372                                {pd product} {ergonomic}
    uintx NonProfiledCodeHeapSize                  = 122909434                              {pd product} {ergonomic}
   size_t OldSize                                  = 70254592                                  {product} {ergonomic}
    uintx ProfiledCodeHeapSize                     = 122909434                              {pd product} {ergonomic}
    uintx ReservedCodeCacheSize                    = 251658240                              {pd product} {ergonomic}
     bool SegmentedCodeCache                       = true                                      {product} {ergonomic}
   size_t SoftMaxHeapSize                          = 2147483648                             {manageable} {ergonomic}
     bool UseCompressedOops                        = true                           {product lp64_product} {ergonomic}
     bool UseLargePagesIndividualAllocation        = false                                  {pd product} {ergonomic}
     bool UseParallelGC                            = true                                      {product} {command line}

Logging:
Log output configuration:
 #0: stdout all=off uptime,level,tags foldmultilines=false
 #1: stderr all=off uptime,level,tags foldmultilines=false

Release file:
JAVA_VERSION="21.0.10" 
MODULES="java.base java.compiler java.datatransfer java.xml java.prefs java.desktop java.instrument java.logging java.management java.security.sasl java.naming java.rmi java.management.rmi java.net.http java.scripting java.security.jgss java.transaction.xa java.sql java.sql.rowset java.xml.crypto java.se java.smartcardio jdk.accessibility jdk.internal.jvmstat jdk.attach jdk.charsets jdk.internal.opt jdk.zipfs jdk.compiler jdk.crypto.ec jdk.crypto.cryptoki jdk.crypto.mscapi jdk.dynalink jdk.internal.ed jdk.editpad jdk.hotspot.agent jdk.httpserver jdk.internal.le jdk.internal.vm.ci jdk.internal.vm.compiler jdk.internal.vm.compiler.management jdk.jartool jdk.javadoc jdk.jcmd jdk.management jdk.management.agent jdk.jconsole jdk.jdeps jdk.jdwp.agent jdk.jdi jdk.jfr jdk.jshell jdk.jsobject jdk.jstatd jdk.localedata jdk.management.jfr jdk.naming.dns jdk.naming.rmi jdk.net jdk.nio.mapmode jdk.random jdk.sctp jdk.security.auth jdk.security.jgss jdk.unsupported jdk.unsupported.desktop jdk.xml.dom" 

Environment Variables:
JAVA_HOME=C:\Users\takwa\AppData\Local\Programs\Eclipse Adoptium\jdk-17.0.18.8-hotspot
PATH=C:\Users\takwa\AppData\Local\Programs\Microsoft VS Code;C:\Python312\Scripts\;C:\Python312\;C:\Program Files\Common Files\Oracle\Java\javapath;C:\Program Files\Java\jdk-23;C:\Users\takwa\Downloads\hadoop-3.3.6\hadoop-3.3.6;C:\Users\takwa\develop\flutter\bin;C:\Users\takwa\AppData\Local\Programs\Python\Python313\Scripts;C:\Users\takwa\AppData\Local\Programs\Python\Python313;C:\Users\takwa\AppData\Local\Microsoft\WindowsApps;C:\Users\takwa\AppData\Local\Programs\Microsoft VS Code\bin;C:\Users\takwa\AppData\Roaming\npm;C:\Users\takwa\.dotnet\tools;C:\Users\takwa\AppData\Local\GitHubDesktop\bin;C:\Program Files\dotnet\;C:\WINDOWS\system32;C:\WINDOWS;C:\WINDOWS\System32\Wbem;C:\WINDOWS\System32\WindowsPowerShell\v1.0\;C:\WINDOWS\System32\OpenSSH\;C:\apacheMaven\apache-maven-3.8.9;C:\minikube;C:\Program Files\Kubernetes\Minikube;C:\Program Files\Microsoft SQL Server\150\Tools\Binn\;C:\Program Files\Git\cmd;C:\WINDOWS\system32;C:\WINDOWS;C:\WINDOWS\System32\Wbem;C:\WINDOWS\System32\WindowsPowerShell\v1.0\;C:\WINDOWS\System32\OpenSSH\;C:\Program Files (x86)\Microsoft SQL Server\160\Tools\Binn\;C:\Program Files\Microsoft SQL Server\160\Tools\Binn\;C:\Program Files\Microsoft SQL Server\Client SDK\ODBC\170\Tools\Binn\;C:\Program Files\Microsoft SQL Server\160\DTS\Binn\;C:\Program Files (x86)\Microsoft SQL Server\160\DTS\Binn\;C:\Program Files\Azure Data Studio\bin;C:\Users\takwa\AppData\Local\Programs\Eclipse Adoptium\jdk-17.0.18.8-hotspot\bin;C:\Program Files\Java\jdk-23;C:\Program Files\nodejs;C:\Users\takwa\AppData\Roaming\npm;C:\Program Files\Docker\Docker\resources\bin;C:\hadoop-3.3.6\bin;C:\PROGRA~1\Java\jdk-1.8;C:\Users\takwa\develop\flutter\bin;C:\Users\takwa\AppData\Local\Microsoft\WindowsApps;C:\Users\takwa\AppData\Local\Programs\Microsoft VS Code\bin;C:\Users\takwa\AppData\Local\GitHubDesktop\bin;C:\apacheMaven\apache-maven-3.8.9\bin;C:\Program Files\Azure Data Studio\bin;C:\Program Files\JetBrains\IntelliJ IDEA 2025.3.4\bin;C:\Users\takwa\AppData\Local\Programs\Eclipse Adoptium\jdk-17.0.18.8-hotspot\bin;C:\Users\takwa\AppData\Local\Python\bin
USERNAME=takwa
OS=Windows_NT
PROCESSOR_IDENTIFIER=Intel64 Family 6 Model 154 Stepping 4, GenuineIntel
TMP=C:\Users\takwa\AppData\Local\Temp
TEMP=C:\Users\takwa\AppData\Local\Temp




Periodic native trim disabled

---------------  S Y S T E M  ---------------

OS:
 Windows 11 , 64 bit Build 26100 (10.0.26100.8346)
OS uptime: 4 days 11:41 hours
Hyper-V role detected

CPU: total 12 (initial active 12) (6 cores per cpu, 2 threads per core) family 6 model 154 stepping 4 microcode 0x433, cx8, cmov, fxsr, ht, mmx, 3dnowpref, sse, sse2, sse3, ssse3, sse4.1, sse4.2, popcnt, lzcnt, tsc, tscinvbit, avx, avx2, aes, erms, clmul, bmi1, bmi2, adx, sha, fma, vzeroupper, clflush, clflushopt, clwb, hv, serialize, rdtscp, rdpid, fsrm, f16c, cet_ibt, cet_ss
Processor Information for processor 0
  Max Mhz: 1300, Current Mhz: 1300, Mhz Limit: 1300
Processor Information for processor 1
  Max Mhz: 1300, Current Mhz: 1300, Mhz Limit: 1300
Processor Information for processor 2
  Max Mhz: 1300, Current Mhz: 1300, Mhz Limit: 1300
Processor Information for processor 3
  Max Mhz: 1300, Current Mhz: 1300, Mhz Limit: 1300
Processor Information for processor 4
  Max Mhz: 900, Current Mhz: 900, Mhz Limit: 900
Processor Information for processor 5
  Max Mhz: 900, Current Mhz: 900, Mhz Limit: 900
Processor Information for processor 6
  Max Mhz: 900, Current Mhz: 900, Mhz Limit: 900
Processor Information for processor 7
  Max Mhz: 900, Current Mhz: 900, Mhz Limit: 900
Processor Information for processor 8
  Max Mhz: 900, Current Mhz: 900, Mhz Limit: 900
Processor Information for processor 9
  Max Mhz: 900, Current Mhz: 900, Mhz Limit: 900
Processor Information for processor 10
  Max Mhz: 900, Current Mhz: 900, Mhz Limit: 900
Processor Information for processor 11
  Max Mhz: 900, Current Mhz: 900, Mhz Limit: 900

Memory: 4k page, system-wide physical 7916M (341M free)
TotalPageFile size 32492M (AvailPageFile size 0M)
current process WorkingSet (physical memory assigned to process): 152M, peak: 158M
current process commit charge ("private bytes"): 285M, peak: 292M

vm_info: OpenJDK 64-Bit Server VM (21.0.10+7-LTS) for windows-amd64 JRE (21.0.10+7-LTS), built on 2026-01-20T00:00:00Z by "admin" with MS VC++ 17.12 (VS2022)

END.
